Start testing: Mar 31 14:37 CST
----------------------------------------------------------
1/1 Testing: vast-test-cxx
1/1 Test: vast-test-cxx
Command: "/home/jialeiwang/.local/bin/lit" "-v" "."
Directory: /home/jialeiwang/mlir-dev/vast-test-cxx/build
"vast-test-cxx" start time: Mar 31 14:37 CST
Output:
----------------------------------------------------------
-- Testing: 603 tests, 128 workers --
FAIL: vast-test-cxx :: dependent-type-member-pointer.cpp (1 of 603)
******************** TEST 'vast-test-cxx :: dependent-type-member-pointer.cpp' FAILED ********************
Exit Code: 139

Command Output (stderr):
--
RUN: at line 1: /home/jialeiwang/mlir-dev/vast-fork/builds/default/tools/vast-front/Debug/vast-front -cc1 -internal-isystem /usr/lib/gcc/x86_64-linux-gnu/11/../../../../include/c++/11 -internal-isystem /usr/lib/gcc/x86_64-linux-gnu/11/../../../../include/x86_64-linux-gnu/c++/11 -internal-isystem /usr/lib/gcc/x86_64-linux-gnu/11/../../../../include/c++/11/backward -internal-isystem /home/jialeiwang/apps/llvm18/lib/clang/18/include -internal-isystem /usr/local/include -internal-isystem /usr/lib/gcc/x86_64-linux-gnu/11/../../../../x86_64-linux-gnu/include -internal-externc-isystem /usr/include/x86_64-linux-gnu -internal-externc-isystem /include -internal-externc-isystem /usr/include /home/jialeiwang/mlir-dev/vast-test-cxx/testcases/dependent-type-member-pointer.cpp -vast-emit-mlir=ll -o /home/jialeiwang/mlir-dev/vast-test-cxx/build/Output/dependent-type-member-pointer.cpp.tmp.ll && echo '// CHECK-NOT: {{unsup\.|unreach\.|#unsup}}' > /home/jialeiwang/mlir-dev/vast-test-cxx/build/Output/dependent-type-member-pointer.cpp.tmp.check && FileCheck /home/jialeiwang/mlir-dev/vast-test-cxx/build/Output/dependent-type-member-pointer.cpp.tmp.check --input-file=/home/jialeiwang/mlir-dev/vast-test-cxx/build/Output/dependent-type-member-pointer.cpp.tmp.ll && rm /home/jialeiwang/mlir-dev/vast-test-cxx/build/Output/dependent-type-member-pointer.cpp.tmp.check
+ /home/jialeiwang/mlir-dev/vast-fork/builds/default/tools/vast-front/Debug/vast-front -cc1 -internal-isystem /usr/lib/gcc/x86_64-linux-gnu/11/../../../../include/c++/11 -internal-isystem /usr/lib/gcc/x86_64-linux-gnu/11/../../../../include/x86_64-linux-gnu/c++/11 -internal-isystem /usr/lib/gcc/x86_64-linux-gnu/11/../../../../include/c++/11/backward -internal-isystem /home/jialeiwang/apps/llvm18/lib/clang/18/include -internal-isystem /usr/local/include -internal-isystem /usr/lib/gcc/x86_64-linux-gnu/11/../../../../x86_64-linux-gnu/include -internal-externc-isystem /usr/include/x86_64-linux-gnu -internal-externc-isystem /include -internal-externc-isystem /usr/include /home/jialeiwang/mlir-dev/vast-test-cxx/testcases/dependent-type-member-pointer.cpp -vast-emit-mlir=ll -o /home/jialeiwang/mlir-dev/vast-test-cxx/build/Output/dependent-type-member-pointer.cpp.tmp.ll
PLEASE submit a bug report to https://github.com/trailofbits/vast/issues and include the crash backtrace, preprocessed source, and associated run script.
Stack dump:
/home/jialeiwang/mlir-dev/vast-test-cxx/build/Output/dependent-type-member-pointer.cpp.script: line 1: 1893681 Segmentation fault      /home/jialeiwang/mlir-dev/vast-fork/builds/default/tools/vast-front/Debug/vast-front -cc1 -internal-isystem /usr/lib/gcc/x86_64-linux-gnu/11/../../../../include/c++/11 -internal-isystem /usr/lib/gcc/x86_64-linux-gnu/11/../../../../include/x86_64-linux-gnu/c++/11 -internal-isystem /usr/lib/gcc/x86_64-linux-gnu/11/../../../../include/c++/11/backward -internal-isystem /home/jialeiwang/apps/llvm18/lib/clang/18/include -internal-isystem /usr/local/include -internal-isystem /usr/lib/gcc/x86_64-linux-gnu/11/../../../../x86_64-linux-gnu/include -internal-externc-isystem /usr/include/x86_64-linux-gnu -internal-externc-isystem /include -internal-externc-isystem /usr/include /home/jialeiwang/mlir-dev/vast-test-cxx/testcases/dependent-type-member-pointer.cpp -vast-emit-mlir=ll -o /home/jialeiwang/mlir-dev/vast-test-cxx/build/Output/dependent-type-member-pointer.cpp.tmp.ll

--

********************
FAIL: vast-test-cxx :: template/2010-05-11-alwaysinlineinstantiation.cpp (2 of 603)
******************** TEST 'vast-test-cxx :: template/2010-05-11-alwaysinlineinstantiation.cpp' FAILED ********************
Exit Code: 139

Command Output (stderr):
--
RUN: at line 1: /home/jialeiwang/mlir-dev/vast-fork/builds/default/tools/vast-front/Debug/vast-front -cc1 -internal-isystem /usr/lib/gcc/x86_64-linux-gnu/11/../../../../include/c++/11 -internal-isystem /usr/lib/gcc/x86_64-linux-gnu/11/../../../../include/x86_64-linux-gnu/c++/11 -internal-isystem /usr/lib/gcc/x86_64-linux-gnu/11/../../../../include/c++/11/backward -internal-isystem /home/jialeiwang/apps/llvm18/lib/clang/18/include -internal-isystem /usr/local/include -internal-isystem /usr/lib/gcc/x86_64-linux-gnu/11/../../../../x86_64-linux-gnu/include -internal-externc-isystem /usr/include/x86_64-linux-gnu -internal-externc-isystem /include -internal-externc-isystem /usr/include /home/jialeiwang/mlir-dev/vast-test-cxx/testcases/template/2010-05-11-alwaysinlineinstantiation.cpp -vast-emit-mlir=ll -o /home/jialeiwang/mlir-dev/vast-test-cxx/build/template/Output/2010-05-11-alwaysinlineinstantiation.cpp.tmp.ll && echo '// CHECK-NOT: {{unsup\.|unreach\.|#unsup}}' > /home/jialeiwang/mlir-dev/vast-test-cxx/build/template/Output/2010-05-11-alwaysinlineinstantiation.cpp.tmp.check && FileCheck /home/jialeiwang/mlir-dev/vast-test-cxx/build/template/Output/2010-05-11-alwaysinlineinstantiation.cpp.tmp.check --input-file=/home/jialeiwang/mlir-dev/vast-test-cxx/build/template/Output/2010-05-11-alwaysinlineinstantiation.cpp.tmp.ll && rm /home/jialeiwang/mlir-dev/vast-test-cxx/build/template/Output/2010-05-11-alwaysinlineinstantiation.cpp.tmp.check
+ /home/jialeiwang/mlir-dev/vast-fork/builds/default/tools/vast-front/Debug/vast-front -cc1 -internal-isystem /usr/lib/gcc/x86_64-linux-gnu/11/../../../../include/c++/11 -internal-isystem /usr/lib/gcc/x86_64-linux-gnu/11/../../../../include/x86_64-linux-gnu/c++/11 -internal-isystem /usr/lib/gcc/x86_64-linux-gnu/11/../../../../include/c++/11/backward -internal-isystem /home/jialeiwang/apps/llvm18/lib/clang/18/include -internal-isystem /usr/local/include -internal-isystem /usr/lib/gcc/x86_64-linux-gnu/11/../../../../x86_64-linux-gnu/include -internal-externc-isystem /usr/include/x86_64-linux-gnu -internal-externc-isystem /include -internal-externc-isystem /usr/include /home/jialeiwang/mlir-dev/vast-test-cxx/testcases/template/2010-05-11-alwaysinlineinstantiation.cpp -vast-emit-mlir=ll -o /home/jialeiwang/mlir-dev/vast-test-cxx/build/template/Output/2010-05-11-alwaysinlineinstantiation.cpp.tmp.ll
PLEASE submit a bug report to https://github.com/trailofbits/vast/issues and include the crash backtrace, preprocessed source, and associated run script.
Stack dump:
/home/jialeiwang/mlir-dev/vast-test-cxx/build/template/Output/2010-05-11-alwaysinlineinstantiation.cpp.script: line 1: 1893671 Segmentation fault      /home/jialeiwang/mlir-dev/vast-fork/builds/default/tools/vast-front/Debug/vast-front -cc1 -internal-isystem /usr/lib/gcc/x86_64-linux-gnu/11/../../../../include/c++/11 -internal-isystem /usr/lib/gcc/x86_64-linux-gnu/11/../../../../include/x86_64-linux-gnu/c++/11 -internal-isystem /usr/lib/gcc/x86_64-linux-gnu/11/../../../../include/c++/11/backward -internal-isystem /home/jialeiwang/apps/llvm18/lib/clang/18/include -internal-isystem /usr/local/include -internal-isystem /usr/lib/gcc/x86_64-linux-gnu/11/../../../../x86_64-linux-gnu/include -internal-externc-isystem /usr/include/x86_64-linux-gnu -internal-externc-isystem /include -internal-externc-isystem /usr/include /home/jialeiwang/mlir-dev/vast-test-cxx/testcases/template/2010-05-11-alwaysinlineinstantiation.cpp -vast-emit-mlir=ll -o /home/jialeiwang/mlir-dev/vast-test-cxx/build/template/Output/2010-05-11-alwaysinlineinstantiation.cpp.tmp.ll

--

********************
FAIL: vast-test-cxx :: attr/trivial-auto-var-init-attribute.cpp (3 of 603)
******************** TEST 'vast-test-cxx :: attr/trivial-auto-var-init-attribute.cpp' FAILED ********************
Exit Code: 139

Command Output (stderr):
--
RUN: at line 1: /home/jialeiwang/mlir-dev/vast-fork/builds/default/tools/vast-front/Debug/vast-front -cc1 -internal-isystem /usr/lib/gcc/x86_64-linux-gnu/11/../../../../include/c++/11 -internal-isystem /usr/lib/gcc/x86_64-linux-gnu/11/../../../../include/x86_64-linux-gnu/c++/11 -internal-isystem /usr/lib/gcc/x86_64-linux-gnu/11/../../../../include/c++/11/backward -internal-isystem /home/jialeiwang/apps/llvm18/lib/clang/18/include -internal-isystem /usr/local/include -internal-isystem /usr/lib/gcc/x86_64-linux-gnu/11/../../../../x86_64-linux-gnu/include -internal-externc-isystem /usr/include/x86_64-linux-gnu -internal-externc-isystem /include -internal-externc-isystem /usr/include -fblocks /home/jialeiwang/mlir-dev/vast-test-cxx/testcases/attr/trivial-auto-var-init-attribute.cpp -vast-emit-mlir=ll -o /home/jialeiwang/mlir-dev/vast-test-cxx/build/attr/Output/trivial-auto-var-init-attribute.cpp.tmp.ll && echo '// CHECK-NOT: {{unsup\.|unreach\.|#unsup}}' > /home/jialeiwang/mlir-dev/vast-test-cxx/build/attr/Output/trivial-auto-var-init-attribute.cpp.tmp.check && FileCheck /home/jialeiwang/mlir-dev/vast-test-cxx/build/attr/Output/trivial-auto-var-init-attribute.cpp.tmp.check --input-file=/home/jialeiwang/mlir-dev/vast-test-cxx/build/attr/Output/trivial-auto-var-init-attribute.cpp.tmp.ll && rm /home/jialeiwang/mlir-dev/vast-test-cxx/build/attr/Output/trivial-auto-var-init-attribute.cpp.tmp.check
+ /home/jialeiwang/mlir-dev/vast-fork/builds/default/tools/vast-front/Debug/vast-front -cc1 -internal-isystem /usr/lib/gcc/x86_64-linux-gnu/11/../../../../include/c++/11 -internal-isystem /usr/lib/gcc/x86_64-linux-gnu/11/../../../../include/x86_64-linux-gnu/c++/11 -internal-isystem /usr/lib/gcc/x86_64-linux-gnu/11/../../../../include/c++/11/backward -internal-isystem /home/jialeiwang/apps/llvm18/lib/clang/18/include -internal-isystem /usr/local/include -internal-isystem /usr/lib/gcc/x86_64-linux-gnu/11/../../../../x86_64-linux-gnu/include -internal-externc-isystem /usr/include/x86_64-linux-gnu -internal-externc-isystem /include -internal-externc-isystem /usr/include -fblocks /home/jialeiwang/mlir-dev/vast-test-cxx/testcases/attr/trivial-auto-var-init-attribute.cpp -vast-emit-mlir=ll -o /home/jialeiwang/mlir-dev/vast-test-cxx/build/attr/Output/trivial-auto-var-init-attribute.cpp.tmp.ll
PLEASE submit a bug report to https://github.com/trailofbits/vast/issues and include the crash backtrace, preprocessed source, and associated run script.
Stack dump:
/home/jialeiwang/mlir-dev/vast-test-cxx/build/attr/Output/trivial-auto-var-init-attribute.cpp.script: line 3: 1893676 Segmentation fault      /home/jialeiwang/mlir-dev/vast-fork/builds/default/tools/vast-front/Debug/vast-front -cc1 -internal-isystem /usr/lib/gcc/x86_64-linux-gnu/11/../../../../include/c++/11 -internal-isystem /usr/lib/gcc/x86_64-linux-gnu/11/../../../../include/x86_64-linux-gnu/c++/11 -internal-isystem /usr/lib/gcc/x86_64-linux-gnu/11/../../../../include/c++/11/backward -internal-isystem /home/jialeiwang/apps/llvm18/lib/clang/18/include -internal-isystem /usr/local/include -internal-isystem /usr/lib/gcc/x86_64-linux-gnu/11/../../../../x86_64-linux-gnu/include -internal-externc-isystem /usr/include/x86_64-linux-gnu -internal-externc-isystem /include -internal-externc-isystem /usr/include -fblocks /home/jialeiwang/mlir-dev/vast-test-cxx/testcases/attr/trivial-auto-var-init-attribute.cpp -vast-emit-mlir=ll -o /home/jialeiwang/mlir-dev/vast-test-cxx/build/attr/Output/trivial-auto-var-init-attribute.cpp.tmp.ll

--

********************
FAIL: vast-test-cxx :: template/address-of-fntemplate.cpp (4 of 603)
******************** TEST 'vast-test-cxx :: template/address-of-fntemplate.cpp' FAILED ********************
Exit Code: 139

Command Output (stderr):
--
RUN: at line 1: /home/jialeiwang/mlir-dev/vast-fork/builds/default/tools/vast-front/Debug/vast-front -cc1 -internal-isystem /usr/lib/gcc/x86_64-linux-gnu/11/../../../../include/c++/11 -internal-isystem /usr/lib/gcc/x86_64-linux-gnu/11/../../../../include/x86_64-linux-gnu/c++/11 -internal-isystem /usr/lib/gcc/x86_64-linux-gnu/11/../../../../include/c++/11/backward -internal-isystem /home/jialeiwang/apps/llvm18/lib/clang/18/include -internal-isystem /usr/local/include -internal-isystem /usr/lib/gcc/x86_64-linux-gnu/11/../../../../x86_64-linux-gnu/include -internal-externc-isystem /usr/include/x86_64-linux-gnu -internal-externc-isystem /include -internal-externc-isystem /usr/include /home/jialeiwang/mlir-dev/vast-test-cxx/testcases/template/address-of-fntemplate.cpp -vast-emit-mlir=ll -o /home/jialeiwang/mlir-dev/vast-test-cxx/build/template/Output/address-of-fntemplate.cpp.tmp.ll && echo '// CHECK-NOT: {{unsup\.|unreach\.|#unsup}}' > /home/jialeiwang/mlir-dev/vast-test-cxx/build/template/Output/address-of-fntemplate.cpp.tmp.check && FileCheck /home/jialeiwang/mlir-dev/vast-test-cxx/build/template/Output/address-of-fntemplate.cpp.tmp.check --input-file=/home/jialeiwang/mlir-dev/vast-test-cxx/build/template/Output/address-of-fntemplate.cpp.tmp.ll && rm /home/jialeiwang/mlir-dev/vast-test-cxx/build/template/Output/address-of-fntemplate.cpp.tmp.check
+ /home/jialeiwang/mlir-dev/vast-fork/builds/default/tools/vast-front/Debug/vast-front -cc1 -internal-isystem /usr/lib/gcc/x86_64-linux-gnu/11/../../../../include/c++/11 -internal-isystem /usr/lib/gcc/x86_64-linux-gnu/11/../../../../include/x86_64-linux-gnu/c++/11 -internal-isystem /usr/lib/gcc/x86_64-linux-gnu/11/../../../../include/c++/11/backward -internal-isystem /home/jialeiwang/apps/llvm18/lib/clang/18/include -internal-isystem /usr/local/include -internal-isystem /usr/lib/gcc/x86_64-linux-gnu/11/../../../../x86_64-linux-gnu/include -internal-externc-isystem /usr/include/x86_64-linux-gnu -internal-externc-isystem /include -internal-externc-isystem /usr/include /home/jialeiwang/mlir-dev/vast-test-cxx/testcases/template/address-of-fntemplate.cpp -vast-emit-mlir=ll -o /home/jialeiwang/mlir-dev/vast-test-cxx/build/template/Output/address-of-fntemplate.cpp.tmp.ll
PLEASE submit a bug report to https://github.com/trailofbits/vast/issues and include the crash backtrace, preprocessed source, and associated run script.
Stack dump:
/home/jialeiwang/mlir-dev/vast-test-cxx/build/template/Output/address-of-fntemplate.cpp.script: line 1: 1893638 Segmentation fault      /home/jialeiwang/mlir-dev/vast-fork/builds/default/tools/vast-front/Debug/vast-front -cc1 -internal-isystem /usr/lib/gcc/x86_64-linux-gnu/11/../../../../include/c++/11 -internal-isystem /usr/lib/gcc/x86_64-linux-gnu/11/../../../../include/x86_64-linux-gnu/c++/11 -internal-isystem /usr/lib/gcc/x86_64-linux-gnu/11/../../../../include/c++/11/backward -internal-isystem /home/jialeiwang/apps/llvm18/lib/clang/18/include -internal-isystem /usr/local/include -internal-isystem /usr/lib/gcc/x86_64-linux-gnu/11/../../../../x86_64-linux-gnu/include -internal-externc-isystem /usr/include/x86_64-linux-gnu -internal-externc-isystem /include -internal-externc-isystem /usr/include /home/jialeiwang/mlir-dev/vast-test-cxx/testcases/template/address-of-fntemplate.cpp -vast-emit-mlir=ll -o /home/jialeiwang/mlir-dev/vast-test-cxx/build/template/Output/address-of-fntemplate.cpp.tmp.ll

--

********************
FAIL: vast-test-cxx :: vtable-key-function.cpp (5 of 603)
******************** TEST 'vast-test-cxx :: vtable-key-function.cpp' FAILED ********************
Exit Code: 139

Command Output (stderr):
--
RUN: at line 1: /home/jialeiwang/mlir-dev/vast-fork/builds/default/tools/vast-front/Debug/vast-front -cc1 -internal-isystem /usr/lib/gcc/x86_64-linux-gnu/11/../../../../include/c++/11 -internal-isystem /usr/lib/gcc/x86_64-linux-gnu/11/../../../../include/x86_64-linux-gnu/c++/11 -internal-isystem /usr/lib/gcc/x86_64-linux-gnu/11/../../../../include/c++/11/backward -internal-isystem /home/jialeiwang/apps/llvm18/lib/clang/18/include -internal-isystem /usr/local/include -internal-isystem /usr/lib/gcc/x86_64-linux-gnu/11/../../../../x86_64-linux-gnu/include -internal-externc-isystem /usr/include/x86_64-linux-gnu -internal-externc-isystem /include -internal-externc-isystem /usr/include /home/jialeiwang/mlir-dev/vast-test-cxx/testcases/vtable-key-function.cpp -vast-emit-mlir=ll -o /home/jialeiwang/mlir-dev/vast-test-cxx/build/Output/vtable-key-function.cpp.tmp.ll && echo '// CHECK-NOT: {{unsup\.|unreach\.|#unsup}}' > /home/jialeiwang/mlir-dev/vast-test-cxx/build/Output/vtable-key-function.cpp.tmp.check && FileCheck /home/jialeiwang/mlir-dev/vast-test-cxx/build/Output/vtable-key-function.cpp.tmp.check --input-file=/home/jialeiwang/mlir-dev/vast-test-cxx/build/Output/vtable-key-function.cpp.tmp.ll && rm /home/jialeiwang/mlir-dev/vast-test-cxx/build/Output/vtable-key-function.cpp.tmp.check
+ /home/jialeiwang/mlir-dev/vast-fork/builds/default/tools/vast-front/Debug/vast-front -cc1 -internal-isystem /usr/lib/gcc/x86_64-linux-gnu/11/../../../../include/c++/11 -internal-isystem /usr/lib/gcc/x86_64-linux-gnu/11/../../../../include/x86_64-linux-gnu/c++/11 -internal-isystem /usr/lib/gcc/x86_64-linux-gnu/11/../../../../include/c++/11/backward -internal-isystem /home/jialeiwang/apps/llvm18/lib/clang/18/include -internal-isystem /usr/local/include -internal-isystem /usr/lib/gcc/x86_64-linux-gnu/11/../../../../x86_64-linux-gnu/include -internal-externc-isystem /usr/include/x86_64-linux-gnu -internal-externc-isystem /include -internal-externc-isystem /usr/include /home/jialeiwang/mlir-dev/vast-test-cxx/testcases/vtable-key-function.cpp -vast-emit-mlir=ll -o /home/jialeiwang/mlir-dev/vast-test-cxx/build/Output/vtable-key-function.cpp.tmp.ll
PLEASE submit a bug report to https://github.com/trailofbits/vast/issues and include the crash backtrace, preprocessed source, and associated run script.
Stack dump:
/home/jialeiwang/mlir-dev/vast-test-cxx/build/Output/vtable-key-function.cpp.script: line 1: 1893630 Segmentation fault      /home/jialeiwang/mlir-dev/vast-fork/builds/default/tools/vast-front/Debug/vast-front -cc1 -internal-isystem /usr/lib/gcc/x86_64-linux-gnu/11/../../../../include/c++/11 -internal-isystem /usr/lib/gcc/x86_64-linux-gnu/11/../../../../include/x86_64-linux-gnu/c++/11 -internal-isystem /usr/lib/gcc/x86_64-linux-gnu/11/../../../../include/c++/11/backward -internal-isystem /home/jialeiwang/apps/llvm18/lib/clang/18/include -internal-isystem /usr/local/include -internal-isystem /usr/lib/gcc/x86_64-linux-gnu/11/../../../../x86_64-linux-gnu/include -internal-externc-isystem /usr/include/x86_64-linux-gnu -internal-externc-isystem /include -internal-externc-isystem /usr/include /home/jialeiwang/mlir-dev/vast-test-cxx/testcases/vtable-key-function.cpp -vast-emit-mlir=ll -o /home/jialeiwang/mlir-dev/vast-test-cxx/build/Output/vtable-key-function.cpp.tmp.ll

--

********************
FAIL: vast-test-cxx :: vtable-key-function-address-space.cpp (6 of 603)
******************** TEST 'vast-test-cxx :: vtable-key-function-address-space.cpp' FAILED ********************
Exit Code: 139

Command Output (stderr):
--
RUN: at line 1: /home/jialeiwang/mlir-dev/vast-fork/builds/default/tools/vast-front/Debug/vast-front -cc1 -internal-isystem /usr/lib/gcc/x86_64-linux-gnu/11/../../../../include/c++/11 -internal-isystem /usr/lib/gcc/x86_64-linux-gnu/11/../../../../include/x86_64-linux-gnu/c++/11 -internal-isystem /usr/lib/gcc/x86_64-linux-gnu/11/../../../../include/c++/11/backward -internal-isystem /home/jialeiwang/apps/llvm18/lib/clang/18/include -internal-isystem /usr/local/include -internal-isystem /usr/lib/gcc/x86_64-linux-gnu/11/../../../../x86_64-linux-gnu/include -internal-externc-isystem /usr/include/x86_64-linux-gnu -internal-externc-isystem /include -internal-externc-isystem /usr/include /home/jialeiwang/mlir-dev/vast-test-cxx/testcases/vtable-key-function-address-space.cpp -vast-emit-mlir=ll -o /home/jialeiwang/mlir-dev/vast-test-cxx/build/Output/vtable-key-function-address-space.cpp.tmp.ll && echo '// CHECK-NOT: {{unsup\.|unreach\.|#unsup}}' > /home/jialeiwang/mlir-dev/vast-test-cxx/build/Output/vtable-key-function-address-space.cpp.tmp.check && FileCheck /home/jialeiwang/mlir-dev/vast-test-cxx/build/Output/vtable-key-function-address-space.cpp.tmp.check --input-file=/home/jialeiwang/mlir-dev/vast-test-cxx/build/Output/vtable-key-function-address-space.cpp.tmp.ll && rm /home/jialeiwang/mlir-dev/vast-test-cxx/build/Output/vtable-key-function-address-space.cpp.tmp.check
+ /home/jialeiwang/mlir-dev/vast-fork/builds/default/tools/vast-front/Debug/vast-front -cc1 -internal-isystem /usr/lib/gcc/x86_64-linux-gnu/11/../../../../include/c++/11 -internal-isystem /usr/lib/gcc/x86_64-linux-gnu/11/../../../../include/x86_64-linux-gnu/c++/11 -internal-isystem /usr/lib/gcc/x86_64-linux-gnu/11/../../../../include/c++/11/backward -internal-isystem /home/jialeiwang/apps/llvm18/lib/clang/18/include -internal-isystem /usr/local/include -internal-isystem /usr/lib/gcc/x86_64-linux-gnu/11/../../../../x86_64-linux-gnu/include -internal-externc-isystem /usr/include/x86_64-linux-gnu -internal-externc-isystem /include -internal-externc-isystem /usr/include /home/jialeiwang/mlir-dev/vast-test-cxx/testcases/vtable-key-function-address-space.cpp -vast-emit-mlir=ll -o /home/jialeiwang/mlir-dev/vast-test-cxx/build/Output/vtable-key-function-address-space.cpp.tmp.ll
PLEASE submit a bug report to https://github.com/trailofbits/vast/issues and include the crash backtrace, preprocessed source, and associated run script.
Stack dump:
/home/jialeiwang/mlir-dev/vast-test-cxx/build/Output/vtable-key-function-address-space.cpp.script: line 1: 1893682 Segmentation fault      /home/jialeiwang/mlir-dev/vast-fork/builds/default/tools/vast-front/Debug/vast-front -cc1 -internal-isystem /usr/lib/gcc/x86_64-linux-gnu/11/../../../../include/c++/11 -internal-isystem /usr/lib/gcc/x86_64-linux-gnu/11/../../../../include/x86_64-linux-gnu/c++/11 -internal-isystem /usr/lib/gcc/x86_64-linux-gnu/11/../../../../include/c++/11/backward -internal-isystem /home/jialeiwang/apps/llvm18/lib/clang/18/include -internal-isystem /usr/local/include -internal-isystem /usr/lib/gcc/x86_64-linux-gnu/11/../../../../x86_64-linux-gnu/include -internal-externc-isystem /usr/include/x86_64-linux-gnu -internal-externc-isystem /include -internal-externc-isystem /usr/include /home/jialeiwang/mlir-dev/vast-test-cxx/testcases/vtable-key-function-address-space.cpp -vast-emit-mlir=ll -o /home/jialeiwang/mlir-dev/vast-test-cxx/build/Output/vtable-key-function-address-space.cpp.tmp.ll

--

********************
FAIL: vast-test-cxx :: extern/alias-available-externally.cpp (7 of 603)
******************** TEST 'vast-test-cxx :: extern/alias-available-externally.cpp' FAILED ********************
Exit Code: 139

Command Output (stderr):
--
RUN: at line 1: /home/jialeiwang/mlir-dev/vast-fork/builds/default/tools/vast-front/Debug/vast-front -cc1 -internal-isystem /usr/lib/gcc/x86_64-linux-gnu/11/../../../../include/c++/11 -internal-isystem /usr/lib/gcc/x86_64-linux-gnu/11/../../../../include/x86_64-linux-gnu/c++/11 -internal-isystem /usr/lib/gcc/x86_64-linux-gnu/11/../../../../include/c++/11/backward -internal-isystem /home/jialeiwang/apps/llvm18/lib/clang/18/include -internal-isystem /usr/local/include -internal-isystem /usr/lib/gcc/x86_64-linux-gnu/11/../../../../x86_64-linux-gnu/include -internal-externc-isystem /usr/include/x86_64-linux-gnu -internal-externc-isystem /include -internal-externc-isystem /usr/include -std=c++11 /home/jialeiwang/mlir-dev/vast-test-cxx/testcases/extern/alias-available-externally.cpp -vast-emit-mlir=ll -o /home/jialeiwang/mlir-dev/vast-test-cxx/build/extern/Output/alias-available-externally.cpp.tmp.ll && echo '// CHECK-NOT: {{unsup\.|unreach\.|#unsup}}' > /home/jialeiwang/mlir-dev/vast-test-cxx/build/extern/Output/alias-available-externally.cpp.tmp.check && FileCheck /home/jialeiwang/mlir-dev/vast-test-cxx/build/extern/Output/alias-available-externally.cpp.tmp.check --input-file=/home/jialeiwang/mlir-dev/vast-test-cxx/build/extern/Output/alias-available-externally.cpp.tmp.ll && rm /home/jialeiwang/mlir-dev/vast-test-cxx/build/extern/Output/alias-available-externally.cpp.tmp.check
+ /home/jialeiwang/mlir-dev/vast-fork/builds/default/tools/vast-front/Debug/vast-front -cc1 -internal-isystem /usr/lib/gcc/x86_64-linux-gnu/11/../../../../include/c++/11 -internal-isystem /usr/lib/gcc/x86_64-linux-gnu/11/../../../../include/x86_64-linux-gnu/c++/11 -internal-isystem /usr/lib/gcc/x86_64-linux-gnu/11/../../../../include/c++/11/backward -internal-isystem /home/jialeiwang/apps/llvm18/lib/clang/18/include -internal-isystem /usr/local/include -internal-isystem /usr/lib/gcc/x86_64-linux-gnu/11/../../../../x86_64-linux-gnu/include -internal-externc-isystem /usr/include/x86_64-linux-gnu -internal-externc-isystem /include -internal-externc-isystem /usr/include -std=c++11 /home/jialeiwang/mlir-dev/vast-test-cxx/testcases/extern/alias-available-externally.cpp -vast-emit-mlir=ll -o /home/jialeiwang/mlir-dev/vast-test-cxx/build/extern/Output/alias-available-externally.cpp.tmp.ll
PLEASE submit a bug report to https://github.com/trailofbits/vast/issues and include the crash backtrace, preprocessed source, and associated run script.
Stack dump:
/home/jialeiwang/mlir-dev/vast-test-cxx/build/extern/Output/alias-available-externally.cpp.script: line 1: 1893661 Segmentation fault      /home/jialeiwang/mlir-dev/vast-fork/builds/default/tools/vast-front/Debug/vast-front -cc1 -internal-isystem /usr/lib/gcc/x86_64-linux-gnu/11/../../../../include/c++/11 -internal-isystem /usr/lib/gcc/x86_64-linux-gnu/11/../../../../include/x86_64-linux-gnu/c++/11 -internal-isystem /usr/lib/gcc/x86_64-linux-gnu/11/../../../../include/c++/11/backward -internal-isystem /home/jialeiwang/apps/llvm18/lib/clang/18/include -internal-isystem /usr/local/include -internal-isystem /usr/lib/gcc/x86_64-linux-gnu/11/../../../../x86_64-linux-gnu/include -internal-externc-isystem /usr/include/x86_64-linux-gnu -internal-externc-isystem /include -internal-externc-isystem /usr/include -std=c++11 /home/jialeiwang/mlir-dev/vast-test-cxx/testcases/extern/alias-available-externally.cpp -vast-emit-mlir=ll -o /home/jialeiwang/mlir-dev/vast-test-cxx/build/extern/Output/alias-available-externally.cpp.tmp.ll

--

********************
FAIL: vast-test-cxx :: enable_if.cpp (8 of 603)
******************** TEST 'vast-test-cxx :: enable_if.cpp' FAILED ********************
Exit Code: 139

Command Output (stderr):
--
RUN: at line 1: /home/jialeiwang/mlir-dev/vast-fork/builds/default/tools/vast-front/Debug/vast-front -cc1 -internal-isystem /usr/lib/gcc/x86_64-linux-gnu/11/../../../../include/c++/11 -internal-isystem /usr/lib/gcc/x86_64-linux-gnu/11/../../../../include/x86_64-linux-gnu/c++/11 -internal-isystem /usr/lib/gcc/x86_64-linux-gnu/11/../../../../include/c++/11/backward -internal-isystem /home/jialeiwang/apps/llvm18/lib/clang/18/include -internal-isystem /usr/local/include -internal-isystem /usr/lib/gcc/x86_64-linux-gnu/11/../../../../x86_64-linux-gnu/include -internal-externc-isystem /usr/include/x86_64-linux-gnu -internal-externc-isystem /include -internal-externc-isystem /usr/include /home/jialeiwang/mlir-dev/vast-test-cxx/testcases/enable_if.cpp -vast-emit-mlir=ll -o /home/jialeiwang/mlir-dev/vast-test-cxx/build/Output/enable_if.cpp.tmp.ll && echo '// CHECK-NOT: {{unsup\.|unreach\.|#unsup}}' > /home/jialeiwang/mlir-dev/vast-test-cxx/build/Output/enable_if.cpp.tmp.check && FileCheck /home/jialeiwang/mlir-dev/vast-test-cxx/build/Output/enable_if.cpp.tmp.check --input-file=/home/jialeiwang/mlir-dev/vast-test-cxx/build/Output/enable_if.cpp.tmp.ll && rm /home/jialeiwang/mlir-dev/vast-test-cxx/build/Output/enable_if.cpp.tmp.check
+ /home/jialeiwang/mlir-dev/vast-fork/builds/default/tools/vast-front/Debug/vast-front -cc1 -internal-isystem /usr/lib/gcc/x86_64-linux-gnu/11/../../../../include/c++/11 -internal-isystem /usr/lib/gcc/x86_64-linux-gnu/11/../../../../include/x86_64-linux-gnu/c++/11 -internal-isystem /usr/lib/gcc/x86_64-linux-gnu/11/../../../../include/c++/11/backward -internal-isystem /home/jialeiwang/apps/llvm18/lib/clang/18/include -internal-isystem /usr/local/include -internal-isystem /usr/lib/gcc/x86_64-linux-gnu/11/../../../../x86_64-linux-gnu/include -internal-externc-isystem /usr/include/x86_64-linux-gnu -internal-externc-isystem /include -internal-externc-isystem /usr/include /home/jialeiwang/mlir-dev/vast-test-cxx/testcases/enable_if.cpp -vast-emit-mlir=ll -o /home/jialeiwang/mlir-dev/vast-test-cxx/build/Output/enable_if.cpp.tmp.ll
PLEASE submit a bug report to https://github.com/trailofbits/vast/issues and include the crash backtrace, preprocessed source, and associated run script.
Stack dump:
/home/jialeiwang/mlir-dev/vast-test-cxx/build/Output/enable_if.cpp.script: line 1: 1893678 Segmentation fault      /home/jialeiwang/mlir-dev/vast-fork/builds/default/tools/vast-front/Debug/vast-front -cc1 -internal-isystem /usr/lib/gcc/x86_64-linux-gnu/11/../../../../include/c++/11 -internal-isystem /usr/lib/gcc/x86_64-linux-gnu/11/../../../../include/x86_64-linux-gnu/c++/11 -internal-isystem /usr/lib/gcc/x86_64-linux-gnu/11/../../../../include/c++/11/backward -internal-isystem /home/jialeiwang/apps/llvm18/lib/clang/18/include -internal-isystem /usr/local/include -internal-isystem /usr/lib/gcc/x86_64-linux-gnu/11/../../../../x86_64-linux-gnu/include -internal-externc-isystem /usr/include/x86_64-linux-gnu -internal-externc-isystem /include -internal-externc-isystem /usr/include /home/jialeiwang/mlir-dev/vast-test-cxx/testcases/enable_if.cpp -vast-emit-mlir=ll -o /home/jialeiwang/mlir-dev/vast-test-cxx/build/Output/enable_if.cpp.tmp.ll

--

********************
FAIL: vast-test-cxx :: ctordtor/default-constructor-template-member.cpp (9 of 603)
******************** TEST 'vast-test-cxx :: ctordtor/default-constructor-template-member.cpp' FAILED ********************
Exit Code: 139

Command Output (stderr):
--
RUN: at line 1: /home/jialeiwang/mlir-dev/vast-fork/builds/default/tools/vast-front/Debug/vast-front -cc1 -internal-isystem /usr/lib/gcc/x86_64-linux-gnu/11/../../../../include/c++/11 -internal-isystem /usr/lib/gcc/x86_64-linux-gnu/11/../../../../include/x86_64-linux-gnu/c++/11 -internal-isystem /usr/lib/gcc/x86_64-linux-gnu/11/../../../../include/c++/11/backward -internal-isystem /home/jialeiwang/apps/llvm18/lib/clang/18/include -internal-isystem /usr/local/include -internal-isystem /usr/lib/gcc/x86_64-linux-gnu/11/../../../../x86_64-linux-gnu/include -internal-externc-isystem /usr/include/x86_64-linux-gnu -internal-externc-isystem /include -internal-externc-isystem /usr/include /home/jialeiwang/mlir-dev/vast-test-cxx/testcases/ctordtor/default-constructor-template-member.cpp -vast-emit-mlir=ll -o /home/jialeiwang/mlir-dev/vast-test-cxx/build/ctordtor/Output/default-constructor-template-member.cpp.tmp.ll && echo '// CHECK-NOT: {{unsup\.|unreach\.|#unsup}}' > /home/jialeiwang/mlir-dev/vast-test-cxx/build/ctordtor/Output/default-constructor-template-member.cpp.tmp.check && FileCheck /home/jialeiwang/mlir-dev/vast-test-cxx/build/ctordtor/Output/default-constructor-template-member.cpp.tmp.check --input-file=/home/jialeiwang/mlir-dev/vast-test-cxx/build/ctordtor/Output/default-constructor-template-member.cpp.tmp.ll && rm /home/jialeiwang/mlir-dev/vast-test-cxx/build/ctordtor/Output/default-constructor-template-member.cpp.tmp.check
+ /home/jialeiwang/mlir-dev/vast-fork/builds/default/tools/vast-front/Debug/vast-front -cc1 -internal-isystem /usr/lib/gcc/x86_64-linux-gnu/11/../../../../include/c++/11 -internal-isystem /usr/lib/gcc/x86_64-linux-gnu/11/../../../../include/x86_64-linux-gnu/c++/11 -internal-isystem /usr/lib/gcc/x86_64-linux-gnu/11/../../../../include/c++/11/backward -internal-isystem /home/jialeiwang/apps/llvm18/lib/clang/18/include -internal-isystem /usr/local/include -internal-isystem /usr/lib/gcc/x86_64-linux-gnu/11/../../../../x86_64-linux-gnu/include -internal-externc-isystem /usr/include/x86_64-linux-gnu -internal-externc-isystem /include -internal-externc-isystem /usr/include /home/jialeiwang/mlir-dev/vast-test-cxx/testcases/ctordtor/default-constructor-template-member.cpp -vast-emit-mlir=ll -o /home/jialeiwang/mlir-dev/vast-test-cxx/build/ctordtor/Output/default-constructor-template-member.cpp.tmp.ll
PLEASE submit a bug report to https://github.com/trailofbits/vast/issues and include the crash backtrace, preprocessed source, and associated run script.
Stack dump:
/home/jialeiwang/mlir-dev/vast-test-cxx/build/ctordtor/Output/default-constructor-template-member.cpp.script: line 1: 1893677 Segmentation fault      /home/jialeiwang/mlir-dev/vast-fork/builds/default/tools/vast-front/Debug/vast-front -cc1 -internal-isystem /usr/lib/gcc/x86_64-linux-gnu/11/../../../../include/c++/11 -internal-isystem /usr/lib/gcc/x86_64-linux-gnu/11/../../../../include/x86_64-linux-gnu/c++/11 -internal-isystem /usr/lib/gcc/x86_64-linux-gnu/11/../../../../include/c++/11/backward -internal-isystem /home/jialeiwang/apps/llvm18/lib/clang/18/include -internal-isystem /usr/local/include -internal-isystem /usr/lib/gcc/x86_64-linux-gnu/11/../../../../x86_64-linux-gnu/include -internal-externc-isystem /usr/include/x86_64-linux-gnu -internal-externc-isystem /include -internal-externc-isystem /usr/include /home/jialeiwang/mlir-dev/vast-test-cxx/testcases/ctordtor/default-constructor-template-member.cpp -vast-emit-mlir=ll -o /home/jialeiwang/mlir-dev/vast-test-cxx/build/ctordtor/Output/default-constructor-template-member.cpp.tmp.ll

--

********************
FAIL: vast-test-cxx :: exception/linetable-eh.cpp (10 of 603)
******************** TEST 'vast-test-cxx :: exception/linetable-eh.cpp' FAILED ********************
Exit Code: 139

Command Output (stderr):
--
RUN: at line 1: /home/jialeiwang/mlir-dev/vast-fork/builds/default/tools/vast-front/Debug/vast-front -cc1 -internal-isystem /usr/lib/gcc/x86_64-linux-gnu/11/../../../../include/c++/11 -internal-isystem /usr/lib/gcc/x86_64-linux-gnu/11/../../../../include/x86_64-linux-gnu/c++/11 -internal-isystem /usr/lib/gcc/x86_64-linux-gnu/11/../../../../include/c++/11/backward -internal-isystem /home/jialeiwang/apps/llvm18/lib/clang/18/include -internal-isystem /usr/local/include -internal-isystem /usr/lib/gcc/x86_64-linux-gnu/11/../../../../x86_64-linux-gnu/include -internal-externc-isystem /usr/include/x86_64-linux-gnu -internal-externc-isystem /include -internal-externc-isystem /usr/include -gno-column-info -funwind-tables=2 -std=c++11 -fcxx-exceptions -fexceptions /home/jialeiwang/mlir-dev/vast-test-cxx/testcases/exception/linetable-eh.cpp -vast-emit-mlir=ll -o /home/jialeiwang/mlir-dev/vast-test-cxx/build/exception/Output/linetable-eh.cpp.tmp.ll && echo '// CHECK-NOT: {{unsup\.|unreach\.|#unsup}}' > /home/jialeiwang/mlir-dev/vast-test-cxx/build/exception/Output/linetable-eh.cpp.tmp.check && FileCheck /home/jialeiwang/mlir-dev/vast-test-cxx/build/exception/Output/linetable-eh.cpp.tmp.check --input-file=/home/jialeiwang/mlir-dev/vast-test-cxx/build/exception/Output/linetable-eh.cpp.tmp.ll && rm /home/jialeiwang/mlir-dev/vast-test-cxx/build/exception/Output/linetable-eh.cpp.tmp.check
+ /home/jialeiwang/mlir-dev/vast-fork/builds/default/tools/vast-front/Debug/vast-front -cc1 -internal-isystem /usr/lib/gcc/x86_64-linux-gnu/11/../../../../include/c++/11 -internal-isystem /usr/lib/gcc/x86_64-linux-gnu/11/../../../../include/x86_64-linux-gnu/c++/11 -internal-isystem /usr/lib/gcc/x86_64-linux-gnu/11/../../../../include/c++/11/backward -internal-isystem /home/jialeiwang/apps/llvm18/lib/clang/18/include -internal-isystem /usr/local/include -internal-isystem /usr/lib/gcc/x86_64-linux-gnu/11/../../../../x86_64-linux-gnu/include -internal-externc-isystem /usr/include/x86_64-linux-gnu -internal-externc-isystem /include -internal-externc-isystem /usr/include -gno-column-info -funwind-tables=2 -std=c++11 -fcxx-exceptions -fexceptions /home/jialeiwang/mlir-dev/vast-test-cxx/testcases/exception/linetable-eh.cpp -vast-emit-mlir=ll -o /home/jialeiwang/mlir-dev/vast-test-cxx/build/exception/Output/linetable-eh.cpp.tmp.ll
PLEASE submit a bug report to https://github.com/trailofbits/vast/issues and include the crash backtrace, preprocessed source, and associated run script.
Stack dump:
/home/jialeiwang/mlir-dev/vast-test-cxx/build/exception/Output/linetable-eh.cpp.script: line 1: 1893645 Segmentation fault      /home/jialeiwang/mlir-dev/vast-fork/builds/default/tools/vast-front/Debug/vast-front -cc1 -internal-isystem /usr/lib/gcc/x86_64-linux-gnu/11/../../../../include/c++/11 -internal-isystem /usr/lib/gcc/x86_64-linux-gnu/11/../../../../include/x86_64-linux-gnu/c++/11 -internal-isystem /usr/lib/gcc/x86_64-linux-gnu/11/../../../../include/c++/11/backward -internal-isystem /home/jialeiwang/apps/llvm18/lib/clang/18/include -internal-isystem /usr/local/include -internal-isystem /usr/lib/gcc/x86_64-linux-gnu/11/../../../../x86_64-linux-gnu/include -internal-externc-isystem /usr/include/x86_64-linux-gnu -internal-externc-isystem /include -internal-externc-isystem /usr/include -gno-column-info -funwind-tables=2 -std=c++11 -fcxx-exceptions -fexceptions /home/jialeiwang/mlir-dev/vast-test-cxx/testcases/exception/linetable-eh.cpp -vast-emit-mlir=ll -o /home/jialeiwang/mlir-dev/vast-test-cxx/build/exception/Output/linetable-eh.cpp.tmp.ll

--

********************
FAIL: vast-test-cxx :: atomic-align.cpp (11 of 603)
******************** TEST 'vast-test-cxx :: atomic-align.cpp' FAILED ********************
Exit Code: 139

Command Output (stderr):
--
RUN: at line 1: /home/jialeiwang/mlir-dev/vast-fork/builds/default/tools/vast-front/Debug/vast-front -cc1 -internal-isystem /usr/lib/gcc/x86_64-linux-gnu/11/../../../../include/c++/11 -internal-isystem /usr/lib/gcc/x86_64-linux-gnu/11/../../../../include/x86_64-linux-gnu/c++/11 -internal-isystem /usr/lib/gcc/x86_64-linux-gnu/11/../../../../include/c++/11/backward -internal-isystem /home/jialeiwang/apps/llvm18/lib/clang/18/include -internal-isystem /usr/local/include -internal-isystem /usr/lib/gcc/x86_64-linux-gnu/11/../../../../x86_64-linux-gnu/include -internal-externc-isystem /usr/include/x86_64-linux-gnu -internal-externc-isystem /include -internal-externc-isystem /usr/include /home/jialeiwang/mlir-dev/vast-test-cxx/testcases/atomic-align.cpp -std=c++14 -vast-emit-mlir=ll -o /home/jialeiwang/mlir-dev/vast-test-cxx/build/Output/atomic-align.cpp.tmp.ll && echo '// CHECK-NOT: {{unsup\.|unreach\.|#unsup}}' > /home/jialeiwang/mlir-dev/vast-test-cxx/build/Output/atomic-align.cpp.tmp.check && FileCheck /home/jialeiwang/mlir-dev/vast-test-cxx/build/Output/atomic-align.cpp.tmp.check --input-file=/home/jialeiwang/mlir-dev/vast-test-cxx/build/Output/atomic-align.cpp.tmp.ll && rm /home/jialeiwang/mlir-dev/vast-test-cxx/build/Output/atomic-align.cpp.tmp.check
+ /home/jialeiwang/mlir-dev/vast-fork/builds/default/tools/vast-front/Debug/vast-front -cc1 -internal-isystem /usr/lib/gcc/x86_64-linux-gnu/11/../../../../include/c++/11 -internal-isystem /usr/lib/gcc/x86_64-linux-gnu/11/../../../../include/x86_64-linux-gnu/c++/11 -internal-isystem /usr/lib/gcc/x86_64-linux-gnu/11/../../../../include/c++/11/backward -internal-isystem /home/jialeiwang/apps/llvm18/lib/clang/18/include -internal-isystem /usr/local/include -internal-isystem /usr/lib/gcc/x86_64-linux-gnu/11/../../../../x86_64-linux-gnu/include -internal-externc-isystem /usr/include/x86_64-linux-gnu -internal-externc-isystem /include -internal-externc-isystem /usr/include /home/jialeiwang/mlir-dev/vast-test-cxx/testcases/atomic-align.cpp -std=c++14 -vast-emit-mlir=ll -o /home/jialeiwang/mlir-dev/vast-test-cxx/build/Output/atomic-align.cpp.tmp.ll
PLEASE submit a bug report to https://github.com/trailofbits/vast/issues and include the crash backtrace, preprocessed source, and associated run script.
Stack dump:
/home/jialeiwang/mlir-dev/vast-test-cxx/build/Output/atomic-align.cpp.script: line 1: 1893660 Segmentation fault      /home/jialeiwang/mlir-dev/vast-fork/builds/default/tools/vast-front/Debug/vast-front -cc1 -internal-isystem /usr/lib/gcc/x86_64-linux-gnu/11/../../../../include/c++/11 -internal-isystem /usr/lib/gcc/x86_64-linux-gnu/11/../../../../include/x86_64-linux-gnu/c++/11 -internal-isystem /usr/lib/gcc/x86_64-linux-gnu/11/../../../../include/c++/11/backward -internal-isystem /home/jialeiwang/apps/llvm18/lib/clang/18/include -internal-isystem /usr/local/include -internal-isystem /usr/lib/gcc/x86_64-linux-gnu/11/../../../../x86_64-linux-gnu/include -internal-externc-isystem /usr/include/x86_64-linux-gnu -internal-externc-isystem /include -internal-externc-isystem /usr/include /home/jialeiwang/mlir-dev/vast-test-cxx/testcases/atomic-align.cpp -std=c++14 -vast-emit-mlir=ll -o /home/jialeiwang/mlir-dev/vast-test-cxx/build/Output/atomic-align.cpp.tmp.ll

--

********************
FAIL: vast-test-cxx :: 2006-09-12-OpaqueStructCrash.cpp (12 of 603)
******************** TEST 'vast-test-cxx :: 2006-09-12-OpaqueStructCrash.cpp' FAILED ********************
Exit Code: 139

Command Output (stderr):
--
RUN: at line 1: /home/jialeiwang/mlir-dev/vast-fork/builds/default/tools/vast-front/Debug/vast-front -cc1 -internal-isystem /usr/lib/gcc/x86_64-linux-gnu/11/../../../../include/c++/11 -internal-isystem /usr/lib/gcc/x86_64-linux-gnu/11/../../../../include/x86_64-linux-gnu/c++/11 -internal-isystem /usr/lib/gcc/x86_64-linux-gnu/11/../../../../include/c++/11/backward -internal-isystem /home/jialeiwang/apps/llvm18/lib/clang/18/include -internal-isystem /usr/local/include -internal-isystem /usr/lib/gcc/x86_64-linux-gnu/11/../../../../x86_64-linux-gnu/include -internal-externc-isystem /usr/include/x86_64-linux-gnu -internal-externc-isystem /include -internal-externc-isystem /usr/include /home/jialeiwang/mlir-dev/vast-test-cxx/testcases/2006-09-12-OpaqueStructCrash.cpp -vast-emit-mlir=ll -o /home/jialeiwang/mlir-dev/vast-test-cxx/build/Output/2006-09-12-OpaqueStructCrash.cpp.tmp.ll && echo '// CHECK-NOT: {{unsup\.|unreach\.|#unsup}}' > /home/jialeiwang/mlir-dev/vast-test-cxx/build/Output/2006-09-12-OpaqueStructCrash.cpp.tmp.check && FileCheck /home/jialeiwang/mlir-dev/vast-test-cxx/build/Output/2006-09-12-OpaqueStructCrash.cpp.tmp.check --input-file=/home/jialeiwang/mlir-dev/vast-test-cxx/build/Output/2006-09-12-OpaqueStructCrash.cpp.tmp.ll && rm /home/jialeiwang/mlir-dev/vast-test-cxx/build/Output/2006-09-12-OpaqueStructCrash.cpp.tmp.check
+ /home/jialeiwang/mlir-dev/vast-fork/builds/default/tools/vast-front/Debug/vast-front -cc1 -internal-isystem /usr/lib/gcc/x86_64-linux-gnu/11/../../../../include/c++/11 -internal-isystem /usr/lib/gcc/x86_64-linux-gnu/11/../../../../include/x86_64-linux-gnu/c++/11 -internal-isystem /usr/lib/gcc/x86_64-linux-gnu/11/../../../../include/c++/11/backward -internal-isystem /home/jialeiwang/apps/llvm18/lib/clang/18/include -internal-isystem /usr/local/include -internal-isystem /usr/lib/gcc/x86_64-linux-gnu/11/../../../../x86_64-linux-gnu/include -internal-externc-isystem /usr/include/x86_64-linux-gnu -internal-externc-isystem /include -internal-externc-isystem /usr/include /home/jialeiwang/mlir-dev/vast-test-cxx/testcases/2006-09-12-OpaqueStructCrash.cpp -vast-emit-mlir=ll -o /home/jialeiwang/mlir-dev/vast-test-cxx/build/Output/2006-09-12-OpaqueStructCrash.cpp.tmp.ll
PLEASE submit a bug report to https://github.com/trailofbits/vast/issues and include the crash backtrace, preprocessed source, and associated run script.
Stack dump:
/home/jialeiwang/mlir-dev/vast-test-cxx/build/Output/2006-09-12-OpaqueStructCrash.cpp.script: line 2: 1893650 Segmentation fault      /home/jialeiwang/mlir-dev/vast-fork/builds/default/tools/vast-front/Debug/vast-front -cc1 -internal-isystem /usr/lib/gcc/x86_64-linux-gnu/11/../../../../include/c++/11 -internal-isystem /usr/lib/gcc/x86_64-linux-gnu/11/../../../../include/x86_64-linux-gnu/c++/11 -internal-isystem /usr/lib/gcc/x86_64-linux-gnu/11/../../../../include/c++/11/backward -internal-isystem /home/jialeiwang/apps/llvm18/lib/clang/18/include -internal-isystem /usr/local/include -internal-isystem /usr/lib/gcc/x86_64-linux-gnu/11/../../../../x86_64-linux-gnu/include -internal-externc-isystem /usr/include/x86_64-linux-gnu -internal-externc-isystem /include -internal-externc-isystem /usr/include /home/jialeiwang/mlir-dev/vast-test-cxx/testcases/2006-09-12-OpaqueStructCrash.cpp -vast-emit-mlir=ll -o /home/jialeiwang/mlir-dev/vast-test-cxx/build/Output/2006-09-12-OpaqueStructCrash.cpp.tmp.ll

--

********************
FAIL: vast-test-cxx :: template/visibility-hidden-extern-templates.cpp (13 of 603)
******************** TEST 'vast-test-cxx :: template/visibility-hidden-extern-templates.cpp' FAILED ********************
Exit Code: 139

Command Output (stderr):
--
RUN: at line 1: /home/jialeiwang/mlir-dev/vast-fork/builds/default/tools/vast-front/Debug/vast-front -cc1 -internal-isystem /usr/lib/gcc/x86_64-linux-gnu/11/../../../../include/c++/11 -internal-isystem /usr/lib/gcc/x86_64-linux-gnu/11/../../../../include/x86_64-linux-gnu/c++/11 -internal-isystem /usr/lib/gcc/x86_64-linux-gnu/11/../../../../include/c++/11/backward -internal-isystem /home/jialeiwang/apps/llvm18/lib/clang/18/include -internal-isystem /usr/local/include -internal-isystem /usr/lib/gcc/x86_64-linux-gnu/11/../../../../x86_64-linux-gnu/include -internal-externc-isystem /usr/include/x86_64-linux-gnu -internal-externc-isystem /include -internal-externc-isystem /usr/include -fvisibility=hidden /home/jialeiwang/mlir-dev/vast-test-cxx/testcases/template/visibility-hidden-extern-templates.cpp -vast-emit-mlir=ll -o /home/jialeiwang/mlir-dev/vast-test-cxx/build/template/Output/visibility-hidden-extern-templates.cpp.tmp.ll && echo '// CHECK-NOT: {{unsup\.|unreach\.|#unsup}}' > /home/jialeiwang/mlir-dev/vast-test-cxx/build/template/Output/visibility-hidden-extern-templates.cpp.tmp.check && FileCheck /home/jialeiwang/mlir-dev/vast-test-cxx/build/template/Output/visibility-hidden-extern-templates.cpp.tmp.check --input-file=/home/jialeiwang/mlir-dev/vast-test-cxx/build/template/Output/visibility-hidden-extern-templates.cpp.tmp.ll && rm /home/jialeiwang/mlir-dev/vast-test-cxx/build/template/Output/visibility-hidden-extern-templates.cpp.tmp.check
+ /home/jialeiwang/mlir-dev/vast-fork/builds/default/tools/vast-front/Debug/vast-front -cc1 -internal-isystem /usr/lib/gcc/x86_64-linux-gnu/11/../../../../include/c++/11 -internal-isystem /usr/lib/gcc/x86_64-linux-gnu/11/../../../../include/x86_64-linux-gnu/c++/11 -internal-isystem /usr/lib/gcc/x86_64-linux-gnu/11/../../../../include/c++/11/backward -internal-isystem /home/jialeiwang/apps/llvm18/lib/clang/18/include -internal-isystem /usr/local/include -internal-isystem /usr/lib/gcc/x86_64-linux-gnu/11/../../../../x86_64-linux-gnu/include -internal-externc-isystem /usr/include/x86_64-linux-gnu -internal-externc-isystem /include -internal-externc-isystem /usr/include -fvisibility=hidden /home/jialeiwang/mlir-dev/vast-test-cxx/testcases/template/visibility-hidden-extern-templates.cpp -vast-emit-mlir=ll -o /home/jialeiwang/mlir-dev/vast-test-cxx/build/template/Output/visibility-hidden-extern-templates.cpp.tmp.ll
PLEASE submit a bug report to https://github.com/trailofbits/vast/issues and include the crash backtrace, preprocessed source, and associated run script.
Stack dump:
/home/jialeiwang/mlir-dev/vast-test-cxx/build/template/Output/visibility-hidden-extern-templates.cpp.script: line 1: 1893670 Segmentation fault      /home/jialeiwang/mlir-dev/vast-fork/builds/default/tools/vast-front/Debug/vast-front -cc1 -internal-isystem /usr/lib/gcc/x86_64-linux-gnu/11/../../../../include/c++/11 -internal-isystem /usr/lib/gcc/x86_64-linux-gnu/11/../../../../include/x86_64-linux-gnu/c++/11 -internal-isystem /usr/lib/gcc/x86_64-linux-gnu/11/../../../../include/c++/11/backward -internal-isystem /home/jialeiwang/apps/llvm18/lib/clang/18/include -internal-isystem /usr/local/include -internal-isystem /usr/lib/gcc/x86_64-linux-gnu/11/../../../../x86_64-linux-gnu/include -internal-externc-isystem /usr/include/x86_64-linux-gnu -internal-externc-isystem /include -internal-externc-isystem /usr/include -fvisibility=hidden /home/jialeiwang/mlir-dev/vast-test-cxx/testcases/template/visibility-hidden-extern-templates.cpp -vast-emit-mlir=ll -o /home/jialeiwang/mlir-dev/vast-test-cxx/build/template/Output/visibility-hidden-extern-templates.cpp.tmp.ll

--

********************
FAIL: vast-test-cxx :: virtual/virtual-bases.cpp (14 of 603)
******************** TEST 'vast-test-cxx :: virtual/virtual-bases.cpp' FAILED ********************
Exit Code: 139

Command Output (stderr):
--
RUN: at line 1: /home/jialeiwang/mlir-dev/vast-fork/builds/default/tools/vast-front/Debug/vast-front -cc1 -internal-isystem /usr/lib/gcc/x86_64-linux-gnu/11/../../../../include/c++/11 -internal-isystem /usr/lib/gcc/x86_64-linux-gnu/11/../../../../include/x86_64-linux-gnu/c++/11 -internal-isystem /usr/lib/gcc/x86_64-linux-gnu/11/../../../../include/c++/11/backward -internal-isystem /home/jialeiwang/apps/llvm18/lib/clang/18/include -internal-isystem /usr/local/include -internal-isystem /usr/lib/gcc/x86_64-linux-gnu/11/../../../../x86_64-linux-gnu/include -internal-externc-isystem /usr/include/x86_64-linux-gnu -internal-externc-isystem /include -internal-externc-isystem /usr/include /home/jialeiwang/mlir-dev/vast-test-cxx/testcases/virtual/virtual-bases.cpp -mconstructor-aliases -vast-emit-mlir=ll -o /home/jialeiwang/mlir-dev/vast-test-cxx/build/virtual/Output/virtual-bases.cpp.tmp.ll && echo '// CHECK-NOT: {{unsup\.|unreach\.|#unsup}}' > /home/jialeiwang/mlir-dev/vast-test-cxx/build/virtual/Output/virtual-bases.cpp.tmp.check && FileCheck /home/jialeiwang/mlir-dev/vast-test-cxx/build/virtual/Output/virtual-bases.cpp.tmp.check --input-file=/home/jialeiwang/mlir-dev/vast-test-cxx/build/virtual/Output/virtual-bases.cpp.tmp.ll && rm /home/jialeiwang/mlir-dev/vast-test-cxx/build/virtual/Output/virtual-bases.cpp.tmp.check
+ /home/jialeiwang/mlir-dev/vast-fork/builds/default/tools/vast-front/Debug/vast-front -cc1 -internal-isystem /usr/lib/gcc/x86_64-linux-gnu/11/../../../../include/c++/11 -internal-isystem /usr/lib/gcc/x86_64-linux-gnu/11/../../../../include/x86_64-linux-gnu/c++/11 -internal-isystem /usr/lib/gcc/x86_64-linux-gnu/11/../../../../include/c++/11/backward -internal-isystem /home/jialeiwang/apps/llvm18/lib/clang/18/include -internal-isystem /usr/local/include -internal-isystem /usr/lib/gcc/x86_64-linux-gnu/11/../../../../x86_64-linux-gnu/include -internal-externc-isystem /usr/include/x86_64-linux-gnu -internal-externc-isystem /include -internal-externc-isystem /usr/include /home/jialeiwang/mlir-dev/vast-test-cxx/testcases/virtual/virtual-bases.cpp -mconstructor-aliases -vast-emit-mlir=ll -o /home/jialeiwang/mlir-dev/vast-test-cxx/build/virtual/Output/virtual-bases.cpp.tmp.ll
PLEASE submit a bug report to https://github.com/trailofbits/vast/issues and include the crash backtrace, preprocessed source, and associated run script.
Stack dump:
/home/jialeiwang/mlir-dev/vast-test-cxx/build/virtual/Output/virtual-bases.cpp.script: line 1: 1893613 Segmentation fault      /home/jialeiwang/mlir-dev/vast-fork/builds/default/tools/vast-front/Debug/vast-front -cc1 -internal-isystem /usr/lib/gcc/x86_64-linux-gnu/11/../../../../include/c++/11 -internal-isystem /usr/lib/gcc/x86_64-linux-gnu/11/../../../../include/x86_64-linux-gnu/c++/11 -internal-isystem /usr/lib/gcc/x86_64-linux-gnu/11/../../../../include/c++/11/backward -internal-isystem /home/jialeiwang/apps/llvm18/lib/clang/18/include -internal-isystem /usr/local/include -internal-isystem /usr/lib/gcc/x86_64-linux-gnu/11/../../../../x86_64-linux-gnu/include -internal-externc-isystem /usr/include/x86_64-linux-gnu -internal-externc-isystem /include -internal-externc-isystem /usr/include /home/jialeiwang/mlir-dev/vast-test-cxx/testcases/virtual/virtual-bases.cpp -mconstructor-aliases -vast-emit-mlir=ll -o /home/jialeiwang/mlir-dev/vast-test-cxx/build/virtual/Output/virtual-bases.cpp.tmp.ll

--

********************
FAIL: vast-test-cxx :: clang-abi-compat.cpp (15 of 603)
******************** TEST 'vast-test-cxx :: clang-abi-compat.cpp' FAILED ********************
Exit Code: 139

Command Output (stderr):
--
RUN: at line 1: /home/jialeiwang/mlir-dev/vast-fork/builds/default/tools/vast-front/Debug/vast-front -cc1 -internal-isystem /usr/lib/gcc/x86_64-linux-gnu/11/../../../../include/c++/11 -internal-isystem /usr/lib/gcc/x86_64-linux-gnu/11/../../../../include/x86_64-linux-gnu/c++/11 -internal-isystem /usr/lib/gcc/x86_64-linux-gnu/11/../../../../include/c++/11/backward -internal-isystem /home/jialeiwang/apps/llvm18/lib/clang/18/include -internal-isystem /usr/local/include -internal-isystem /usr/lib/gcc/x86_64-linux-gnu/11/../../../../x86_64-linux-gnu/include -internal-externc-isystem /usr/include/x86_64-linux-gnu -internal-externc-isystem /include -internal-externc-isystem /usr/include -std=c++98 -fenable-matrix -fclang-abi-compat=3.0 /home/jialeiwang/mlir-dev/vast-test-cxx/testcases/clang-abi-compat.cpp -Wno-c++11-extensions -vast-emit-mlir=ll -o /home/jialeiwang/mlir-dev/vast-test-cxx/build/Output/clang-abi-compat.cpp.tmp.ll && echo '// CHECK-NOT: {{unsup\.|unreach\.|#unsup}}' > /home/jialeiwang/mlir-dev/vast-test-cxx/build/Output/clang-abi-compat.cpp.tmp.check && FileCheck /home/jialeiwang/mlir-dev/vast-test-cxx/build/Output/clang-abi-compat.cpp.tmp.check --input-file=/home/jialeiwang/mlir-dev/vast-test-cxx/build/Output/clang-abi-compat.cpp.tmp.ll && rm /home/jialeiwang/mlir-dev/vast-test-cxx/build/Output/clang-abi-compat.cpp.tmp.check
+ /home/jialeiwang/mlir-dev/vast-fork/builds/default/tools/vast-front/Debug/vast-front -cc1 -internal-isystem /usr/lib/gcc/x86_64-linux-gnu/11/../../../../include/c++/11 -internal-isystem /usr/lib/gcc/x86_64-linux-gnu/11/../../../../include/x86_64-linux-gnu/c++/11 -internal-isystem /usr/lib/gcc/x86_64-linux-gnu/11/../../../../include/c++/11/backward -internal-isystem /home/jialeiwang/apps/llvm18/lib/clang/18/include -internal-isystem /usr/local/include -internal-isystem /usr/lib/gcc/x86_64-linux-gnu/11/../../../../x86_64-linux-gnu/include -internal-externc-isystem /usr/include/x86_64-linux-gnu -internal-externc-isystem /include -internal-externc-isystem /usr/include -std=c++98 -fenable-matrix -fclang-abi-compat=3.0 /home/jialeiwang/mlir-dev/vast-test-cxx/testcases/clang-abi-compat.cpp -Wno-c++11-extensions -vast-emit-mlir=ll -o /home/jialeiwang/mlir-dev/vast-test-cxx/build/Output/clang-abi-compat.cpp.tmp.ll
vast-front: /home/jialeiwang/apps/llvm18/include/llvm/ADT/ScopedHashTable.h:244: llvm::ScopedHashTableScope<llvm::StringRef, mlir::Operation *>::~ScopedHashTableScope() [K = llvm::StringRef, V = mlir::Operation *, KInfo = llvm::DenseMapInfo<StringRef, void>, AllocatorTy = llvm::MallocAllocator]: Assertion `HT.TopLevelMap[ThisEntry->getKey()] == ThisEntry && "Scope imbalance!"' failed.
PLEASE submit a bug report to https://github.com/trailofbits/vast/issues and include the crash backtrace, preprocessed source, and associated run script.
Stack dump:
/home/jialeiwang/mlir-dev/vast-test-cxx/build/Output/clang-abi-compat.cpp.script: line 12: 1893700 Segmentation fault      /home/jialeiwang/mlir-dev/vast-fork/builds/default/tools/vast-front/Debug/vast-front -cc1 -internal-isystem /usr/lib/gcc/x86_64-linux-gnu/11/../../../../include/c++/11 -internal-isystem /usr/lib/gcc/x86_64-linux-gnu/11/../../../../include/x86_64-linux-gnu/c++/11 -internal-isystem /usr/lib/gcc/x86_64-linux-gnu/11/../../../../include/c++/11/backward -internal-isystem /home/jialeiwang/apps/llvm18/lib/clang/18/include -internal-isystem /usr/local/include -internal-isystem /usr/lib/gcc/x86_64-linux-gnu/11/../../../../x86_64-linux-gnu/include -internal-externc-isystem /usr/include/x86_64-linux-gnu -internal-externc-isystem /include -internal-externc-isystem /usr/include -std=c++98 -fenable-matrix -fclang-abi-compat=3.0 /home/jialeiwang/mlir-dev/vast-test-cxx/testcases/clang-abi-compat.cpp -Wno-c++11-extensions -vast-emit-mlir=ll -o /home/jialeiwang/mlir-dev/vast-test-cxx/build/Output/clang-abi-compat.cpp.tmp.ll

--

********************
FAIL: vast-test-cxx :: mdefault-visibility-export-mapping.cpp (16 of 603)
******************** TEST 'vast-test-cxx :: mdefault-visibility-export-mapping.cpp' FAILED ********************
Exit Code: 139

Command Output (stderr):
--
RUN: at line 1: /home/jialeiwang/mlir-dev/vast-fork/builds/default/tools/vast-front/Debug/vast-front -cc1 -internal-isystem /usr/lib/gcc/x86_64-linux-gnu/11/../../../../include/c++/11 -internal-isystem /usr/lib/gcc/x86_64-linux-gnu/11/../../../../include/x86_64-linux-gnu/c++/11 -internal-isystem /usr/lib/gcc/x86_64-linux-gnu/11/../../../../include/c++/11/backward -internal-isystem /home/jialeiwang/apps/llvm18/lib/clang/18/include -internal-isystem /usr/local/include -internal-isystem /usr/lib/gcc/x86_64-linux-gnu/11/../../../../x86_64-linux-gnu/include -internal-externc-isystem /usr/include/x86_64-linux-gnu -internal-externc-isystem /include -internal-externc-isystem /usr/include /home/jialeiwang/mlir-dev/vast-test-cxx/testcases/mdefault-visibility-export-mapping.cpp -vast-emit-mlir=ll -o /home/jialeiwang/mlir-dev/vast-test-cxx/build/Output/mdefault-visibility-export-mapping.cpp.tmp.ll && echo '// CHECK-NOT: {{unsup\.|unreach\.|#unsup}}' > /home/jialeiwang/mlir-dev/vast-test-cxx/build/Output/mdefault-visibility-export-mapping.cpp.tmp.check && FileCheck /home/jialeiwang/mlir-dev/vast-test-cxx/build/Output/mdefault-visibility-export-mapping.cpp.tmp.check --input-file=/home/jialeiwang/mlir-dev/vast-test-cxx/build/Output/mdefault-visibility-export-mapping.cpp.tmp.ll && rm /home/jialeiwang/mlir-dev/vast-test-cxx/build/Output/mdefault-visibility-export-mapping.cpp.tmp.check
+ /home/jialeiwang/mlir-dev/vast-fork/builds/default/tools/vast-front/Debug/vast-front -cc1 -internal-isystem /usr/lib/gcc/x86_64-linux-gnu/11/../../../../include/c++/11 -internal-isystem /usr/lib/gcc/x86_64-linux-gnu/11/../../../../include/x86_64-linux-gnu/c++/11 -internal-isystem /usr/lib/gcc/x86_64-linux-gnu/11/../../../../include/c++/11/backward -internal-isystem /home/jialeiwang/apps/llvm18/lib/clang/18/include -internal-isystem /usr/local/include -internal-isystem /usr/lib/gcc/x86_64-linux-gnu/11/../../../../x86_64-linux-gnu/include -internal-externc-isystem /usr/include/x86_64-linux-gnu -internal-externc-isystem /include -internal-externc-isystem /usr/include /home/jialeiwang/mlir-dev/vast-test-cxx/testcases/mdefault-visibility-export-mapping.cpp -vast-emit-mlir=ll -o /home/jialeiwang/mlir-dev/vast-test-cxx/build/Output/mdefault-visibility-export-mapping.cpp.tmp.ll
PLEASE submit a bug report to https://github.com/trailofbits/vast/issues and include the crash backtrace, preprocessed source, and associated run script.
Stack dump:
/home/jialeiwang/mlir-dev/vast-test-cxx/build/Output/mdefault-visibility-export-mapping.cpp.script: line 4: 1893658 Segmentation fault      /home/jialeiwang/mlir-dev/vast-fork/builds/default/tools/vast-front/Debug/vast-front -cc1 -internal-isystem /usr/lib/gcc/x86_64-linux-gnu/11/../../../../include/c++/11 -internal-isystem /usr/lib/gcc/x86_64-linux-gnu/11/../../../../include/x86_64-linux-gnu/c++/11 -internal-isystem /usr/lib/gcc/x86_64-linux-gnu/11/../../../../include/c++/11/backward -internal-isystem /home/jialeiwang/apps/llvm18/lib/clang/18/include -internal-isystem /usr/local/include -internal-isystem /usr/lib/gcc/x86_64-linux-gnu/11/../../../../x86_64-linux-gnu/include -internal-externc-isystem /usr/include/x86_64-linux-gnu -internal-externc-isystem /include -internal-externc-isystem /usr/include /home/jialeiwang/mlir-dev/vast-test-cxx/testcases/mdefault-visibility-export-mapping.cpp -vast-emit-mlir=ll -o /home/jialeiwang/mlir-dev/vast-test-cxx/build/Output/mdefault-visibility-export-mapping.cpp.tmp.ll

--

********************
FAIL: vast-test-cxx :: template/template-linkage.cpp (17 of 603)
******************** TEST 'vast-test-cxx :: template/template-linkage.cpp' FAILED ********************
Exit Code: 139

Command Output (stderr):
--
RUN: at line 1: /home/jialeiwang/mlir-dev/vast-fork/builds/default/tools/vast-front/Debug/vast-front -cc1 -internal-isystem /usr/lib/gcc/x86_64-linux-gnu/11/../../../../include/c++/11 -internal-isystem /usr/lib/gcc/x86_64-linux-gnu/11/../../../../include/x86_64-linux-gnu/c++/11 -internal-isystem /usr/lib/gcc/x86_64-linux-gnu/11/../../../../include/c++/11/backward -internal-isystem /home/jialeiwang/apps/llvm18/lib/clang/18/include -internal-isystem /usr/local/include -internal-isystem /usr/lib/gcc/x86_64-linux-gnu/11/../../../../x86_64-linux-gnu/include -internal-externc-isystem /usr/include/x86_64-linux-gnu -internal-externc-isystem /include -internal-externc-isystem /usr/include /home/jialeiwang/mlir-dev/vast-test-cxx/testcases/template/template-linkage.cpp -vast-emit-mlir=ll -o /home/jialeiwang/mlir-dev/vast-test-cxx/build/template/Output/template-linkage.cpp.tmp.ll && echo '// CHECK-NOT: {{unsup\.|unreach\.|#unsup}}' > /home/jialeiwang/mlir-dev/vast-test-cxx/build/template/Output/template-linkage.cpp.tmp.check && FileCheck /home/jialeiwang/mlir-dev/vast-test-cxx/build/template/Output/template-linkage.cpp.tmp.check --input-file=/home/jialeiwang/mlir-dev/vast-test-cxx/build/template/Output/template-linkage.cpp.tmp.ll && rm /home/jialeiwang/mlir-dev/vast-test-cxx/build/template/Output/template-linkage.cpp.tmp.check
+ /home/jialeiwang/mlir-dev/vast-fork/builds/default/tools/vast-front/Debug/vast-front -cc1 -internal-isystem /usr/lib/gcc/x86_64-linux-gnu/11/../../../../include/c++/11 -internal-isystem /usr/lib/gcc/x86_64-linux-gnu/11/../../../../include/x86_64-linux-gnu/c++/11 -internal-isystem /usr/lib/gcc/x86_64-linux-gnu/11/../../../../include/c++/11/backward -internal-isystem /home/jialeiwang/apps/llvm18/lib/clang/18/include -internal-isystem /usr/local/include -internal-isystem /usr/lib/gcc/x86_64-linux-gnu/11/../../../../x86_64-linux-gnu/include -internal-externc-isystem /usr/include/x86_64-linux-gnu -internal-externc-isystem /include -internal-externc-isystem /usr/include /home/jialeiwang/mlir-dev/vast-test-cxx/testcases/template/template-linkage.cpp -vast-emit-mlir=ll -o /home/jialeiwang/mlir-dev/vast-test-cxx/build/template/Output/template-linkage.cpp.tmp.ll
/home/jialeiwang/mlir-dev/vast-test-cxx/testcases/template/template-linkage.cpp:45:23: warning: instantiation of variable 'PR14825::Outer::Inner<local>::member' required here, but no definition is available [-Wundefined-var-template]
   45 |     int m = Inner<T>::member;
      |                       ^
/home/jialeiwang/mlir-dev/vast-test-cxx/testcases/template/template-linkage.cpp:53:25: note: in instantiation of function template specialization 'PR14825::Outer::Get<local>' requested here
   53 |   mptr method = &Outer::Get<local>;
      |                         ^
/home/jialeiwang/mlir-dev/vast-test-cxx/testcases/template/template-linkage.cpp:42:16: note: forward declaration of template entity is here
   42 |     static int member;
      |                ^
/home/jialeiwang/mlir-dev/vast-test-cxx/testcases/template/template-linkage.cpp:45:23: note: add an explicit instantiation declaration to suppress this warning if 'PR14825::Outer::Inner<local>::member' is explicitly instantiated in another translation unit
   45 |     int m = Inner<T>::member;
      |                       ^
/home/jialeiwang/mlir-dev/vast-test-cxx/testcases/template/template-linkage.cpp:42:16: warning: variable 'PR14825::Outer::Inner<local>::member' has internal linkage but is not defined [-Wundefined-internal]
   42 |     static int member;
      |                ^
/home/jialeiwang/mlir-dev/vast-test-cxx/testcases/template/template-linkage.cpp:45:23: note: used here
   45 |     int m = Inner<T>::member;
      |                       ^
PLEASE submit a bug report to https://github.com/trailofbits/vast/issues and include the crash backtrace, preprocessed source, and associated run script.
Stack dump:
/home/jialeiwang/mlir-dev/vast-test-cxx/build/template/Output/template-linkage.cpp.script: line 1: 1893639 Segmentation fault      /home/jialeiwang/mlir-dev/vast-fork/builds/default/tools/vast-front/Debug/vast-front -cc1 -internal-isystem /usr/lib/gcc/x86_64-linux-gnu/11/../../../../include/c++/11 -internal-isystem /usr/lib/gcc/x86_64-linux-gnu/11/../../../../include/x86_64-linux-gnu/c++/11 -internal-isystem /usr/lib/gcc/x86_64-linux-gnu/11/../../../../include/c++/11/backward -internal-isystem /home/jialeiwang/apps/llvm18/lib/clang/18/include -internal-isystem /usr/local/include -internal-isystem /usr/lib/gcc/x86_64-linux-gnu/11/../../../../x86_64-linux-gnu/include -internal-externc-isystem /usr/include/x86_64-linux-gnu -internal-externc-isystem /include -internal-externc-isystem /usr/include /home/jialeiwang/mlir-dev/vast-test-cxx/testcases/template/template-linkage.cpp -vast-emit-mlir=ll -o /home/jialeiwang/mlir-dev/vast-test-cxx/build/template/Output/template-linkage.cpp.tmp.ll

--

********************
FAIL: vast-test-cxx :: thunk-use-after-free.cpp (18 of 603)
******************** TEST 'vast-test-cxx :: thunk-use-after-free.cpp' FAILED ********************
Exit Code: 139

Command Output (stderr):
--
RUN: at line 1: /home/jialeiwang/mlir-dev/vast-fork/builds/default/tools/vast-front/Debug/vast-front -cc1 -internal-isystem /usr/lib/gcc/x86_64-linux-gnu/11/../../../../include/c++/11 -internal-isystem /usr/lib/gcc/x86_64-linux-gnu/11/../../../../include/x86_64-linux-gnu/c++/11 -internal-isystem /usr/lib/gcc/x86_64-linux-gnu/11/../../../../include/c++/11/backward -internal-isystem /home/jialeiwang/apps/llvm18/lib/clang/18/include -internal-isystem /usr/local/include -internal-isystem /usr/lib/gcc/x86_64-linux-gnu/11/../../../../x86_64-linux-gnu/include -internal-externc-isystem /usr/include/x86_64-linux-gnu -internal-externc-isystem /include -internal-externc-isystem /usr/include /home/jialeiwang/mlir-dev/vast-test-cxx/testcases/thunk-use-after-free.cpp -vast-emit-mlir=ll -o /home/jialeiwang/mlir-dev/vast-test-cxx/build/Output/thunk-use-after-free.cpp.tmp.ll && echo '// CHECK-NOT: {{unsup\.|unreach\.|#unsup}}' > /home/jialeiwang/mlir-dev/vast-test-cxx/build/Output/thunk-use-after-free.cpp.tmp.check && FileCheck /home/jialeiwang/mlir-dev/vast-test-cxx/build/Output/thunk-use-after-free.cpp.tmp.check --input-file=/home/jialeiwang/mlir-dev/vast-test-cxx/build/Output/thunk-use-after-free.cpp.tmp.ll && rm /home/jialeiwang/mlir-dev/vast-test-cxx/build/Output/thunk-use-after-free.cpp.tmp.check
+ /home/jialeiwang/mlir-dev/vast-fork/builds/default/tools/vast-front/Debug/vast-front -cc1 -internal-isystem /usr/lib/gcc/x86_64-linux-gnu/11/../../../../include/c++/11 -internal-isystem /usr/lib/gcc/x86_64-linux-gnu/11/../../../../include/x86_64-linux-gnu/c++/11 -internal-isystem /usr/lib/gcc/x86_64-linux-gnu/11/../../../../include/c++/11/backward -internal-isystem /home/jialeiwang/apps/llvm18/lib/clang/18/include -internal-isystem /usr/local/include -internal-isystem /usr/lib/gcc/x86_64-linux-gnu/11/../../../../x86_64-linux-gnu/include -internal-externc-isystem /usr/include/x86_64-linux-gnu -internal-externc-isystem /include -internal-externc-isystem /usr/include /home/jialeiwang/mlir-dev/vast-test-cxx/testcases/thunk-use-after-free.cpp -vast-emit-mlir=ll -o /home/jialeiwang/mlir-dev/vast-test-cxx/build/Output/thunk-use-after-free.cpp.tmp.ll
PLEASE submit a bug report to https://github.com/trailofbits/vast/issues and include the crash backtrace, preprocessed source, and associated run script.
Stack dump:
/home/jialeiwang/mlir-dev/vast-test-cxx/build/Output/thunk-use-after-free.cpp.script: line 1: 1893626 Segmentation fault      /home/jialeiwang/mlir-dev/vast-fork/builds/default/tools/vast-front/Debug/vast-front -cc1 -internal-isystem /usr/lib/gcc/x86_64-linux-gnu/11/../../../../include/c++/11 -internal-isystem /usr/lib/gcc/x86_64-linux-gnu/11/../../../../include/x86_64-linux-gnu/c++/11 -internal-isystem /usr/lib/gcc/x86_64-linux-gnu/11/../../../../include/c++/11/backward -internal-isystem /home/jialeiwang/apps/llvm18/lib/clang/18/include -internal-isystem /usr/local/include -internal-isystem /usr/lib/gcc/x86_64-linux-gnu/11/../../../../x86_64-linux-gnu/include -internal-externc-isystem /usr/include/x86_64-linux-gnu -internal-externc-isystem /include -internal-externc-isystem /usr/include /home/jialeiwang/mlir-dev/vast-test-cxx/testcases/thunk-use-after-free.cpp -vast-emit-mlir=ll -o /home/jialeiwang/mlir-dev/vast-test-cxx/build/Output/thunk-use-after-free.cpp.tmp.ll

--

********************
FAIL: vast-test-cxx :: dso-local-executable.cpp (19 of 603)
******************** TEST 'vast-test-cxx :: dso-local-executable.cpp' FAILED ********************
Exit Code: 139

Command Output (stderr):
--
RUN: at line 1: /home/jialeiwang/mlir-dev/vast-fork/builds/default/tools/vast-front/Debug/vast-front -cc1 -internal-isystem /usr/lib/gcc/x86_64-linux-gnu/11/../../../../include/c++/11 -internal-isystem /usr/lib/gcc/x86_64-linux-gnu/11/../../../../include/x86_64-linux-gnu/c++/11 -internal-isystem /usr/lib/gcc/x86_64-linux-gnu/11/../../../../include/c++/11/backward -internal-isystem /home/jialeiwang/apps/llvm18/lib/clang/18/include -internal-isystem /usr/local/include -internal-isystem /usr/lib/gcc/x86_64-linux-gnu/11/../../../../x86_64-linux-gnu/include -internal-externc-isystem /usr/include/x86_64-linux-gnu -internal-externc-isystem /include -internal-externc-isystem /usr/include -mrelocation-model static /home/jialeiwang/mlir-dev/vast-test-cxx/testcases/dso-local-executable.cpp -vast-emit-mlir=ll -o /home/jialeiwang/mlir-dev/vast-test-cxx/build/Output/dso-local-executable.cpp.tmp.ll && echo '// CHECK-NOT: {{unsup\.|unreach\.|#unsup}}' > /home/jialeiwang/mlir-dev/vast-test-cxx/build/Output/dso-local-executable.cpp.tmp.check && FileCheck /home/jialeiwang/mlir-dev/vast-test-cxx/build/Output/dso-local-executable.cpp.tmp.check --input-file=/home/jialeiwang/mlir-dev/vast-test-cxx/build/Output/dso-local-executable.cpp.tmp.ll && rm /home/jialeiwang/mlir-dev/vast-test-cxx/build/Output/dso-local-executable.cpp.tmp.check
+ /home/jialeiwang/mlir-dev/vast-fork/builds/default/tools/vast-front/Debug/vast-front -cc1 -internal-isystem /usr/lib/gcc/x86_64-linux-gnu/11/../../../../include/c++/11 -internal-isystem /usr/lib/gcc/x86_64-linux-gnu/11/../../../../include/x86_64-linux-gnu/c++/11 -internal-isystem /usr/lib/gcc/x86_64-linux-gnu/11/../../../../include/c++/11/backward -internal-isystem /home/jialeiwang/apps/llvm18/lib/clang/18/include -internal-isystem /usr/local/include -internal-isystem /usr/lib/gcc/x86_64-linux-gnu/11/../../../../x86_64-linux-gnu/include -internal-externc-isystem /usr/include/x86_64-linux-gnu -internal-externc-isystem /include -internal-externc-isystem /usr/include -mrelocation-model static /home/jialeiwang/mlir-dev/vast-test-cxx/testcases/dso-local-executable.cpp -vast-emit-mlir=ll -o /home/jialeiwang/mlir-dev/vast-test-cxx/build/Output/dso-local-executable.cpp.tmp.ll
PLEASE submit a bug report to https://github.com/trailofbits/vast/issues and include the crash backtrace, preprocessed source, and associated run script.
Stack dump:
/home/jialeiwang/mlir-dev/vast-test-cxx/build/Output/dso-local-executable.cpp.script: line 3: 1893669 Segmentation fault      /home/jialeiwang/mlir-dev/vast-fork/builds/default/tools/vast-front/Debug/vast-front -cc1 -internal-isystem /usr/lib/gcc/x86_64-linux-gnu/11/../../../../include/c++/11 -internal-isystem /usr/lib/gcc/x86_64-linux-gnu/11/../../../../include/x86_64-linux-gnu/c++/11 -internal-isystem /usr/lib/gcc/x86_64-linux-gnu/11/../../../../include/c++/11/backward -internal-isystem /home/jialeiwang/apps/llvm18/lib/clang/18/include -internal-isystem /usr/local/include -internal-isystem /usr/lib/gcc/x86_64-linux-gnu/11/../../../../x86_64-linux-gnu/include -internal-externc-isystem /usr/include/x86_64-linux-gnu -internal-externc-isystem /include -internal-externc-isystem /usr/include -mrelocation-model static /home/jialeiwang/mlir-dev/vast-test-cxx/testcases/dso-local-executable.cpp -vast-emit-mlir=ll -o /home/jialeiwang/mlir-dev/vast-test-cxx/build/Output/dso-local-executable.cpp.tmp.ll

--

********************
FAIL: vast-test-cxx :: new-delete/delete.cpp (20 of 603)
******************** TEST 'vast-test-cxx :: new-delete/delete.cpp' FAILED ********************
Exit Code: 139

Command Output (stderr):
--
RUN: at line 1: /home/jialeiwang/mlir-dev/vast-fork/builds/default/tools/vast-front/Debug/vast-front -cc1 -internal-isystem /usr/lib/gcc/x86_64-linux-gnu/11/../../../../include/c++/11 -internal-isystem /usr/lib/gcc/x86_64-linux-gnu/11/../../../../include/x86_64-linux-gnu/c++/11 -internal-isystem /usr/lib/gcc/x86_64-linux-gnu/11/../../../../include/c++/11/backward -internal-isystem /home/jialeiwang/apps/llvm18/lib/clang/18/include -internal-isystem /usr/local/include -internal-isystem /usr/lib/gcc/x86_64-linux-gnu/11/../../../../x86_64-linux-gnu/include -internal-externc-isystem /usr/include/x86_64-linux-gnu -internal-externc-isystem /include -internal-externc-isystem /usr/include /home/jialeiwang/mlir-dev/vast-test-cxx/testcases/new-delete/delete.cpp -vast-emit-mlir=ll -o /home/jialeiwang/mlir-dev/vast-test-cxx/build/new-delete/Output/delete.cpp.tmp.ll && echo '// CHECK-NOT: {{unsup\.|unreach\.|#unsup}}' > /home/jialeiwang/mlir-dev/vast-test-cxx/build/new-delete/Output/delete.cpp.tmp.check && FileCheck /home/jialeiwang/mlir-dev/vast-test-cxx/build/new-delete/Output/delete.cpp.tmp.check --input-file=/home/jialeiwang/mlir-dev/vast-test-cxx/build/new-delete/Output/delete.cpp.tmp.ll && rm /home/jialeiwang/mlir-dev/vast-test-cxx/build/new-delete/Output/delete.cpp.tmp.check
+ /home/jialeiwang/mlir-dev/vast-fork/builds/default/tools/vast-front/Debug/vast-front -cc1 -internal-isystem /usr/lib/gcc/x86_64-linux-gnu/11/../../../../include/c++/11 -internal-isystem /usr/lib/gcc/x86_64-linux-gnu/11/../../../../include/x86_64-linux-gnu/c++/11 -internal-isystem /usr/lib/gcc/x86_64-linux-gnu/11/../../../../include/c++/11/backward -internal-isystem /home/jialeiwang/apps/llvm18/lib/clang/18/include -internal-isystem /usr/local/include -internal-isystem /usr/lib/gcc/x86_64-linux-gnu/11/../../../../x86_64-linux-gnu/include -internal-externc-isystem /usr/include/x86_64-linux-gnu -internal-externc-isystem /include -internal-externc-isystem /usr/include /home/jialeiwang/mlir-dev/vast-test-cxx/testcases/new-delete/delete.cpp -vast-emit-mlir=ll -o /home/jialeiwang/mlir-dev/vast-test-cxx/build/new-delete/Output/delete.cpp.tmp.ll
/home/jialeiwang/mlir-dev/vast-test-cxx/testcases/new-delete/delete.cpp:73:5: warning: 'delete' applied to a pointer-to-array type 'int (*)[20]' treated as 'delete[]'
   73 |     delete a;
      |     ^      ~
      |           []
/home/jialeiwang/mlir-dev/vast-test-cxx/testcases/new-delete/delete.cpp:91:5: warning: deleting pointer to incomplete type 'Incomplete' may cause undefined behavior [-Wdelete-incomplete]
   91 |     delete p1;
      |     ^      ~~
/home/jialeiwang/mlir-dev/vast-test-cxx/testcases/new-delete/delete.cpp:89:10: note: forward declaration of 'test5::Incomplete'
   89 |   struct Incomplete;
      |          ^
/home/jialeiwang/mlir-dev/vast-test-cxx/testcases/new-delete/delete.cpp:92:5: warning: deleting pointer to incomplete type 'Incomplete' may cause undefined behavior [-Wdelete-incomplete]
   92 |     delete [] p2;
      |     ^         ~~
/home/jialeiwang/mlir-dev/vast-test-cxx/testcases/new-delete/delete.cpp:89:10: note: forward declaration of 'test5::Incomplete'
   89 |   struct Incomplete;
      |          ^
vast-front: /home/jialeiwang/apps/llvm18/include/llvm/ADT/ScopedHashTable.h:248: llvm::ScopedHashTableScope<llvm::StringRef, mlir::Operation *>::~ScopedHashTableScope() [K = llvm::StringRef, V = mlir::Operation *, KInfo = llvm::DenseMapInfo<StringRef, void>, AllocatorTy = llvm::MallocAllocator]: Assertion `KeyEntry == ThisEntry && "Scope imbalance!"' failed.
PLEASE submit a bug report to https://github.com/trailofbits/vast/issues and include the crash backtrace, preprocessed source, and associated run script.
Stack dump:
/home/jialeiwang/mlir-dev/vast-test-cxx/build/new-delete/Output/delete.cpp.script: line 2: 1893608 Segmentation fault      /home/jialeiwang/mlir-dev/vast-fork/builds/default/tools/vast-front/Debug/vast-front -cc1 -internal-isystem /usr/lib/gcc/x86_64-linux-gnu/11/../../../../include/c++/11 -internal-isystem /usr/lib/gcc/x86_64-linux-gnu/11/../../../../include/x86_64-linux-gnu/c++/11 -internal-isystem /usr/lib/gcc/x86_64-linux-gnu/11/../../../../include/c++/11/backward -internal-isystem /home/jialeiwang/apps/llvm18/lib/clang/18/include -internal-isystem /usr/local/include -internal-isystem /usr/lib/gcc/x86_64-linux-gnu/11/../../../../x86_64-linux-gnu/include -internal-externc-isystem /usr/include/x86_64-linux-gnu -internal-externc-isystem /include -internal-externc-isystem /usr/include /home/jialeiwang/mlir-dev/vast-test-cxx/testcases/new-delete/delete.cpp -vast-emit-mlir=ll -o /home/jialeiwang/mlir-dev/vast-test-cxx/build/new-delete/Output/delete.cpp.tmp.ll

--

********************
FAIL: vast-test-cxx :: alloc-size.cpp (21 of 603)
******************** TEST 'vast-test-cxx :: alloc-size.cpp' FAILED ********************
Exit Code: 139

Command Output (stderr):
--
RUN: at line 1: /home/jialeiwang/mlir-dev/vast-fork/builds/default/tools/vast-front/Debug/vast-front -cc1 -internal-isystem /usr/lib/gcc/x86_64-linux-gnu/11/../../../../include/c++/11 -internal-isystem /usr/lib/gcc/x86_64-linux-gnu/11/../../../../include/x86_64-linux-gnu/c++/11 -internal-isystem /usr/lib/gcc/x86_64-linux-gnu/11/../../../../include/c++/11/backward -internal-isystem /home/jialeiwang/apps/llvm18/lib/clang/18/include -internal-isystem /usr/local/include -internal-isystem /usr/lib/gcc/x86_64-linux-gnu/11/../../../../x86_64-linux-gnu/include -internal-externc-isystem /usr/include/x86_64-linux-gnu -internal-externc-isystem /include -internal-externc-isystem /usr/include /home/jialeiwang/mlir-dev/vast-test-cxx/testcases/alloc-size.cpp -std=c++11 -vast-emit-mlir=ll -o /home/jialeiwang/mlir-dev/vast-test-cxx/build/Output/alloc-size.cpp.tmp.ll && echo '// CHECK-NOT: {{unsup\.|unreach\.|#unsup}}' > /home/jialeiwang/mlir-dev/vast-test-cxx/build/Output/alloc-size.cpp.tmp.check && FileCheck /home/jialeiwang/mlir-dev/vast-test-cxx/build/Output/alloc-size.cpp.tmp.check --input-file=/home/jialeiwang/mlir-dev/vast-test-cxx/build/Output/alloc-size.cpp.tmp.ll && rm /home/jialeiwang/mlir-dev/vast-test-cxx/build/Output/alloc-size.cpp.tmp.check
+ /home/jialeiwang/mlir-dev/vast-fork/builds/default/tools/vast-front/Debug/vast-front -cc1 -internal-isystem /usr/lib/gcc/x86_64-linux-gnu/11/../../../../include/c++/11 -internal-isystem /usr/lib/gcc/x86_64-linux-gnu/11/../../../../include/x86_64-linux-gnu/c++/11 -internal-isystem /usr/lib/gcc/x86_64-linux-gnu/11/../../../../include/c++/11/backward -internal-isystem /home/jialeiwang/apps/llvm18/lib/clang/18/include -internal-isystem /usr/local/include -internal-isystem /usr/lib/gcc/x86_64-linux-gnu/11/../../../../x86_64-linux-gnu/include -internal-externc-isystem /usr/include/x86_64-linux-gnu -internal-externc-isystem /include -internal-externc-isystem /usr/include /home/jialeiwang/mlir-dev/vast-test-cxx/testcases/alloc-size.cpp -std=c++11 -vast-emit-mlir=ll -o /home/jialeiwang/mlir-dev/vast-test-cxx/build/Output/alloc-size.cpp.tmp.ll
PLEASE submit a bug report to https://github.com/trailofbits/vast/issues and include the crash backtrace, preprocessed source, and associated run script.
Stack dump:
/home/jialeiwang/mlir-dev/vast-test-cxx/build/Output/alloc-size.cpp.script: line 1: 1893609 Segmentation fault      /home/jialeiwang/mlir-dev/vast-fork/builds/default/tools/vast-front/Debug/vast-front -cc1 -internal-isystem /usr/lib/gcc/x86_64-linux-gnu/11/../../../../include/c++/11 -internal-isystem /usr/lib/gcc/x86_64-linux-gnu/11/../../../../include/x86_64-linux-gnu/c++/11 -internal-isystem /usr/lib/gcc/x86_64-linux-gnu/11/../../../../include/c++/11/backward -internal-isystem /home/jialeiwang/apps/llvm18/lib/clang/18/include -internal-isystem /usr/local/include -internal-isystem /usr/lib/gcc/x86_64-linux-gnu/11/../../../../x86_64-linux-gnu/include -internal-externc-isystem /usr/include/x86_64-linux-gnu -internal-externc-isystem /include -internal-externc-isystem /usr/include /home/jialeiwang/mlir-dev/vast-test-cxx/testcases/alloc-size.cpp -std=c++11 -vast-emit-mlir=ll -o /home/jialeiwang/mlir-dev/vast-test-cxx/build/Output/alloc-size.cpp.tmp.ll

--

********************
FAIL: vast-test-cxx :: static-initializer-branch-weights.cpp (22 of 603)
******************** TEST 'vast-test-cxx :: static-initializer-branch-weights.cpp' FAILED ********************
Exit Code: 139

Command Output (stderr):
--
RUN: at line 1: /home/jialeiwang/mlir-dev/vast-fork/builds/default/tools/vast-front/Debug/vast-front -cc1 -internal-isystem /usr/lib/gcc/x86_64-linux-gnu/11/../../../../include/c++/11 -internal-isystem /usr/lib/gcc/x86_64-linux-gnu/11/../../../../include/x86_64-linux-gnu/c++/11 -internal-isystem /usr/lib/gcc/x86_64-linux-gnu/11/../../../../include/c++/11/backward -internal-isystem /home/jialeiwang/apps/llvm18/lib/clang/18/include -internal-isystem /usr/local/include -internal-isystem /usr/lib/gcc/x86_64-linux-gnu/11/../../../../x86_64-linux-gnu/include -internal-externc-isystem /usr/include/x86_64-linux-gnu -internal-externc-isystem /include -internal-externc-isystem /usr/include -std=c++1z /home/jialeiwang/mlir-dev/vast-test-cxx/testcases/static-initializer-branch-weights.cpp -vast-emit-mlir=ll -o /home/jialeiwang/mlir-dev/vast-test-cxx/build/Output/static-initializer-branch-weights.cpp.tmp.ll && echo '// CHECK-NOT: {{unsup\.|unreach\.|#unsup}}' > /home/jialeiwang/mlir-dev/vast-test-cxx/build/Output/static-initializer-branch-weights.cpp.tmp.check && FileCheck /home/jialeiwang/mlir-dev/vast-test-cxx/build/Output/static-initializer-branch-weights.cpp.tmp.check --input-file=/home/jialeiwang/mlir-dev/vast-test-cxx/build/Output/static-initializer-branch-weights.cpp.tmp.ll && rm /home/jialeiwang/mlir-dev/vast-test-cxx/build/Output/static-initializer-branch-weights.cpp.tmp.check
+ /home/jialeiwang/mlir-dev/vast-fork/builds/default/tools/vast-front/Debug/vast-front -cc1 -internal-isystem /usr/lib/gcc/x86_64-linux-gnu/11/../../../../include/c++/11 -internal-isystem /usr/lib/gcc/x86_64-linux-gnu/11/../../../../include/x86_64-linux-gnu/c++/11 -internal-isystem /usr/lib/gcc/x86_64-linux-gnu/11/../../../../include/c++/11/backward -internal-isystem /home/jialeiwang/apps/llvm18/lib/clang/18/include -internal-isystem /usr/local/include -internal-isystem /usr/lib/gcc/x86_64-linux-gnu/11/../../../../x86_64-linux-gnu/include -internal-externc-isystem /usr/include/x86_64-linux-gnu -internal-externc-isystem /include -internal-externc-isystem /usr/include -std=c++1z /home/jialeiwang/mlir-dev/vast-test-cxx/testcases/static-initializer-branch-weights.cpp -vast-emit-mlir=ll -o /home/jialeiwang/mlir-dev/vast-test-cxx/build/Output/static-initializer-branch-weights.cpp.tmp.ll
PLEASE submit a bug report to https://github.com/trailofbits/vast/issues and include the crash backtrace, preprocessed source, and associated run script.
Stack dump:
/home/jialeiwang/mlir-dev/vast-test-cxx/build/Output/static-initializer-branch-weights.cpp.script: line 1: 1893625 Segmentation fault      /home/jialeiwang/mlir-dev/vast-fork/builds/default/tools/vast-front/Debug/vast-front -cc1 -internal-isystem /usr/lib/gcc/x86_64-linux-gnu/11/../../../../include/c++/11 -internal-isystem /usr/lib/gcc/x86_64-linux-gnu/11/../../../../include/x86_64-linux-gnu/c++/11 -internal-isystem /usr/lib/gcc/x86_64-linux-gnu/11/../../../../include/c++/11/backward -internal-isystem /home/jialeiwang/apps/llvm18/lib/clang/18/include -internal-isystem /usr/local/include -internal-isystem /usr/lib/gcc/x86_64-linux-gnu/11/../../../../x86_64-linux-gnu/include -internal-externc-isystem /usr/include/x86_64-linux-gnu -internal-externc-isystem /include -internal-externc-isystem /usr/include -std=c++1z /home/jialeiwang/mlir-dev/vast-test-cxx/testcases/static-initializer-branch-weights.cpp -vast-emit-mlir=ll -o /home/jialeiwang/mlir-dev/vast-test-cxx/build/Output/static-initializer-branch-weights.cpp.tmp.ll

--

********************
FAIL: vast-test-cxx :: ctordtor/assign-construct-memcpy.cpp (23 of 603)
******************** TEST 'vast-test-cxx :: ctordtor/assign-construct-memcpy.cpp' FAILED ********************
Exit Code: 139

Command Output (stderr):
--
RUN: at line 1: /home/jialeiwang/mlir-dev/vast-fork/builds/default/tools/vast-front/Debug/vast-front -cc1 -internal-isystem /usr/lib/gcc/x86_64-linux-gnu/11/../../../../include/c++/11 -internal-isystem /usr/lib/gcc/x86_64-linux-gnu/11/../../../../include/x86_64-linux-gnu/c++/11 -internal-isystem /usr/lib/gcc/x86_64-linux-gnu/11/../../../../include/c++/11/backward -internal-isystem /home/jialeiwang/apps/llvm18/lib/clang/18/include -internal-isystem /usr/local/include -internal-isystem /usr/lib/gcc/x86_64-linux-gnu/11/../../../../x86_64-linux-gnu/include -internal-externc-isystem /usr/include/x86_64-linux-gnu -internal-externc-isystem /include -internal-externc-isystem /usr/include -std=c++11 /home/jialeiwang/mlir-dev/vast-test-cxx/testcases/ctordtor/assign-construct-memcpy.cpp -DPOD -vast-emit-mlir=ll -o /home/jialeiwang/mlir-dev/vast-test-cxx/build/ctordtor/Output/assign-construct-memcpy.cpp.tmp.ll && echo '// CHECK-NOT: {{unsup\.|unreach\.|#unsup}}' > /home/jialeiwang/mlir-dev/vast-test-cxx/build/ctordtor/Output/assign-construct-memcpy.cpp.tmp.check && FileCheck /home/jialeiwang/mlir-dev/vast-test-cxx/build/ctordtor/Output/assign-construct-memcpy.cpp.tmp.check --input-file=/home/jialeiwang/mlir-dev/vast-test-cxx/build/ctordtor/Output/assign-construct-memcpy.cpp.tmp.ll && rm /home/jialeiwang/mlir-dev/vast-test-cxx/build/ctordtor/Output/assign-construct-memcpy.cpp.tmp.check
+ /home/jialeiwang/mlir-dev/vast-fork/builds/default/tools/vast-front/Debug/vast-front -cc1 -internal-isystem /usr/lib/gcc/x86_64-linux-gnu/11/../../../../include/c++/11 -internal-isystem /usr/lib/gcc/x86_64-linux-gnu/11/../../../../include/x86_64-linux-gnu/c++/11 -internal-isystem /usr/lib/gcc/x86_64-linux-gnu/11/../../../../include/c++/11/backward -internal-isystem /home/jialeiwang/apps/llvm18/lib/clang/18/include -internal-isystem /usr/local/include -internal-isystem /usr/lib/gcc/x86_64-linux-gnu/11/../../../../x86_64-linux-gnu/include -internal-externc-isystem /usr/include/x86_64-linux-gnu -internal-externc-isystem /include -internal-externc-isystem /usr/include -std=c++11 /home/jialeiwang/mlir-dev/vast-test-cxx/testcases/ctordtor/assign-construct-memcpy.cpp -DPOD -vast-emit-mlir=ll -o /home/jialeiwang/mlir-dev/vast-test-cxx/build/ctordtor/Output/assign-construct-memcpy.cpp.tmp.ll
PLEASE submit a bug report to https://github.com/trailofbits/vast/issues and include the crash backtrace, preprocessed source, and associated run script.
Stack dump:
/home/jialeiwang/mlir-dev/vast-test-cxx/build/ctordtor/Output/assign-construct-memcpy.cpp.script: line 2: 1893607 Segmentation fault      /home/jialeiwang/mlir-dev/vast-fork/builds/default/tools/vast-front/Debug/vast-front -cc1 -internal-isystem /usr/lib/gcc/x86_64-linux-gnu/11/../../../../include/c++/11 -internal-isystem /usr/lib/gcc/x86_64-linux-gnu/11/../../../../include/x86_64-linux-gnu/c++/11 -internal-isystem /usr/lib/gcc/x86_64-linux-gnu/11/../../../../include/c++/11/backward -internal-isystem /home/jialeiwang/apps/llvm18/lib/clang/18/include -internal-isystem /usr/local/include -internal-isystem /usr/lib/gcc/x86_64-linux-gnu/11/../../../../x86_64-linux-gnu/include -internal-externc-isystem /usr/include/x86_64-linux-gnu -internal-externc-isystem /include -internal-externc-isystem /usr/include -std=c++11 /home/jialeiwang/mlir-dev/vast-test-cxx/testcases/ctordtor/assign-construct-memcpy.cpp -DPOD -vast-emit-mlir=ll -o /home/jialeiwang/mlir-dev/vast-test-cxx/build/ctordtor/Output/assign-construct-memcpy.cpp.tmp.ll

--

********************
FAIL: vast-test-cxx :: builtins.cpp (24 of 603)
******************** TEST 'vast-test-cxx :: builtins.cpp' FAILED ********************
Exit Code: 139

Command Output (stderr):
--
RUN: at line 1: /home/jialeiwang/mlir-dev/vast-fork/builds/default/tools/vast-front/Debug/vast-front -cc1 -internal-isystem /usr/lib/gcc/x86_64-linux-gnu/11/../../../../include/c++/11 -internal-isystem /usr/lib/gcc/x86_64-linux-gnu/11/../../../../include/x86_64-linux-gnu/c++/11 -internal-isystem /usr/lib/gcc/x86_64-linux-gnu/11/../../../../include/c++/11/backward -internal-isystem /home/jialeiwang/apps/llvm18/lib/clang/18/include -internal-isystem /usr/local/include -internal-isystem /usr/lib/gcc/x86_64-linux-gnu/11/../../../../x86_64-linux-gnu/include -internal-externc-isystem /usr/include/x86_64-linux-gnu -internal-externc-isystem /include -internal-externc-isystem /usr/include /home/jialeiwang/mlir-dev/vast-test-cxx/testcases/builtins.cpp -vast-emit-mlir=ll -o /home/jialeiwang/mlir-dev/vast-test-cxx/build/Output/builtins.cpp.tmp.ll && echo '// CHECK-NOT: {{unsup\.|unreach\.|#unsup}}' > /home/jialeiwang/mlir-dev/vast-test-cxx/build/Output/builtins.cpp.tmp.check && FileCheck /home/jialeiwang/mlir-dev/vast-test-cxx/build/Output/builtins.cpp.tmp.check --input-file=/home/jialeiwang/mlir-dev/vast-test-cxx/build/Output/builtins.cpp.tmp.ll && rm /home/jialeiwang/mlir-dev/vast-test-cxx/build/Output/builtins.cpp.tmp.check
+ /home/jialeiwang/mlir-dev/vast-fork/builds/default/tools/vast-front/Debug/vast-front -cc1 -internal-isystem /usr/lib/gcc/x86_64-linux-gnu/11/../../../../include/c++/11 -internal-isystem /usr/lib/gcc/x86_64-linux-gnu/11/../../../../include/x86_64-linux-gnu/c++/11 -internal-isystem /usr/lib/gcc/x86_64-linux-gnu/11/../../../../include/c++/11/backward -internal-isystem /home/jialeiwang/apps/llvm18/lib/clang/18/include -internal-isystem /usr/local/include -internal-isystem /usr/lib/gcc/x86_64-linux-gnu/11/../../../../x86_64-linux-gnu/include -internal-externc-isystem /usr/include/x86_64-linux-gnu -internal-externc-isystem /include -internal-externc-isystem /usr/include /home/jialeiwang/mlir-dev/vast-test-cxx/testcases/builtins.cpp -vast-emit-mlir=ll -o /home/jialeiwang/mlir-dev/vast-test-cxx/build/Output/builtins.cpp.tmp.ll
PLEASE submit a bug report to https://github.com/trailofbits/vast/issues and include the crash backtrace, preprocessed source, and associated run script.
Stack dump:
/home/jialeiwang/mlir-dev/vast-test-cxx/build/Output/builtins.cpp.script: line 1: 1893632 Segmentation fault      /home/jialeiwang/mlir-dev/vast-fork/builds/default/tools/vast-front/Debug/vast-front -cc1 -internal-isystem /usr/lib/gcc/x86_64-linux-gnu/11/../../../../include/c++/11 -internal-isystem /usr/lib/gcc/x86_64-linux-gnu/11/../../../../include/x86_64-linux-gnu/c++/11 -internal-isystem /usr/lib/gcc/x86_64-linux-gnu/11/../../../../include/c++/11/backward -internal-isystem /home/jialeiwang/apps/llvm18/lib/clang/18/include -internal-isystem /usr/local/include -internal-isystem /usr/lib/gcc/x86_64-linux-gnu/11/../../../../x86_64-linux-gnu/include -internal-externc-isystem /usr/include/x86_64-linux-gnu -internal-externc-isystem /include -internal-externc-isystem /usr/include /home/jialeiwang/mlir-dev/vast-test-cxx/testcases/builtins.cpp -vast-emit-mlir=ll -o /home/jialeiwang/mlir-dev/vast-test-cxx/build/Output/builtins.cpp.tmp.ll

--

********************
FAIL: vast-test-cxx :: lambda/vla-lambda-capturing.cpp (25 of 603)
******************** TEST 'vast-test-cxx :: lambda/vla-lambda-capturing.cpp' FAILED ********************
Exit Code: 139

Command Output (stderr):
--
RUN: at line 1: /home/jialeiwang/mlir-dev/vast-fork/builds/default/tools/vast-front/Debug/vast-front -cc1 -internal-isystem /usr/lib/gcc/x86_64-linux-gnu/11/../../../../include/c++/11 -internal-isystem /usr/lib/gcc/x86_64-linux-gnu/11/../../../../include/x86_64-linux-gnu/c++/11 -internal-isystem /usr/lib/gcc/x86_64-linux-gnu/11/../../../../include/c++/11/backward -internal-isystem /home/jialeiwang/apps/llvm18/lib/clang/18/include -internal-isystem /usr/local/include -internal-isystem /usr/lib/gcc/x86_64-linux-gnu/11/../../../../x86_64-linux-gnu/include -internal-externc-isystem /usr/include/x86_64-linux-gnu -internal-externc-isystem /include -internal-externc-isystem /usr/include /home/jialeiwang/mlir-dev/vast-test-cxx/testcases/lambda/vla-lambda-capturing.cpp -std=c++11 -vast-emit-mlir=ll -o /home/jialeiwang/mlir-dev/vast-test-cxx/build/lambda/Output/vla-lambda-capturing.cpp.tmp.ll && echo '// CHECK-NOT: {{unsup\.|unreach\.|#unsup}}' > /home/jialeiwang/mlir-dev/vast-test-cxx/build/lambda/Output/vla-lambda-capturing.cpp.tmp.check && FileCheck /home/jialeiwang/mlir-dev/vast-test-cxx/build/lambda/Output/vla-lambda-capturing.cpp.tmp.check --input-file=/home/jialeiwang/mlir-dev/vast-test-cxx/build/lambda/Output/vla-lambda-capturing.cpp.tmp.ll && rm /home/jialeiwang/mlir-dev/vast-test-cxx/build/lambda/Output/vla-lambda-capturing.cpp.tmp.check
+ /home/jialeiwang/mlir-dev/vast-fork/builds/default/tools/vast-front/Debug/vast-front -cc1 -internal-isystem /usr/lib/gcc/x86_64-linux-gnu/11/../../../../include/c++/11 -internal-isystem /usr/lib/gcc/x86_64-linux-gnu/11/../../../../include/x86_64-linux-gnu/c++/11 -internal-isystem /usr/lib/gcc/x86_64-linux-gnu/11/../../../../include/c++/11/backward -internal-isystem /home/jialeiwang/apps/llvm18/lib/clang/18/include -internal-isystem /usr/local/include -internal-isystem /usr/lib/gcc/x86_64-linux-gnu/11/../../../../x86_64-linux-gnu/include -internal-externc-isystem /usr/include/x86_64-linux-gnu -internal-externc-isystem /include -internal-externc-isystem /usr/include /home/jialeiwang/mlir-dev/vast-test-cxx/testcases/lambda/vla-lambda-capturing.cpp -std=c++11 -vast-emit-mlir=ll -o /home/jialeiwang/mlir-dev/vast-test-cxx/build/lambda/Output/vla-lambda-capturing.cpp.tmp.ll
/home/jialeiwang/mlir-dev/vast-test-cxx/testcases/lambda/vla-lambda-capturing.cpp:12:19: warning: variable length arrays in C++ are a Clang extension [-Wvla-cxx-extension]
   12 |   intptr_t buffer[n];
      |                   ^
/home/jialeiwang/mlir-dev/vast-test-cxx/testcases/lambda/vla-lambda-capturing.cpp:12:19: note: function parameter 'n' with unknown value cannot be used in a constant expression
/home/jialeiwang/mlir-dev/vast-test-cxx/testcases/lambda/vla-lambda-capturing.cpp:11:17: note: declared here
   11 | void g(intptr_t n) {
      |                 ^
/home/jialeiwang/mlir-dev/vast-test-cxx/testcases/lambda/vla-lambda-capturing.cpp:21:19: warning: variable length arrays in C++ are a Clang extension [-Wvla-cxx-extension]
   21 |   intptr_t buffer[n + m];
      |                   ^~~~~
/home/jialeiwang/mlir-dev/vast-test-cxx/testcases/lambda/vla-lambda-capturing.cpp:47:3: note: in instantiation of function template specialization 'f<long>' requested here
   47 |   f((intptr_t)1, (intptr_t)2);
      |   ^
/home/jialeiwang/mlir-dev/vast-test-cxx/testcases/lambda/vla-lambda-capturing.cpp:21:19: note: function parameter 'n' with unknown value cannot be used in a constant expression
   21 |   intptr_t buffer[n + m];
      |                   ^
/home/jialeiwang/mlir-dev/vast-test-cxx/testcases/lambda/vla-lambda-capturing.cpp:20:10: note: declared here
   20 | void f(T n, T m) {
      |          ^
/home/jialeiwang/mlir-dev/vast-test-cxx/testcases/lambda/vla-lambda-capturing.cpp:32:26: warning: variable length arrays in C++ are a Clang extension [-Wvla-cxx-extension]
   32 |   typedef intptr_t ArrTy[getSize(arg)];
      |                          ^~~~~~~~~~~~
/home/jialeiwang/mlir-dev/vast-test-cxx/testcases/lambda/vla-lambda-capturing.cpp:48:3: note: in instantiation of function template specialization 'b<long>' requested here
   48 |   b((intptr_t)12, (intptr_t)13);
      |   ^
/home/jialeiwang/mlir-dev/vast-test-cxx/testcases/lambda/vla-lambda-capturing.cpp:32:34: note: function parameter 'arg' with unknown value cannot be used in a constant expression
   32 |   typedef intptr_t ArrTy[getSize(arg)];
      |                                  ^
/home/jialeiwang/mlir-dev/vast-test-cxx/testcases/lambda/vla-lambda-capturing.cpp:31:22: note: declared here
   31 | void b(intptr_t n, T arg) {
      |                      ^
/home/jialeiwang/mlir-dev/vast-test-cxx/testcases/lambda/vla-lambda-capturing.cpp:34:17: warning: variable length arrays in C++ are a Clang extension [-Wvla-cxx-extension]
   34 |   ArrTy buffer1[n + arg];
      |                 ^~~~~~~
/home/jialeiwang/mlir-dev/vast-test-cxx/testcases/lambda/vla-lambda-capturing.cpp:34:17: note: function parameter 'n' with unknown value cannot be used in a constant expression
/home/jialeiwang/mlir-dev/vast-test-cxx/testcases/lambda/vla-lambda-capturing.cpp:31:17: note: declared here
   31 | void b(intptr_t n, T arg) {
      |                 ^
PLEASE submit a bug report to https://github.com/trailofbits/vast/issues and include the crash backtrace, preprocessed source, and associated run script.
Stack dump:
/home/jialeiwang/mlir-dev/vast-test-cxx/build/lambda/Output/vla-lambda-capturing.cpp.script: line 1: 1893611 Segmentation fault      /home/jialeiwang/mlir-dev/vast-fork/builds/default/tools/vast-front/Debug/vast-front -cc1 -internal-isystem /usr/lib/gcc/x86_64-linux-gnu/11/../../../../include/c++/11 -internal-isystem /usr/lib/gcc/x86_64-linux-gnu/11/../../../../include/x86_64-linux-gnu/c++/11 -internal-isystem /usr/lib/gcc/x86_64-linux-gnu/11/../../../../include/c++/11/backward -internal-isystem /home/jialeiwang/apps/llvm18/lib/clang/18/include -internal-isystem /usr/local/include -internal-isystem /usr/lib/gcc/x86_64-linux-gnu/11/../../../../x86_64-linux-gnu/include -internal-externc-isystem /usr/include/x86_64-linux-gnu -internal-externc-isystem /include -internal-externc-isystem /usr/include /home/jialeiwang/mlir-dev/vast-test-cxx/testcases/lambda/vla-lambda-capturing.cpp -std=c++11 -vast-emit-mlir=ll -o /home/jialeiwang/mlir-dev/vast-test-cxx/build/lambda/Output/vla-lambda-capturing.cpp.tmp.ll

--

********************
FAIL: vast-test-cxx :: ctordtor/constructors.cpp (26 of 603)
******************** TEST 'vast-test-cxx :: ctordtor/constructors.cpp' FAILED ********************
Exit Code: 139

Command Output (stderr):
--
RUN: at line 1: /home/jialeiwang/mlir-dev/vast-fork/builds/default/tools/vast-front/Debug/vast-front -cc1 -internal-isystem /usr/lib/gcc/x86_64-linux-gnu/11/../../../../include/c++/11 -internal-isystem /usr/lib/gcc/x86_64-linux-gnu/11/../../../../include/x86_64-linux-gnu/c++/11 -internal-isystem /usr/lib/gcc/x86_64-linux-gnu/11/../../../../include/c++/11/backward -internal-isystem /home/jialeiwang/apps/llvm18/lib/clang/18/include -internal-isystem /usr/local/include -internal-isystem /usr/lib/gcc/x86_64-linux-gnu/11/../../../../x86_64-linux-gnu/include -internal-externc-isystem /usr/include/x86_64-linux-gnu -internal-externc-isystem /include -internal-externc-isystem /usr/include /home/jialeiwang/mlir-dev/vast-test-cxx/testcases/ctordtor/constructors.cpp -vast-emit-mlir=ll -o /home/jialeiwang/mlir-dev/vast-test-cxx/build/ctordtor/Output/constructors.cpp.tmp.ll && echo '// CHECK-NOT: {{unsup\.|unreach\.|#unsup}}' > /home/jialeiwang/mlir-dev/vast-test-cxx/build/ctordtor/Output/constructors.cpp.tmp.check && FileCheck /home/jialeiwang/mlir-dev/vast-test-cxx/build/ctordtor/Output/constructors.cpp.tmp.check --input-file=/home/jialeiwang/mlir-dev/vast-test-cxx/build/ctordtor/Output/constructors.cpp.tmp.ll && rm /home/jialeiwang/mlir-dev/vast-test-cxx/build/ctordtor/Output/constructors.cpp.tmp.check
+ /home/jialeiwang/mlir-dev/vast-fork/builds/default/tools/vast-front/Debug/vast-front -cc1 -internal-isystem /usr/lib/gcc/x86_64-linux-gnu/11/../../../../include/c++/11 -internal-isystem /usr/lib/gcc/x86_64-linux-gnu/11/../../../../include/x86_64-linux-gnu/c++/11 -internal-isystem /usr/lib/gcc/x86_64-linux-gnu/11/../../../../include/c++/11/backward -internal-isystem /home/jialeiwang/apps/llvm18/lib/clang/18/include -internal-isystem /usr/local/include -internal-isystem /usr/lib/gcc/x86_64-linux-gnu/11/../../../../x86_64-linux-gnu/include -internal-externc-isystem /usr/include/x86_64-linux-gnu -internal-externc-isystem /include -internal-externc-isystem /usr/include /home/jialeiwang/mlir-dev/vast-test-cxx/testcases/ctordtor/constructors.cpp -vast-emit-mlir=ll -o /home/jialeiwang/mlir-dev/vast-test-cxx/build/ctordtor/Output/constructors.cpp.tmp.ll
PLEASE submit a bug report to https://github.com/trailofbits/vast/issues and include the crash backtrace, preprocessed source, and associated run script.
Stack dump:
/home/jialeiwang/mlir-dev/vast-test-cxx/build/ctordtor/Output/constructors.cpp.script: line 2: 1893620 Segmentation fault      /home/jialeiwang/mlir-dev/vast-fork/builds/default/tools/vast-front/Debug/vast-front -cc1 -internal-isystem /usr/lib/gcc/x86_64-linux-gnu/11/../../../../include/c++/11 -internal-isystem /usr/lib/gcc/x86_64-linux-gnu/11/../../../../include/x86_64-linux-gnu/c++/11 -internal-isystem /usr/lib/gcc/x86_64-linux-gnu/11/../../../../include/c++/11/backward -internal-isystem /home/jialeiwang/apps/llvm18/lib/clang/18/include -internal-isystem /usr/local/include -internal-isystem /usr/lib/gcc/x86_64-linux-gnu/11/../../../../x86_64-linux-gnu/include -internal-externc-isystem /usr/include/x86_64-linux-gnu -internal-externc-isystem /include -internal-externc-isystem /usr/include /home/jialeiwang/mlir-dev/vast-test-cxx/testcases/ctordtor/constructors.cpp -vast-emit-mlir=ll -o /home/jialeiwang/mlir-dev/vast-test-cxx/build/ctordtor/Output/constructors.cpp.tmp.ll

--

********************
FAIL: vast-test-cxx :: builtin-std-move.cpp (27 of 603)
******************** TEST 'vast-test-cxx :: builtin-std-move.cpp' FAILED ********************
Exit Code: 139

Command Output (stderr):
--
RUN: at line 1: /home/jialeiwang/mlir-dev/vast-fork/builds/default/tools/vast-front/Debug/vast-front -cc1 -internal-isystem /usr/lib/gcc/x86_64-linux-gnu/11/../../../../include/c++/11 -internal-isystem /usr/lib/gcc/x86_64-linux-gnu/11/../../../../include/x86_64-linux-gnu/c++/11 -internal-isystem /usr/lib/gcc/x86_64-linux-gnu/11/../../../../include/c++/11/backward -internal-isystem /home/jialeiwang/apps/llvm18/lib/clang/18/include -internal-isystem /usr/local/include -internal-isystem /usr/lib/gcc/x86_64-linux-gnu/11/../../../../x86_64-linux-gnu/include -internal-externc-isystem /usr/include/x86_64-linux-gnu -internal-externc-isystem /include -internal-externc-isystem /usr/include -std=c++17 /home/jialeiwang/mlir-dev/vast-test-cxx/testcases/builtin-std-move.cpp -vast-emit-mlir=ll -o /home/jialeiwang/mlir-dev/vast-test-cxx/build/Output/builtin-std-move.cpp.tmp.ll && echo '// CHECK-NOT: {{unsup\.|unreach\.|#unsup}}' > /home/jialeiwang/mlir-dev/vast-test-cxx/build/Output/builtin-std-move.cpp.tmp.check && FileCheck /home/jialeiwang/mlir-dev/vast-test-cxx/build/Output/builtin-std-move.cpp.tmp.check --input-file=/home/jialeiwang/mlir-dev/vast-test-cxx/build/Output/builtin-std-move.cpp.tmp.ll && rm /home/jialeiwang/mlir-dev/vast-test-cxx/build/Output/builtin-std-move.cpp.tmp.check
+ /home/jialeiwang/mlir-dev/vast-fork/builds/default/tools/vast-front/Debug/vast-front -cc1 -internal-isystem /usr/lib/gcc/x86_64-linux-gnu/11/../../../../include/c++/11 -internal-isystem /usr/lib/gcc/x86_64-linux-gnu/11/../../../../include/x86_64-linux-gnu/c++/11 -internal-isystem /usr/lib/gcc/x86_64-linux-gnu/11/../../../../include/c++/11/backward -internal-isystem /home/jialeiwang/apps/llvm18/lib/clang/18/include -internal-isystem /usr/local/include -internal-isystem /usr/lib/gcc/x86_64-linux-gnu/11/../../../../x86_64-linux-gnu/include -internal-externc-isystem /usr/include/x86_64-linux-gnu -internal-externc-isystem /include -internal-externc-isystem /usr/include -std=c++17 /home/jialeiwang/mlir-dev/vast-test-cxx/testcases/builtin-std-move.cpp -vast-emit-mlir=ll -o /home/jialeiwang/mlir-dev/vast-test-cxx/build/Output/builtin-std-move.cpp.tmp.ll
/home/jialeiwang/mlir-dev/vast-test-cxx/testcases/builtin-std-move.cpp:36:18: warning: taking address of non-addressable standard library function is incompatible with C++20 [-Wc++20-compat]
   36 |   return (void*)&std::move<int>;
      |                  ^
PLEASE submit a bug report to https://github.com/trailofbits/vast/issues and include the crash backtrace, preprocessed source, and associated run script.
Stack dump:
/home/jialeiwang/mlir-dev/vast-test-cxx/build/Output/builtin-std-move.cpp.script: line 1: 1893688 Segmentation fault      /home/jialeiwang/mlir-dev/vast-fork/builds/default/tools/vast-front/Debug/vast-front -cc1 -internal-isystem /usr/lib/gcc/x86_64-linux-gnu/11/../../../../include/c++/11 -internal-isystem /usr/lib/gcc/x86_64-linux-gnu/11/../../../../include/x86_64-linux-gnu/c++/11 -internal-isystem /usr/lib/gcc/x86_64-linux-gnu/11/../../../../include/c++/11/backward -internal-isystem /home/jialeiwang/apps/llvm18/lib/clang/18/include -internal-isystem /usr/local/include -internal-isystem /usr/lib/gcc/x86_64-linux-gnu/11/../../../../x86_64-linux-gnu/include -internal-externc-isystem /usr/include/x86_64-linux-gnu -internal-externc-isystem /include -internal-externc-isystem /usr/include -std=c++17 /home/jialeiwang/mlir-dev/vast-test-cxx/testcases/builtin-std-move.cpp -vast-emit-mlir=ll -o /home/jialeiwang/mlir-dev/vast-test-cxx/build/Output/builtin-std-move.cpp.tmp.ll

--

********************
FAIL: vast-test-cxx :: visibility-inlines-hidden.cpp (28 of 603)
******************** TEST 'vast-test-cxx :: visibility-inlines-hidden.cpp' FAILED ********************
Exit Code: 139

Command Output (stderr):
--
RUN: at line 1: /home/jialeiwang/mlir-dev/vast-fork/builds/default/tools/vast-front/Debug/vast-front -cc1 -internal-isystem /usr/lib/gcc/x86_64-linux-gnu/11/../../../../include/c++/11 -internal-isystem /usr/lib/gcc/x86_64-linux-gnu/11/../../../../include/x86_64-linux-gnu/c++/11 -internal-isystem /usr/lib/gcc/x86_64-linux-gnu/11/../../../../include/c++/11/backward -internal-isystem /home/jialeiwang/apps/llvm18/lib/clang/18/include -internal-isystem /usr/local/include -internal-isystem /usr/lib/gcc/x86_64-linux-gnu/11/../../../../x86_64-linux-gnu/include -internal-externc-isystem /usr/include/x86_64-linux-gnu -internal-externc-isystem /include -internal-externc-isystem /usr/include -std=c++11 -fvisibility-inlines-hidden /home/jialeiwang/mlir-dev/vast-test-cxx/testcases/visibility-inlines-hidden.cpp -vast-emit-mlir=ll -o /home/jialeiwang/mlir-dev/vast-test-cxx/build/Output/visibility-inlines-hidden.cpp.tmp.ll && echo '// CHECK-NOT: {{unsup\.|unreach\.|#unsup}}' > /home/jialeiwang/mlir-dev/vast-test-cxx/build/Output/visibility-inlines-hidden.cpp.tmp.check && FileCheck /home/jialeiwang/mlir-dev/vast-test-cxx/build/Output/visibility-inlines-hidden.cpp.tmp.check --input-file=/home/jialeiwang/mlir-dev/vast-test-cxx/build/Output/visibility-inlines-hidden.cpp.tmp.ll && rm /home/jialeiwang/mlir-dev/vast-test-cxx/build/Output/visibility-inlines-hidden.cpp.tmp.check
+ /home/jialeiwang/mlir-dev/vast-fork/builds/default/tools/vast-front/Debug/vast-front -cc1 -internal-isystem /usr/lib/gcc/x86_64-linux-gnu/11/../../../../include/c++/11 -internal-isystem /usr/lib/gcc/x86_64-linux-gnu/11/../../../../include/x86_64-linux-gnu/c++/11 -internal-isystem /usr/lib/gcc/x86_64-linux-gnu/11/../../../../include/c++/11/backward -internal-isystem /home/jialeiwang/apps/llvm18/lib/clang/18/include -internal-isystem /usr/local/include -internal-isystem /usr/lib/gcc/x86_64-linux-gnu/11/../../../../x86_64-linux-gnu/include -internal-externc-isystem /usr/include/x86_64-linux-gnu -internal-externc-isystem /include -internal-externc-isystem /usr/include -std=c++11 -fvisibility-inlines-hidden /home/jialeiwang/mlir-dev/vast-test-cxx/testcases/visibility-inlines-hidden.cpp -vast-emit-mlir=ll -o /home/jialeiwang/mlir-dev/vast-test-cxx/build/Output/visibility-inlines-hidden.cpp.tmp.ll
/home/jialeiwang/mlir-dev/vast-test-cxx/testcases/visibility-inlines-hidden.cpp:54:17: warning: inline function 'test1::A::foo' is not defined [-Wundefined-inline]
   54 |     inline void foo();
      |                 ^
/home/jialeiwang/mlir-dev/vast-test-cxx/testcases/visibility-inlines-hidden.cpp:60:7: note: used here
   60 |     a.foo();
      |       ^
vast-front: /home/jialeiwang/apps/llvm18/include/llvm/ADT/ScopedHashTable.h:244: llvm::ScopedHashTableScope<llvm::StringRef, mlir::Operation *>::~ScopedHashTableScope() [K = llvm::StringRef, V = mlir::Operation *, KInfo = llvm::DenseMapInfo<StringRef, void>, AllocatorTy = llvm::MallocAllocator]: Assertion `HT.TopLevelMap[ThisEntry->getKey()] == ThisEntry && "Scope imbalance!"' failed.
PLEASE submit a bug report to https://github.com/trailofbits/vast/issues and include the crash backtrace, preprocessed source, and associated run script.
Stack dump:
/home/jialeiwang/mlir-dev/vast-test-cxx/build/Output/visibility-inlines-hidden.cpp.script: line 1: 1893606 Segmentation fault      /home/jialeiwang/mlir-dev/vast-fork/builds/default/tools/vast-front/Debug/vast-front -cc1 -internal-isystem /usr/lib/gcc/x86_64-linux-gnu/11/../../../../include/c++/11 -internal-isystem /usr/lib/gcc/x86_64-linux-gnu/11/../../../../include/x86_64-linux-gnu/c++/11 -internal-isystem /usr/lib/gcc/x86_64-linux-gnu/11/../../../../include/c++/11/backward -internal-isystem /home/jialeiwang/apps/llvm18/lib/clang/18/include -internal-isystem /usr/local/include -internal-isystem /usr/lib/gcc/x86_64-linux-gnu/11/../../../../x86_64-linux-gnu/include -internal-externc-isystem /usr/include/x86_64-linux-gnu -internal-externc-isystem /include -internal-externc-isystem /usr/include -std=c++11 -fvisibility-inlines-hidden /home/jialeiwang/mlir-dev/vast-test-cxx/testcases/visibility-inlines-hidden.cpp -vast-emit-mlir=ll -o /home/jialeiwang/mlir-dev/vast-test-cxx/build/Output/visibility-inlines-hidden.cpp.tmp.ll

--

********************
FAIL: vast-test-cxx :: vtable-linkage-address-space.cpp (30 of 603)
******************** TEST 'vast-test-cxx :: vtable-linkage-address-space.cpp' FAILED ********************
Exit Code: 139

Command Output (stderr):
--
RUN: at line 1: /home/jialeiwang/mlir-dev/vast-fork/builds/default/tools/vast-front/Debug/vast-front -cc1 -internal-isystem /usr/lib/gcc/x86_64-linux-gnu/11/../../../../include/c++/11 -internal-isystem /usr/lib/gcc/x86_64-linux-gnu/11/../../../../include/x86_64-linux-gnu/c++/11 -internal-isystem /usr/lib/gcc/x86_64-linux-gnu/11/../../../../include/c++/11/backward -internal-isystem /home/jialeiwang/apps/llvm18/lib/clang/18/include -internal-isystem /usr/local/include -internal-isystem /usr/lib/gcc/x86_64-linux-gnu/11/../../../../x86_64-linux-gnu/include -internal-externc-isystem /usr/include/x86_64-linux-gnu -internal-externc-isystem /include -internal-externc-isystem /usr/include /home/jialeiwang/mlir-dev/vast-test-cxx/testcases/vtable-linkage-address-space.cpp -vast-emit-mlir=ll -o /home/jialeiwang/mlir-dev/vast-test-cxx/build/Output/vtable-linkage-address-space.cpp.tmp.ll && echo '// CHECK-NOT: {{unsup\.|unreach\.|#unsup}}' > /home/jialeiwang/mlir-dev/vast-test-cxx/build/Output/vtable-linkage-address-space.cpp.tmp.check && FileCheck /home/jialeiwang/mlir-dev/vast-test-cxx/build/Output/vtable-linkage-address-space.cpp.tmp.check --input-file=/home/jialeiwang/mlir-dev/vast-test-cxx/build/Output/vtable-linkage-address-space.cpp.tmp.ll && rm /home/jialeiwang/mlir-dev/vast-test-cxx/build/Output/vtable-linkage-address-space.cpp.tmp.check
+ /home/jialeiwang/mlir-dev/vast-fork/builds/default/tools/vast-front/Debug/vast-front -cc1 -internal-isystem /usr/lib/gcc/x86_64-linux-gnu/11/../../../../include/c++/11 -internal-isystem /usr/lib/gcc/x86_64-linux-gnu/11/../../../../include/x86_64-linux-gnu/c++/11 -internal-isystem /usr/lib/gcc/x86_64-linux-gnu/11/../../../../include/c++/11/backward -internal-isystem /home/jialeiwang/apps/llvm18/lib/clang/18/include -internal-isystem /usr/local/include -internal-isystem /usr/lib/gcc/x86_64-linux-gnu/11/../../../../x86_64-linux-gnu/include -internal-externc-isystem /usr/include/x86_64-linux-gnu -internal-externc-isystem /include -internal-externc-isystem /usr/include /home/jialeiwang/mlir-dev/vast-test-cxx/testcases/vtable-linkage-address-space.cpp -vast-emit-mlir=ll -o /home/jialeiwang/mlir-dev/vast-test-cxx/build/Output/vtable-linkage-address-space.cpp.tmp.ll
PLEASE submit a bug report to https://github.com/trailofbits/vast/issues and include the crash backtrace, preprocessed source, and associated run script.
Stack dump:
/home/jialeiwang/mlir-dev/vast-test-cxx/build/Output/vtable-linkage-address-space.cpp.script: line 3: 1893593 Segmentation fault      /home/jialeiwang/mlir-dev/vast-fork/builds/default/tools/vast-front/Debug/vast-front -cc1 -internal-isystem /usr/lib/gcc/x86_64-linux-gnu/11/../../../../include/c++/11 -internal-isystem /usr/lib/gcc/x86_64-linux-gnu/11/../../../../include/x86_64-linux-gnu/c++/11 -internal-isystem /usr/lib/gcc/x86_64-linux-gnu/11/../../../../include/c++/11/backward -internal-isystem /home/jialeiwang/apps/llvm18/lib/clang/18/include -internal-isystem /usr/local/include -internal-isystem /usr/lib/gcc/x86_64-linux-gnu/11/../../../../x86_64-linux-gnu/include -internal-externc-isystem /usr/include/x86_64-linux-gnu -internal-externc-isystem /include -internal-externc-isystem /usr/include /home/jialeiwang/mlir-dev/vast-test-cxx/testcases/vtable-linkage-address-space.cpp -vast-emit-mlir=ll -o /home/jialeiwang/mlir-dev/vast-test-cxx/build/Output/vtable-linkage-address-space.cpp.tmp.ll

--

********************
FAIL: vast-test-cxx :: template/explicit-instantiation.cpp (31 of 603)
******************** TEST 'vast-test-cxx :: template/explicit-instantiation.cpp' FAILED ********************
Exit Code: 139

Command Output (stderr):
--
RUN: at line 1: /home/jialeiwang/mlir-dev/vast-fork/builds/default/tools/vast-front/Debug/vast-front -cc1 -internal-isystem /usr/lib/gcc/x86_64-linux-gnu/11/../../../../include/c++/11 -internal-isystem /usr/lib/gcc/x86_64-linux-gnu/11/../../../../include/x86_64-linux-gnu/c++/11 -internal-isystem /usr/lib/gcc/x86_64-linux-gnu/11/../../../../include/c++/11/backward -internal-isystem /home/jialeiwang/apps/llvm18/lib/clang/18/include -internal-isystem /usr/local/include -internal-isystem /usr/lib/gcc/x86_64-linux-gnu/11/../../../../x86_64-linux-gnu/include -internal-externc-isystem /usr/include/x86_64-linux-gnu -internal-externc-isystem /include -internal-externc-isystem /usr/include -std=c++1y /home/jialeiwang/mlir-dev/vast-test-cxx/testcases/template/explicit-instantiation.cpp -vast-emit-mlir=ll -o /home/jialeiwang/mlir-dev/vast-test-cxx/build/template/Output/explicit-instantiation.cpp.tmp.ll && echo '// CHECK-NOT: {{unsup\.|unreach\.|#unsup}}' > /home/jialeiwang/mlir-dev/vast-test-cxx/build/template/Output/explicit-instantiation.cpp.tmp.check && FileCheck /home/jialeiwang/mlir-dev/vast-test-cxx/build/template/Output/explicit-instantiation.cpp.tmp.check --input-file=/home/jialeiwang/mlir-dev/vast-test-cxx/build/template/Output/explicit-instantiation.cpp.tmp.ll && rm /home/jialeiwang/mlir-dev/vast-test-cxx/build/template/Output/explicit-instantiation.cpp.tmp.check
+ /home/jialeiwang/mlir-dev/vast-fork/builds/default/tools/vast-front/Debug/vast-front -cc1 -internal-isystem /usr/lib/gcc/x86_64-linux-gnu/11/../../../../include/c++/11 -internal-isystem /usr/lib/gcc/x86_64-linux-gnu/11/../../../../include/x86_64-linux-gnu/c++/11 -internal-isystem /usr/lib/gcc/x86_64-linux-gnu/11/../../../../include/c++/11/backward -internal-isystem /home/jialeiwang/apps/llvm18/lib/clang/18/include -internal-isystem /usr/local/include -internal-isystem /usr/lib/gcc/x86_64-linux-gnu/11/../../../../x86_64-linux-gnu/include -internal-externc-isystem /usr/include/x86_64-linux-gnu -internal-externc-isystem /include -internal-externc-isystem /usr/include -std=c++1y /home/jialeiwang/mlir-dev/vast-test-cxx/testcases/template/explicit-instantiation.cpp -vast-emit-mlir=ll -o /home/jialeiwang/mlir-dev/vast-test-cxx/build/template/Output/explicit-instantiation.cpp.tmp.ll
PLEASE submit a bug report to https://github.com/trailofbits/vast/issues and include the crash backtrace, preprocessed source, and associated run script.
Stack dump:
/home/jialeiwang/mlir-dev/vast-test-cxx/build/template/Output/explicit-instantiation.cpp.script: line 1: 1893596 Segmentation fault      /home/jialeiwang/mlir-dev/vast-fork/builds/default/tools/vast-front/Debug/vast-front -cc1 -internal-isystem /usr/lib/gcc/x86_64-linux-gnu/11/../../../../include/c++/11 -internal-isystem /usr/lib/gcc/x86_64-linux-gnu/11/../../../../include/x86_64-linux-gnu/c++/11 -internal-isystem /usr/lib/gcc/x86_64-linux-gnu/11/../../../../include/c++/11/backward -internal-isystem /home/jialeiwang/apps/llvm18/lib/clang/18/include -internal-isystem /usr/local/include -internal-isystem /usr/lib/gcc/x86_64-linux-gnu/11/../../../../x86_64-linux-gnu/include -internal-externc-isystem /usr/include/x86_64-linux-gnu -internal-externc-isystem /include -internal-externc-isystem /usr/include -std=c++1y /home/jialeiwang/mlir-dev/vast-test-cxx/testcases/template/explicit-instantiation.cpp -vast-emit-mlir=ll -o /home/jialeiwang/mlir-dev/vast-test-cxx/build/template/Output/explicit-instantiation.cpp.tmp.ll

--

********************
FAIL: vast-test-cxx :: linkage.cpp (32 of 603)
******************** TEST 'vast-test-cxx :: linkage.cpp' FAILED ********************
Exit Code: 139

Command Output (stderr):
--
RUN: at line 1: /home/jialeiwang/mlir-dev/vast-fork/builds/default/tools/vast-front/Debug/vast-front -cc1 -internal-isystem /usr/lib/gcc/x86_64-linux-gnu/11/../../../../include/c++/11 -internal-isystem /usr/lib/gcc/x86_64-linux-gnu/11/../../../../include/x86_64-linux-gnu/c++/11 -internal-isystem /usr/lib/gcc/x86_64-linux-gnu/11/../../../../include/c++/11/backward -internal-isystem /home/jialeiwang/apps/llvm18/lib/clang/18/include -internal-isystem /usr/local/include -internal-isystem /usr/lib/gcc/x86_64-linux-gnu/11/../../../../x86_64-linux-gnu/include -internal-externc-isystem /usr/include/x86_64-linux-gnu -internal-externc-isystem /include -internal-externc-isystem /usr/include -std=c++11 /home/jialeiwang/mlir-dev/vast-test-cxx/testcases/linkage.cpp -vast-emit-mlir=ll -o /home/jialeiwang/mlir-dev/vast-test-cxx/build/Output/linkage.cpp.tmp.ll && echo '// CHECK-NOT: {{unsup\.|unreach\.|#unsup}}' > /home/jialeiwang/mlir-dev/vast-test-cxx/build/Output/linkage.cpp.tmp.check && FileCheck /home/jialeiwang/mlir-dev/vast-test-cxx/build/Output/linkage.cpp.tmp.check --input-file=/home/jialeiwang/mlir-dev/vast-test-cxx/build/Output/linkage.cpp.tmp.ll && rm /home/jialeiwang/mlir-dev/vast-test-cxx/build/Output/linkage.cpp.tmp.check
+ /home/jialeiwang/mlir-dev/vast-fork/builds/default/tools/vast-front/Debug/vast-front -cc1 -internal-isystem /usr/lib/gcc/x86_64-linux-gnu/11/../../../../include/c++/11 -internal-isystem /usr/lib/gcc/x86_64-linux-gnu/11/../../../../include/x86_64-linux-gnu/c++/11 -internal-isystem /usr/lib/gcc/x86_64-linux-gnu/11/../../../../include/c++/11/backward -internal-isystem /home/jialeiwang/apps/llvm18/lib/clang/18/include -internal-isystem /usr/local/include -internal-isystem /usr/lib/gcc/x86_64-linux-gnu/11/../../../../x86_64-linux-gnu/include -internal-externc-isystem /usr/include/x86_64-linux-gnu -internal-externc-isystem /include -internal-externc-isystem /usr/include -std=c++11 /home/jialeiwang/mlir-dev/vast-test-cxx/testcases/linkage.cpp -vast-emit-mlir=ll -o /home/jialeiwang/mlir-dev/vast-test-cxx/build/Output/linkage.cpp.tmp.ll
vast-front: /home/jialeiwang/apps/llvm18/include/llvm/ADT/ScopedHashTable.h:244: llvm::ScopedHashTableScope<llvm::StringRef, mlir::Operation *>::~ScopedHashTableScope() [K = llvm::StringRef, V = mlir::Operation *, KInfo = llvm::DenseMapInfo<StringRef, void>, AllocatorTy = llvm::MallocAllocator]: Assertion `HT.TopLevelMap[ThisEntry->getKey()] == ThisEntry && "Scope imbalance!"' failed.
PLEASE submit a bug report to https://github.com/trailofbits/vast/issues and include the crash backtrace, preprocessed source, and associated run script.
Stack dump:
/home/jialeiwang/mlir-dev/vast-test-cxx/build/Output/linkage.cpp.script: line 1: 1893619 Segmentation fault      /home/jialeiwang/mlir-dev/vast-fork/builds/default/tools/vast-front/Debug/vast-front -cc1 -internal-isystem /usr/lib/gcc/x86_64-linux-gnu/11/../../../../include/c++/11 -internal-isystem /usr/lib/gcc/x86_64-linux-gnu/11/../../../../include/x86_64-linux-gnu/c++/11 -internal-isystem /usr/lib/gcc/x86_64-linux-gnu/11/../../../../include/c++/11/backward -internal-isystem /home/jialeiwang/apps/llvm18/lib/clang/18/include -internal-isystem /usr/local/include -internal-isystem /usr/lib/gcc/x86_64-linux-gnu/11/../../../../x86_64-linux-gnu/include -internal-externc-isystem /usr/include/x86_64-linux-gnu -internal-externc-isystem /include -internal-externc-isystem /usr/include -std=c++11 /home/jialeiwang/mlir-dev/vast-test-cxx/testcases/linkage.cpp -vast-emit-mlir=ll -o /home/jialeiwang/mlir-dev/vast-test-cxx/build/Output/linkage.cpp.tmp.ll

--

********************
FAIL: vast-test-cxx :: vtable-linkage.cpp (34 of 603)
******************** TEST 'vast-test-cxx :: vtable-linkage.cpp' FAILED ********************
Exit Code: 139

Command Output (stderr):
--
RUN: at line 1: /home/jialeiwang/mlir-dev/vast-fork/builds/default/tools/vast-front/Debug/vast-front -cc1 -internal-isystem /usr/lib/gcc/x86_64-linux-gnu/11/../../../../include/c++/11 -internal-isystem /usr/lib/gcc/x86_64-linux-gnu/11/../../../../include/x86_64-linux-gnu/c++/11 -internal-isystem /usr/lib/gcc/x86_64-linux-gnu/11/../../../../include/c++/11/backward -internal-isystem /home/jialeiwang/apps/llvm18/lib/clang/18/include -internal-isystem /usr/local/include -internal-isystem /usr/lib/gcc/x86_64-linux-gnu/11/../../../../x86_64-linux-gnu/include -internal-externc-isystem /usr/include/x86_64-linux-gnu -internal-externc-isystem /include -internal-externc-isystem /usr/include /home/jialeiwang/mlir-dev/vast-test-cxx/testcases/vtable-linkage.cpp -vast-emit-mlir=ll -o /home/jialeiwang/mlir-dev/vast-test-cxx/build/Output/vtable-linkage.cpp.tmp.ll && echo '// CHECK-NOT: {{unsup\.|unreach\.|#unsup}}' > /home/jialeiwang/mlir-dev/vast-test-cxx/build/Output/vtable-linkage.cpp.tmp.check && FileCheck /home/jialeiwang/mlir-dev/vast-test-cxx/build/Output/vtable-linkage.cpp.tmp.check --input-file=/home/jialeiwang/mlir-dev/vast-test-cxx/build/Output/vtable-linkage.cpp.tmp.ll && rm /home/jialeiwang/mlir-dev/vast-test-cxx/build/Output/vtable-linkage.cpp.tmp.check
+ /home/jialeiwang/mlir-dev/vast-fork/builds/default/tools/vast-front/Debug/vast-front -cc1 -internal-isystem /usr/lib/gcc/x86_64-linux-gnu/11/../../../../include/c++/11 -internal-isystem /usr/lib/gcc/x86_64-linux-gnu/11/../../../../include/x86_64-linux-gnu/c++/11 -internal-isystem /usr/lib/gcc/x86_64-linux-gnu/11/../../../../include/c++/11/backward -internal-isystem /home/jialeiwang/apps/llvm18/lib/clang/18/include -internal-isystem /usr/local/include -internal-isystem /usr/lib/gcc/x86_64-linux-gnu/11/../../../../x86_64-linux-gnu/include -internal-externc-isystem /usr/include/x86_64-linux-gnu -internal-externc-isystem /include -internal-externc-isystem /usr/include /home/jialeiwang/mlir-dev/vast-test-cxx/testcases/vtable-linkage.cpp -vast-emit-mlir=ll -o /home/jialeiwang/mlir-dev/vast-test-cxx/build/Output/vtable-linkage.cpp.tmp.ll
PLEASE submit a bug report to https://github.com/trailofbits/vast/issues and include the crash backtrace, preprocessed source, and associated run script.
Stack dump:
/home/jialeiwang/mlir-dev/vast-test-cxx/build/Output/vtable-linkage.cpp.script: line 3: 1893615 Segmentation fault      /home/jialeiwang/mlir-dev/vast-fork/builds/default/tools/vast-front/Debug/vast-front -cc1 -internal-isystem /usr/lib/gcc/x86_64-linux-gnu/11/../../../../include/c++/11 -internal-isystem /usr/lib/gcc/x86_64-linux-gnu/11/../../../../include/x86_64-linux-gnu/c++/11 -internal-isystem /usr/lib/gcc/x86_64-linux-gnu/11/../../../../include/c++/11/backward -internal-isystem /home/jialeiwang/apps/llvm18/lib/clang/18/include -internal-isystem /usr/local/include -internal-isystem /usr/lib/gcc/x86_64-linux-gnu/11/../../../../x86_64-linux-gnu/include -internal-externc-isystem /usr/include/x86_64-linux-gnu -internal-externc-isystem /include -internal-externc-isystem /usr/include /home/jialeiwang/mlir-dev/vast-test-cxx/testcases/vtable-linkage.cpp -vast-emit-mlir=ll -o /home/jialeiwang/mlir-dev/vast-test-cxx/build/Output/vtable-linkage.cpp.tmp.ll

--

********************
FAIL: vast-test-cxx :: ctor-dtor-alias.cpp (36 of 603)
******************** TEST 'vast-test-cxx :: ctor-dtor-alias.cpp' FAILED ********************
Exit Code: 139

Command Output (stderr):
--
RUN: at line 1: /home/jialeiwang/mlir-dev/vast-fork/builds/default/tools/vast-front/Debug/vast-front -cc1 -internal-isystem /usr/lib/gcc/x86_64-linux-gnu/11/../../../../include/c++/11 -internal-isystem /usr/lib/gcc/x86_64-linux-gnu/11/../../../../include/x86_64-linux-gnu/c++/11 -internal-isystem /usr/lib/gcc/x86_64-linux-gnu/11/../../../../include/c++/11/backward -internal-isystem /home/jialeiwang/apps/llvm18/lib/clang/18/include -internal-isystem /usr/local/include -internal-isystem /usr/lib/gcc/x86_64-linux-gnu/11/../../../../x86_64-linux-gnu/include -internal-externc-isystem /usr/include/x86_64-linux-gnu -internal-externc-isystem /include -internal-externc-isystem /usr/include /home/jialeiwang/mlir-dev/vast-test-cxx/testcases/ctor-dtor-alias.cpp -mconstructor-aliases -vast-emit-mlir=ll -o /home/jialeiwang/mlir-dev/vast-test-cxx/build/Output/ctor-dtor-alias.cpp.tmp.ll && echo '// CHECK-NOT: {{unsup\.|unreach\.|#unsup}}' > /home/jialeiwang/mlir-dev/vast-test-cxx/build/Output/ctor-dtor-alias.cpp.tmp.check && FileCheck /home/jialeiwang/mlir-dev/vast-test-cxx/build/Output/ctor-dtor-alias.cpp.tmp.check --input-file=/home/jialeiwang/mlir-dev/vast-test-cxx/build/Output/ctor-dtor-alias.cpp.tmp.ll && rm /home/jialeiwang/mlir-dev/vast-test-cxx/build/Output/ctor-dtor-alias.cpp.tmp.check
+ /home/jialeiwang/mlir-dev/vast-fork/builds/default/tools/vast-front/Debug/vast-front -cc1 -internal-isystem /usr/lib/gcc/x86_64-linux-gnu/11/../../../../include/c++/11 -internal-isystem /usr/lib/gcc/x86_64-linux-gnu/11/../../../../include/x86_64-linux-gnu/c++/11 -internal-isystem /usr/lib/gcc/x86_64-linux-gnu/11/../../../../include/c++/11/backward -internal-isystem /home/jialeiwang/apps/llvm18/lib/clang/18/include -internal-isystem /usr/local/include -internal-isystem /usr/lib/gcc/x86_64-linux-gnu/11/../../../../x86_64-linux-gnu/include -internal-externc-isystem /usr/include/x86_64-linux-gnu -internal-externc-isystem /include -internal-externc-isystem /usr/include /home/jialeiwang/mlir-dev/vast-test-cxx/testcases/ctor-dtor-alias.cpp -mconstructor-aliases -vast-emit-mlir=ll -o /home/jialeiwang/mlir-dev/vast-test-cxx/build/Output/ctor-dtor-alias.cpp.tmp.ll
/home/jialeiwang/mlir-dev/vast-test-cxx/testcases/ctor-dtor-alias.cpp:103:18: warning: 'stdcall' calling convention is not supported for this target [-Wignored-attributes]
  103 |   __attribute__((stdcall)) ~foo() {
      |                  ^
PLEASE submit a bug report to https://github.com/trailofbits/vast/issues and include the crash backtrace, preprocessed source, and associated run script.
Stack dump:
/home/jialeiwang/mlir-dev/vast-test-cxx/build/Output/ctor-dtor-alias.cpp.script: line 1: 1893641 Segmentation fault      /home/jialeiwang/mlir-dev/vast-fork/builds/default/tools/vast-front/Debug/vast-front -cc1 -internal-isystem /usr/lib/gcc/x86_64-linux-gnu/11/../../../../include/c++/11 -internal-isystem /usr/lib/gcc/x86_64-linux-gnu/11/../../../../include/x86_64-linux-gnu/c++/11 -internal-isystem /usr/lib/gcc/x86_64-linux-gnu/11/../../../../include/c++/11/backward -internal-isystem /home/jialeiwang/apps/llvm18/lib/clang/18/include -internal-isystem /usr/local/include -internal-isystem /usr/lib/gcc/x86_64-linux-gnu/11/../../../../x86_64-linux-gnu/include -internal-externc-isystem /usr/include/x86_64-linux-gnu -internal-externc-isystem /include -internal-externc-isystem /usr/include /home/jialeiwang/mlir-dev/vast-test-cxx/testcases/ctor-dtor-alias.cpp -mconstructor-aliases -vast-emit-mlir=ll -o /home/jialeiwang/mlir-dev/vast-test-cxx/build/Output/ctor-dtor-alias.cpp.tmp.ll

--

********************
FAIL: vast-test-cxx :: exception/cxx11-exception-spec.cpp (37 of 603)
******************** TEST 'vast-test-cxx :: exception/cxx11-exception-spec.cpp' FAILED ********************
Exit Code: 139

Command Output (stderr):
--
RUN: at line 1: /home/jialeiwang/mlir-dev/vast-fork/builds/default/tools/vast-front/Debug/vast-front -cc1 -internal-isystem /usr/lib/gcc/x86_64-linux-gnu/11/../../../../include/c++/11 -internal-isystem /usr/lib/gcc/x86_64-linux-gnu/11/../../../../include/x86_64-linux-gnu/c++/11 -internal-isystem /usr/lib/gcc/x86_64-linux-gnu/11/../../../../include/c++/11/backward -internal-isystem /home/jialeiwang/apps/llvm18/lib/clang/18/include -internal-isystem /usr/local/include -internal-isystem /usr/lib/gcc/x86_64-linux-gnu/11/../../../../x86_64-linux-gnu/include -internal-externc-isystem /usr/include/x86_64-linux-gnu -internal-externc-isystem /include -internal-externc-isystem /usr/include -std=c++11 /home/jialeiwang/mlir-dev/vast-test-cxx/testcases/exception/cxx11-exception-spec.cpp -fexceptions -fcxx-exceptions -vast-emit-mlir=ll -o /home/jialeiwang/mlir-dev/vast-test-cxx/build/exception/Output/cxx11-exception-spec.cpp.tmp.ll && echo '// CHECK-NOT: {{unsup\.|unreach\.|#unsup}}' > /home/jialeiwang/mlir-dev/vast-test-cxx/build/exception/Output/cxx11-exception-spec.cpp.tmp.check && FileCheck /home/jialeiwang/mlir-dev/vast-test-cxx/build/exception/Output/cxx11-exception-spec.cpp.tmp.check --input-file=/home/jialeiwang/mlir-dev/vast-test-cxx/build/exception/Output/cxx11-exception-spec.cpp.tmp.ll && rm /home/jialeiwang/mlir-dev/vast-test-cxx/build/exception/Output/cxx11-exception-spec.cpp.tmp.check
+ /home/jialeiwang/mlir-dev/vast-fork/builds/default/tools/vast-front/Debug/vast-front -cc1 -internal-isystem /usr/lib/gcc/x86_64-linux-gnu/11/../../../../include/c++/11 -internal-isystem /usr/lib/gcc/x86_64-linux-gnu/11/../../../../include/x86_64-linux-gnu/c++/11 -internal-isystem /usr/lib/gcc/x86_64-linux-gnu/11/../../../../include/c++/11/backward -internal-isystem /home/jialeiwang/apps/llvm18/lib/clang/18/include -internal-isystem /usr/local/include -internal-isystem /usr/lib/gcc/x86_64-linux-gnu/11/../../../../x86_64-linux-gnu/include -internal-externc-isystem /usr/include/x86_64-linux-gnu -internal-externc-isystem /include -internal-externc-isystem /usr/include -std=c++11 /home/jialeiwang/mlir-dev/vast-test-cxx/testcases/exception/cxx11-exception-spec.cpp -fexceptions -fcxx-exceptions -vast-emit-mlir=ll -o /home/jialeiwang/mlir-dev/vast-test-cxx/build/exception/Output/cxx11-exception-spec.cpp.tmp.ll
PLEASE submit a bug report to https://github.com/trailofbits/vast/issues and include the crash backtrace, preprocessed source, and associated run script.
Stack dump:
/home/jialeiwang/mlir-dev/vast-test-cxx/build/exception/Output/cxx11-exception-spec.cpp.script: line 1: 1893624 Segmentation fault      /home/jialeiwang/mlir-dev/vast-fork/builds/default/tools/vast-front/Debug/vast-front -cc1 -internal-isystem /usr/lib/gcc/x86_64-linux-gnu/11/../../../../include/c++/11 -internal-isystem /usr/lib/gcc/x86_64-linux-gnu/11/../../../../include/x86_64-linux-gnu/c++/11 -internal-isystem /usr/lib/gcc/x86_64-linux-gnu/11/../../../../include/c++/11/backward -internal-isystem /home/jialeiwang/apps/llvm18/lib/clang/18/include -internal-isystem /usr/local/include -internal-isystem /usr/lib/gcc/x86_64-linux-gnu/11/../../../../x86_64-linux-gnu/include -internal-externc-isystem /usr/include/x86_64-linux-gnu -internal-externc-isystem /include -internal-externc-isystem /usr/include -std=c++11 /home/jialeiwang/mlir-dev/vast-test-cxx/testcases/exception/cxx11-exception-spec.cpp -fexceptions -fcxx-exceptions -vast-emit-mlir=ll -o /home/jialeiwang/mlir-dev/vast-test-cxx/build/exception/Output/cxx11-exception-spec.cpp.tmp.ll

--

********************
FAIL: vast-test-cxx :: template/template-instantiation.cpp (38 of 603)
******************** TEST 'vast-test-cxx :: template/template-instantiation.cpp' FAILED ********************
Exit Code: 139

Command Output (stderr):
--
RUN: at line 1: /home/jialeiwang/mlir-dev/vast-fork/builds/default/tools/vast-front/Debug/vast-front -cc1 -internal-isystem /usr/lib/gcc/x86_64-linux-gnu/11/../../../../include/c++/11 -internal-isystem /usr/lib/gcc/x86_64-linux-gnu/11/../../../../include/x86_64-linux-gnu/c++/11 -internal-isystem /usr/lib/gcc/x86_64-linux-gnu/11/../../../../include/c++/11/backward -internal-isystem /home/jialeiwang/apps/llvm18/lib/clang/18/include -internal-isystem /usr/local/include -internal-isystem /usr/lib/gcc/x86_64-linux-gnu/11/../../../../x86_64-linux-gnu/include -internal-externc-isystem /usr/include/x86_64-linux-gnu -internal-externc-isystem /include -internal-externc-isystem /usr/include /home/jialeiwang/mlir-dev/vast-test-cxx/testcases/template/template-instantiation.cpp -std=c++11 -vast-emit-mlir=ll -o /home/jialeiwang/mlir-dev/vast-test-cxx/build/template/Output/template-instantiation.cpp.tmp.ll && echo '// CHECK-NOT: {{unsup\.|unreach\.|#unsup}}' > /home/jialeiwang/mlir-dev/vast-test-cxx/build/template/Output/template-instantiation.cpp.tmp.check && FileCheck /home/jialeiwang/mlir-dev/vast-test-cxx/build/template/Output/template-instantiation.cpp.tmp.check --input-file=/home/jialeiwang/mlir-dev/vast-test-cxx/build/template/Output/template-instantiation.cpp.tmp.ll && rm /home/jialeiwang/mlir-dev/vast-test-cxx/build/template/Output/template-instantiation.cpp.tmp.check
+ /home/jialeiwang/mlir-dev/vast-fork/builds/default/tools/vast-front/Debug/vast-front -cc1 -internal-isystem /usr/lib/gcc/x86_64-linux-gnu/11/../../../../include/c++/11 -internal-isystem /usr/lib/gcc/x86_64-linux-gnu/11/../../../../include/x86_64-linux-gnu/c++/11 -internal-isystem /usr/lib/gcc/x86_64-linux-gnu/11/../../../../include/c++/11/backward -internal-isystem /home/jialeiwang/apps/llvm18/lib/clang/18/include -internal-isystem /usr/local/include -internal-isystem /usr/lib/gcc/x86_64-linux-gnu/11/../../../../x86_64-linux-gnu/include -internal-externc-isystem /usr/include/x86_64-linux-gnu -internal-externc-isystem /include -internal-externc-isystem /usr/include /home/jialeiwang/mlir-dev/vast-test-cxx/testcases/template/template-instantiation.cpp -std=c++11 -vast-emit-mlir=ll -o /home/jialeiwang/mlir-dev/vast-test-cxx/build/template/Output/template-instantiation.cpp.tmp.ll
/home/jialeiwang/mlir-dev/vast-test-cxx/testcases/template/template-instantiation.cpp:91:42: warning: dependent nested name specifier 'A<T>::' for friend class declaration is not supported; turning off access control for 'B' [-Wunsupported-friend]
   91 |     template <class T> friend void A<T>::foo();
      |                                    ~~~~~~^
/home/jialeiwang/mlir-dev/vast-test-cxx/testcases/template/template-instantiation.cpp:101:3: warning: non-void function does not return a value [-Wreturn-type]
  101 |   }
      |   ^
PLEASE submit a bug report to https://github.com/trailofbits/vast/issues and include the crash backtrace, preprocessed source, and associated run script.
Stack dump:
/home/jialeiwang/mlir-dev/vast-test-cxx/build/template/Output/template-instantiation.cpp.script: line 1: 1893627 Segmentation fault      /home/jialeiwang/mlir-dev/vast-fork/builds/default/tools/vast-front/Debug/vast-front -cc1 -internal-isystem /usr/lib/gcc/x86_64-linux-gnu/11/../../../../include/c++/11 -internal-isystem /usr/lib/gcc/x86_64-linux-gnu/11/../../../../include/x86_64-linux-gnu/c++/11 -internal-isystem /usr/lib/gcc/x86_64-linux-gnu/11/../../../../include/c++/11/backward -internal-isystem /home/jialeiwang/apps/llvm18/lib/clang/18/include -internal-isystem /usr/local/include -internal-isystem /usr/lib/gcc/x86_64-linux-gnu/11/../../../../x86_64-linux-gnu/include -internal-externc-isystem /usr/include/x86_64-linux-gnu -internal-externc-isystem /include -internal-externc-isystem /usr/include /home/jialeiwang/mlir-dev/vast-test-cxx/testcases/template/template-instantiation.cpp -std=c++11 -vast-emit-mlir=ll -o /home/jialeiwang/mlir-dev/vast-test-cxx/build/template/Output/template-instantiation.cpp.tmp.ll

--

********************
FAIL: vast-test-cxx :: ctordtor/destructors.cpp (41 of 603)
******************** TEST 'vast-test-cxx :: ctordtor/destructors.cpp' FAILED ********************
Exit Code: 139

Command Output (stderr):
--
RUN: at line 1: /home/jialeiwang/mlir-dev/vast-fork/builds/default/tools/vast-front/Debug/vast-front -cc1 -internal-isystem /usr/lib/gcc/x86_64-linux-gnu/11/../../../../include/c++/11 -internal-isystem /usr/lib/gcc/x86_64-linux-gnu/11/../../../../include/x86_64-linux-gnu/c++/11 -internal-isystem /usr/lib/gcc/x86_64-linux-gnu/11/../../../../include/c++/11/backward -internal-isystem /home/jialeiwang/apps/llvm18/lib/clang/18/include -internal-isystem /usr/local/include -internal-isystem /usr/lib/gcc/x86_64-linux-gnu/11/../../../../x86_64-linux-gnu/include -internal-externc-isystem /usr/include/x86_64-linux-gnu -internal-externc-isystem /include -internal-externc-isystem /usr/include /home/jialeiwang/mlir-dev/vast-test-cxx/testcases/ctordtor/destructors.cpp -mconstructor-aliases -fcxx-exceptions -fexceptions -std=c++03 -vast-emit-mlir=ll -o /home/jialeiwang/mlir-dev/vast-test-cxx/build/ctordtor/Output/destructors.cpp.tmp.ll && echo '// CHECK-NOT: {{unsup\.|unreach\.|#unsup}}' > /home/jialeiwang/mlir-dev/vast-test-cxx/build/ctordtor/Output/destructors.cpp.tmp.check && FileCheck /home/jialeiwang/mlir-dev/vast-test-cxx/build/ctordtor/Output/destructors.cpp.tmp.check --input-file=/home/jialeiwang/mlir-dev/vast-test-cxx/build/ctordtor/Output/destructors.cpp.tmp.ll && rm /home/jialeiwang/mlir-dev/vast-test-cxx/build/ctordtor/Output/destructors.cpp.tmp.check
+ /home/jialeiwang/mlir-dev/vast-fork/builds/default/tools/vast-front/Debug/vast-front -cc1 -internal-isystem /usr/lib/gcc/x86_64-linux-gnu/11/../../../../include/c++/11 -internal-isystem /usr/lib/gcc/x86_64-linux-gnu/11/../../../../include/x86_64-linux-gnu/c++/11 -internal-isystem /usr/lib/gcc/x86_64-linux-gnu/11/../../../../include/c++/11/backward -internal-isystem /home/jialeiwang/apps/llvm18/lib/clang/18/include -internal-isystem /usr/local/include -internal-isystem /usr/lib/gcc/x86_64-linux-gnu/11/../../../../x86_64-linux-gnu/include -internal-externc-isystem /usr/include/x86_64-linux-gnu -internal-externc-isystem /include -internal-externc-isystem /usr/include /home/jialeiwang/mlir-dev/vast-test-cxx/testcases/ctordtor/destructors.cpp -mconstructor-aliases -fcxx-exceptions -fexceptions -std=c++03 -vast-emit-mlir=ll -o /home/jialeiwang/mlir-dev/vast-test-cxx/build/ctordtor/Output/destructors.cpp.tmp.ll
vast-front: /home/jialeiwang/apps/llvm18/include/llvm/ADT/ScopedHashTable.h:244: llvm::ScopedHashTableScope<llvm::StringRef, mlir::Operation *>::~ScopedHashTableScope() [K = llvm::StringRef, V = mlir::Operation *, KInfo = llvm::DenseMapInfo<StringRef, void>, AllocatorTy = llvm::MallocAllocator]: Assertion `HT.TopLevelMap[ThisEntry->getKey()] == ThisEntry && "Scope imbalance!"' failed.
PLEASE submit a bug report to https://github.com/trailofbits/vast/issues and include the crash backtrace, preprocessed source, and associated run script.
Stack dump:
/home/jialeiwang/mlir-dev/vast-test-cxx/build/ctordtor/Output/destructors.cpp.script: line 2: 1893601 Segmentation fault      /home/jialeiwang/mlir-dev/vast-fork/builds/default/tools/vast-front/Debug/vast-front -cc1 -internal-isystem /usr/lib/gcc/x86_64-linux-gnu/11/../../../../include/c++/11 -internal-isystem /usr/lib/gcc/x86_64-linux-gnu/11/../../../../include/x86_64-linux-gnu/c++/11 -internal-isystem /usr/lib/gcc/x86_64-linux-gnu/11/../../../../include/c++/11/backward -internal-isystem /home/jialeiwang/apps/llvm18/lib/clang/18/include -internal-isystem /usr/local/include -internal-isystem /usr/lib/gcc/x86_64-linux-gnu/11/../../../../x86_64-linux-gnu/include -internal-externc-isystem /usr/include/x86_64-linux-gnu -internal-externc-isystem /include -internal-externc-isystem /usr/include /home/jialeiwang/mlir-dev/vast-test-cxx/testcases/ctordtor/destructors.cpp -mconstructor-aliases -fcxx-exceptions -fexceptions -std=c++03 -vast-emit-mlir=ll -o /home/jialeiwang/mlir-dev/vast-test-cxx/build/ctordtor/Output/destructors.cpp.tmp.ll

--

********************
FAIL: vast-test-cxx :: ctordtor/inheriting-constructor.cpp (43 of 603)
******************** TEST 'vast-test-cxx :: ctordtor/inheriting-constructor.cpp' FAILED ********************
Exit Code: 139

Command Output (stderr):
--
RUN: at line 1: /home/jialeiwang/mlir-dev/vast-fork/builds/default/tools/vast-front/Debug/vast-front -cc1 -internal-isystem /usr/lib/gcc/x86_64-linux-gnu/11/../../../../include/c++/11 -internal-isystem /usr/lib/gcc/x86_64-linux-gnu/11/../../../../include/x86_64-linux-gnu/c++/11 -internal-isystem /usr/lib/gcc/x86_64-linux-gnu/11/../../../../include/c++/11/backward -internal-isystem /home/jialeiwang/apps/llvm18/lib/clang/18/include -internal-isystem /usr/local/include -internal-isystem /usr/lib/gcc/x86_64-linux-gnu/11/../../../../x86_64-linux-gnu/include -internal-externc-isystem /usr/include/x86_64-linux-gnu -internal-externc-isystem /include -internal-externc-isystem /usr/include -no-enable-noundef-analysis -std=c++11 /home/jialeiwang/mlir-dev/vast-test-cxx/testcases/ctordtor/inheriting-constructor.cpp -vast-emit-mlir=ll -o /home/jialeiwang/mlir-dev/vast-test-cxx/build/ctordtor/Output/inheriting-constructor.cpp.tmp.ll && echo '// CHECK-NOT: {{unsup\.|unreach\.|#unsup}}' > /home/jialeiwang/mlir-dev/vast-test-cxx/build/ctordtor/Output/inheriting-constructor.cpp.tmp.check && FileCheck /home/jialeiwang/mlir-dev/vast-test-cxx/build/ctordtor/Output/inheriting-constructor.cpp.tmp.check --input-file=/home/jialeiwang/mlir-dev/vast-test-cxx/build/ctordtor/Output/inheriting-constructor.cpp.tmp.ll && rm /home/jialeiwang/mlir-dev/vast-test-cxx/build/ctordtor/Output/inheriting-constructor.cpp.tmp.check
+ /home/jialeiwang/mlir-dev/vast-fork/builds/default/tools/vast-front/Debug/vast-front -cc1 -internal-isystem /usr/lib/gcc/x86_64-linux-gnu/11/../../../../include/c++/11 -internal-isystem /usr/lib/gcc/x86_64-linux-gnu/11/../../../../include/x86_64-linux-gnu/c++/11 -internal-isystem /usr/lib/gcc/x86_64-linux-gnu/11/../../../../include/c++/11/backward -internal-isystem /home/jialeiwang/apps/llvm18/lib/clang/18/include -internal-isystem /usr/local/include -internal-isystem /usr/lib/gcc/x86_64-linux-gnu/11/../../../../x86_64-linux-gnu/include -internal-externc-isystem /usr/include/x86_64-linux-gnu -internal-externc-isystem /include -internal-externc-isystem /usr/include -no-enable-noundef-analysis -std=c++11 /home/jialeiwang/mlir-dev/vast-test-cxx/testcases/ctordtor/inheriting-constructor.cpp -vast-emit-mlir=ll -o /home/jialeiwang/mlir-dev/vast-test-cxx/build/ctordtor/Output/inheriting-constructor.cpp.tmp.ll
PLEASE submit a bug report to https://github.com/trailofbits/vast/issues and include the crash backtrace, preprocessed source, and associated run script.
Stack dump:
/home/jialeiwang/mlir-dev/vast-test-cxx/build/ctordtor/Output/inheriting-constructor.cpp.script: line 1: 1893587 Segmentation fault      /home/jialeiwang/mlir-dev/vast-fork/builds/default/tools/vast-front/Debug/vast-front -cc1 -internal-isystem /usr/lib/gcc/x86_64-linux-gnu/11/../../../../include/c++/11 -internal-isystem /usr/lib/gcc/x86_64-linux-gnu/11/../../../../include/x86_64-linux-gnu/c++/11 -internal-isystem /usr/lib/gcc/x86_64-linux-gnu/11/../../../../include/c++/11/backward -internal-isystem /home/jialeiwang/apps/llvm18/lib/clang/18/include -internal-isystem /usr/local/include -internal-isystem /usr/lib/gcc/x86_64-linux-gnu/11/../../../../x86_64-linux-gnu/include -internal-externc-isystem /usr/include/x86_64-linux-gnu -internal-externc-isystem /include -internal-externc-isystem /usr/include -no-enable-noundef-analysis -std=c++11 /home/jialeiwang/mlir-dev/vast-test-cxx/testcases/ctordtor/inheriting-constructor.cpp -vast-emit-mlir=ll -o /home/jialeiwang/mlir-dev/vast-test-cxx/build/ctordtor/Output/inheriting-constructor.cpp.tmp.ll

--

********************
FAIL: vast-test-cxx :: nrvo.cpp (54 of 603)
******************** TEST 'vast-test-cxx :: nrvo.cpp' FAILED ********************
Exit Code: 139

Command Output (stderr):
--
RUN: at line 1: /home/jialeiwang/mlir-dev/vast-fork/builds/default/tools/vast-front/Debug/vast-front -cc1 -internal-isystem /usr/lib/gcc/x86_64-linux-gnu/11/../../../../include/c++/11 -internal-isystem /usr/lib/gcc/x86_64-linux-gnu/11/../../../../include/x86_64-linux-gnu/c++/11 -internal-isystem /usr/lib/gcc/x86_64-linux-gnu/11/../../../../include/c++/11/backward -internal-isystem /home/jialeiwang/apps/llvm18/lib/clang/18/include -internal-isystem /usr/local/include -internal-isystem /usr/lib/gcc/x86_64-linux-gnu/11/../../../../x86_64-linux-gnu/include -internal-externc-isystem /usr/include/x86_64-linux-gnu -internal-externc-isystem /include -internal-externc-isystem /usr/include /home/jialeiwang/mlir-dev/vast-test-cxx/testcases/nrvo.cpp -vast-emit-mlir=ll -o /home/jialeiwang/mlir-dev/vast-test-cxx/build/Output/nrvo.cpp.tmp.ll && echo '// CHECK-NOT: {{unsup\.|unreach\.|#unsup}}' > /home/jialeiwang/mlir-dev/vast-test-cxx/build/Output/nrvo.cpp.tmp.check && FileCheck /home/jialeiwang/mlir-dev/vast-test-cxx/build/Output/nrvo.cpp.tmp.check --input-file=/home/jialeiwang/mlir-dev/vast-test-cxx/build/Output/nrvo.cpp.tmp.ll && rm /home/jialeiwang/mlir-dev/vast-test-cxx/build/Output/nrvo.cpp.tmp.check
+ /home/jialeiwang/mlir-dev/vast-fork/builds/default/tools/vast-front/Debug/vast-front -cc1 -internal-isystem /usr/lib/gcc/x86_64-linux-gnu/11/../../../../include/c++/11 -internal-isystem /usr/lib/gcc/x86_64-linux-gnu/11/../../../../include/x86_64-linux-gnu/c++/11 -internal-isystem /usr/lib/gcc/x86_64-linux-gnu/11/../../../../include/c++/11/backward -internal-isystem /home/jialeiwang/apps/llvm18/lib/clang/18/include -internal-isystem /usr/local/include -internal-isystem /usr/lib/gcc/x86_64-linux-gnu/11/../../../../x86_64-linux-gnu/include -internal-externc-isystem /usr/include/x86_64-linux-gnu -internal-externc-isystem /include -internal-externc-isystem /usr/include /home/jialeiwang/mlir-dev/vast-test-cxx/testcases/nrvo.cpp -vast-emit-mlir=ll -o /home/jialeiwang/mlir-dev/vast-test-cxx/build/Output/nrvo.cpp.tmp.ll
/home/jialeiwang/mlir-dev/vast-test-cxx/testcases/nrvo.cpp:62:1: warning: non-void function does not return a value in all control paths [-Wreturn-type]
   62 | }
      | ^
/home/jialeiwang/mlir-dev/vast-test-cxx/testcases/nrvo.cpp:100:1: warning: non-void function does not return a value [-Wreturn-type]
  100 | }
      | ^
PLEASE submit a bug report to https://github.com/trailofbits/vast/issues and include the crash backtrace, preprocessed source, and associated run script.
Stack dump:
/home/jialeiwang/mlir-dev/vast-test-cxx/build/Output/nrvo.cpp.script: line 3: 1893614 Segmentation fault      /home/jialeiwang/mlir-dev/vast-fork/builds/default/tools/vast-front/Debug/vast-front -cc1 -internal-isystem /usr/lib/gcc/x86_64-linux-gnu/11/../../../../include/c++/11 -internal-isystem /usr/lib/gcc/x86_64-linux-gnu/11/../../../../include/x86_64-linux-gnu/c++/11 -internal-isystem /usr/lib/gcc/x86_64-linux-gnu/11/../../../../include/c++/11/backward -internal-isystem /home/jialeiwang/apps/llvm18/lib/clang/18/include -internal-isystem /usr/local/include -internal-isystem /usr/lib/gcc/x86_64-linux-gnu/11/../../../../x86_64-linux-gnu/include -internal-externc-isystem /usr/include/x86_64-linux-gnu -internal-externc-isystem /include -internal-externc-isystem /usr/include /home/jialeiwang/mlir-dev/vast-test-cxx/testcases/nrvo.cpp -vast-emit-mlir=ll -o /home/jialeiwang/mlir-dev/vast-test-cxx/build/Output/nrvo.cpp.tmp.ll

--

********************
FAIL: vast-test-cxx :: value-init.cpp (55 of 603)
******************** TEST 'vast-test-cxx :: value-init.cpp' FAILED ********************
Exit Code: 139

Command Output (stderr):
--
RUN: at line 1: /home/jialeiwang/mlir-dev/vast-fork/builds/default/tools/vast-front/Debug/vast-front -cc1 -internal-isystem /usr/lib/gcc/x86_64-linux-gnu/11/../../../../include/c++/11 -internal-isystem /usr/lib/gcc/x86_64-linux-gnu/11/../../../../include/x86_64-linux-gnu/c++/11 -internal-isystem /usr/lib/gcc/x86_64-linux-gnu/11/../../../../include/c++/11/backward -internal-isystem /home/jialeiwang/apps/llvm18/lib/clang/18/include -internal-isystem /usr/local/include -internal-isystem /usr/lib/gcc/x86_64-linux-gnu/11/../../../../x86_64-linux-gnu/include -internal-externc-isystem /usr/include/x86_64-linux-gnu -internal-externc-isystem /include -internal-externc-isystem /usr/include -std=c++98 /home/jialeiwang/mlir-dev/vast-test-cxx/testcases/value-init.cpp -vast-emit-mlir=ll -o /home/jialeiwang/mlir-dev/vast-test-cxx/build/Output/value-init.cpp.tmp.ll && echo '// CHECK-NOT: {{unsup\.|unreach\.|#unsup}}' > /home/jialeiwang/mlir-dev/vast-test-cxx/build/Output/value-init.cpp.tmp.check && FileCheck /home/jialeiwang/mlir-dev/vast-test-cxx/build/Output/value-init.cpp.tmp.check --input-file=/home/jialeiwang/mlir-dev/vast-test-cxx/build/Output/value-init.cpp.tmp.ll && rm /home/jialeiwang/mlir-dev/vast-test-cxx/build/Output/value-init.cpp.tmp.check
+ /home/jialeiwang/mlir-dev/vast-fork/builds/default/tools/vast-front/Debug/vast-front -cc1 -internal-isystem /usr/lib/gcc/x86_64-linux-gnu/11/../../../../include/c++/11 -internal-isystem /usr/lib/gcc/x86_64-linux-gnu/11/../../../../include/x86_64-linux-gnu/c++/11 -internal-isystem /usr/lib/gcc/x86_64-linux-gnu/11/../../../../include/c++/11/backward -internal-isystem /home/jialeiwang/apps/llvm18/lib/clang/18/include -internal-isystem /usr/local/include -internal-isystem /usr/lib/gcc/x86_64-linux-gnu/11/../../../../x86_64-linux-gnu/include -internal-externc-isystem /usr/include/x86_64-linux-gnu -internal-externc-isystem /include -internal-externc-isystem /usr/include -std=c++98 /home/jialeiwang/mlir-dev/vast-test-cxx/testcases/value-init.cpp -vast-emit-mlir=ll -o /home/jialeiwang/mlir-dev/vast-test-cxx/build/Output/value-init.cpp.tmp.ll
/home/jialeiwang/mlir-dev/vast-test-cxx/testcases/value-init.cpp:178:21: warning: default template arguments for a function template are a C++11 extension [-Wc++11-extensions]
  178 |   template<typename T = int>
      |                     ^   ~~~
/home/jialeiwang/mlir-dev/vast-test-cxx/testcases/value-init.cpp:185:21: warning: variadic templates are a C++11 extension [-Wc++11-extensions]
  185 |   template<typename ...T>
      |                     ^
/home/jialeiwang/mlir-dev/vast-test-cxx/testcases/value-init.cpp:193:21: warning: default template arguments for a function template are a C++11 extension [-Wc++11-extensions]
  193 |   template<typename T = int>
      |                     ^   ~~~
/home/jialeiwang/mlir-dev/vast-test-cxx/testcases/value-init.cpp:212:20: warning: defaulted function definitions are a C++11 extension [-Wc++11-extensions]
  212 |   struct A { A() = default; int n; };
      |                    ^
PLEASE submit a bug report to https://github.com/trailofbits/vast/issues and include the crash backtrace, preprocessed source, and associated run script.
Stack dump:
/home/jialeiwang/mlir-dev/vast-test-cxx/build/Output/value-init.cpp.script: line 2: 1893595 Segmentation fault      /home/jialeiwang/mlir-dev/vast-fork/builds/default/tools/vast-front/Debug/vast-front -cc1 -internal-isystem /usr/lib/gcc/x86_64-linux-gnu/11/../../../../include/c++/11 -internal-isystem /usr/lib/gcc/x86_64-linux-gnu/11/../../../../include/x86_64-linux-gnu/c++/11 -internal-isystem /usr/lib/gcc/x86_64-linux-gnu/11/../../../../include/c++/11/backward -internal-isystem /home/jialeiwang/apps/llvm18/lib/clang/18/include -internal-isystem /usr/local/include -internal-isystem /usr/lib/gcc/x86_64-linux-gnu/11/../../../../x86_64-linux-gnu/include -internal-externc-isystem /usr/include/x86_64-linux-gnu -internal-externc-isystem /include -internal-externc-isystem /usr/include -std=c++98 /home/jialeiwang/mlir-dev/vast-test-cxx/testcases/value-init.cpp -vast-emit-mlir=ll -o /home/jialeiwang/mlir-dev/vast-test-cxx/build/Output/value-init.cpp.tmp.ll

--

********************
FAIL: vast-test-cxx :: vtable-available-externally.cpp (59 of 603)
******************** TEST 'vast-test-cxx :: vtable-available-externally.cpp' FAILED ********************
Exit Code: 139

Command Output (stderr):
--
RUN: at line 1: /home/jialeiwang/mlir-dev/vast-fork/builds/default/tools/vast-front/Debug/vast-front -cc1 -internal-isystem /usr/lib/gcc/x86_64-linux-gnu/11/../../../../include/c++/11 -internal-isystem /usr/lib/gcc/x86_64-linux-gnu/11/../../../../include/x86_64-linux-gnu/c++/11 -internal-isystem /usr/lib/gcc/x86_64-linux-gnu/11/../../../../include/c++/11/backward -internal-isystem /home/jialeiwang/apps/llvm18/lib/clang/18/include -internal-isystem /usr/local/include -internal-isystem /usr/lib/gcc/x86_64-linux-gnu/11/../../../../x86_64-linux-gnu/include -internal-externc-isystem /usr/include/x86_64-linux-gnu -internal-externc-isystem /include -internal-externc-isystem /usr/include /home/jialeiwang/mlir-dev/vast-test-cxx/testcases/vtable-available-externally.cpp -I/home/jialeiwang/mlir-dev/vast-test-cxx/testcases -std=c++98 -vast-emit-mlir=ll -o /home/jialeiwang/mlir-dev/vast-test-cxx/build/Output/vtable-available-externally.cpp.tmp.ll && echo '// CHECK-NOT: {{unsup\.|unreach\.|#unsup}}' > /home/jialeiwang/mlir-dev/vast-test-cxx/build/Output/vtable-available-externally.cpp.tmp.check && FileCheck /home/jialeiwang/mlir-dev/vast-test-cxx/build/Output/vtable-available-externally.cpp.tmp.check --input-file=/home/jialeiwang/mlir-dev/vast-test-cxx/build/Output/vtable-available-externally.cpp.tmp.ll && rm /home/jialeiwang/mlir-dev/vast-test-cxx/build/Output/vtable-available-externally.cpp.tmp.check
+ /home/jialeiwang/mlir-dev/vast-fork/builds/default/tools/vast-front/Debug/vast-front -cc1 -internal-isystem /usr/lib/gcc/x86_64-linux-gnu/11/../../../../include/c++/11 -internal-isystem /usr/lib/gcc/x86_64-linux-gnu/11/../../../../include/x86_64-linux-gnu/c++/11 -internal-isystem /usr/lib/gcc/x86_64-linux-gnu/11/../../../../include/c++/11/backward -internal-isystem /home/jialeiwang/apps/llvm18/lib/clang/18/include -internal-isystem /usr/local/include -internal-isystem /usr/lib/gcc/x86_64-linux-gnu/11/../../../../x86_64-linux-gnu/include -internal-externc-isystem /usr/include/x86_64-linux-gnu -internal-externc-isystem /include -internal-externc-isystem /usr/include /home/jialeiwang/mlir-dev/vast-test-cxx/testcases/vtable-available-externally.cpp -I/home/jialeiwang/mlir-dev/vast-test-cxx/testcases -std=c++98 -vast-emit-mlir=ll -o /home/jialeiwang/mlir-dev/vast-test-cxx/build/Output/vtable-available-externally.cpp.tmp.ll
/home/jialeiwang/mlir-dev/vast-test-cxx/testcases/vtable-available-externally.cpp:132:19: warning: direct base 'c1' is inaccessible due to ambiguity:
    struct Test7::c11 -> c10 -> c1
    struct Test7::c11 -> c1 [-Winaccessible-base]
  132 | struct c11 : c10, c1{
      |                   ^~
vast-front: /home/jialeiwang/apps/llvm18/include/llvm/ADT/ScopedHashTable.h:248: llvm::ScopedHashTableScope<llvm::StringRef, mlir::Operation *>::~ScopedHashTableScope() [K = llvm::StringRef, V = mlir::Operation *, KInfo = llvm::DenseMapInfo<StringRef, void>, AllocatorTy = llvm::MallocAllocator]: Assertion `KeyEntry == ThisEntry && "Scope imbalance!"' failed.
PLEASE submit a bug report to https://github.com/trailofbits/vast/issues and include the crash backtrace, preprocessed source, and associated run script.
Stack dump:
/home/jialeiwang/mlir-dev/vast-test-cxx/build/Output/vtable-available-externally.cpp.script: line 2: 1893602 Segmentation fault      /home/jialeiwang/mlir-dev/vast-fork/builds/default/tools/vast-front/Debug/vast-front -cc1 -internal-isystem /usr/lib/gcc/x86_64-linux-gnu/11/../../../../include/c++/11 -internal-isystem /usr/lib/gcc/x86_64-linux-gnu/11/../../../../include/x86_64-linux-gnu/c++/11 -internal-isystem /usr/lib/gcc/x86_64-linux-gnu/11/../../../../include/c++/11/backward -internal-isystem /home/jialeiwang/apps/llvm18/lib/clang/18/include -internal-isystem /usr/local/include -internal-isystem /usr/lib/gcc/x86_64-linux-gnu/11/../../../../x86_64-linux-gnu/include -internal-externc-isystem /usr/include/x86_64-linux-gnu -internal-externc-isystem /include -internal-externc-isystem /usr/include /home/jialeiwang/mlir-dev/vast-test-cxx/testcases/vtable-available-externally.cpp -I/home/jialeiwang/mlir-dev/vast-test-cxx/testcases -std=c++98 -vast-emit-mlir=ll -o /home/jialeiwang/mlir-dev/vast-test-cxx/build/Output/vtable-available-externally.cpp.tmp.ll

--

********************
FAIL: vast-test-cxx :: visibility.cpp (104 of 603)
******************** TEST 'vast-test-cxx :: visibility.cpp' FAILED ********************
Exit Code: 139

Command Output (stderr):
--
RUN: at line 1: /home/jialeiwang/mlir-dev/vast-fork/builds/default/tools/vast-front/Debug/vast-front -cc1 -internal-isystem /usr/lib/gcc/x86_64-linux-gnu/11/../../../../include/c++/11 -internal-isystem /usr/lib/gcc/x86_64-linux-gnu/11/../../../../include/x86_64-linux-gnu/c++/11 -internal-isystem /usr/lib/gcc/x86_64-linux-gnu/11/../../../../include/c++/11/backward -internal-isystem /home/jialeiwang/apps/llvm18/lib/clang/18/include -internal-isystem /usr/local/include -internal-isystem /usr/lib/gcc/x86_64-linux-gnu/11/../../../../x86_64-linux-gnu/include -internal-externc-isystem /usr/include/x86_64-linux-gnu -internal-externc-isystem /include -internal-externc-isystem /usr/include /home/jialeiwang/mlir-dev/vast-test-cxx/testcases/visibility.cpp -std=c++11 -vast-emit-mlir=ll -o /home/jialeiwang/mlir-dev/vast-test-cxx/build/Output/visibility.cpp.tmp.ll && echo '// CHECK-NOT: {{unsup\.|unreach\.|#unsup}}' > /home/jialeiwang/mlir-dev/vast-test-cxx/build/Output/visibility.cpp.tmp.check && FileCheck /home/jialeiwang/mlir-dev/vast-test-cxx/build/Output/visibility.cpp.tmp.check --input-file=/home/jialeiwang/mlir-dev/vast-test-cxx/build/Output/visibility.cpp.tmp.ll && rm /home/jialeiwang/mlir-dev/vast-test-cxx/build/Output/visibility.cpp.tmp.check
+ /home/jialeiwang/mlir-dev/vast-fork/builds/default/tools/vast-front/Debug/vast-front -cc1 -internal-isystem /usr/lib/gcc/x86_64-linux-gnu/11/../../../../include/c++/11 -internal-isystem /usr/lib/gcc/x86_64-linux-gnu/11/../../../../include/x86_64-linux-gnu/c++/11 -internal-isystem /usr/lib/gcc/x86_64-linux-gnu/11/../../../../include/c++/11/backward -internal-isystem /home/jialeiwang/apps/llvm18/lib/clang/18/include -internal-isystem /usr/local/include -internal-isystem /usr/lib/gcc/x86_64-linux-gnu/11/../../../../x86_64-linux-gnu/include -internal-externc-isystem /usr/include/x86_64-linux-gnu -internal-externc-isystem /include -internal-externc-isystem /usr/include /home/jialeiwang/mlir-dev/vast-test-cxx/testcases/visibility.cpp -std=c++11 -vast-emit-mlir=ll -o /home/jialeiwang/mlir-dev/vast-test-cxx/build/Output/visibility.cpp.tmp.ll
/home/jialeiwang/mlir-dev/vast-test-cxx/testcases/visibility.cpp:84:40: warning: variable templates are a C++14 extension [-Wc++14-extensions]
   84 |     template <class U> HIDDEN static U var2;
      |                                        ^
/home/jialeiwang/mlir-dev/vast-test-cxx/testcases/visibility.cpp:87:13: warning: variable templates are a C++14 extension [-Wc++14-extensions]
   87 |   U foo<T>::var2;
      |             ^
/home/jialeiwang/mlir-dev/vast-test-cxx/testcases/visibility.cpp:102:32: warning: variable templates are a C++14 extension [-Wc++14-extensions]
  102 |   template<foo *z> DEFAULT int var;
      |                                ^
/home/jialeiwang/mlir-dev/vast-test-cxx/testcases/visibility.cpp:94:37: warning: instantiation of variable 'test72::foo<long>::var1' required here, but no definition is available [-Wundefined-var-template]
   94 |     return o.var1 + o.var2<int> + p.var1 + p.var2<int>;
      |                                     ^
/home/jialeiwang/mlir-dev/vast-test-cxx/testcases/visibility.cpp:83:23: note: forward declaration of template entity is here
   83 |     HIDDEN static int var1;
      |                       ^
/home/jialeiwang/mlir-dev/vast-test-cxx/testcases/visibility.cpp:94:37: note: add an explicit instantiation declaration to suppress this warning if 'test72::foo<long>::var1' is explicitly instantiated in another translation unit
   94 |     return o.var1 + o.var2<int> + p.var1 + p.var2<int>;
      |                                     ^
/home/jialeiwang/mlir-dev/vast-test-cxx/testcases/visibility.cpp:308:28: warning: instantiation of variable 'Test15::Temp<Test15::A>::Inner::buffer' required here, but no definition is available [-Wundefined-var-template]
  308 |     return Temp<A>::Inner::buffer;
      |                            ^
/home/jialeiwang/mlir-dev/vast-test-cxx/testcases/visibility.cpp:303:19: note: forward declaration of template entity is here
  303 |       static char buffer[0];
      |                   ^
/home/jialeiwang/mlir-dev/vast-test-cxx/testcases/visibility.cpp:308:28: note: add an explicit instantiation declaration to suppress this warning if 'Test15::Temp<Test15::A>::Inner::buffer' is explicitly instantiated in another translation unit
  308 |     return Temp<A>::Inner::buffer;
      |                            ^
vast-front: /home/jialeiwang/apps/llvm18/include/llvm/ADT/ScopedHashTable.h:244: llvm::ScopedHashTableScope<llvm::StringRef, mlir::Operation *>::~ScopedHashTableScope() [K = llvm::StringRef, V = mlir::Operation *, KInfo = llvm::DenseMapInfo<StringRef, void>, AllocatorTy = llvm::MallocAllocator]: Assertion `HT.TopLevelMap[ThisEntry->getKey()] == ThisEntry && "Scope imbalance!"' failed.
PLEASE submit a bug report to https://github.com/trailofbits/vast/issues and include the crash backtrace, preprocessed source, and associated run script.
Stack dump:
/home/jialeiwang/mlir-dev/vast-test-cxx/build/Output/visibility.cpp.script: line 3: 1893598 Segmentation fault      /home/jialeiwang/mlir-dev/vast-fork/builds/default/tools/vast-front/Debug/vast-front -cc1 -internal-isystem /usr/lib/gcc/x86_64-linux-gnu/11/../../../../include/c++/11 -internal-isystem /usr/lib/gcc/x86_64-linux-gnu/11/../../../../include/x86_64-linux-gnu/c++/11 -internal-isystem /usr/lib/gcc/x86_64-linux-gnu/11/../../../../include/c++/11/backward -internal-isystem /home/jialeiwang/apps/llvm18/lib/clang/18/include -internal-isystem /usr/local/include -internal-isystem /usr/lib/gcc/x86_64-linux-gnu/11/../../../../x86_64-linux-gnu/include -internal-externc-isystem /usr/include/x86_64-linux-gnu -internal-externc-isystem /include -internal-externc-isystem /usr/include /home/jialeiwang/mlir-dev/vast-test-cxx/testcases/visibility.cpp -std=c++11 -vast-emit-mlir=ll -o /home/jialeiwang/mlir-dev/vast-test-cxx/build/Output/visibility.cpp.tmp.ll

--

********************
FAIL: vast-test-cxx :: exception/exception-spec-decay.cpp (123 of 603)
******************** TEST 'vast-test-cxx :: exception/exception-spec-decay.cpp' FAILED ********************
Exit Code: 132

Command Output (stderr):
--
RUN: at line 1: /home/jialeiwang/mlir-dev/vast-fork/builds/default/tools/vast-front/Debug/vast-front -cc1 -internal-isystem /usr/lib/gcc/x86_64-linux-gnu/11/../../../../include/c++/11 -internal-isystem /usr/lib/gcc/x86_64-linux-gnu/11/../../../../include/x86_64-linux-gnu/c++/11 -internal-isystem /usr/lib/gcc/x86_64-linux-gnu/11/../../../../include/c++/11/backward -internal-isystem /home/jialeiwang/apps/llvm18/lib/clang/18/include -internal-isystem /usr/local/include -internal-isystem /usr/lib/gcc/x86_64-linux-gnu/11/../../../../x86_64-linux-gnu/include -internal-externc-isystem /usr/include/x86_64-linux-gnu -internal-externc-isystem /include -internal-externc-isystem /usr/include -std=c++2b -fcxx-exceptions -fexceptions -Wno-dynamic-exception-spec /home/jialeiwang/mlir-dev/vast-test-cxx/testcases/exception/exception-spec-decay.cpp -vast-emit-mlir=ll -o /home/jialeiwang/mlir-dev/vast-test-cxx/build/exception/Output/exception-spec-decay.cpp.tmp.ll && echo '// CHECK-NOT: {{unsup\.|unreach\.|#unsup}}' > /home/jialeiwang/mlir-dev/vast-test-cxx/build/exception/Output/exception-spec-decay.cpp.tmp.check && FileCheck /home/jialeiwang/mlir-dev/vast-test-cxx/build/exception/Output/exception-spec-decay.cpp.tmp.check --input-file=/home/jialeiwang/mlir-dev/vast-test-cxx/build/exception/Output/exception-spec-decay.cpp.tmp.ll && rm /home/jialeiwang/mlir-dev/vast-test-cxx/build/exception/Output/exception-spec-decay.cpp.tmp.check
+ /home/jialeiwang/mlir-dev/vast-fork/builds/default/tools/vast-front/Debug/vast-front -cc1 -internal-isystem /usr/lib/gcc/x86_64-linux-gnu/11/../../../../include/c++/11 -internal-isystem /usr/lib/gcc/x86_64-linux-gnu/11/../../../../include/x86_64-linux-gnu/c++/11 -internal-isystem /usr/lib/gcc/x86_64-linux-gnu/11/../../../../include/c++/11/backward -internal-isystem /home/jialeiwang/apps/llvm18/lib/clang/18/include -internal-isystem /usr/local/include -internal-isystem /usr/lib/gcc/x86_64-linux-gnu/11/../../../../x86_64-linux-gnu/include -internal-externc-isystem /usr/include/x86_64-linux-gnu -internal-externc-isystem /include -internal-externc-isystem /usr/include -std=c++2b -fcxx-exceptions -fexceptions -Wno-dynamic-exception-spec /home/jialeiwang/mlir-dev/vast-test-cxx/testcases/exception/exception-spec-decay.cpp -vast-emit-mlir=ll -o /home/jialeiwang/mlir-dev/vast-test-cxx/build/exception/Output/exception-spec-decay.cpp.tmp.ll
/home/jialeiwang/mlir-dev/vast-test-cxx/testcases/exception/exception-spec-decay.cpp:5:3: error: unexpected error: 'hl.throw.alloc' op result #0 must be lvalue to any type, but got '!hl.ptr<si32>'
  throw 0;
  ^
/home/jialeiwang/mlir-dev/vast-test-cxx/testcases/exception/exception-spec-decay.cpp:5:3: error: unexpected note: see current operation: 
%0 = "hl.throw.alloc"() ({
  %2 = "hl.const"() {value = #core.integer<0> : si32} : () -> si32
  "hl.value.yield"(%2) : (si32) -> ()
}) : () -> !hl.ptr<si32>
  throw 0;
  ^


[VAST fatal] MLIR pass manager failed when running vast passes
PLEASE submit a bug report to https://github.com/trailofbits/vast/issues and include the crash backtrace, preprocessed source, and associated run script.
Stack dump:
0.	Program arguments: /home/jialeiwang/mlir-dev/vast-fork/builds/default/tools/vast-front/Debug/vast-front -cc1 -internal-isystem /usr/lib/gcc/x86_64-linux-gnu/11/../../../../include/c++/11 -internal-isystem /usr/lib/gcc/x86_64-linux-gnu/11/../../../../include/x86_64-linux-gnu/c++/11 -internal-isystem /usr/lib/gcc/x86_64-linux-gnu/11/../../../../include/c++/11/backward -internal-isystem /home/jialeiwang/apps/llvm18/lib/clang/18/include -internal-isystem /usr/local/include -internal-isystem /usr/lib/gcc/x86_64-linux-gnu/11/../../../../x86_64-linux-gnu/include -internal-externc-isystem /usr/include/x86_64-linux-gnu -internal-externc-isystem /include -internal-externc-isystem /usr/include -std=c++2b -fcxx-exceptions -fexceptions -Wno-dynamic-exception-spec /home/jialeiwang/mlir-dev/vast-test-cxx/testcases/exception/exception-spec-decay.cpp -vast-emit-mlir=ll -o /home/jialeiwang/mlir-dev/vast-test-cxx/build/exception/Output/exception-spec-decay.cpp.tmp.ll
1.	<eof> parser at end of file
 #0 0x00005605ae31e248 llvm::sys::PrintStackTrace(llvm::raw_ostream&, int) (/home/jialeiwang/mlir-dev/vast-fork/builds/default/tools/vast-front/Debug/vast-front+0xb570248)
 #1 0x00005605ae31c02e llvm::sys::RunSignalHandlers() (/home/jialeiwang/mlir-dev/vast-fork/builds/default/tools/vast-front/Debug/vast-front+0xb56e02e)
 #2 0x00005605ae31e8d8 SignalHandler(int) Signals.cpp:0:0
 #3 0x00007cdc5ac42520 (/lib/x86_64-linux-gnu/libc.so.6+0x42520)
 #4 0x00005605a7b146e8 vast::cc::vast_stream_consumer::process_mlir_module(vast::cc::target_dialect, mlir::ModuleOp) /home/jialeiwang/mlir-dev/vast-fork/lib/vast/Frontend/Consumer.cpp:205:9
 #5 0x00005605a7b139a1 vast::cc::vast_stream_consumer::emit_mlir_output(vast::cc::target_dialect, mlir::OwningOpRef<mlir::ModuleOp>) /home/jialeiwang/mlir-dev/vast-fork/lib/vast/Frontend/Consumer.cpp:227:9
 #6 0x00005605a7b1347b vast::cc::vast_stream_consumer::HandleTranslationUnit(clang::ASTContext&) /home/jialeiwang/mlir-dev/vast-fork/lib/vast/Frontend/Consumer.cpp:137:28
 #7 0x00005605abda4eb6 clang::ParseAST(clang::Sema&, bool, bool) (/home/jialeiwang/mlir-dev/vast-fork/builds/default/tools/vast-front/Debug/vast-front+0x8ff6eb6)
 #8 0x00005605a75b1be5 vast::cc::vast_stream_action::ExecuteAction() /home/jialeiwang/mlir-dev/vast-fork/lib/vast/Frontend/Action.cpp:75:5
 #9 0x00005605ab8ecac7 clang::FrontendAction::Execute() (/home/jialeiwang/mlir-dev/vast-fork/builds/default/tools/vast-front/Debug/vast-front+0x8b3eac7)
#10 0x00005605ab861f34 clang::CompilerInstance::ExecuteAction(clang::FrontendAction&) (/home/jialeiwang/mlir-dev/vast-fork/builds/default/tools/vast-front/Debug/vast-front+0x8ab3f34)
#11 0x00005605a7598d11 vast::cc::execute_compiler_invocation(clang::CompilerInstance*, vast::cc::vast_args const&) /home/jialeiwang/mlir-dev/vast-fork/tools/vast-front/compiler_invocation.cpp:105:28
#12 0x00005605a75adf20 vast::cc::cc1(vast::cc::vast_args const&, llvm::ArrayRef<char const*>, char const*, void*) /home/jialeiwang/mlir-dev/vast-fork/tools/vast-front/cc1.cpp:116:23
#13 0x00005605a759e924 execute_cc1_tool(llvm::SmallVectorImpl<char const*>&) /home/jialeiwang/mlir-dev/vast-fork/tools/vast-front/driver.cpp:71:16
#14 0x00005605a759dfbb main /home/jialeiwang/mlir-dev/vast-fork/tools/vast-front/driver.cpp:143:20
#15 0x00007cdc5ac29d90 __libc_start_call_main ./csu/../sysdeps/nptl/libc_start_call_main.h:58:16
#16 0x00007cdc5ac29e40 call_init ./csu/../csu/libc-start.c:128:20
#17 0x00007cdc5ac29e40 __libc_start_main ./csu/../csu/libc-start.c:379:5
#18 0x00005605a7597525 _start (/home/jialeiwang/mlir-dev/vast-fork/builds/default/tools/vast-front/Debug/vast-front+0x47e9525)
/home/jialeiwang/mlir-dev/vast-test-cxx/build/exception/Output/exception-spec-decay.cpp.script: line 1: 1893557 Illegal instruction     /home/jialeiwang/mlir-dev/vast-fork/builds/default/tools/vast-front/Debug/vast-front -cc1 -internal-isystem /usr/lib/gcc/x86_64-linux-gnu/11/../../../../include/c++/11 -internal-isystem /usr/lib/gcc/x86_64-linux-gnu/11/../../../../include/x86_64-linux-gnu/c++/11 -internal-isystem /usr/lib/gcc/x86_64-linux-gnu/11/../../../../include/c++/11/backward -internal-isystem /home/jialeiwang/apps/llvm18/lib/clang/18/include -internal-isystem /usr/local/include -internal-isystem /usr/lib/gcc/x86_64-linux-gnu/11/../../../../x86_64-linux-gnu/include -internal-externc-isystem /usr/include/x86_64-linux-gnu -internal-externc-isystem /include -internal-externc-isystem /usr/include -std=c++2b -fcxx-exceptions -fexceptions -Wno-dynamic-exception-spec /home/jialeiwang/mlir-dev/vast-test-cxx/testcases/exception/exception-spec-decay.cpp -vast-emit-mlir=ll -o /home/jialeiwang/mlir-dev/vast-test-cxx/build/exception/Output/exception-spec-decay.cpp.tmp.ll

--

********************
FAIL: vast-test-cxx :: rtti-qualfn.cpp (124 of 603)
******************** TEST 'vast-test-cxx :: rtti-qualfn.cpp' FAILED ********************
Exit Code: 132

Command Output (stderr):
--
RUN: at line 1: /home/jialeiwang/mlir-dev/vast-fork/builds/default/tools/vast-front/Debug/vast-front -cc1 -internal-isystem /usr/lib/gcc/x86_64-linux-gnu/11/../../../../include/c++/11 -internal-isystem /usr/lib/gcc/x86_64-linux-gnu/11/../../../../include/x86_64-linux-gnu/c++/11 -internal-isystem /usr/lib/gcc/x86_64-linux-gnu/11/../../../../include/c++/11/backward -internal-isystem /home/jialeiwang/apps/llvm18/lib/clang/18/include -internal-isystem /usr/local/include -internal-isystem /usr/lib/gcc/x86_64-linux-gnu/11/../../../../x86_64-linux-gnu/include -internal-externc-isystem /usr/include/x86_64-linux-gnu -internal-externc-isystem /include -internal-externc-isystem /usr/include -std=c++1z -I/home/jialeiwang/mlir-dev/vast-test-cxx/testcases /home/jialeiwang/mlir-dev/vast-test-cxx/testcases/rtti-qualfn.cpp -fcxx-exceptions -vast-emit-mlir=ll -o /home/jialeiwang/mlir-dev/vast-test-cxx/build/Output/rtti-qualfn.cpp.tmp.ll && echo '// CHECK-NOT: {{unsup\.|unreach\.|#unsup}}' > /home/jialeiwang/mlir-dev/vast-test-cxx/build/Output/rtti-qualfn.cpp.tmp.check && FileCheck /home/jialeiwang/mlir-dev/vast-test-cxx/build/Output/rtti-qualfn.cpp.tmp.check --input-file=/home/jialeiwang/mlir-dev/vast-test-cxx/build/Output/rtti-qualfn.cpp.tmp.ll && rm /home/jialeiwang/mlir-dev/vast-test-cxx/build/Output/rtti-qualfn.cpp.tmp.check
+ /home/jialeiwang/mlir-dev/vast-fork/builds/default/tools/vast-front/Debug/vast-front -cc1 -internal-isystem /usr/lib/gcc/x86_64-linux-gnu/11/../../../../include/c++/11 -internal-isystem /usr/lib/gcc/x86_64-linux-gnu/11/../../../../include/x86_64-linux-gnu/c++/11 -internal-isystem /usr/lib/gcc/x86_64-linux-gnu/11/../../../../include/c++/11/backward -internal-isystem /home/jialeiwang/apps/llvm18/lib/clang/18/include -internal-isystem /usr/local/include -internal-isystem /usr/lib/gcc/x86_64-linux-gnu/11/../../../../x86_64-linux-gnu/include -internal-externc-isystem /usr/include/x86_64-linux-gnu -internal-externc-isystem /include -internal-externc-isystem /usr/include -std=c++1z -I/home/jialeiwang/mlir-dev/vast-test-cxx/testcases /home/jialeiwang/mlir-dev/vast-test-cxx/testcases/rtti-qualfn.cpp -fcxx-exceptions -vast-emit-mlir=ll -o /home/jialeiwang/mlir-dev/vast-test-cxx/build/Output/rtti-qualfn.cpp.tmp.ll
/home/jialeiwang/mlir-dev/vast-test-cxx/testcases/rtti-qualfn.cpp:11:3: warning: 'f' has a non-throwing exception specification but can still throw [-Wexceptions]
   11 |   throw f;
      |   ^
/home/jialeiwang/mlir-dev/vast-test-cxx/testcases/rtti-qualfn.cpp:10:32: note: function declared non-throwing here
   10 | __attribute__((noreturn)) void f() noexcept {
      |                                ^   ~~~~~~~~
/home/jialeiwang/mlir-dev/vast-test-cxx/testcases/rtti-qualfn.cpp:11:3: error: unexpected error: 'hl.throw.alloc' op result #0 must be lvalue to any type, but got '!hl.ptr<!hl.ptr<!core.fn<() -> (!hl.void)>>>'
  throw f;
  ^
/home/jialeiwang/mlir-dev/vast-test-cxx/testcases/rtti-qualfn.cpp:11:3: error: unexpected note: see current operation: 
%0 = "hl.throw.alloc"() ({
  %2 = "hl.funcref"() {function = @"f()"} : () -> !hl.ptr<!core.fn<() -> (!hl.void)>>
  %3 = "hl.cast"(%2) {kind = 12 : i64} : (!hl.ptr<!core.fn<() -> (!hl.void)>>) -> !hl.ptr<!core.fn<() -> (!hl.void)>>
  "hl.value.yield"(%3) : (!hl.ptr<!core.fn<() -> (!hl.void)>>) -> ()
}) : () -> !hl.ptr<!hl.ptr<!core.fn<() -> (!hl.void)>>>
  throw f;
  ^


[VAST fatal] MLIR pass manager failed when running vast passes
PLEASE submit a bug report to https://github.com/trailofbits/vast/issues and include the crash backtrace, preprocessed source, and associated run script.
Stack dump:
0.	Program arguments: /home/jialeiwang/mlir-dev/vast-fork/builds/default/tools/vast-front/Debug/vast-front -cc1 -internal-isystem /usr/lib/gcc/x86_64-linux-gnu/11/../../../../include/c++/11 -internal-isystem /usr/lib/gcc/x86_64-linux-gnu/11/../../../../include/x86_64-linux-gnu/c++/11 -internal-isystem /usr/lib/gcc/x86_64-linux-gnu/11/../../../../include/c++/11/backward -internal-isystem /home/jialeiwang/apps/llvm18/lib/clang/18/include -internal-isystem /usr/local/include -internal-isystem /usr/lib/gcc/x86_64-linux-gnu/11/../../../../x86_64-linux-gnu/include -internal-externc-isystem /usr/include/x86_64-linux-gnu -internal-externc-isystem /include -internal-externc-isystem /usr/include -std=c++1z -I/home/jialeiwang/mlir-dev/vast-test-cxx/testcases /home/jialeiwang/mlir-dev/vast-test-cxx/testcases/rtti-qualfn.cpp -fcxx-exceptions -vast-emit-mlir=ll -o /home/jialeiwang/mlir-dev/vast-test-cxx/build/Output/rtti-qualfn.cpp.tmp.ll
1.	<eof> parser at end of file
 #0 0x000058b97427a248 llvm::sys::PrintStackTrace(llvm::raw_ostream&, int) (/home/jialeiwang/mlir-dev/vast-fork/builds/default/tools/vast-front/Debug/vast-front+0xb570248)
 #1 0x000058b97427802e llvm::sys::RunSignalHandlers() (/home/jialeiwang/mlir-dev/vast-fork/builds/default/tools/vast-front/Debug/vast-front+0xb56e02e)
 #2 0x000058b97427a8d8 SignalHandler(int) Signals.cpp:0:0
 #3 0x00007b4b03242520 (/lib/x86_64-linux-gnu/libc.so.6+0x42520)
 #4 0x000058b96da706e8 vast::cc::vast_stream_consumer::process_mlir_module(vast::cc::target_dialect, mlir::ModuleOp) /home/jialeiwang/mlir-dev/vast-fork/lib/vast/Frontend/Consumer.cpp:205:9
 #5 0x000058b96da6f9a1 vast::cc::vast_stream_consumer::emit_mlir_output(vast::cc::target_dialect, mlir::OwningOpRef<mlir::ModuleOp>) /home/jialeiwang/mlir-dev/vast-fork/lib/vast/Frontend/Consumer.cpp:227:9
 #6 0x000058b96da6f47b vast::cc::vast_stream_consumer::HandleTranslationUnit(clang::ASTContext&) /home/jialeiwang/mlir-dev/vast-fork/lib/vast/Frontend/Consumer.cpp:137:28
 #7 0x000058b971d00eb6 clang::ParseAST(clang::Sema&, bool, bool) (/home/jialeiwang/mlir-dev/vast-fork/builds/default/tools/vast-front/Debug/vast-front+0x8ff6eb6)
 #8 0x000058b96d50dbe5 vast::cc::vast_stream_action::ExecuteAction() /home/jialeiwang/mlir-dev/vast-fork/lib/vast/Frontend/Action.cpp:75:5
 #9 0x000058b971848ac7 clang::FrontendAction::Execute() (/home/jialeiwang/mlir-dev/vast-fork/builds/default/tools/vast-front/Debug/vast-front+0x8b3eac7)
#10 0x000058b9717bdf34 clang::CompilerInstance::ExecuteAction(clang::FrontendAction&) (/home/jialeiwang/mlir-dev/vast-fork/builds/default/tools/vast-front/Debug/vast-front+0x8ab3f34)
#11 0x000058b96d4f4d11 vast::cc::execute_compiler_invocation(clang::CompilerInstance*, vast::cc::vast_args const&) /home/jialeiwang/mlir-dev/vast-fork/tools/vast-front/compiler_invocation.cpp:105:28
#12 0x000058b96d509f20 vast::cc::cc1(vast::cc::vast_args const&, llvm::ArrayRef<char const*>, char const*, void*) /home/jialeiwang/mlir-dev/vast-fork/tools/vast-front/cc1.cpp:116:23
#13 0x000058b96d4fa924 execute_cc1_tool(llvm::SmallVectorImpl<char const*>&) /home/jialeiwang/mlir-dev/vast-fork/tools/vast-front/driver.cpp:71:16
#14 0x000058b96d4f9fbb main /home/jialeiwang/mlir-dev/vast-fork/tools/vast-front/driver.cpp:143:20
#15 0x00007b4b03229d90 __libc_start_call_main ./csu/../sysdeps/nptl/libc_start_call_main.h:58:16
#16 0x00007b4b03229e40 call_init ./csu/../csu/libc-start.c:128:20
#17 0x00007b4b03229e40 __libc_start_main ./csu/../csu/libc-start.c:379:5
#18 0x000058b96d4f3525 _start (/home/jialeiwang/mlir-dev/vast-fork/builds/default/tools/vast-front/Debug/vast-front+0x47e9525)
/home/jialeiwang/mlir-dev/vast-test-cxx/build/Output/rtti-qualfn.cpp.script: line 1: 1893566 Illegal instruction     /home/jialeiwang/mlir-dev/vast-fork/builds/default/tools/vast-front/Debug/vast-front -cc1 -internal-isystem /usr/lib/gcc/x86_64-linux-gnu/11/../../../../include/c++/11 -internal-isystem /usr/lib/gcc/x86_64-linux-gnu/11/../../../../include/x86_64-linux-gnu/c++/11 -internal-isystem /usr/lib/gcc/x86_64-linux-gnu/11/../../../../include/c++/11/backward -internal-isystem /home/jialeiwang/apps/llvm18/lib/clang/18/include -internal-isystem /usr/local/include -internal-isystem /usr/lib/gcc/x86_64-linux-gnu/11/../../../../x86_64-linux-gnu/include -internal-externc-isystem /usr/include/x86_64-linux-gnu -internal-externc-isystem /include -internal-externc-isystem /usr/include -std=c++1z -I/home/jialeiwang/mlir-dev/vast-test-cxx/testcases /home/jialeiwang/mlir-dev/vast-test-cxx/testcases/rtti-qualfn.cpp -fcxx-exceptions -vast-emit-mlir=ll -o /home/jialeiwang/mlir-dev/vast-test-cxx/build/Output/rtti-qualfn.cpp.tmp.ll

--

********************
FAIL: vast-test-cxx :: exception/throw-expression-cleanup.cpp (125 of 603)
******************** TEST 'vast-test-cxx :: exception/throw-expression-cleanup.cpp' FAILED ********************
Exit Code: 132

Command Output (stderr):
--
RUN: at line 1: /home/jialeiwang/mlir-dev/vast-fork/builds/default/tools/vast-front/Debug/vast-front -cc1 -internal-isystem /usr/lib/gcc/x86_64-linux-gnu/11/../../../../include/c++/11 -internal-isystem /usr/lib/gcc/x86_64-linux-gnu/11/../../../../include/x86_64-linux-gnu/c++/11 -internal-isystem /usr/lib/gcc/x86_64-linux-gnu/11/../../../../include/c++/11/backward -internal-isystem /home/jialeiwang/apps/llvm18/lib/clang/18/include -internal-isystem /usr/local/include -internal-isystem /usr/lib/gcc/x86_64-linux-gnu/11/../../../../x86_64-linux-gnu/include -internal-externc-isystem /usr/include/x86_64-linux-gnu -internal-externc-isystem /include -internal-externc-isystem /usr/include /home/jialeiwang/mlir-dev/vast-test-cxx/testcases/exception/throw-expression-cleanup.cpp -fcxx-exceptions -fexceptions -std=c++11 -vast-emit-mlir=ll -o /home/jialeiwang/mlir-dev/vast-test-cxx/build/exception/Output/throw-expression-cleanup.cpp.tmp.ll && echo '// CHECK-NOT: {{unsup\.|unreach\.|#unsup}}' > /home/jialeiwang/mlir-dev/vast-test-cxx/build/exception/Output/throw-expression-cleanup.cpp.tmp.check && FileCheck /home/jialeiwang/mlir-dev/vast-test-cxx/build/exception/Output/throw-expression-cleanup.cpp.tmp.check --input-file=/home/jialeiwang/mlir-dev/vast-test-cxx/build/exception/Output/throw-expression-cleanup.cpp.tmp.ll && rm /home/jialeiwang/mlir-dev/vast-test-cxx/build/exception/Output/throw-expression-cleanup.cpp.tmp.check
+ /home/jialeiwang/mlir-dev/vast-fork/builds/default/tools/vast-front/Debug/vast-front -cc1 -internal-isystem /usr/lib/gcc/x86_64-linux-gnu/11/../../../../include/c++/11 -internal-isystem /usr/lib/gcc/x86_64-linux-gnu/11/../../../../include/x86_64-linux-gnu/c++/11 -internal-isystem /usr/lib/gcc/x86_64-linux-gnu/11/../../../../include/c++/11/backward -internal-isystem /home/jialeiwang/apps/llvm18/lib/clang/18/include -internal-isystem /usr/local/include -internal-isystem /usr/lib/gcc/x86_64-linux-gnu/11/../../../../x86_64-linux-gnu/include -internal-externc-isystem /usr/include/x86_64-linux-gnu -internal-externc-isystem /include -internal-externc-isystem /usr/include /home/jialeiwang/mlir-dev/vast-test-cxx/testcases/exception/throw-expression-cleanup.cpp -fcxx-exceptions -fexceptions -std=c++11 -vast-emit-mlir=ll -o /home/jialeiwang/mlir-dev/vast-test-cxx/build/exception/Output/throw-expression-cleanup.cpp.tmp.ll
/home/jialeiwang/mlir-dev/vast-test-cxx/testcases/exception/throw-expression-cleanup.cpp:12:5: error: unexpected error: 'hl.throw.alloc' op result #0 must be lvalue to any type, but got '!hl.ptr<!hl.record<"Error">>'
    throw Error(X());
    ^
/home/jialeiwang/mlir-dev/vast-test-cxx/testcases/exception/throw-expression-cleanup.cpp:12:5: error: unexpected note: see current operation: %1 = "hl.throw.alloc"() : () -> !hl.ptr<!hl.record<"Error">>
    throw Error(X());
    ^


[VAST fatal] MLIR pass manager failed when running vast passes
PLEASE submit a bug report to https://github.com/trailofbits/vast/issues and include the crash backtrace, preprocessed source, and associated run script.
Stack dump:
0.	Program arguments: /home/jialeiwang/mlir-dev/vast-fork/builds/default/tools/vast-front/Debug/vast-front -cc1 -internal-isystem /usr/lib/gcc/x86_64-linux-gnu/11/../../../../include/c++/11 -internal-isystem /usr/lib/gcc/x86_64-linux-gnu/11/../../../../include/x86_64-linux-gnu/c++/11 -internal-isystem /usr/lib/gcc/x86_64-linux-gnu/11/../../../../include/c++/11/backward -internal-isystem /home/jialeiwang/apps/llvm18/lib/clang/18/include -internal-isystem /usr/local/include -internal-isystem /usr/lib/gcc/x86_64-linux-gnu/11/../../../../x86_64-linux-gnu/include -internal-externc-isystem /usr/include/x86_64-linux-gnu -internal-externc-isystem /include -internal-externc-isystem /usr/include /home/jialeiwang/mlir-dev/vast-test-cxx/testcases/exception/throw-expression-cleanup.cpp -fcxx-exceptions -fexceptions -std=c++11 -vast-emit-mlir=ll -o /home/jialeiwang/mlir-dev/vast-test-cxx/build/exception/Output/throw-expression-cleanup.cpp.tmp.ll
1.	<eof> parser at end of file
 #0 0x000057b4b1408248 llvm::sys::PrintStackTrace(llvm::raw_ostream&, int) (/home/jialeiwang/mlir-dev/vast-fork/builds/default/tools/vast-front/Debug/vast-front+0xb570248)
 #1 0x000057b4b140602e llvm::sys::RunSignalHandlers() (/home/jialeiwang/mlir-dev/vast-fork/builds/default/tools/vast-front/Debug/vast-front+0xb56e02e)
 #2 0x000057b4b14088d8 SignalHandler(int) Signals.cpp:0:0
 #3 0x000078b5f5e42520 (/lib/x86_64-linux-gnu/libc.so.6+0x42520)
 #4 0x000057b4aabfe6e8 vast::cc::vast_stream_consumer::process_mlir_module(vast::cc::target_dialect, mlir::ModuleOp) /home/jialeiwang/mlir-dev/vast-fork/lib/vast/Frontend/Consumer.cpp:205:9
 #5 0x000057b4aabfd9a1 vast::cc::vast_stream_consumer::emit_mlir_output(vast::cc::target_dialect, mlir::OwningOpRef<mlir::ModuleOp>) /home/jialeiwang/mlir-dev/vast-fork/lib/vast/Frontend/Consumer.cpp:227:9
 #6 0x000057b4aabfd47b vast::cc::vast_stream_consumer::HandleTranslationUnit(clang::ASTContext&) /home/jialeiwang/mlir-dev/vast-fork/lib/vast/Frontend/Consumer.cpp:137:28
 #7 0x000057b4aee8eeb6 clang::ParseAST(clang::Sema&, bool, bool) (/home/jialeiwang/mlir-dev/vast-fork/builds/default/tools/vast-front/Debug/vast-front+0x8ff6eb6)
 #8 0x000057b4aa69bbe5 vast::cc::vast_stream_action::ExecuteAction() /home/jialeiwang/mlir-dev/vast-fork/lib/vast/Frontend/Action.cpp:75:5
 #9 0x000057b4ae9d6ac7 clang::FrontendAction::Execute() (/home/jialeiwang/mlir-dev/vast-fork/builds/default/tools/vast-front/Debug/vast-front+0x8b3eac7)
#10 0x000057b4ae94bf34 clang::CompilerInstance::ExecuteAction(clang::FrontendAction&) (/home/jialeiwang/mlir-dev/vast-fork/builds/default/tools/vast-front/Debug/vast-front+0x8ab3f34)
#11 0x000057b4aa682d11 vast::cc::execute_compiler_invocation(clang::CompilerInstance*, vast::cc::vast_args const&) /home/jialeiwang/mlir-dev/vast-fork/tools/vast-front/compiler_invocation.cpp:105:28
#12 0x000057b4aa697f20 vast::cc::cc1(vast::cc::vast_args const&, llvm::ArrayRef<char const*>, char const*, void*) /home/jialeiwang/mlir-dev/vast-fork/tools/vast-front/cc1.cpp:116:23
#13 0x000057b4aa688924 execute_cc1_tool(llvm::SmallVectorImpl<char const*>&) /home/jialeiwang/mlir-dev/vast-fork/tools/vast-front/driver.cpp:71:16
#14 0x000057b4aa687fbb main /home/jialeiwang/mlir-dev/vast-fork/tools/vast-front/driver.cpp:143:20
#15 0x000078b5f5e29d90 __libc_start_call_main ./csu/../sysdeps/nptl/libc_start_call_main.h:58:16
#16 0x000078b5f5e29e40 call_init ./csu/../csu/libc-start.c:128:20
#17 0x000078b5f5e29e40 __libc_start_main ./csu/../csu/libc-start.c:379:5
#18 0x000057b4aa681525 _start (/home/jialeiwang/mlir-dev/vast-fork/builds/default/tools/vast-front/Debug/vast-front+0x47e9525)
/home/jialeiwang/mlir-dev/vast-test-cxx/build/exception/Output/throw-expression-cleanup.cpp.script: line 1: 1893599 Illegal instruction     /home/jialeiwang/mlir-dev/vast-fork/builds/default/tools/vast-front/Debug/vast-front -cc1 -internal-isystem /usr/lib/gcc/x86_64-linux-gnu/11/../../../../include/c++/11 -internal-isystem /usr/lib/gcc/x86_64-linux-gnu/11/../../../../include/x86_64-linux-gnu/c++/11 -internal-isystem /usr/lib/gcc/x86_64-linux-gnu/11/../../../../include/c++/11/backward -internal-isystem /home/jialeiwang/apps/llvm18/lib/clang/18/include -internal-isystem /usr/local/include -internal-isystem /usr/lib/gcc/x86_64-linux-gnu/11/../../../../x86_64-linux-gnu/include -internal-externc-isystem /usr/include/x86_64-linux-gnu -internal-externc-isystem /include -internal-externc-isystem /usr/include /home/jialeiwang/mlir-dev/vast-test-cxx/testcases/exception/throw-expression-cleanup.cpp -fcxx-exceptions -fexceptions -std=c++11 -vast-emit-mlir=ll -o /home/jialeiwang/mlir-dev/vast-test-cxx/build/exception/Output/throw-expression-cleanup.cpp.tmp.ll

--

********************
FAIL: vast-test-cxx :: vararg-non-pod.cpp (127 of 603)
******************** TEST 'vast-test-cxx :: vararg-non-pod.cpp' FAILED ********************
Exit Code: 132

Command Output (stderr):
--
RUN: at line 1: /home/jialeiwang/mlir-dev/vast-fork/builds/default/tools/vast-front/Debug/vast-front -cc1 -internal-isystem /usr/lib/gcc/x86_64-linux-gnu/11/../../../../include/c++/11 -internal-isystem /usr/lib/gcc/x86_64-linux-gnu/11/../../../../include/x86_64-linux-gnu/c++/11 -internal-isystem /usr/lib/gcc/x86_64-linux-gnu/11/../../../../include/c++/11/backward -internal-isystem /home/jialeiwang/apps/llvm18/lib/clang/18/include -internal-isystem /usr/local/include -internal-isystem /usr/lib/gcc/x86_64-linux-gnu/11/../../../../x86_64-linux-gnu/include -internal-externc-isystem /usr/include/x86_64-linux-gnu -internal-externc-isystem /include -internal-externc-isystem /usr/include -Wno-error=non-pod-varargs /home/jialeiwang/mlir-dev/vast-test-cxx/testcases/vararg-non-pod.cpp -vast-emit-mlir=ll -o /home/jialeiwang/mlir-dev/vast-test-cxx/build/Output/vararg-non-pod.cpp.tmp.ll && echo '// CHECK-NOT: {{unsup\.|unreach\.|#unsup}}' > /home/jialeiwang/mlir-dev/vast-test-cxx/build/Output/vararg-non-pod.cpp.tmp.check && FileCheck /home/jialeiwang/mlir-dev/vast-test-cxx/build/Output/vararg-non-pod.cpp.tmp.check --input-file=/home/jialeiwang/mlir-dev/vast-test-cxx/build/Output/vararg-non-pod.cpp.tmp.ll && rm /home/jialeiwang/mlir-dev/vast-test-cxx/build/Output/vararg-non-pod.cpp.tmp.check
+ /home/jialeiwang/mlir-dev/vast-fork/builds/default/tools/vast-front/Debug/vast-front -cc1 -internal-isystem /usr/lib/gcc/x86_64-linux-gnu/11/../../../../include/c++/11 -internal-isystem /usr/lib/gcc/x86_64-linux-gnu/11/../../../../include/x86_64-linux-gnu/c++/11 -internal-isystem /usr/lib/gcc/x86_64-linux-gnu/11/../../../../include/c++/11/backward -internal-isystem /home/jialeiwang/apps/llvm18/lib/clang/18/include -internal-isystem /usr/local/include -internal-isystem /usr/lib/gcc/x86_64-linux-gnu/11/../../../../x86_64-linux-gnu/include -internal-externc-isystem /usr/include/x86_64-linux-gnu -internal-externc-isystem /include -internal-externc-isystem /usr/include -Wno-error=non-pod-varargs /home/jialeiwang/mlir-dev/vast-test-cxx/testcases/vararg-non-pod.cpp -vast-emit-mlir=ll -o /home/jialeiwang/mlir-dev/vast-test-cxx/build/Output/vararg-non-pod.cpp.tmp.ll
/home/jialeiwang/mlir-dev/vast-test-cxx/testcases/vararg-non-pod.cpp:12:10: warning: cannot pass object of non-trivial type 'X' through variadic function; call will abort at runtime [-Wnon-pod-varargs]
   12 |   vararg(x);
      |          ^
/home/jialeiwang/mlir-dev/vast-test-cxx/testcases/vararg-non-pod.cpp:12:10: error: unexpected error: 'hl.unreachable' op must be the last operation in the parent block
  vararg(x);
         ^
/home/jialeiwang/mlir-dev/vast-test-cxx/testcases/vararg-non-pod.cpp:12:10: error: unexpected note: see current operation: "hl.unreachable"() : () -> ()
  vararg(x);
         ^


[VAST fatal] MLIR pass manager failed when running vast passes
PLEASE submit a bug report to https://github.com/trailofbits/vast/issues and include the crash backtrace, preprocessed source, and associated run script.
Stack dump:
0.	Program arguments: /home/jialeiwang/mlir-dev/vast-fork/builds/default/tools/vast-front/Debug/vast-front -cc1 -internal-isystem /usr/lib/gcc/x86_64-linux-gnu/11/../../../../include/c++/11 -internal-isystem /usr/lib/gcc/x86_64-linux-gnu/11/../../../../include/x86_64-linux-gnu/c++/11 -internal-isystem /usr/lib/gcc/x86_64-linux-gnu/11/../../../../include/c++/11/backward -internal-isystem /home/jialeiwang/apps/llvm18/lib/clang/18/include -internal-isystem /usr/local/include -internal-isystem /usr/lib/gcc/x86_64-linux-gnu/11/../../../../x86_64-linux-gnu/include -internal-externc-isystem /usr/include/x86_64-linux-gnu -internal-externc-isystem /include -internal-externc-isystem /usr/include -Wno-error=non-pod-varargs /home/jialeiwang/mlir-dev/vast-test-cxx/testcases/vararg-non-pod.cpp -vast-emit-mlir=ll -o /home/jialeiwang/mlir-dev/vast-test-cxx/build/Output/vararg-non-pod.cpp.tmp.ll
1.	<eof> parser at end of file
 #0 0x00006515f39a0248 llvm::sys::PrintStackTrace(llvm::raw_ostream&, int) (/home/jialeiwang/mlir-dev/vast-fork/builds/default/tools/vast-front/Debug/vast-front+0xb570248)
 #1 0x00006515f399e02e llvm::sys::RunSignalHandlers() (/home/jialeiwang/mlir-dev/vast-fork/builds/default/tools/vast-front/Debug/vast-front+0xb56e02e)
 #2 0x00006515f39a08d8 SignalHandler(int) Signals.cpp:0:0
 #3 0x0000714c38442520 (/lib/x86_64-linux-gnu/libc.so.6+0x42520)
 #4 0x00006515ed1966e8 vast::cc::vast_stream_consumer::process_mlir_module(vast::cc::target_dialect, mlir::ModuleOp) /home/jialeiwang/mlir-dev/vast-fork/lib/vast/Frontend/Consumer.cpp:205:9
 #5 0x00006515ed1959a1 vast::cc::vast_stream_consumer::emit_mlir_output(vast::cc::target_dialect, mlir::OwningOpRef<mlir::ModuleOp>) /home/jialeiwang/mlir-dev/vast-fork/lib/vast/Frontend/Consumer.cpp:227:9
 #6 0x00006515ed19547b vast::cc::vast_stream_consumer::HandleTranslationUnit(clang::ASTContext&) /home/jialeiwang/mlir-dev/vast-fork/lib/vast/Frontend/Consumer.cpp:137:28
 #7 0x00006515f1426eb6 clang::ParseAST(clang::Sema&, bool, bool) (/home/jialeiwang/mlir-dev/vast-fork/builds/default/tools/vast-front/Debug/vast-front+0x8ff6eb6)
 #8 0x00006515ecc33be5 vast::cc::vast_stream_action::ExecuteAction() /home/jialeiwang/mlir-dev/vast-fork/lib/vast/Frontend/Action.cpp:75:5
 #9 0x00006515f0f6eac7 clang::FrontendAction::Execute() (/home/jialeiwang/mlir-dev/vast-fork/builds/default/tools/vast-front/Debug/vast-front+0x8b3eac7)
#10 0x00006515f0ee3f34 clang::CompilerInstance::ExecuteAction(clang::FrontendAction&) (/home/jialeiwang/mlir-dev/vast-fork/builds/default/tools/vast-front/Debug/vast-front+0x8ab3f34)
#11 0x00006515ecc1ad11 vast::cc::execute_compiler_invocation(clang::CompilerInstance*, vast::cc::vast_args const&) /home/jialeiwang/mlir-dev/vast-fork/tools/vast-front/compiler_invocation.cpp:105:28
#12 0x00006515ecc2ff20 vast::cc::cc1(vast::cc::vast_args const&, llvm::ArrayRef<char const*>, char const*, void*) /home/jialeiwang/mlir-dev/vast-fork/tools/vast-front/cc1.cpp:116:23
#13 0x00006515ecc20924 execute_cc1_tool(llvm::SmallVectorImpl<char const*>&) /home/jialeiwang/mlir-dev/vast-fork/tools/vast-front/driver.cpp:71:16
#14 0x00006515ecc1ffbb main /home/jialeiwang/mlir-dev/vast-fork/tools/vast-front/driver.cpp:143:20
#15 0x0000714c38429d90 __libc_start_call_main ./csu/../sysdeps/nptl/libc_start_call_main.h:58:16
#16 0x0000714c38429e40 call_init ./csu/../csu/libc-start.c:128:20
#17 0x0000714c38429e40 __libc_start_main ./csu/../csu/libc-start.c:379:5
#18 0x00006515ecc19525 _start (/home/jialeiwang/mlir-dev/vast-fork/builds/default/tools/vast-front/Debug/vast-front+0x47e9525)
/home/jialeiwang/mlir-dev/vast-test-cxx/build/Output/vararg-non-pod.cpp.script: line 1: 1893539 Illegal instruction     /home/jialeiwang/mlir-dev/vast-fork/builds/default/tools/vast-front/Debug/vast-front -cc1 -internal-isystem /usr/lib/gcc/x86_64-linux-gnu/11/../../../../include/c++/11 -internal-isystem /usr/lib/gcc/x86_64-linux-gnu/11/../../../../include/x86_64-linux-gnu/c++/11 -internal-isystem /usr/lib/gcc/x86_64-linux-gnu/11/../../../../include/c++/11/backward -internal-isystem /home/jialeiwang/apps/llvm18/lib/clang/18/include -internal-isystem /usr/local/include -internal-isystem /usr/lib/gcc/x86_64-linux-gnu/11/../../../../x86_64-linux-gnu/include -internal-externc-isystem /usr/include/x86_64-linux-gnu -internal-externc-isystem /include -internal-externc-isystem /usr/include -Wno-error=non-pod-varargs /home/jialeiwang/mlir-dev/vast-test-cxx/testcases/vararg-non-pod.cpp -vast-emit-mlir=ll -o /home/jialeiwang/mlir-dev/vast-test-cxx/build/Output/vararg-non-pod.cpp.tmp.ll

--

********************
FAIL: vast-test-cxx :: runtimecc.cpp (128 of 603)
******************** TEST 'vast-test-cxx :: runtimecc.cpp' FAILED ********************
Exit Code: 132

Command Output (stderr):
--
RUN: at line 1: /home/jialeiwang/mlir-dev/vast-fork/builds/default/tools/vast-front/Debug/vast-front -cc1 -internal-isystem /usr/lib/gcc/x86_64-linux-gnu/11/../../../../include/c++/11 -internal-isystem /usr/lib/gcc/x86_64-linux-gnu/11/../../../../include/x86_64-linux-gnu/c++/11 -internal-isystem /usr/lib/gcc/x86_64-linux-gnu/11/../../../../include/c++/11/backward -internal-isystem /home/jialeiwang/apps/llvm18/lib/clang/18/include -internal-isystem /usr/local/include -internal-isystem /usr/lib/gcc/x86_64-linux-gnu/11/../../../../x86_64-linux-gnu/include -internal-externc-isystem /usr/include/x86_64-linux-gnu -internal-externc-isystem /include -internal-externc-isystem /usr/include /home/jialeiwang/mlir-dev/vast-test-cxx/testcases/runtimecc.cpp -fexceptions -fcxx-exceptions -vast-emit-mlir=ll -o /home/jialeiwang/mlir-dev/vast-test-cxx/build/Output/runtimecc.cpp.tmp.ll && echo '// CHECK-NOT: {{unsup\.|unreach\.|#unsup}}' > /home/jialeiwang/mlir-dev/vast-test-cxx/build/Output/runtimecc.cpp.tmp.check && FileCheck /home/jialeiwang/mlir-dev/vast-test-cxx/build/Output/runtimecc.cpp.tmp.check --input-file=/home/jialeiwang/mlir-dev/vast-test-cxx/build/Output/runtimecc.cpp.tmp.ll && rm /home/jialeiwang/mlir-dev/vast-test-cxx/build/Output/runtimecc.cpp.tmp.check
+ /home/jialeiwang/mlir-dev/vast-fork/builds/default/tools/vast-front/Debug/vast-front -cc1 -internal-isystem /usr/lib/gcc/x86_64-linux-gnu/11/../../../../include/c++/11 -internal-isystem /usr/lib/gcc/x86_64-linux-gnu/11/../../../../include/x86_64-linux-gnu/c++/11 -internal-isystem /usr/lib/gcc/x86_64-linux-gnu/11/../../../../include/c++/11/backward -internal-isystem /home/jialeiwang/apps/llvm18/lib/clang/18/include -internal-isystem /usr/local/include -internal-isystem /usr/lib/gcc/x86_64-linux-gnu/11/../../../../x86_64-linux-gnu/include -internal-externc-isystem /usr/include/x86_64-linux-gnu -internal-externc-isystem /include -internal-externc-isystem /usr/include /home/jialeiwang/mlir-dev/vast-test-cxx/testcases/runtimecc.cpp -fexceptions -fcxx-exceptions -vast-emit-mlir=ll -o /home/jialeiwang/mlir-dev/vast-test-cxx/build/Output/runtimecc.cpp.tmp.ll
/home/jialeiwang/mlir-dev/vast-test-cxx/testcases/runtimecc.cpp:18:5: error: unexpected error: 'hl.throw.alloc' op result #0 must be lvalue to any type, but got '!hl.ptr<si32>'
    throw 0;
    ^
/home/jialeiwang/mlir-dev/vast-test-cxx/testcases/runtimecc.cpp:18:5: error: unexpected note: see current operation: 
%0 = "hl.throw.alloc"() ({
  %2 = "hl.const"() {value = #core.integer<0> : si32} : () -> si32
  "hl.value.yield"(%2) : (si32) -> ()
}) : () -> !hl.ptr<si32>
    throw 0;
    ^


[VAST fatal] MLIR pass manager failed when running vast passes
PLEASE submit a bug report to https://github.com/trailofbits/vast/issues and include the crash backtrace, preprocessed source, and associated run script.
Stack dump:
0.	Program arguments: /home/jialeiwang/mlir-dev/vast-fork/builds/default/tools/vast-front/Debug/vast-front -cc1 -internal-isystem /usr/lib/gcc/x86_64-linux-gnu/11/../../../../include/c++/11 -internal-isystem /usr/lib/gcc/x86_64-linux-gnu/11/../../../../include/x86_64-linux-gnu/c++/11 -internal-isystem /usr/lib/gcc/x86_64-linux-gnu/11/../../../../include/c++/11/backward -internal-isystem /home/jialeiwang/apps/llvm18/lib/clang/18/include -internal-isystem /usr/local/include -internal-isystem /usr/lib/gcc/x86_64-linux-gnu/11/../../../../x86_64-linux-gnu/include -internal-externc-isystem /usr/include/x86_64-linux-gnu -internal-externc-isystem /include -internal-externc-isystem /usr/include /home/jialeiwang/mlir-dev/vast-test-cxx/testcases/runtimecc.cpp -fexceptions -fcxx-exceptions -vast-emit-mlir=ll -o /home/jialeiwang/mlir-dev/vast-test-cxx/build/Output/runtimecc.cpp.tmp.ll
1.	<eof> parser at end of file
 #0 0x0000573a6efc6248 llvm::sys::PrintStackTrace(llvm::raw_ostream&, int) (/home/jialeiwang/mlir-dev/vast-fork/builds/default/tools/vast-front/Debug/vast-front+0xb570248)
 #1 0x0000573a6efc402e llvm::sys::RunSignalHandlers() (/home/jialeiwang/mlir-dev/vast-fork/builds/default/tools/vast-front/Debug/vast-front+0xb56e02e)
 #2 0x0000573a6efc68d8 SignalHandler(int) Signals.cpp:0:0
 #3 0x00007eacbea42520 (/lib/x86_64-linux-gnu/libc.so.6+0x42520)
 #4 0x0000573a687bc6e8 vast::cc::vast_stream_consumer::process_mlir_module(vast::cc::target_dialect, mlir::ModuleOp) /home/jialeiwang/mlir-dev/vast-fork/lib/vast/Frontend/Consumer.cpp:205:9
 #5 0x0000573a687bb9a1 vast::cc::vast_stream_consumer::emit_mlir_output(vast::cc::target_dialect, mlir::OwningOpRef<mlir::ModuleOp>) /home/jialeiwang/mlir-dev/vast-fork/lib/vast/Frontend/Consumer.cpp:227:9
 #6 0x0000573a687bb47b vast::cc::vast_stream_consumer::HandleTranslationUnit(clang::ASTContext&) /home/jialeiwang/mlir-dev/vast-fork/lib/vast/Frontend/Consumer.cpp:137:28
 #7 0x0000573a6ca4ceb6 clang::ParseAST(clang::Sema&, bool, bool) (/home/jialeiwang/mlir-dev/vast-fork/builds/default/tools/vast-front/Debug/vast-front+0x8ff6eb6)
 #8 0x0000573a68259be5 vast::cc::vast_stream_action::ExecuteAction() /home/jialeiwang/mlir-dev/vast-fork/lib/vast/Frontend/Action.cpp:75:5
 #9 0x0000573a6c594ac7 clang::FrontendAction::Execute() (/home/jialeiwang/mlir-dev/vast-fork/builds/default/tools/vast-front/Debug/vast-front+0x8b3eac7)
#10 0x0000573a6c509f34 clang::CompilerInstance::ExecuteAction(clang::FrontendAction&) (/home/jialeiwang/mlir-dev/vast-fork/builds/default/tools/vast-front/Debug/vast-front+0x8ab3f34)
#11 0x0000573a68240d11 vast::cc::execute_compiler_invocation(clang::CompilerInstance*, vast::cc::vast_args const&) /home/jialeiwang/mlir-dev/vast-fork/tools/vast-front/compiler_invocation.cpp:105:28
#12 0x0000573a68255f20 vast::cc::cc1(vast::cc::vast_args const&, llvm::ArrayRef<char const*>, char const*, void*) /home/jialeiwang/mlir-dev/vast-fork/tools/vast-front/cc1.cpp:116:23
#13 0x0000573a68246924 execute_cc1_tool(llvm::SmallVectorImpl<char const*>&) /home/jialeiwang/mlir-dev/vast-fork/tools/vast-front/driver.cpp:71:16
#14 0x0000573a68245fbb main /home/jialeiwang/mlir-dev/vast-fork/tools/vast-front/driver.cpp:143:20
#15 0x00007eacbea29d90 __libc_start_call_main ./csu/../sysdeps/nptl/libc_start_call_main.h:58:16
#16 0x00007eacbea29e40 call_init ./csu/../csu/libc-start.c:128:20
#17 0x00007eacbea29e40 __libc_start_main ./csu/../csu/libc-start.c:379:5
#18 0x0000573a6823f525 _start (/home/jialeiwang/mlir-dev/vast-fork/builds/default/tools/vast-front/Debug/vast-front+0x47e9525)
/home/jialeiwang/mlir-dev/vast-test-cxx/build/Output/runtimecc.cpp.script: line 1: 1893576 Illegal instruction     /home/jialeiwang/mlir-dev/vast-fork/builds/default/tools/vast-front/Debug/vast-front -cc1 -internal-isystem /usr/lib/gcc/x86_64-linux-gnu/11/../../../../include/c++/11 -internal-isystem /usr/lib/gcc/x86_64-linux-gnu/11/../../../../include/x86_64-linux-gnu/c++/11 -internal-isystem /usr/lib/gcc/x86_64-linux-gnu/11/../../../../include/c++/11/backward -internal-isystem /home/jialeiwang/apps/llvm18/lib/clang/18/include -internal-isystem /usr/local/include -internal-isystem /usr/lib/gcc/x86_64-linux-gnu/11/../../../../x86_64-linux-gnu/include -internal-externc-isystem /usr/include/x86_64-linux-gnu -internal-externc-isystem /include -internal-externc-isystem /usr/include /home/jialeiwang/mlir-dev/vast-test-cxx/testcases/runtimecc.cpp -fexceptions -fcxx-exceptions -vast-emit-mlir=ll -o /home/jialeiwang/mlir-dev/vast-test-cxx/build/Output/runtimecc.cpp.tmp.ll

--

********************
FAIL: vast-test-cxx :: exception/threadsafe-statics-exceptions.cpp (129 of 603)
******************** TEST 'vast-test-cxx :: exception/threadsafe-statics-exceptions.cpp' FAILED ********************
Exit Code: 132

Command Output (stderr):
--
RUN: at line 1: /home/jialeiwang/mlir-dev/vast-fork/builds/default/tools/vast-front/Debug/vast-front -cc1 -internal-isystem /usr/lib/gcc/x86_64-linux-gnu/11/../../../../include/c++/11 -internal-isystem /usr/lib/gcc/x86_64-linux-gnu/11/../../../../include/x86_64-linux-gnu/c++/11 -internal-isystem /usr/lib/gcc/x86_64-linux-gnu/11/../../../../include/c++/11/backward -internal-isystem /home/jialeiwang/apps/llvm18/lib/clang/18/include -internal-isystem /usr/local/include -internal-isystem /usr/lib/gcc/x86_64-linux-gnu/11/../../../../x86_64-linux-gnu/include -internal-externc-isystem /usr/include/x86_64-linux-gnu -internal-externc-isystem /include -internal-externc-isystem /usr/include -fcxx-exceptions -fexceptions /home/jialeiwang/mlir-dev/vast-test-cxx/testcases/exception/threadsafe-statics-exceptions.cpp -vast-emit-mlir=ll -o /home/jialeiwang/mlir-dev/vast-test-cxx/build/exception/Output/threadsafe-statics-exceptions.cpp.tmp.ll && echo '// CHECK-NOT: {{unsup\.|unreach\.|#unsup}}' > /home/jialeiwang/mlir-dev/vast-test-cxx/build/exception/Output/threadsafe-statics-exceptions.cpp.tmp.check && FileCheck /home/jialeiwang/mlir-dev/vast-test-cxx/build/exception/Output/threadsafe-statics-exceptions.cpp.tmp.check --input-file=/home/jialeiwang/mlir-dev/vast-test-cxx/build/exception/Output/threadsafe-statics-exceptions.cpp.tmp.ll && rm /home/jialeiwang/mlir-dev/vast-test-cxx/build/exception/Output/threadsafe-statics-exceptions.cpp.tmp.check
+ /home/jialeiwang/mlir-dev/vast-fork/builds/default/tools/vast-front/Debug/vast-front -cc1 -internal-isystem /usr/lib/gcc/x86_64-linux-gnu/11/../../../../include/c++/11 -internal-isystem /usr/lib/gcc/x86_64-linux-gnu/11/../../../../include/x86_64-linux-gnu/c++/11 -internal-isystem /usr/lib/gcc/x86_64-linux-gnu/11/../../../../include/c++/11/backward -internal-isystem /home/jialeiwang/apps/llvm18/lib/clang/18/include -internal-isystem /usr/local/include -internal-isystem /usr/lib/gcc/x86_64-linux-gnu/11/../../../../x86_64-linux-gnu/include -internal-externc-isystem /usr/include/x86_64-linux-gnu -internal-externc-isystem /include -internal-externc-isystem /usr/include -fcxx-exceptions -fexceptions /home/jialeiwang/mlir-dev/vast-test-cxx/testcases/exception/threadsafe-statics-exceptions.cpp -vast-emit-mlir=ll -o /home/jialeiwang/mlir-dev/vast-test-cxx/build/exception/Output/threadsafe-statics-exceptions.cpp.tmp.ll
/home/jialeiwang/mlir-dev/vast-test-cxx/testcases/exception/threadsafe-statics-exceptions.cpp:13:3: error: unexpected error: 'hl.throw.alloc' op result #0 must be lvalue to any type, but got '!hl.ptr<!hl.record<"Y">>'
  throw Y();
  ^
/home/jialeiwang/mlir-dev/vast-test-cxx/testcases/exception/threadsafe-statics-exceptions.cpp:13:3: error: unexpected note: see current operation: %16 = "hl.throw.alloc"() : () -> !hl.ptr<!hl.record<"Y">>
  throw Y();
  ^


[VAST fatal] MLIR pass manager failed when running vast passes
PLEASE submit a bug report to https://github.com/trailofbits/vast/issues and include the crash backtrace, preprocessed source, and associated run script.
Stack dump:
0.	Program arguments: /home/jialeiwang/mlir-dev/vast-fork/builds/default/tools/vast-front/Debug/vast-front -cc1 -internal-isystem /usr/lib/gcc/x86_64-linux-gnu/11/../../../../include/c++/11 -internal-isystem /usr/lib/gcc/x86_64-linux-gnu/11/../../../../include/x86_64-linux-gnu/c++/11 -internal-isystem /usr/lib/gcc/x86_64-linux-gnu/11/../../../../include/c++/11/backward -internal-isystem /home/jialeiwang/apps/llvm18/lib/clang/18/include -internal-isystem /usr/local/include -internal-isystem /usr/lib/gcc/x86_64-linux-gnu/11/../../../../x86_64-linux-gnu/include -internal-externc-isystem /usr/include/x86_64-linux-gnu -internal-externc-isystem /include -internal-externc-isystem /usr/include -fcxx-exceptions -fexceptions /home/jialeiwang/mlir-dev/vast-test-cxx/testcases/exception/threadsafe-statics-exceptions.cpp -vast-emit-mlir=ll -o /home/jialeiwang/mlir-dev/vast-test-cxx/build/exception/Output/threadsafe-statics-exceptions.cpp.tmp.ll
1.	<eof> parser at end of file
 #0 0x00006162b1abe248 llvm::sys::PrintStackTrace(llvm::raw_ostream&, int) (/home/jialeiwang/mlir-dev/vast-fork/builds/default/tools/vast-front/Debug/vast-front+0xb570248)
 #1 0x00006162b1abc02e llvm::sys::RunSignalHandlers() (/home/jialeiwang/mlir-dev/vast-fork/builds/default/tools/vast-front/Debug/vast-front+0xb56e02e)
 #2 0x00006162b1abe8d8 SignalHandler(int) Signals.cpp:0:0
 #3 0x0000769c37042520 (/lib/x86_64-linux-gnu/libc.so.6+0x42520)
 #4 0x00006162ab2b46e8 vast::cc::vast_stream_consumer::process_mlir_module(vast::cc::target_dialect, mlir::ModuleOp) /home/jialeiwang/mlir-dev/vast-fork/lib/vast/Frontend/Consumer.cpp:205:9
 #5 0x00006162ab2b39a1 vast::cc::vast_stream_consumer::emit_mlir_output(vast::cc::target_dialect, mlir::OwningOpRef<mlir::ModuleOp>) /home/jialeiwang/mlir-dev/vast-fork/lib/vast/Frontend/Consumer.cpp:227:9
 #6 0x00006162ab2b347b vast::cc::vast_stream_consumer::HandleTranslationUnit(clang::ASTContext&) /home/jialeiwang/mlir-dev/vast-fork/lib/vast/Frontend/Consumer.cpp:137:28
 #7 0x00006162af544eb6 clang::ParseAST(clang::Sema&, bool, bool) (/home/jialeiwang/mlir-dev/vast-fork/builds/default/tools/vast-front/Debug/vast-front+0x8ff6eb6)
 #8 0x00006162aad51be5 vast::cc::vast_stream_action::ExecuteAction() /home/jialeiwang/mlir-dev/vast-fork/lib/vast/Frontend/Action.cpp:75:5
 #9 0x00006162af08cac7 clang::FrontendAction::Execute() (/home/jialeiwang/mlir-dev/vast-fork/builds/default/tools/vast-front/Debug/vast-front+0x8b3eac7)
#10 0x00006162af001f34 clang::CompilerInstance::ExecuteAction(clang::FrontendAction&) (/home/jialeiwang/mlir-dev/vast-fork/builds/default/tools/vast-front/Debug/vast-front+0x8ab3f34)
#11 0x00006162aad38d11 vast::cc::execute_compiler_invocation(clang::CompilerInstance*, vast::cc::vast_args const&) /home/jialeiwang/mlir-dev/vast-fork/tools/vast-front/compiler_invocation.cpp:105:28
#12 0x00006162aad4df20 vast::cc::cc1(vast::cc::vast_args const&, llvm::ArrayRef<char const*>, char const*, void*) /home/jialeiwang/mlir-dev/vast-fork/tools/vast-front/cc1.cpp:116:23
#13 0x00006162aad3e924 execute_cc1_tool(llvm::SmallVectorImpl<char const*>&) /home/jialeiwang/mlir-dev/vast-fork/tools/vast-front/driver.cpp:71:16
#14 0x00006162aad3dfbb main /home/jialeiwang/mlir-dev/vast-fork/tools/vast-front/driver.cpp:143:20
#15 0x0000769c37029d90 __libc_start_call_main ./csu/../sysdeps/nptl/libc_start_call_main.h:58:16
#16 0x0000769c37029e40 call_init ./csu/../csu/libc-start.c:128:20
#17 0x0000769c37029e40 __libc_start_main ./csu/../csu/libc-start.c:379:5
#18 0x00006162aad37525 _start (/home/jialeiwang/mlir-dev/vast-fork/builds/default/tools/vast-front/Debug/vast-front+0x47e9525)
/home/jialeiwang/mlir-dev/vast-test-cxx/build/exception/Output/threadsafe-statics-exceptions.cpp.script: line 1: 1893554 Illegal instruction     /home/jialeiwang/mlir-dev/vast-fork/builds/default/tools/vast-front/Debug/vast-front -cc1 -internal-isystem /usr/lib/gcc/x86_64-linux-gnu/11/../../../../include/c++/11 -internal-isystem /usr/lib/gcc/x86_64-linux-gnu/11/../../../../include/x86_64-linux-gnu/c++/11 -internal-isystem /usr/lib/gcc/x86_64-linux-gnu/11/../../../../include/c++/11/backward -internal-isystem /home/jialeiwang/apps/llvm18/lib/clang/18/include -internal-isystem /usr/local/include -internal-isystem /usr/lib/gcc/x86_64-linux-gnu/11/../../../../x86_64-linux-gnu/include -internal-externc-isystem /usr/include/x86_64-linux-gnu -internal-externc-isystem /include -internal-externc-isystem /usr/include -fcxx-exceptions -fexceptions /home/jialeiwang/mlir-dev/vast-test-cxx/testcases/exception/threadsafe-statics-exceptions.cpp -vast-emit-mlir=ll -o /home/jialeiwang/mlir-dev/vast-test-cxx/build/exception/Output/threadsafe-statics-exceptions.cpp.tmp.ll

--

********************
FAIL: vast-test-cxx :: virtual/devirtualize-virtual-function-calls.cpp (131 of 603)
******************** TEST 'vast-test-cxx :: virtual/devirtualize-virtual-function-calls.cpp' FAILED ********************
Exit Code: 132

Command Output (stderr):
--
RUN: at line 1: /home/jialeiwang/mlir-dev/vast-fork/builds/default/tools/vast-front/Debug/vast-front -cc1 -internal-isystem /usr/lib/gcc/x86_64-linux-gnu/11/../../../../include/c++/11 -internal-isystem /usr/lib/gcc/x86_64-linux-gnu/11/../../../../include/x86_64-linux-gnu/c++/11 -internal-isystem /usr/lib/gcc/x86_64-linux-gnu/11/../../../../include/c++/11/backward -internal-isystem /home/jialeiwang/apps/llvm18/lib/clang/18/include -internal-isystem /usr/local/include -internal-isystem /usr/lib/gcc/x86_64-linux-gnu/11/../../../../x86_64-linux-gnu/include -internal-externc-isystem /usr/include/x86_64-linux-gnu -internal-externc-isystem /include -internal-externc-isystem /usr/include -std=c++98 /home/jialeiwang/mlir-dev/vast-test-cxx/testcases/virtual/devirtualize-virtual-function-calls.cpp -vast-emit-mlir=ll -o /home/jialeiwang/mlir-dev/vast-test-cxx/build/virtual/Output/devirtualize-virtual-function-calls.cpp.tmp.ll && echo '// CHECK-NOT: {{unsup\.|unreach\.|#unsup}}' > /home/jialeiwang/mlir-dev/vast-test-cxx/build/virtual/Output/devirtualize-virtual-function-calls.cpp.tmp.check && FileCheck /home/jialeiwang/mlir-dev/vast-test-cxx/build/virtual/Output/devirtualize-virtual-function-calls.cpp.tmp.check --input-file=/home/jialeiwang/mlir-dev/vast-test-cxx/build/virtual/Output/devirtualize-virtual-function-calls.cpp.tmp.ll && rm /home/jialeiwang/mlir-dev/vast-test-cxx/build/virtual/Output/devirtualize-virtual-function-calls.cpp.tmp.check
+ /home/jialeiwang/mlir-dev/vast-fork/builds/default/tools/vast-front/Debug/vast-front -cc1 -internal-isystem /usr/lib/gcc/x86_64-linux-gnu/11/../../../../include/c++/11 -internal-isystem /usr/lib/gcc/x86_64-linux-gnu/11/../../../../include/x86_64-linux-gnu/c++/11 -internal-isystem /usr/lib/gcc/x86_64-linux-gnu/11/../../../../include/c++/11/backward -internal-isystem /home/jialeiwang/apps/llvm18/lib/clang/18/include -internal-isystem /usr/local/include -internal-isystem /usr/lib/gcc/x86_64-linux-gnu/11/../../../../x86_64-linux-gnu/include -internal-externc-isystem /usr/include/x86_64-linux-gnu -internal-externc-isystem /include -internal-externc-isystem /usr/include -std=c++98 /home/jialeiwang/mlir-dev/vast-test-cxx/testcases/virtual/devirtualize-virtual-function-calls.cpp -vast-emit-mlir=ll -o /home/jialeiwang/mlir-dev/vast-test-cxx/build/virtual/Output/devirtualize-virtual-function-calls.cpp.tmp.ll
/home/jialeiwang/mlir-dev/vast-test-cxx/testcases/virtual/devirtualize-virtual-function-calls.cpp:54:4: warning: left operand of comma operator has no effect [-Wunused-value]
   54 |   (true, d).f();
      |    ^~~~
/home/jialeiwang/mlir-dev/vast-test-cxx/testcases/virtual/devirtualize-virtual-function-calls.cpp:56:4: warning: left operand of comma operator has no effect [-Wunused-value]
   56 |   (true, d).g();
      |    ^~~~
/home/jialeiwang/mlir-dev/vast-test-cxx/testcases/virtual/devirtualize-virtual-function-calls.cpp:138:12: warning: 'final' keyword is a C++11 extension [-Wc++11-extensions]
  138 |   struct Z final {
      |            ^
/home/jialeiwang/mlir-dev/vast-test-cxx/testcases/virtual/devirtualize-virtual-function-calls.cpp:138:10: warning: abstract class is marked 'final' [-Wabstract-final-class]
  138 |   struct Z final {
      |          ^
/home/jialeiwang/mlir-dev/vast-test-cxx/testcases/virtual/devirtualize-virtual-function-calls.cpp:139:18: note: unimplemented pure virtual method 'f' in 'Z'
  139 |     virtual void f() = 0;
      |                  ^
/home/jialeiwang/mlir-dev/vast-test-cxx/testcases/virtual/devirtualize-virtual-function-calls.cpp:146:22: warning: 'final' keyword is a C++11 extension [-Wc++11-extensions]
  146 |     virtual void f() final = 0;
      |                      ^
[VAST fatal] hl::name_of_record failed with !hl.lvalue<!hl.lvalue<!hl.record<"D">>>
PLEASE submit a bug report to https://github.com/trailofbits/vast/issues and include the crash backtrace, preprocessed source, and associated run script.
Stack dump:
0.	Program arguments: /home/jialeiwang/mlir-dev/vast-fork/builds/default/tools/vast-front/Debug/vast-front -cc1 -internal-isystem /usr/lib/gcc/x86_64-linux-gnu/11/../../../../include/c++/11 -internal-isystem /usr/lib/gcc/x86_64-linux-gnu/11/../../../../include/x86_64-linux-gnu/c++/11 -internal-isystem /usr/lib/gcc/x86_64-linux-gnu/11/../../../../include/c++/11/backward -internal-isystem /home/jialeiwang/apps/llvm18/lib/clang/18/include -internal-isystem /usr/local/include -internal-isystem /usr/lib/gcc/x86_64-linux-gnu/11/../../../../x86_64-linux-gnu/include -internal-externc-isystem /usr/include/x86_64-linux-gnu -internal-externc-isystem /include -internal-externc-isystem /usr/include -std=c++98 /home/jialeiwang/mlir-dev/vast-test-cxx/testcases/virtual/devirtualize-virtual-function-calls.cpp -vast-emit-mlir=ll -o /home/jialeiwang/mlir-dev/vast-test-cxx/build/virtual/Output/devirtualize-virtual-function-calls.cpp.tmp.ll
1.	<eof> parser at end of file
 #0 0x000062ab6966e248 llvm::sys::PrintStackTrace(llvm::raw_ostream&, int) (/home/jialeiwang/mlir-dev/vast-fork/builds/default/tools/vast-front/Debug/vast-front+0xb570248)
 #1 0x000062ab6966c02e llvm::sys::RunSignalHandlers() (/home/jialeiwang/mlir-dev/vast-fork/builds/default/tools/vast-front/Debug/vast-front+0xb56e02e)
 #2 0x000062ab6966e8d8 SignalHandler(int) Signals.cpp:0:0
 #3 0x00007d74a5642520 (/lib/x86_64-linux-gnu/libc.so.6+0x42520)
 #4 0x000062ab630469dd vast::AggregateTypeDefinitionInterface vast::hl::definition_of<mlir::ModuleOp>(mlir::Type, mlir::ModuleOp) /home/jialeiwang/mlir-dev/vast-fork/include/vast/Dialect/HighLevel/HighLevelUtils.hpp:126:9
 #5 0x000062ab63046503 vast::(anonymous namespace)::record_member_op::matchAndRewrite(vast::hl::RecordMemberOp, vast::hl::RecordMemberOpAdaptor, mlir::ConversionPatternRewriter&) const /home/jialeiwang/mlir-dev/vast-fork/lib/vast/Conversion/FromHL/ToLLGEPs.cpp:43:28
 #6 0x000062ab630463ff mlir::OpConversionPattern<vast::hl::RecordMemberOp>::matchAndRewrite(mlir::Operation*, llvm::ArrayRef<mlir::Value>, mlir::ConversionPatternRewriter&) const /home/jialeiwang/apps/llvm18/include/mlir/Transforms/DialectConversion.h:537:12
 #7 0x000062ab63423cec mlir::ConversionPattern::matchAndRewrite(mlir::Operation*, mlir::PatternRewriter&) const (/home/jialeiwang/mlir-dev/vast-fork/builds/default/tools/vast-front/Debug/vast-front+0x5325cec)
 #8 0x000062ab66eee0ed void llvm::function_ref<void ()>::callback_fn<mlir::PatternApplicator::matchAndRewrite(mlir::Operation*, mlir::PatternRewriter&, llvm::function_ref<bool (mlir::Pattern const&)>, llvm::function_ref<void (mlir::Pattern const&)>, llvm::function_ref<mlir::LogicalResult (mlir::Pattern const&)>)::$_0>(long) PatternApplicator.cpp:0:0
 #9 0x000062ab66eeb294 mlir::PatternApplicator::matchAndRewrite(mlir::Operation*, mlir::PatternRewriter&, llvm::function_ref<bool (mlir::Pattern const&)>, llvm::function_ref<void (mlir::Pattern const&)>, llvm::function_ref<mlir::LogicalResult (mlir::Pattern const&)>) (/home/jialeiwang/mlir-dev/vast-fork/builds/default/tools/vast-front/Debug/vast-front+0x8ded294)
#10 0x000062ab634324cd (anonymous namespace)::OperationLegalizer::legalize(mlir::Operation*, mlir::ConversionPatternRewriter&) DialectConversion.cpp:0:0
#11 0x000062ab63427899 (anonymous namespace)::OperationConverter::convertOperations(llvm::ArrayRef<mlir::Operation*>, llvm::function_ref<void (mlir::Diagnostic&)>) DialectConversion.cpp:0:0
#12 0x000062ab6342bba0 mlir::applyPartialConversion(mlir::Operation*, mlir::ConversionTarget const&, mlir::FrozenRewritePatternSet const&, llvm::DenseSet<mlir::Operation*, llvm::DenseMapInfo<mlir::Operation*, void>>*) (/home/jialeiwang/mlir-dev/vast-fork/builds/default/tools/vast-front/Debug/vast-front+0x532dba0)
#13 0x000062ab6304541a vast::HLToLLGEPsPass::runOnOperation() /home/jialeiwang/mlir-dev/vast-fork/lib/vast/Conversion/FromHL/ToLLGEPs.cpp:120:30
#14 0x000062ab63404112 mlir::detail::OpToOpPassAdaptor::run(mlir::Pass*, mlir::Operation*, mlir::AnalysisManager, bool, unsigned int) (/home/jialeiwang/mlir-dev/vast-fork/builds/default/tools/vast-front/Debug/vast-front+0x5306112)
#15 0x000062ab63407aeb mlir::PassManager::run(mlir::Operation*) (/home/jialeiwang/mlir-dev/vast-fork/builds/default/tools/vast-front/Debug/vast-front+0x5309aeb)
#16 0x000062ab62e64617 vast::cc::vast_stream_consumer::process_mlir_module(vast::cc::target_dialect, mlir::ModuleOp) /home/jialeiwang/mlir-dev/vast-fork/lib/vast/Frontend/Consumer.cpp:204:33
#17 0x000062ab62e639a1 vast::cc::vast_stream_consumer::emit_mlir_output(vast::cc::target_dialect, mlir::OwningOpRef<mlir::ModuleOp>) /home/jialeiwang/mlir-dev/vast-fork/lib/vast/Frontend/Consumer.cpp:227:9
#18 0x000062ab62e6347b vast::cc::vast_stream_consumer::HandleTranslationUnit(clang::ASTContext&) /home/jialeiwang/mlir-dev/vast-fork/lib/vast/Frontend/Consumer.cpp:137:28
#19 0x000062ab670f4eb6 clang::ParseAST(clang::Sema&, bool, bool) (/home/jialeiwang/mlir-dev/vast-fork/builds/default/tools/vast-front/Debug/vast-front+0x8ff6eb6)
#20 0x000062ab62901be5 vast::cc::vast_stream_action::ExecuteAction() /home/jialeiwang/mlir-dev/vast-fork/lib/vast/Frontend/Action.cpp:75:5
#21 0x000062ab66c3cac7 clang::FrontendAction::Execute() (/home/jialeiwang/mlir-dev/vast-fork/builds/default/tools/vast-front/Debug/vast-front+0x8b3eac7)
#22 0x000062ab66bb1f34 clang::CompilerInstance::ExecuteAction(clang::FrontendAction&) (/home/jialeiwang/mlir-dev/vast-fork/builds/default/tools/vast-front/Debug/vast-front+0x8ab3f34)
#23 0x000062ab628e8d11 vast::cc::execute_compiler_invocation(clang::CompilerInstance*, vast::cc::vast_args const&) /home/jialeiwang/mlir-dev/vast-fork/tools/vast-front/compiler_invocation.cpp:105:28
#24 0x000062ab628fdf20 vast::cc::cc1(vast::cc::vast_args const&, llvm::ArrayRef<char const*>, char const*, void*) /home/jialeiwang/mlir-dev/vast-fork/tools/vast-front/cc1.cpp:116:23
#25 0x000062ab628ee924 execute_cc1_tool(llvm::SmallVectorImpl<char const*>&) /home/jialeiwang/mlir-dev/vast-fork/tools/vast-front/driver.cpp:71:16
#26 0x000062ab628edfbb main /home/jialeiwang/mlir-dev/vast-fork/tools/vast-front/driver.cpp:143:20
#27 0x00007d74a5629d90 __libc_start_call_main ./csu/../sysdeps/nptl/libc_start_call_main.h:58:16
#28 0x00007d74a5629e40 call_init ./csu/../csu/libc-start.c:128:20
#29 0x00007d74a5629e40 __libc_start_main ./csu/../csu/libc-start.c:379:5
#30 0x000062ab628e7525 _start (/home/jialeiwang/mlir-dev/vast-fork/builds/default/tools/vast-front/Debug/vast-front+0x47e9525)
/home/jialeiwang/mlir-dev/vast-test-cxx/build/virtual/Output/devirtualize-virtual-function-calls.cpp.script: line 3: 1893532 Illegal instruction     /home/jialeiwang/mlir-dev/vast-fork/builds/default/tools/vast-front/Debug/vast-front -cc1 -internal-isystem /usr/lib/gcc/x86_64-linux-gnu/11/../../../../include/c++/11 -internal-isystem /usr/lib/gcc/x86_64-linux-gnu/11/../../../../include/x86_64-linux-gnu/c++/11 -internal-isystem /usr/lib/gcc/x86_64-linux-gnu/11/../../../../include/c++/11/backward -internal-isystem /home/jialeiwang/apps/llvm18/lib/clang/18/include -internal-isystem /usr/local/include -internal-isystem /usr/lib/gcc/x86_64-linux-gnu/11/../../../../x86_64-linux-gnu/include -internal-externc-isystem /usr/include/x86_64-linux-gnu -internal-externc-isystem /include -internal-externc-isystem /usr/include -std=c++98 /home/jialeiwang/mlir-dev/vast-test-cxx/testcases/virtual/devirtualize-virtual-function-calls.cpp -vast-emit-mlir=ll -o /home/jialeiwang/mlir-dev/vast-test-cxx/build/virtual/Output/devirtualize-virtual-function-calls.cpp.tmp.ll

--

********************
FAIL: vast-test-cxx :: exception/throw-expressions.cpp (132 of 603)
******************** TEST 'vast-test-cxx :: exception/throw-expressions.cpp' FAILED ********************
Exit Code: 132

Command Output (stderr):
--
RUN: at line 1: /home/jialeiwang/mlir-dev/vast-fork/builds/default/tools/vast-front/Debug/vast-front -cc1 -internal-isystem /usr/lib/gcc/x86_64-linux-gnu/11/../../../../include/c++/11 -internal-isystem /usr/lib/gcc/x86_64-linux-gnu/11/../../../../include/x86_64-linux-gnu/c++/11 -internal-isystem /usr/lib/gcc/x86_64-linux-gnu/11/../../../../include/c++/11/backward -internal-isystem /home/jialeiwang/apps/llvm18/lib/clang/18/include -internal-isystem /usr/local/include -internal-isystem /usr/lib/gcc/x86_64-linux-gnu/11/../../../../x86_64-linux-gnu/include -internal-externc-isystem /usr/include/x86_64-linux-gnu -internal-externc-isystem /include -internal-externc-isystem /usr/include -fcxx-exceptions -fexceptions -Wno-unreachable-code -Werror /home/jialeiwang/mlir-dev/vast-test-cxx/testcases/exception/throw-expressions.cpp -vast-emit-mlir=ll -o /home/jialeiwang/mlir-dev/vast-test-cxx/build/exception/Output/throw-expressions.cpp.tmp.ll && echo '// CHECK-NOT: {{unsup\.|unreach\.|#unsup}}' > /home/jialeiwang/mlir-dev/vast-test-cxx/build/exception/Output/throw-expressions.cpp.tmp.check && FileCheck /home/jialeiwang/mlir-dev/vast-test-cxx/build/exception/Output/throw-expressions.cpp.tmp.check --input-file=/home/jialeiwang/mlir-dev/vast-test-cxx/build/exception/Output/throw-expressions.cpp.tmp.ll && rm /home/jialeiwang/mlir-dev/vast-test-cxx/build/exception/Output/throw-expressions.cpp.tmp.check
+ /home/jialeiwang/mlir-dev/vast-fork/builds/default/tools/vast-front/Debug/vast-front -cc1 -internal-isystem /usr/lib/gcc/x86_64-linux-gnu/11/../../../../include/c++/11 -internal-isystem /usr/lib/gcc/x86_64-linux-gnu/11/../../../../include/x86_64-linux-gnu/c++/11 -internal-isystem /usr/lib/gcc/x86_64-linux-gnu/11/../../../../include/c++/11/backward -internal-isystem /home/jialeiwang/apps/llvm18/lib/clang/18/include -internal-isystem /usr/local/include -internal-isystem /usr/lib/gcc/x86_64-linux-gnu/11/../../../../x86_64-linux-gnu/include -internal-externc-isystem /usr/include/x86_64-linux-gnu -internal-externc-isystem /include -internal-externc-isystem /usr/include -fcxx-exceptions -fexceptions -Wno-unreachable-code -Werror /home/jialeiwang/mlir-dev/vast-test-cxx/testcases/exception/throw-expressions.cpp -vast-emit-mlir=ll -o /home/jialeiwang/mlir-dev/vast-test-cxx/build/exception/Output/throw-expressions.cpp.tmp.ll
[VAST fatal] don't know how to convert !hl.void into !hl.lvalue<si32>
PLEASE submit a bug report to https://github.com/trailofbits/vast/issues and include the crash backtrace, preprocessed source, and associated run script.
Stack dump:
0.	Program arguments: /home/jialeiwang/mlir-dev/vast-fork/builds/default/tools/vast-front/Debug/vast-front -cc1 -internal-isystem /usr/lib/gcc/x86_64-linux-gnu/11/../../../../include/c++/11 -internal-isystem /usr/lib/gcc/x86_64-linux-gnu/11/../../../../include/x86_64-linux-gnu/c++/11 -internal-isystem /usr/lib/gcc/x86_64-linux-gnu/11/../../../../include/c++/11/backward -internal-isystem /home/jialeiwang/apps/llvm18/lib/clang/18/include -internal-isystem /usr/local/include -internal-isystem /usr/lib/gcc/x86_64-linux-gnu/11/../../../../x86_64-linux-gnu/include -internal-externc-isystem /usr/include/x86_64-linux-gnu -internal-externc-isystem /include -internal-externc-isystem /usr/include -fcxx-exceptions -fexceptions -Wno-unreachable-code -Werror /home/jialeiwang/mlir-dev/vast-test-cxx/testcases/exception/throw-expressions.cpp -vast-emit-mlir=ll -o /home/jialeiwang/mlir-dev/vast-test-cxx/build/exception/Output/throw-expressions.cpp.tmp.ll
1.	<eof> parser at end of file
 #0 0x000059386aa7c248 llvm::sys::PrintStackTrace(llvm::raw_ostream&, int) (/home/jialeiwang/mlir-dev/vast-fork/builds/default/tools/vast-front/Debug/vast-front+0xb570248)
 #1 0x000059386aa7a02e llvm::sys::RunSignalHandlers() (/home/jialeiwang/mlir-dev/vast-fork/builds/default/tools/vast-front/Debug/vast-front+0xb56e02e)
 #2 0x000059386aa7c8d8 SignalHandler(int) Signals.cpp:0:0
 #3 0x0000799b0dc42520 (/lib/x86_64-linux-gnu/libc.so.6+0x42520)
 #4 0x000059386447e72d vast::InsertImplicitCast::runOnOperation()::'lambda'(vast::hl::CondOp)::operator()(vast::hl::CondOp) const::'lambda'(mlir::Region*)::operator()(mlir::Region*) const /home/jialeiwang/mlir-dev/vast-fork/lib/vast/Conversion/FromHL/InsertImplicitCast.cpp:203:33
 #5 0x000059386447e43d vast::InsertImplicitCast::runOnOperation()::'lambda'(vast::hl::CondOp)::operator()(vast::hl::CondOp) const /home/jialeiwang/mlir-dev/vast-fork/lib/vast/Conversion/FromHL/InsertImplicitCast.cpp:213:36
 #6 0x000059386447e403 std::enable_if<!llvm::is_one_of<vast::hl::CondOp, mlir::Operation*, mlir::Region*, mlir::Block*>::value && std::is_same<void, void>::value, void>::type mlir::detail::walk<(mlir::WalkOrder)1, mlir::ForwardIterator, vast::InsertImplicitCast::runOnOperation()::'lambda'(vast::hl::CondOp)&, vast::hl::CondOp, void>(mlir::Operation*, vast::InsertImplicitCast::runOnOperation()::'lambda'(vast::hl::CondOp)&)::'lambda'(mlir::Operation*)::operator()(mlir::Operation*) const /home/jialeiwang/apps/llvm18/include/mlir/IR/Visitors.h:340:3
 #7 0x000059386447e39d void llvm::function_ref<void (mlir::Operation*)>::callback_fn<std::enable_if<!llvm::is_one_of<vast::hl::CondOp, mlir::Operation*, mlir::Region*, mlir::Block*>::value && std::is_same<void, void>::value, void>::type mlir::detail::walk<(mlir::WalkOrder)1, mlir::ForwardIterator, vast::InsertImplicitCast::runOnOperation()::'lambda'(vast::hl::CondOp)&, vast::hl::CondOp, void>(mlir::Operation*, vast::InsertImplicitCast::runOnOperation()::'lambda'(vast::hl::CondOp)&)::'lambda'(mlir::Operation*)>(long, mlir::Operation*) /home/jialeiwang/apps/llvm18/include/llvm/ADT/STLFunctionalExtras.h:45:5
 #8 0x0000593863e13811 llvm::function_ref<void (mlir::Operation*)>::operator()(mlir::Operation*) const /home/jialeiwang/apps/llvm18/include/llvm/ADT/STLFunctionalExtras.h:68:5
 #9 0x0000593863e137a8 void mlir::detail::walk<mlir::ForwardIterator>(mlir::Operation*, llvm::function_ref<void (mlir::Operation*)>, mlir::WalkOrder) /home/jialeiwang/apps/llvm18/include/mlir/IR/Visitors.h:188:1
#10 0x0000593863e13757 void mlir::detail::walk<mlir::ForwardIterator>(mlir::Operation*, llvm::function_ref<void (mlir::Operation*)>, mlir::WalkOrder) /home/jialeiwang/apps/llvm18/include/mlir/IR/Visitors.h:180:27
#11 0x0000593863e13757 void mlir::detail::walk<mlir::ForwardIterator>(mlir::Operation*, llvm::function_ref<void (mlir::Operation*)>, mlir::WalkOrder) /home/jialeiwang/apps/llvm18/include/mlir/IR/Visitors.h:180:27
#12 0x000059386447e34a std::enable_if<!llvm::is_one_of<vast::hl::CondOp, mlir::Operation*, mlir::Region*, mlir::Block*>::value && std::is_same<void, void>::value, void>::type mlir::detail::walk<(mlir::WalkOrder)1, mlir::ForwardIterator, vast::InsertImplicitCast::runOnOperation()::'lambda'(vast::hl::CondOp)&, vast::hl::CondOp, void>(mlir::Operation*, vast::InsertImplicitCast::runOnOperation()::'lambda'(vast::hl::CondOp)&) /home/jialeiwang/apps/llvm18/include/mlir/IR/Visitors.h:341:3
#13 0x000059386447e2ed std::enable_if<llvm::function_traits<std::decay<vast::InsertImplicitCast::runOnOperation()::'lambda'(vast::hl::CondOp)&>::type>::num_args == 1, void>::type mlir::Operation::walk<(mlir::WalkOrder)1, mlir::ForwardIterator, vast::InsertImplicitCast::runOnOperation()::'lambda'(vast::hl::CondOp)&, void>(vast::InsertImplicitCast::runOnOperation()::'lambda'(vast::hl::CondOp)&) /home/jialeiwang/apps/llvm18/include/mlir/IR/Operation.h:794:5
#14 0x000059386447b090 std::enable_if<llvm::function_traits<std::decay<vast::InsertImplicitCast::runOnOperation()::'lambda'(vast::hl::CondOp)&>::type>::num_args == 1, void>::type mlir::OpState::walk<(mlir::WalkOrder)1, mlir::ForwardIterator, vast::InsertImplicitCast::runOnOperation()::'lambda'(vast::hl::CondOp)&, void>(vast::InsertImplicitCast::runOnOperation()::'lambda'(vast::hl::CondOp)&) /home/jialeiwang/apps/llvm18/include/mlir/IR/OpDefinition.h:166:5
#15 0x000059386447aacc vast::InsertImplicitCast::runOnOperation() /home/jialeiwang/mlir-dev/vast-fork/lib/vast/Conversion/FromHL/InsertImplicitCast.cpp:218:18
#16 0x0000593864812112 mlir::detail::OpToOpPassAdaptor::run(mlir::Pass*, mlir::Operation*, mlir::AnalysisManager, bool, unsigned int) (/home/jialeiwang/mlir-dev/vast-fork/builds/default/tools/vast-front/Debug/vast-front+0x5306112)
#17 0x0000593864815aeb mlir::PassManager::run(mlir::Operation*) (/home/jialeiwang/mlir-dev/vast-fork/builds/default/tools/vast-front/Debug/vast-front+0x5309aeb)
#18 0x0000593864272617 vast::cc::vast_stream_consumer::process_mlir_module(vast::cc::target_dialect, mlir::ModuleOp) /home/jialeiwang/mlir-dev/vast-fork/lib/vast/Frontend/Consumer.cpp:204:33
#19 0x00005938642719a1 vast::cc::vast_stream_consumer::emit_mlir_output(vast::cc::target_dialect, mlir::OwningOpRef<mlir::ModuleOp>) /home/jialeiwang/mlir-dev/vast-fork/lib/vast/Frontend/Consumer.cpp:227:9
#20 0x000059386427147b vast::cc::vast_stream_consumer::HandleTranslationUnit(clang::ASTContext&) /home/jialeiwang/mlir-dev/vast-fork/lib/vast/Frontend/Consumer.cpp:137:28
#21 0x0000593868502eb6 clang::ParseAST(clang::Sema&, bool, bool) (/home/jialeiwang/mlir-dev/vast-fork/builds/default/tools/vast-front/Debug/vast-front+0x8ff6eb6)
#22 0x0000593863d0fbe5 vast::cc::vast_stream_action::ExecuteAction() /home/jialeiwang/mlir-dev/vast-fork/lib/vast/Frontend/Action.cpp:75:5
#23 0x000059386804aac7 clang::FrontendAction::Execute() (/home/jialeiwang/mlir-dev/vast-fork/builds/default/tools/vast-front/Debug/vast-front+0x8b3eac7)
#24 0x0000593867fbff34 clang::CompilerInstance::ExecuteAction(clang::FrontendAction&) (/home/jialeiwang/mlir-dev/vast-fork/builds/default/tools/vast-front/Debug/vast-front+0x8ab3f34)
#25 0x0000593863cf6d11 vast::cc::execute_compiler_invocation(clang::CompilerInstance*, vast::cc::vast_args const&) /home/jialeiwang/mlir-dev/vast-fork/tools/vast-front/compiler_invocation.cpp:105:28
#26 0x0000593863d0bf20 vast::cc::cc1(vast::cc::vast_args const&, llvm::ArrayRef<char const*>, char const*, void*) /home/jialeiwang/mlir-dev/vast-fork/tools/vast-front/cc1.cpp:116:23
#27 0x0000593863cfc924 execute_cc1_tool(llvm::SmallVectorImpl<char const*>&) /home/jialeiwang/mlir-dev/vast-fork/tools/vast-front/driver.cpp:71:16
#28 0x0000593863cfbfbb main /home/jialeiwang/mlir-dev/vast-fork/tools/vast-front/driver.cpp:143:20
#29 0x0000799b0dc29d90 __libc_start_call_main ./csu/../sysdeps/nptl/libc_start_call_main.h:58:16
#30 0x0000799b0dc29e40 call_init ./csu/../csu/libc-start.c:128:20
#31 0x0000799b0dc29e40 __libc_start_main ./csu/../csu/libc-start.c:379:5
#32 0x0000593863cf5525 _start (/home/jialeiwang/mlir-dev/vast-fork/builds/default/tools/vast-front/Debug/vast-front+0x47e9525)
/home/jialeiwang/mlir-dev/vast-test-cxx/build/exception/Output/throw-expressions.cpp.script: line 1: 1893544 Illegal instruction     /home/jialeiwang/mlir-dev/vast-fork/builds/default/tools/vast-front/Debug/vast-front -cc1 -internal-isystem /usr/lib/gcc/x86_64-linux-gnu/11/../../../../include/c++/11 -internal-isystem /usr/lib/gcc/x86_64-linux-gnu/11/../../../../include/x86_64-linux-gnu/c++/11 -internal-isystem /usr/lib/gcc/x86_64-linux-gnu/11/../../../../include/c++/11/backward -internal-isystem /home/jialeiwang/apps/llvm18/lib/clang/18/include -internal-isystem /usr/local/include -internal-isystem /usr/lib/gcc/x86_64-linux-gnu/11/../../../../x86_64-linux-gnu/include -internal-externc-isystem /usr/include/x86_64-linux-gnu -internal-externc-isystem /include -internal-externc-isystem /usr/include -fcxx-exceptions -fexceptions -Wno-unreachable-code -Werror /home/jialeiwang/mlir-dev/vast-test-cxx/testcases/exception/throw-expressions.cpp -vast-emit-mlir=ll -o /home/jialeiwang/mlir-dev/vast-test-cxx/build/exception/Output/throw-expressions.cpp.tmp.ll

--

********************
FAIL: vast-test-cxx :: dynamic-cast.cpp (135 of 603)
******************** TEST 'vast-test-cxx :: dynamic-cast.cpp' FAILED ********************
Exit Code: 132

Command Output (stderr):
--
RUN: at line 1: /home/jialeiwang/mlir-dev/vast-fork/builds/default/tools/vast-front/Debug/vast-front -cc1 -internal-isystem /usr/lib/gcc/x86_64-linux-gnu/11/../../../../include/c++/11 -internal-isystem /usr/lib/gcc/x86_64-linux-gnu/11/../../../../include/x86_64-linux-gnu/c++/11 -internal-isystem /usr/lib/gcc/x86_64-linux-gnu/11/../../../../include/c++/11/backward -internal-isystem /home/jialeiwang/apps/llvm18/lib/clang/18/include -internal-isystem /usr/local/include -internal-isystem /usr/lib/gcc/x86_64-linux-gnu/11/../../../../x86_64-linux-gnu/include -internal-externc-isystem /usr/include/x86_64-linux-gnu -internal-externc-isystem /include -internal-externc-isystem /usr/include -I/home/jialeiwang/mlir-dev/vast-test-cxx/testcases /home/jialeiwang/mlir-dev/vast-test-cxx/testcases/dynamic-cast.cpp -fcxx-exceptions -fexceptions -vast-emit-mlir=ll -o /home/jialeiwang/mlir-dev/vast-test-cxx/build/Output/dynamic-cast.cpp.tmp.ll && echo '// CHECK-NOT: {{unsup\.|unreach\.|#unsup}}' > /home/jialeiwang/mlir-dev/vast-test-cxx/build/Output/dynamic-cast.cpp.tmp.check && FileCheck /home/jialeiwang/mlir-dev/vast-test-cxx/build/Output/dynamic-cast.cpp.tmp.check --input-file=/home/jialeiwang/mlir-dev/vast-test-cxx/build/Output/dynamic-cast.cpp.tmp.ll && rm /home/jialeiwang/mlir-dev/vast-test-cxx/build/Output/dynamic-cast.cpp.tmp.check
+ /home/jialeiwang/mlir-dev/vast-fork/builds/default/tools/vast-front/Debug/vast-front -cc1 -internal-isystem /usr/lib/gcc/x86_64-linux-gnu/11/../../../../include/c++/11 -internal-isystem /usr/lib/gcc/x86_64-linux-gnu/11/../../../../include/x86_64-linux-gnu/c++/11 -internal-isystem /usr/lib/gcc/x86_64-linux-gnu/11/../../../../include/c++/11/backward -internal-isystem /home/jialeiwang/apps/llvm18/lib/clang/18/include -internal-isystem /usr/local/include -internal-isystem /usr/lib/gcc/x86_64-linux-gnu/11/../../../../x86_64-linux-gnu/include -internal-externc-isystem /usr/include/x86_64-linux-gnu -internal-externc-isystem /include -internal-externc-isystem /usr/include -I/home/jialeiwang/mlir-dev/vast-test-cxx/testcases /home/jialeiwang/mlir-dev/vast-test-cxx/testcases/dynamic-cast.cpp -fcxx-exceptions -fexceptions -vast-emit-mlir=ll -o /home/jialeiwang/mlir-dev/vast-test-cxx/build/Output/dynamic-cast.cpp.tmp.ll
/home/jialeiwang/mlir-dev/vast-test-cxx/testcases/dynamic-cast.cpp:8:5: warning: expression result unused [-Wunused-value]
    8 |     dynamic_cast<const B&>(*a);
      |     ^~~~~~~~~~~~~~~~~~~~~~~~~~
/home/jialeiwang/mlir-dev/vast-test-cxx/testcases/dynamic-cast.cpp:7:3: error: unexpected error: 'hl.try' op expects graph region #0 to have 0 or 1 blocks
  try {
  ^
/home/jialeiwang/mlir-dev/vast-test-cxx/testcases/dynamic-cast.cpp:7:3: error: unexpected note: see current operation: 
"hl.try"() ({
  %3 = "hl.ref"(%0) : (!hl.lvalue<!hl.ptr<!hl.record<"A">>>) -> !hl.lvalue<!hl.ptr<!hl.record<"A">>>
  %4 = "hl.cast"(%3) {kind = 4 : i64} : (!hl.lvalue<!hl.ptr<!hl.record<"A">>>) -> !hl.ptr<!hl.record<"A">>
  %5 = "hl.deref"(%4) : (!hl.ptr<!hl.record<"A">>) -> !hl.lvalue<!hl.record<"A">>
  %6 = "hl.addressof"(%5) : (!hl.lvalue<!hl.record<"A">>) -> !hl.ptr<!hl.record<"A">>
  %7 = "hl.cast"(%6) {kind = 9 : i64} : (!hl.ptr<!hl.record<"A">>) -> !hl.ptr<!hl.record<"B">>
  %8 = "hl.cast"(%7) {kind = 23 : i64} : (!hl.ptr<!hl.record<"B">>) -> ui8
  %9 = "hl.lnot"(%8) : (ui8) -> ui8
  %10 = "hl.cast"(%9) {kind = 26 : i64} : (ui8) -> i1
  "ll.cond_br"(%10)[^bb1, ^bb2] <{operandSegmentSizes = array<i32: 1, 0, 0>}> : (i1) -> ()
^bb1:  // pred: ^bb0
  %11 = "hl.call"() {callee = @__cxa_bad_cast} : () -> !hl.void
  "ll.br"()[^bb2] : () -> ()
^bb2:  // 2 preds: ^bb0, ^bb1
  %12 = "hl.deref"(%7) : (!hl.ptr<!hl.record<"B">>) -> !hl.lvalue<!hl.record<"B">>
}, {
}) : () -> ()
  try {
  ^


[VAST fatal] MLIR pass manager failed when running vast passes
PLEASE submit a bug report to https://github.com/trailofbits/vast/issues and include the crash backtrace, preprocessed source, and associated run script.
Stack dump:
0.	Program arguments: /home/jialeiwang/mlir-dev/vast-fork/builds/default/tools/vast-front/Debug/vast-front -cc1 -internal-isystem /usr/lib/gcc/x86_64-linux-gnu/11/../../../../include/c++/11 -internal-isystem /usr/lib/gcc/x86_64-linux-gnu/11/../../../../include/x86_64-linux-gnu/c++/11 -internal-isystem /usr/lib/gcc/x86_64-linux-gnu/11/../../../../include/c++/11/backward -internal-isystem /home/jialeiwang/apps/llvm18/lib/clang/18/include -internal-isystem /usr/local/include -internal-isystem /usr/lib/gcc/x86_64-linux-gnu/11/../../../../x86_64-linux-gnu/include -internal-externc-isystem /usr/include/x86_64-linux-gnu -internal-externc-isystem /include -internal-externc-isystem /usr/include -I/home/jialeiwang/mlir-dev/vast-test-cxx/testcases /home/jialeiwang/mlir-dev/vast-test-cxx/testcases/dynamic-cast.cpp -fcxx-exceptions -fexceptions -vast-emit-mlir=ll -o /home/jialeiwang/mlir-dev/vast-test-cxx/build/Output/dynamic-cast.cpp.tmp.ll
1.	<eof> parser at end of file
 #0 0x00005bc83d07e248 llvm::sys::PrintStackTrace(llvm::raw_ostream&, int) (/home/jialeiwang/mlir-dev/vast-fork/builds/default/tools/vast-front/Debug/vast-front+0xb570248)
 #1 0x00005bc83d07c02e llvm::sys::RunSignalHandlers() (/home/jialeiwang/mlir-dev/vast-fork/builds/default/tools/vast-front/Debug/vast-front+0xb56e02e)
 #2 0x00005bc83d07e8d8 SignalHandler(int) Signals.cpp:0:0
 #3 0x0000727836e42520 (/lib/x86_64-linux-gnu/libc.so.6+0x42520)
 #4 0x00005bc8368746e8 vast::cc::vast_stream_consumer::process_mlir_module(vast::cc::target_dialect, mlir::ModuleOp) /home/jialeiwang/mlir-dev/vast-fork/lib/vast/Frontend/Consumer.cpp:205:9
 #5 0x00005bc8368739a1 vast::cc::vast_stream_consumer::emit_mlir_output(vast::cc::target_dialect, mlir::OwningOpRef<mlir::ModuleOp>) /home/jialeiwang/mlir-dev/vast-fork/lib/vast/Frontend/Consumer.cpp:227:9
 #6 0x00005bc83687347b vast::cc::vast_stream_consumer::HandleTranslationUnit(clang::ASTContext&) /home/jialeiwang/mlir-dev/vast-fork/lib/vast/Frontend/Consumer.cpp:137:28
 #7 0x00005bc83ab04eb6 clang::ParseAST(clang::Sema&, bool, bool) (/home/jialeiwang/mlir-dev/vast-fork/builds/default/tools/vast-front/Debug/vast-front+0x8ff6eb6)
 #8 0x00005bc836311be5 vast::cc::vast_stream_action::ExecuteAction() /home/jialeiwang/mlir-dev/vast-fork/lib/vast/Frontend/Action.cpp:75:5
 #9 0x00005bc83a64cac7 clang::FrontendAction::Execute() (/home/jialeiwang/mlir-dev/vast-fork/builds/default/tools/vast-front/Debug/vast-front+0x8b3eac7)
#10 0x00005bc83a5c1f34 clang::CompilerInstance::ExecuteAction(clang::FrontendAction&) (/home/jialeiwang/mlir-dev/vast-fork/builds/default/tools/vast-front/Debug/vast-front+0x8ab3f34)
#11 0x00005bc8362f8d11 vast::cc::execute_compiler_invocation(clang::CompilerInstance*, vast::cc::vast_args const&) /home/jialeiwang/mlir-dev/vast-fork/tools/vast-front/compiler_invocation.cpp:105:28
#12 0x00005bc83630df20 vast::cc::cc1(vast::cc::vast_args const&, llvm::ArrayRef<char const*>, char const*, void*) /home/jialeiwang/mlir-dev/vast-fork/tools/vast-front/cc1.cpp:116:23
#13 0x00005bc8362fe924 execute_cc1_tool(llvm::SmallVectorImpl<char const*>&) /home/jialeiwang/mlir-dev/vast-fork/tools/vast-front/driver.cpp:71:16
#14 0x00005bc8362fdfbb main /home/jialeiwang/mlir-dev/vast-fork/tools/vast-front/driver.cpp:143:20
#15 0x0000727836e29d90 __libc_start_call_main ./csu/../sysdeps/nptl/libc_start_call_main.h:58:16
#16 0x0000727836e29e40 call_init ./csu/../csu/libc-start.c:128:20
#17 0x0000727836e29e40 __libc_start_main ./csu/../csu/libc-start.c:379:5
#18 0x00005bc8362f7525 _start (/home/jialeiwang/mlir-dev/vast-fork/builds/default/tools/vast-front/Debug/vast-front+0x47e9525)
/home/jialeiwang/mlir-dev/vast-test-cxx/build/Output/dynamic-cast.cpp.script: line 1: 1893572 Illegal instruction     /home/jialeiwang/mlir-dev/vast-fork/builds/default/tools/vast-front/Debug/vast-front -cc1 -internal-isystem /usr/lib/gcc/x86_64-linux-gnu/11/../../../../include/c++/11 -internal-isystem /usr/lib/gcc/x86_64-linux-gnu/11/../../../../include/x86_64-linux-gnu/c++/11 -internal-isystem /usr/lib/gcc/x86_64-linux-gnu/11/../../../../include/c++/11/backward -internal-isystem /home/jialeiwang/apps/llvm18/lib/clang/18/include -internal-isystem /usr/local/include -internal-isystem /usr/lib/gcc/x86_64-linux-gnu/11/../../../../x86_64-linux-gnu/include -internal-externc-isystem /usr/include/x86_64-linux-gnu -internal-externc-isystem /include -internal-externc-isystem /usr/include -I/home/jialeiwang/mlir-dev/vast-test-cxx/testcases /home/jialeiwang/mlir-dev/vast-test-cxx/testcases/dynamic-cast.cpp -fcxx-exceptions -fexceptions -vast-emit-mlir=ll -o /home/jialeiwang/mlir-dev/vast-test-cxx/build/Output/dynamic-cast.cpp.tmp.ll

--

********************
FAIL: vast-test-cxx :: goto.cpp (136 of 603)
******************** TEST 'vast-test-cxx :: goto.cpp' FAILED ********************
Exit Code: 132

Command Output (stderr):
--
RUN: at line 1: /home/jialeiwang/mlir-dev/vast-fork/builds/default/tools/vast-front/Debug/vast-front -cc1 -internal-isystem /usr/lib/gcc/x86_64-linux-gnu/11/../../../../include/c++/11 -internal-isystem /usr/lib/gcc/x86_64-linux-gnu/11/../../../../include/x86_64-linux-gnu/c++/11 -internal-isystem /usr/lib/gcc/x86_64-linux-gnu/11/../../../../include/c++/11/backward -internal-isystem /home/jialeiwang/apps/llvm18/lib/clang/18/include -internal-isystem /usr/local/include -internal-isystem /usr/lib/gcc/x86_64-linux-gnu/11/../../../../x86_64-linux-gnu/include -internal-externc-isystem /usr/include/x86_64-linux-gnu -internal-externc-isystem /include -internal-externc-isystem /usr/include /home/jialeiwang/mlir-dev/vast-test-cxx/testcases/goto.cpp -fcxx-exceptions -fexceptions -std=c++98 -vast-emit-mlir=ll -o /home/jialeiwang/mlir-dev/vast-test-cxx/build/Output/goto.cpp.tmp.ll && echo '// CHECK-NOT: {{unsup\.|unreach\.|#unsup}}' > /home/jialeiwang/mlir-dev/vast-test-cxx/build/Output/goto.cpp.tmp.check && FileCheck /home/jialeiwang/mlir-dev/vast-test-cxx/build/Output/goto.cpp.tmp.check --input-file=/home/jialeiwang/mlir-dev/vast-test-cxx/build/Output/goto.cpp.tmp.ll && rm /home/jialeiwang/mlir-dev/vast-test-cxx/build/Output/goto.cpp.tmp.check
+ /home/jialeiwang/mlir-dev/vast-fork/builds/default/tools/vast-front/Debug/vast-front -cc1 -internal-isystem /usr/lib/gcc/x86_64-linux-gnu/11/../../../../include/c++/11 -internal-isystem /usr/lib/gcc/x86_64-linux-gnu/11/../../../../include/x86_64-linux-gnu/c++/11 -internal-isystem /usr/lib/gcc/x86_64-linux-gnu/11/../../../../include/c++/11/backward -internal-isystem /home/jialeiwang/apps/llvm18/lib/clang/18/include -internal-isystem /usr/local/include -internal-isystem /usr/lib/gcc/x86_64-linux-gnu/11/../../../../x86_64-linux-gnu/include -internal-externc-isystem /usr/include/x86_64-linux-gnu -internal-externc-isystem /include -internal-externc-isystem /usr/include /home/jialeiwang/mlir-dev/vast-test-cxx/testcases/goto.cpp -fcxx-exceptions -fexceptions -std=c++98 -vast-emit-mlir=ll -o /home/jialeiwang/mlir-dev/vast-test-cxx/build/Output/goto.cpp.tmp.ll
/home/jialeiwang/mlir-dev/vast-test-cxx/testcases/goto.cpp:11:5: error: unexpected error: 'hl.try' op expects graph region #0 to have 0 or 1 blocks
    try {
    ^
/home/jialeiwang/mlir-dev/vast-test-cxx/testcases/goto.cpp:11:5: error: unexpected note: see current operation: 
"hl.try"() ({
  %7 = "ll.uninitialized_var"() : () -> !hl.lvalue<!hl.record<"test0::A">>
  %8 = "hl.addressof"(%7) : (!hl.lvalue<!hl.record<"test0::A">>) -> !hl.ptr<!hl.record<"test0::A">>
  %9 = "hl.call"(%8) {callee = @"test0::A::A()"} : (!hl.ptr<!hl.record<"test0::A">>) -> !hl.void
  %10 = "ll.uninitialized_var"() : () -> !hl.lvalue<!hl.ptr<!hl.record<"test0::V">>>
  %11 = "hl.new"() {allocFunc = @"operator new(unsigned long)", allocType = !hl.record<"test0::V">} : () -> !hl.ptr<!hl.record<"test0::V">>
  %12 = "ll.uninitialized_var"() : () -> !hl.lvalue<!hl.record<"test0::A">>
  %13 = "hl.addressof"(%12) : (!hl.lvalue<!hl.record<"test0::A">>) -> !hl.ptr<!hl.record<"test0::A">>
  %14 = "hl.call"(%13) {callee = @"test0::A::A()"} : (!hl.ptr<!hl.record<"test0::A">>) -> !hl.void
  %15 = "hl.cast"(%12) {kind = 5 : i64} : (!hl.lvalue<!hl.record<"test0::A">>) -> !hl.record<"test0::A">
  %16 = "hl.call"(%11, %12) {callee = @"test0::V::V(const test0::A &)"} : (!hl.ptr<!hl.record<"test0::V">>, !hl.lvalue<!hl.record<"test0::A">>) -> !hl.void
  %17 = "hl.addressof"(%12) : (!hl.lvalue<!hl.record<"test0::A">>) -> !hl.ptr<!hl.record<"test0::A">>
  %18 = "hl.call"(%17) {callee = @"test0::A::~A()"} : (!hl.ptr<!hl.record<"test0::A">>) -> !hl.void
  %19 = "ll.initialize"(%10, %11) : (!hl.lvalue<!hl.ptr<!hl.record<"test0::V">>>, !hl.ptr<!hl.record<"test0::V">>) -> !hl.lvalue<!hl.ptr<!hl.record<"test0::V">>>
  %20 = "hl.ref"(%0) : (!hl.lvalue<si32>) -> !hl.lvalue<si32>
  %21 = "hl.cast"(%20) {kind = 4 : i64} : (!hl.lvalue<si32>) -> si32
  %22 = "hl.cast"(%21) {kind = 27 : i64} : (si32) -> ui8
  %23 = "hl.cast"(%22) {kind = 26 : i64} : (ui8) -> i1
  "ll.cond_br"(%23)[^bb1, ^bb2] <{operandSegmentSizes = array<i32: 1, 0, 0>}> : (i1) -> ()
^bb1:  // pred: ^bb0
  %24 = "hl.addressof"(%7) : (!hl.lvalue<!hl.record<"test0::A">>) -> !hl.ptr<!hl.record<"test0::A">>
  %25 = "hl.call"(%24) {callee = @"test0::A::~A()"} : (!hl.ptr<!hl.record<"test0::A">>) -> !hl.void
  %26 = "hl.addressof"(%1) : (!hl.lvalue<!hl.record<"test0::A">>) -> !hl.ptr<!hl.record<"test0::A">>
  %27 = "hl.call"(%26) {callee = @"test0::A::~A()"} : (!hl.ptr<!hl.record<"test0::A">>) -> !hl.void
  %28 = "hl.const"() {value = #core.integer<1> : si32} : () -> si32
  "ll.return"(%28) : (si32) -> ()
^bb2:  // pred: ^bb0
  %29 = "hl.addressof"(%7) : (!hl.lvalue<!hl.record<"test0::A">>) -> !hl.ptr<!hl.record<"test0::A">>
  %30 = "hl.call"(%29) {callee = @"test0::A::~A()"} : (!hl.ptr<!hl.record<"test0::A">>) -> !hl.void
}, {
  %7 = "hl.catch"() {catchType = si32} : () -> si32
  %8 = "hl.addressof"(%1) : (!hl.lvalue<!hl.record<"test0::A">>) -> !hl.ptr<!hl.record<"test0::A">>
  %9 = "hl.call"(%8) {callee = @"test0::A::~A()"} : (!hl.ptr<!hl.record<"test0::A">>) -> !hl.void
  %10 = "hl.const"() {value = #core.integer<1> : si32} : () -> si32
  "ll.return"(%10) : (si32) -> ()
}) : () -> ()
    try {
    ^


[VAST fatal] MLIR pass manager failed when running vast passes
PLEASE submit a bug report to https://github.com/trailofbits/vast/issues and include the crash backtrace, preprocessed source, and associated run script.
Stack dump:
0.	Program arguments: /home/jialeiwang/mlir-dev/vast-fork/builds/default/tools/vast-front/Debug/vast-front -cc1 -internal-isystem /usr/lib/gcc/x86_64-linux-gnu/11/../../../../include/c++/11 -internal-isystem /usr/lib/gcc/x86_64-linux-gnu/11/../../../../include/x86_64-linux-gnu/c++/11 -internal-isystem /usr/lib/gcc/x86_64-linux-gnu/11/../../../../include/c++/11/backward -internal-isystem /home/jialeiwang/apps/llvm18/lib/clang/18/include -internal-isystem /usr/local/include -internal-isystem /usr/lib/gcc/x86_64-linux-gnu/11/../../../../x86_64-linux-gnu/include -internal-externc-isystem /usr/include/x86_64-linux-gnu -internal-externc-isystem /include -internal-externc-isystem /usr/include /home/jialeiwang/mlir-dev/vast-test-cxx/testcases/goto.cpp -fcxx-exceptions -fexceptions -std=c++98 -vast-emit-mlir=ll -o /home/jialeiwang/mlir-dev/vast-test-cxx/build/Output/goto.cpp.tmp.ll
1.	<eof> parser at end of file
 #0 0x0000591c3a288248 llvm::sys::PrintStackTrace(llvm::raw_ostream&, int) (/home/jialeiwang/mlir-dev/vast-fork/builds/default/tools/vast-front/Debug/vast-front+0xb570248)
 #1 0x0000591c3a28602e llvm::sys::RunSignalHandlers() (/home/jialeiwang/mlir-dev/vast-fork/builds/default/tools/vast-front/Debug/vast-front+0xb56e02e)
 #2 0x0000591c3a2888d8 SignalHandler(int) Signals.cpp:0:0
 #3 0x00007326ed642520 (/lib/x86_64-linux-gnu/libc.so.6+0x42520)
 #4 0x0000591c33a7e6e8 vast::cc::vast_stream_consumer::process_mlir_module(vast::cc::target_dialect, mlir::ModuleOp) /home/jialeiwang/mlir-dev/vast-fork/lib/vast/Frontend/Consumer.cpp:205:9
 #5 0x0000591c33a7d9a1 vast::cc::vast_stream_consumer::emit_mlir_output(vast::cc::target_dialect, mlir::OwningOpRef<mlir::ModuleOp>) /home/jialeiwang/mlir-dev/vast-fork/lib/vast/Frontend/Consumer.cpp:227:9
 #6 0x0000591c33a7d47b vast::cc::vast_stream_consumer::HandleTranslationUnit(clang::ASTContext&) /home/jialeiwang/mlir-dev/vast-fork/lib/vast/Frontend/Consumer.cpp:137:28
 #7 0x0000591c37d0eeb6 clang::ParseAST(clang::Sema&, bool, bool) (/home/jialeiwang/mlir-dev/vast-fork/builds/default/tools/vast-front/Debug/vast-front+0x8ff6eb6)
 #8 0x0000591c3351bbe5 vast::cc::vast_stream_action::ExecuteAction() /home/jialeiwang/mlir-dev/vast-fork/lib/vast/Frontend/Action.cpp:75:5
 #9 0x0000591c37856ac7 clang::FrontendAction::Execute() (/home/jialeiwang/mlir-dev/vast-fork/builds/default/tools/vast-front/Debug/vast-front+0x8b3eac7)
#10 0x0000591c377cbf34 clang::CompilerInstance::ExecuteAction(clang::FrontendAction&) (/home/jialeiwang/mlir-dev/vast-fork/builds/default/tools/vast-front/Debug/vast-front+0x8ab3f34)
#11 0x0000591c33502d11 vast::cc::execute_compiler_invocation(clang::CompilerInstance*, vast::cc::vast_args const&) /home/jialeiwang/mlir-dev/vast-fork/tools/vast-front/compiler_invocation.cpp:105:28
#12 0x0000591c33517f20 vast::cc::cc1(vast::cc::vast_args const&, llvm::ArrayRef<char const*>, char const*, void*) /home/jialeiwang/mlir-dev/vast-fork/tools/vast-front/cc1.cpp:116:23
#13 0x0000591c33508924 execute_cc1_tool(llvm::SmallVectorImpl<char const*>&) /home/jialeiwang/mlir-dev/vast-fork/tools/vast-front/driver.cpp:71:16
#14 0x0000591c33507fbb main /home/jialeiwang/mlir-dev/vast-fork/tools/vast-front/driver.cpp:143:20
#15 0x00007326ed629d90 __libc_start_call_main ./csu/../sysdeps/nptl/libc_start_call_main.h:58:16
#16 0x00007326ed629e40 call_init ./csu/../csu/libc-start.c:128:20
#17 0x00007326ed629e40 __libc_start_main ./csu/../csu/libc-start.c:379:5
#18 0x0000591c33501525 _start (/home/jialeiwang/mlir-dev/vast-fork/builds/default/tools/vast-front/Debug/vast-front+0x47e9525)
/home/jialeiwang/mlir-dev/vast-test-cxx/build/Output/goto.cpp.script: line 2: 1893585 Illegal instruction     /home/jialeiwang/mlir-dev/vast-fork/builds/default/tools/vast-front/Debug/vast-front -cc1 -internal-isystem /usr/lib/gcc/x86_64-linux-gnu/11/../../../../include/c++/11 -internal-isystem /usr/lib/gcc/x86_64-linux-gnu/11/../../../../include/x86_64-linux-gnu/c++/11 -internal-isystem /usr/lib/gcc/x86_64-linux-gnu/11/../../../../include/c++/11/backward -internal-isystem /home/jialeiwang/apps/llvm18/lib/clang/18/include -internal-isystem /usr/local/include -internal-isystem /usr/lib/gcc/x86_64-linux-gnu/11/../../../../x86_64-linux-gnu/include -internal-externc-isystem /usr/include/x86_64-linux-gnu -internal-externc-isystem /include -internal-externc-isystem /usr/include /home/jialeiwang/mlir-dev/vast-test-cxx/testcases/goto.cpp -fcxx-exceptions -fexceptions -std=c++98 -vast-emit-mlir=ll -o /home/jialeiwang/mlir-dev/vast-test-cxx/build/Output/goto.cpp.tmp.ll

--

********************
FAIL: vast-test-cxx :: switch-case-folding.cpp (137 of 603)
******************** TEST 'vast-test-cxx :: switch-case-folding.cpp' FAILED ********************
Exit Code: 132

Command Output (stderr):
--
RUN: at line 1: /home/jialeiwang/mlir-dev/vast-fork/builds/default/tools/vast-front/Debug/vast-front -cc1 -internal-isystem /usr/lib/gcc/x86_64-linux-gnu/11/../../../../include/c++/11 -internal-isystem /usr/lib/gcc/x86_64-linux-gnu/11/../../../../include/x86_64-linux-gnu/c++/11 -internal-isystem /usr/lib/gcc/x86_64-linux-gnu/11/../../../../include/c++/11/backward -internal-isystem /home/jialeiwang/apps/llvm18/lib/clang/18/include -internal-isystem /usr/local/include -internal-isystem /usr/lib/gcc/x86_64-linux-gnu/11/../../../../x86_64-linux-gnu/include -internal-externc-isystem /usr/include/x86_64-linux-gnu -internal-externc-isystem /include -internal-externc-isystem /usr/include /home/jialeiwang/mlir-dev/vast-test-cxx/testcases/switch-case-folding.cpp -vast-emit-mlir=ll -o /home/jialeiwang/mlir-dev/vast-test-cxx/build/Output/switch-case-folding.cpp.tmp.ll && echo '// CHECK-NOT: {{unsup\.|unreach\.|#unsup}}' > /home/jialeiwang/mlir-dev/vast-test-cxx/build/Output/switch-case-folding.cpp.tmp.check && FileCheck /home/jialeiwang/mlir-dev/vast-test-cxx/build/Output/switch-case-folding.cpp.tmp.check --input-file=/home/jialeiwang/mlir-dev/vast-test-cxx/build/Output/switch-case-folding.cpp.tmp.ll && rm /home/jialeiwang/mlir-dev/vast-test-cxx/build/Output/switch-case-folding.cpp.tmp.check
+ /home/jialeiwang/mlir-dev/vast-fork/builds/default/tools/vast-front/Debug/vast-front -cc1 -internal-isystem /usr/lib/gcc/x86_64-linux-gnu/11/../../../../include/c++/11 -internal-isystem /usr/lib/gcc/x86_64-linux-gnu/11/../../../../include/x86_64-linux-gnu/c++/11 -internal-isystem /usr/lib/gcc/x86_64-linux-gnu/11/../../../../include/c++/11/backward -internal-isystem /home/jialeiwang/apps/llvm18/lib/clang/18/include -internal-isystem /usr/local/include -internal-isystem /usr/lib/gcc/x86_64-linux-gnu/11/../../../../x86_64-linux-gnu/include -internal-externc-isystem /usr/include/x86_64-linux-gnu -internal-externc-isystem /include -internal-externc-isystem /usr/include /home/jialeiwang/mlir-dev/vast-test-cxx/testcases/switch-case-folding.cpp -vast-emit-mlir=ll -o /home/jialeiwang/mlir-dev/vast-test-cxx/build/Output/switch-case-folding.cpp.tmp.ll
/home/jialeiwang/mlir-dev/vast-test-cxx/testcases/switch-case-folding.cpp:7:22: error: unexpected error: reference to block defined in another region
                     switch (6)  {
                     ^
/home/jialeiwang/mlir-dev/vast-test-cxx/testcases/switch-case-folding.cpp:7:22: error: unexpected note: see current operation: "ll.switch"(%4)[^bb4, ^bb3, INVALIDBLOCK] <{case_operand_segments = array<i32: 0, 0>, case_values = dense<[6, 5]> : vector<2xsi32>, operandSegmentSizes = array<i32: 1, 0, 0>}> : (si32) -> ()
                     switch (6)  {
                     ^


[VAST fatal] MLIR pass manager failed when running vast passes
PLEASE submit a bug report to https://github.com/trailofbits/vast/issues and include the crash backtrace, preprocessed source, and associated run script.
Stack dump:
0.	Program arguments: /home/jialeiwang/mlir-dev/vast-fork/builds/default/tools/vast-front/Debug/vast-front -cc1 -internal-isystem /usr/lib/gcc/x86_64-linux-gnu/11/../../../../include/c++/11 -internal-isystem /usr/lib/gcc/x86_64-linux-gnu/11/../../../../include/x86_64-linux-gnu/c++/11 -internal-isystem /usr/lib/gcc/x86_64-linux-gnu/11/../../../../include/c++/11/backward -internal-isystem /home/jialeiwang/apps/llvm18/lib/clang/18/include -internal-isystem /usr/local/include -internal-isystem /usr/lib/gcc/x86_64-linux-gnu/11/../../../../x86_64-linux-gnu/include -internal-externc-isystem /usr/include/x86_64-linux-gnu -internal-externc-isystem /include -internal-externc-isystem /usr/include /home/jialeiwang/mlir-dev/vast-test-cxx/testcases/switch-case-folding.cpp -vast-emit-mlir=ll -o /home/jialeiwang/mlir-dev/vast-test-cxx/build/Output/switch-case-folding.cpp.tmp.ll
1.	<eof> parser at end of file
 #0 0x0000648247eca248 llvm::sys::PrintStackTrace(llvm::raw_ostream&, int) (/home/jialeiwang/mlir-dev/vast-fork/builds/default/tools/vast-front/Debug/vast-front+0xb570248)
 #1 0x0000648247ec802e llvm::sys::RunSignalHandlers() (/home/jialeiwang/mlir-dev/vast-fork/builds/default/tools/vast-front/Debug/vast-front+0xb56e02e)
 #2 0x0000648247eca8d8 SignalHandler(int) Signals.cpp:0:0
 #3 0x000077ceb7642520 (/lib/x86_64-linux-gnu/libc.so.6+0x42520)
 #4 0x00006482416c06e8 vast::cc::vast_stream_consumer::process_mlir_module(vast::cc::target_dialect, mlir::ModuleOp) /home/jialeiwang/mlir-dev/vast-fork/lib/vast/Frontend/Consumer.cpp:205:9
 #5 0x00006482416bf9a1 vast::cc::vast_stream_consumer::emit_mlir_output(vast::cc::target_dialect, mlir::OwningOpRef<mlir::ModuleOp>) /home/jialeiwang/mlir-dev/vast-fork/lib/vast/Frontend/Consumer.cpp:227:9
 #6 0x00006482416bf47b vast::cc::vast_stream_consumer::HandleTranslationUnit(clang::ASTContext&) /home/jialeiwang/mlir-dev/vast-fork/lib/vast/Frontend/Consumer.cpp:137:28
 #7 0x0000648245950eb6 clang::ParseAST(clang::Sema&, bool, bool) (/home/jialeiwang/mlir-dev/vast-fork/builds/default/tools/vast-front/Debug/vast-front+0x8ff6eb6)
 #8 0x000064824115dbe5 vast::cc::vast_stream_action::ExecuteAction() /home/jialeiwang/mlir-dev/vast-fork/lib/vast/Frontend/Action.cpp:75:5
 #9 0x0000648245498ac7 clang::FrontendAction::Execute() (/home/jialeiwang/mlir-dev/vast-fork/builds/default/tools/vast-front/Debug/vast-front+0x8b3eac7)
#10 0x000064824540df34 clang::CompilerInstance::ExecuteAction(clang::FrontendAction&) (/home/jialeiwang/mlir-dev/vast-fork/builds/default/tools/vast-front/Debug/vast-front+0x8ab3f34)
#11 0x0000648241144d11 vast::cc::execute_compiler_invocation(clang::CompilerInstance*, vast::cc::vast_args const&) /home/jialeiwang/mlir-dev/vast-fork/tools/vast-front/compiler_invocation.cpp:105:28
#12 0x0000648241159f20 vast::cc::cc1(vast::cc::vast_args const&, llvm::ArrayRef<char const*>, char const*, void*) /home/jialeiwang/mlir-dev/vast-fork/tools/vast-front/cc1.cpp:116:23
#13 0x000064824114a924 execute_cc1_tool(llvm::SmallVectorImpl<char const*>&) /home/jialeiwang/mlir-dev/vast-fork/tools/vast-front/driver.cpp:71:16
#14 0x0000648241149fbb main /home/jialeiwang/mlir-dev/vast-fork/tools/vast-front/driver.cpp:143:20
#15 0x000077ceb7629d90 __libc_start_call_main ./csu/../sysdeps/nptl/libc_start_call_main.h:58:16
#16 0x000077ceb7629e40 call_init ./csu/../csu/libc-start.c:128:20
#17 0x000077ceb7629e40 __libc_start_main ./csu/../csu/libc-start.c:379:5
#18 0x0000648241143525 _start (/home/jialeiwang/mlir-dev/vast-fork/builds/default/tools/vast-front/Debug/vast-front+0x47e9525)
/home/jialeiwang/mlir-dev/vast-test-cxx/build/Output/switch-case-folding.cpp.script: line 1: 1893540 Illegal instruction     /home/jialeiwang/mlir-dev/vast-fork/builds/default/tools/vast-front/Debug/vast-front -cc1 -internal-isystem /usr/lib/gcc/x86_64-linux-gnu/11/../../../../include/c++/11 -internal-isystem /usr/lib/gcc/x86_64-linux-gnu/11/../../../../include/x86_64-linux-gnu/c++/11 -internal-isystem /usr/lib/gcc/x86_64-linux-gnu/11/../../../../include/c++/11/backward -internal-isystem /home/jialeiwang/apps/llvm18/lib/clang/18/include -internal-isystem /usr/local/include -internal-isystem /usr/lib/gcc/x86_64-linux-gnu/11/../../../../x86_64-linux-gnu/include -internal-externc-isystem /usr/include/x86_64-linux-gnu -internal-externc-isystem /include -internal-externc-isystem /usr/include /home/jialeiwang/mlir-dev/vast-test-cxx/testcases/switch-case-folding.cpp -vast-emit-mlir=ll -o /home/jialeiwang/mlir-dev/vast-test-cxx/build/Output/switch-case-folding.cpp.tmp.ll

--

********************
FAIL: vast-test-cxx :: switch-case-folding-1.cpp (138 of 603)
******************** TEST 'vast-test-cxx :: switch-case-folding-1.cpp' FAILED ********************
Exit Code: 132

Command Output (stderr):
--
RUN: at line 1: /home/jialeiwang/mlir-dev/vast-fork/builds/default/tools/vast-front/Debug/vast-front -cc1 -internal-isystem /usr/lib/gcc/x86_64-linux-gnu/11/../../../../include/c++/11 -internal-isystem /usr/lib/gcc/x86_64-linux-gnu/11/../../../../include/x86_64-linux-gnu/c++/11 -internal-isystem /usr/lib/gcc/x86_64-linux-gnu/11/../../../../include/c++/11/backward -internal-isystem /home/jialeiwang/apps/llvm18/lib/clang/18/include -internal-isystem /usr/local/include -internal-isystem /usr/lib/gcc/x86_64-linux-gnu/11/../../../../x86_64-linux-gnu/include -internal-externc-isystem /usr/include/x86_64-linux-gnu -internal-externc-isystem /include -internal-externc-isystem /usr/include /home/jialeiwang/mlir-dev/vast-test-cxx/testcases/switch-case-folding-1.cpp -vast-emit-mlir=ll -o /home/jialeiwang/mlir-dev/vast-test-cxx/build/Output/switch-case-folding-1.cpp.tmp.ll && echo '// CHECK-NOT: {{unsup\.|unreach\.|#unsup}}' > /home/jialeiwang/mlir-dev/vast-test-cxx/build/Output/switch-case-folding-1.cpp.tmp.check && FileCheck /home/jialeiwang/mlir-dev/vast-test-cxx/build/Output/switch-case-folding-1.cpp.tmp.check --input-file=/home/jialeiwang/mlir-dev/vast-test-cxx/build/Output/switch-case-folding-1.cpp.tmp.ll && rm /home/jialeiwang/mlir-dev/vast-test-cxx/build/Output/switch-case-folding-1.cpp.tmp.check
+ /home/jialeiwang/mlir-dev/vast-fork/builds/default/tools/vast-front/Debug/vast-front -cc1 -internal-isystem /usr/lib/gcc/x86_64-linux-gnu/11/../../../../include/c++/11 -internal-isystem /usr/lib/gcc/x86_64-linux-gnu/11/../../../../include/x86_64-linux-gnu/c++/11 -internal-isystem /usr/lib/gcc/x86_64-linux-gnu/11/../../../../include/c++/11/backward -internal-isystem /home/jialeiwang/apps/llvm18/lib/clang/18/include -internal-isystem /usr/local/include -internal-isystem /usr/lib/gcc/x86_64-linux-gnu/11/../../../../x86_64-linux-gnu/include -internal-externc-isystem /usr/include/x86_64-linux-gnu -internal-externc-isystem /include -internal-externc-isystem /usr/include /home/jialeiwang/mlir-dev/vast-test-cxx/testcases/switch-case-folding-1.cpp -vast-emit-mlir=ll -o /home/jialeiwang/mlir-dev/vast-test-cxx/build/Output/switch-case-folding-1.cpp.tmp.ll
/home/jialeiwang/mlir-dev/vast-test-cxx/testcases/switch-case-folding-1.cpp:7:22: error: unexpected error: reference to block defined in another region
                     switch (6)  {
                     ^
/home/jialeiwang/mlir-dev/vast-test-cxx/testcases/switch-case-folding-1.cpp:7:22: error: unexpected note: see current operation: "ll.switch"(%6)[^bb4, ^bb3, INVALIDBLOCK] <{case_operand_segments = array<i32: 0, 0>, case_values = dense<[6, 5]> : vector<2xsi32>, operandSegmentSizes = array<i32: 1, 0, 0>}> : (si32) -> ()
                     switch (6)  {
                     ^


[VAST fatal] MLIR pass manager failed when running vast passes
PLEASE submit a bug report to https://github.com/trailofbits/vast/issues and include the crash backtrace, preprocessed source, and associated run script.
Stack dump:
0.	Program arguments: /home/jialeiwang/mlir-dev/vast-fork/builds/default/tools/vast-front/Debug/vast-front -cc1 -internal-isystem /usr/lib/gcc/x86_64-linux-gnu/11/../../../../include/c++/11 -internal-isystem /usr/lib/gcc/x86_64-linux-gnu/11/../../../../include/x86_64-linux-gnu/c++/11 -internal-isystem /usr/lib/gcc/x86_64-linux-gnu/11/../../../../include/c++/11/backward -internal-isystem /home/jialeiwang/apps/llvm18/lib/clang/18/include -internal-isystem /usr/local/include -internal-isystem /usr/lib/gcc/x86_64-linux-gnu/11/../../../../x86_64-linux-gnu/include -internal-externc-isystem /usr/include/x86_64-linux-gnu -internal-externc-isystem /include -internal-externc-isystem /usr/include /home/jialeiwang/mlir-dev/vast-test-cxx/testcases/switch-case-folding-1.cpp -vast-emit-mlir=ll -o /home/jialeiwang/mlir-dev/vast-test-cxx/build/Output/switch-case-folding-1.cpp.tmp.ll
1.	<eof> parser at end of file
 #0 0x000059ce2fb8e248 llvm::sys::PrintStackTrace(llvm::raw_ostream&, int) (/home/jialeiwang/mlir-dev/vast-fork/builds/default/tools/vast-front/Debug/vast-front+0xb570248)
 #1 0x000059ce2fb8c02e llvm::sys::RunSignalHandlers() (/home/jialeiwang/mlir-dev/vast-fork/builds/default/tools/vast-front/Debug/vast-front+0xb56e02e)
 #2 0x000059ce2fb8e8d8 SignalHandler(int) Signals.cpp:0:0
 #3 0x0000768941642520 (/lib/x86_64-linux-gnu/libc.so.6+0x42520)
 #4 0x000059ce293846e8 vast::cc::vast_stream_consumer::process_mlir_module(vast::cc::target_dialect, mlir::ModuleOp) /home/jialeiwang/mlir-dev/vast-fork/lib/vast/Frontend/Consumer.cpp:205:9
 #5 0x000059ce293839a1 vast::cc::vast_stream_consumer::emit_mlir_output(vast::cc::target_dialect, mlir::OwningOpRef<mlir::ModuleOp>) /home/jialeiwang/mlir-dev/vast-fork/lib/vast/Frontend/Consumer.cpp:227:9
 #6 0x000059ce2938347b vast::cc::vast_stream_consumer::HandleTranslationUnit(clang::ASTContext&) /home/jialeiwang/mlir-dev/vast-fork/lib/vast/Frontend/Consumer.cpp:137:28
 #7 0x000059ce2d614eb6 clang::ParseAST(clang::Sema&, bool, bool) (/home/jialeiwang/mlir-dev/vast-fork/builds/default/tools/vast-front/Debug/vast-front+0x8ff6eb6)
 #8 0x000059ce28e21be5 vast::cc::vast_stream_action::ExecuteAction() /home/jialeiwang/mlir-dev/vast-fork/lib/vast/Frontend/Action.cpp:75:5
 #9 0x000059ce2d15cac7 clang::FrontendAction::Execute() (/home/jialeiwang/mlir-dev/vast-fork/builds/default/tools/vast-front/Debug/vast-front+0x8b3eac7)
#10 0x000059ce2d0d1f34 clang::CompilerInstance::ExecuteAction(clang::FrontendAction&) (/home/jialeiwang/mlir-dev/vast-fork/builds/default/tools/vast-front/Debug/vast-front+0x8ab3f34)
#11 0x000059ce28e08d11 vast::cc::execute_compiler_invocation(clang::CompilerInstance*, vast::cc::vast_args const&) /home/jialeiwang/mlir-dev/vast-fork/tools/vast-front/compiler_invocation.cpp:105:28
#12 0x000059ce28e1df20 vast::cc::cc1(vast::cc::vast_args const&, llvm::ArrayRef<char const*>, char const*, void*) /home/jialeiwang/mlir-dev/vast-fork/tools/vast-front/cc1.cpp:116:23
#13 0x000059ce28e0e924 execute_cc1_tool(llvm::SmallVectorImpl<char const*>&) /home/jialeiwang/mlir-dev/vast-fork/tools/vast-front/driver.cpp:71:16
#14 0x000059ce28e0dfbb main /home/jialeiwang/mlir-dev/vast-fork/tools/vast-front/driver.cpp:143:20
#15 0x0000768941629d90 __libc_start_call_main ./csu/../sysdeps/nptl/libc_start_call_main.h:58:16
#16 0x0000768941629e40 call_init ./csu/../csu/libc-start.c:128:20
#17 0x0000768941629e40 __libc_start_main ./csu/../csu/libc-start.c:379:5
#18 0x000059ce28e07525 _start (/home/jialeiwang/mlir-dev/vast-fork/builds/default/tools/vast-front/Debug/vast-front+0x47e9525)
/home/jialeiwang/mlir-dev/vast-test-cxx/build/Output/switch-case-folding-1.cpp.script: line 1: 1893551 Illegal instruction     /home/jialeiwang/mlir-dev/vast-fork/builds/default/tools/vast-front/Debug/vast-front -cc1 -internal-isystem /usr/lib/gcc/x86_64-linux-gnu/11/../../../../include/c++/11 -internal-isystem /usr/lib/gcc/x86_64-linux-gnu/11/../../../../include/x86_64-linux-gnu/c++/11 -internal-isystem /usr/lib/gcc/x86_64-linux-gnu/11/../../../../include/c++/11/backward -internal-isystem /home/jialeiwang/apps/llvm18/lib/clang/18/include -internal-isystem /usr/local/include -internal-isystem /usr/lib/gcc/x86_64-linux-gnu/11/../../../../x86_64-linux-gnu/include -internal-externc-isystem /usr/include/x86_64-linux-gnu -internal-externc-isystem /include -internal-externc-isystem /usr/include /home/jialeiwang/mlir-dev/vast-test-cxx/testcases/switch-case-folding-1.cpp -vast-emit-mlir=ll -o /home/jialeiwang/mlir-dev/vast-test-cxx/build/Output/switch-case-folding-1.cpp.tmp.ll

--

********************
FAIL: vast-test-cxx :: trap-fnattr.cpp (139 of 603)
******************** TEST 'vast-test-cxx :: trap-fnattr.cpp' FAILED ********************
Exit Code: 132

Command Output (stderr):
--
RUN: at line 1: /home/jialeiwang/mlir-dev/vast-fork/builds/default/tools/vast-front/Debug/vast-front -cc1 -internal-isystem /usr/lib/gcc/x86_64-linux-gnu/11/../../../../include/c++/11 -internal-isystem /usr/lib/gcc/x86_64-linux-gnu/11/../../../../include/x86_64-linux-gnu/c++/11 -internal-isystem /usr/lib/gcc/x86_64-linux-gnu/11/../../../../include/c++/11/backward -internal-isystem /home/jialeiwang/apps/llvm18/lib/clang/18/include -internal-isystem /usr/local/include -internal-isystem /usr/lib/gcc/x86_64-linux-gnu/11/../../../../x86_64-linux-gnu/include -internal-externc-isystem /usr/include/x86_64-linux-gnu -internal-externc-isystem /include -internal-externc-isystem /usr/include -ftrapv -ftrap-function=mytrap /home/jialeiwang/mlir-dev/vast-test-cxx/testcases/trap-fnattr.cpp -vast-emit-mlir=ll -o /home/jialeiwang/mlir-dev/vast-test-cxx/build/Output/trap-fnattr.cpp.tmp.ll && echo '// CHECK-NOT: {{unsup\.|unreach\.|#unsup}}' > /home/jialeiwang/mlir-dev/vast-test-cxx/build/Output/trap-fnattr.cpp.tmp.check && FileCheck /home/jialeiwang/mlir-dev/vast-test-cxx/build/Output/trap-fnattr.cpp.tmp.check --input-file=/home/jialeiwang/mlir-dev/vast-test-cxx/build/Output/trap-fnattr.cpp.tmp.ll && rm /home/jialeiwang/mlir-dev/vast-test-cxx/build/Output/trap-fnattr.cpp.tmp.check
+ /home/jialeiwang/mlir-dev/vast-fork/builds/default/tools/vast-front/Debug/vast-front -cc1 -internal-isystem /usr/lib/gcc/x86_64-linux-gnu/11/../../../../include/c++/11 -internal-isystem /usr/lib/gcc/x86_64-linux-gnu/11/../../../../include/x86_64-linux-gnu/c++/11 -internal-isystem /usr/lib/gcc/x86_64-linux-gnu/11/../../../../include/c++/11/backward -internal-isystem /home/jialeiwang/apps/llvm18/lib/clang/18/include -internal-isystem /usr/local/include -internal-isystem /usr/lib/gcc/x86_64-linux-gnu/11/../../../../x86_64-linux-gnu/include -internal-externc-isystem /usr/include/x86_64-linux-gnu -internal-externc-isystem /include -internal-externc-isystem /usr/include -ftrapv -ftrap-function=mytrap /home/jialeiwang/mlir-dev/vast-test-cxx/testcases/trap-fnattr.cpp -vast-emit-mlir=ll -o /home/jialeiwang/mlir-dev/vast-test-cxx/build/Output/trap-fnattr.cpp.tmp.ll
/home/jialeiwang/mlir-dev/vast-test-cxx/testcases/trap-fnattr.cpp:13:1: warning: non-void function does not return a value [-Wreturn-type]
   13 | }
      | ^
/home/jialeiwang/mlir-dev/vast-test-cxx/testcases/trap-fnattr.cpp:7:3: error: unexpected error: 'hl.unreachable' op must be the last operation in the parent block
  __builtin_trap();
  ^
/home/jialeiwang/mlir-dev/vast-test-cxx/testcases/trap-fnattr.cpp:7:3: error: unexpected note: see current operation: "hl.unreachable"() : () -> ()
  __builtin_trap();
  ^


[VAST fatal] MLIR pass manager failed when running vast passes
PLEASE submit a bug report to https://github.com/trailofbits/vast/issues and include the crash backtrace, preprocessed source, and associated run script.
Stack dump:
0.	Program arguments: /home/jialeiwang/mlir-dev/vast-fork/builds/default/tools/vast-front/Debug/vast-front -cc1 -internal-isystem /usr/lib/gcc/x86_64-linux-gnu/11/../../../../include/c++/11 -internal-isystem /usr/lib/gcc/x86_64-linux-gnu/11/../../../../include/x86_64-linux-gnu/c++/11 -internal-isystem /usr/lib/gcc/x86_64-linux-gnu/11/../../../../include/c++/11/backward -internal-isystem /home/jialeiwang/apps/llvm18/lib/clang/18/include -internal-isystem /usr/local/include -internal-isystem /usr/lib/gcc/x86_64-linux-gnu/11/../../../../x86_64-linux-gnu/include -internal-externc-isystem /usr/include/x86_64-linux-gnu -internal-externc-isystem /include -internal-externc-isystem /usr/include -ftrapv -ftrap-function=mytrap /home/jialeiwang/mlir-dev/vast-test-cxx/testcases/trap-fnattr.cpp -vast-emit-mlir=ll -o /home/jialeiwang/mlir-dev/vast-test-cxx/build/Output/trap-fnattr.cpp.tmp.ll
1.	<eof> parser at end of file
 #0 0x000056ac5dc75248 llvm::sys::PrintStackTrace(llvm::raw_ostream&, int) (/home/jialeiwang/mlir-dev/vast-fork/builds/default/tools/vast-front/Debug/vast-front+0xb570248)
 #1 0x000056ac5dc7302e llvm::sys::RunSignalHandlers() (/home/jialeiwang/mlir-dev/vast-fork/builds/default/tools/vast-front/Debug/vast-front+0xb56e02e)
 #2 0x000056ac5dc758d8 SignalHandler(int) Signals.cpp:0:0
 #3 0x00007c886a042520 (/lib/x86_64-linux-gnu/libc.so.6+0x42520)
 #4 0x000056ac5746b6e8 vast::cc::vast_stream_consumer::process_mlir_module(vast::cc::target_dialect, mlir::ModuleOp) /home/jialeiwang/mlir-dev/vast-fork/lib/vast/Frontend/Consumer.cpp:205:9
 #5 0x000056ac5746a9a1 vast::cc::vast_stream_consumer::emit_mlir_output(vast::cc::target_dialect, mlir::OwningOpRef<mlir::ModuleOp>) /home/jialeiwang/mlir-dev/vast-fork/lib/vast/Frontend/Consumer.cpp:227:9
 #6 0x000056ac5746a47b vast::cc::vast_stream_consumer::HandleTranslationUnit(clang::ASTContext&) /home/jialeiwang/mlir-dev/vast-fork/lib/vast/Frontend/Consumer.cpp:137:28
 #7 0x000056ac5b6fbeb6 clang::ParseAST(clang::Sema&, bool, bool) (/home/jialeiwang/mlir-dev/vast-fork/builds/default/tools/vast-front/Debug/vast-front+0x8ff6eb6)
 #8 0x000056ac56f08be5 vast::cc::vast_stream_action::ExecuteAction() /home/jialeiwang/mlir-dev/vast-fork/lib/vast/Frontend/Action.cpp:75:5
 #9 0x000056ac5b243ac7 clang::FrontendAction::Execute() (/home/jialeiwang/mlir-dev/vast-fork/builds/default/tools/vast-front/Debug/vast-front+0x8b3eac7)
#10 0x000056ac5b1b8f34 clang::CompilerInstance::ExecuteAction(clang::FrontendAction&) (/home/jialeiwang/mlir-dev/vast-fork/builds/default/tools/vast-front/Debug/vast-front+0x8ab3f34)
#11 0x000056ac56eefd11 vast::cc::execute_compiler_invocation(clang::CompilerInstance*, vast::cc::vast_args const&) /home/jialeiwang/mlir-dev/vast-fork/tools/vast-front/compiler_invocation.cpp:105:28
#12 0x000056ac56f04f20 vast::cc::cc1(vast::cc::vast_args const&, llvm::ArrayRef<char const*>, char const*, void*) /home/jialeiwang/mlir-dev/vast-fork/tools/vast-front/cc1.cpp:116:23
#13 0x000056ac56ef5924 execute_cc1_tool(llvm::SmallVectorImpl<char const*>&) /home/jialeiwang/mlir-dev/vast-fork/tools/vast-front/driver.cpp:71:16
#14 0x000056ac56ef4fbb main /home/jialeiwang/mlir-dev/vast-fork/tools/vast-front/driver.cpp:143:20
#15 0x00007c886a029d90 __libc_start_call_main ./csu/../sysdeps/nptl/libc_start_call_main.h:58:16
#16 0x00007c886a029e40 call_init ./csu/../csu/libc-start.c:128:20
#17 0x00007c886a029e40 __libc_start_main ./csu/../csu/libc-start.c:379:5
#18 0x000056ac56eee525 _start (/home/jialeiwang/mlir-dev/vast-fork/builds/default/tools/vast-front/Debug/vast-front+0x47e9525)
/home/jialeiwang/mlir-dev/vast-test-cxx/build/Output/trap-fnattr.cpp.script: line 2: 1893542 Illegal instruction     /home/jialeiwang/mlir-dev/vast-fork/builds/default/tools/vast-front/Debug/vast-front -cc1 -internal-isystem /usr/lib/gcc/x86_64-linux-gnu/11/../../../../include/c++/11 -internal-isystem /usr/lib/gcc/x86_64-linux-gnu/11/../../../../include/x86_64-linux-gnu/c++/11 -internal-isystem /usr/lib/gcc/x86_64-linux-gnu/11/../../../../include/c++/11/backward -internal-isystem /home/jialeiwang/apps/llvm18/lib/clang/18/include -internal-isystem /usr/local/include -internal-isystem /usr/lib/gcc/x86_64-linux-gnu/11/../../../../x86_64-linux-gnu/include -internal-externc-isystem /usr/include/x86_64-linux-gnu -internal-externc-isystem /include -internal-externc-isystem /usr/include -ftrapv -ftrap-function=mytrap /home/jialeiwang/mlir-dev/vast-test-cxx/testcases/trap-fnattr.cpp -vast-emit-mlir=ll -o /home/jialeiwang/mlir-dev/vast-test-cxx/build/Output/trap-fnattr.cpp.tmp.ll

--

********************
FAIL: vast-test-cxx :: typeid-with-address-space.cpp (140 of 603)
******************** TEST 'vast-test-cxx :: typeid-with-address-space.cpp' FAILED ********************
Exit Code: 132

Command Output (stderr):
--
RUN: at line 1: /home/jialeiwang/mlir-dev/vast-fork/builds/default/tools/vast-front/Debug/vast-front -cc1 -internal-isystem /usr/lib/gcc/x86_64-linux-gnu/11/../../../../include/c++/11 -internal-isystem /usr/lib/gcc/x86_64-linux-gnu/11/../../../../include/x86_64-linux-gnu/c++/11 -internal-isystem /usr/lib/gcc/x86_64-linux-gnu/11/../../../../include/c++/11/backward -internal-isystem /home/jialeiwang/apps/llvm18/lib/clang/18/include -internal-isystem /usr/local/include -internal-isystem /usr/lib/gcc/x86_64-linux-gnu/11/../../../../x86_64-linux-gnu/include -internal-externc-isystem /usr/include/x86_64-linux-gnu -internal-externc-isystem /include -internal-externc-isystem /usr/include -I/home/jialeiwang/mlir-dev/vast-test-cxx/testcases /home/jialeiwang/mlir-dev/vast-test-cxx/testcases/typeid-with-address-space.cpp -fcxx-exceptions -fexceptions -vast-emit-mlir=ll -o /home/jialeiwang/mlir-dev/vast-test-cxx/build/Output/typeid-with-address-space.cpp.tmp.ll && echo '// CHECK-NOT: {{unsup\.|unreach\.|#unsup}}' > /home/jialeiwang/mlir-dev/vast-test-cxx/build/Output/typeid-with-address-space.cpp.tmp.check && FileCheck /home/jialeiwang/mlir-dev/vast-test-cxx/build/Output/typeid-with-address-space.cpp.tmp.check --input-file=/home/jialeiwang/mlir-dev/vast-test-cxx/build/Output/typeid-with-address-space.cpp.tmp.ll && rm /home/jialeiwang/mlir-dev/vast-test-cxx/build/Output/typeid-with-address-space.cpp.tmp.check
+ /home/jialeiwang/mlir-dev/vast-fork/builds/default/tools/vast-front/Debug/vast-front -cc1 -internal-isystem /usr/lib/gcc/x86_64-linux-gnu/11/../../../../include/c++/11 -internal-isystem /usr/lib/gcc/x86_64-linux-gnu/11/../../../../include/x86_64-linux-gnu/c++/11 -internal-isystem /usr/lib/gcc/x86_64-linux-gnu/11/../../../../include/c++/11/backward -internal-isystem /home/jialeiwang/apps/llvm18/lib/clang/18/include -internal-isystem /usr/local/include -internal-isystem /usr/lib/gcc/x86_64-linux-gnu/11/../../../../x86_64-linux-gnu/include -internal-externc-isystem /usr/include/x86_64-linux-gnu -internal-externc-isystem /include -internal-externc-isystem /usr/include -I/home/jialeiwang/mlir-dev/vast-test-cxx/testcases /home/jialeiwang/mlir-dev/vast-test-cxx/testcases/typeid-with-address-space.cpp -fcxx-exceptions -fexceptions -vast-emit-mlir=ll -o /home/jialeiwang/mlir-dev/vast-test-cxx/build/Output/typeid-with-address-space.cpp.tmp.ll
/home/jialeiwang/mlir-dev/vast-test-cxx/testcases/typeid-with-address-space.cpp:27:3: error: unexpected error: 'hl.try' op expects graph region #0 to have 0 or 1 blocks
  try {
  ^
/home/jialeiwang/mlir-dev/vast-test-cxx/testcases/typeid-with-address-space.cpp:27:3: error: unexpected note: see current operation: 
"hl.try"() ({
  %2 = "hl.const"() {value = #core.integer<0> : si32} : () -> si32
  %3 = "hl.cast"(%2) {kind = 13 : i64} : (si32) -> !hl.ptr<!hl.record<"Test1::A">>
  %4 = "hl.cast"(%3) {kind = 23 : i64} : (!hl.ptr<!hl.record<"Test1::A">>) -> ui8
  %5 = "hl.lnot"(%4) : (ui8) -> ui8
  %6 = "hl.cast"(%5) {kind = 26 : i64} : (ui8) -> i1
  "ll.cond_br"(%6)[^bb1, ^bb2] <{operandSegmentSizes = array<i32: 1, 0, 0>}> : (i1) -> ()
^bb1:  // pred: ^bb0
  %7 = "hl.call"() {callee = @__cxa_bad_typeid} : () -> !hl.void
  "ll.br"()[^bb2] : () -> ()
^bb2:  // 2 preds: ^bb0, ^bb1
  %8 = "hl.deref"(%3) : (!hl.ptr<!hl.record<"Test1::A">>) -> !hl.lvalue<!hl.record<"Test1::A">>
  %9 = "hl.typeid.expr"(%8) : (!hl.lvalue<!hl.record<"Test1::A">>) -> !hl.record<"std::type_info">
  %10 = "hl.addressof"(%9) : (!hl.record<"std::type_info">) -> !hl.ptr<!hl.record<"std::type_info">>
  %11 = "hl.call"(%10) {callee = @"std::type_info::name() const"} : (!hl.ptr<!hl.record<"std::type_info">>) -> !hl.ptr<si8>
  "ll.return"(%11) : (!hl.ptr<si8>) -> ()
}, {
}) : () -> ()
  try {
  ^


[VAST fatal] MLIR pass manager failed when running vast passes
PLEASE submit a bug report to https://github.com/trailofbits/vast/issues and include the crash backtrace, preprocessed source, and associated run script.
Stack dump:
0.	Program arguments: /home/jialeiwang/mlir-dev/vast-fork/builds/default/tools/vast-front/Debug/vast-front -cc1 -internal-isystem /usr/lib/gcc/x86_64-linux-gnu/11/../../../../include/c++/11 -internal-isystem /usr/lib/gcc/x86_64-linux-gnu/11/../../../../include/x86_64-linux-gnu/c++/11 -internal-isystem /usr/lib/gcc/x86_64-linux-gnu/11/../../../../include/c++/11/backward -internal-isystem /home/jialeiwang/apps/llvm18/lib/clang/18/include -internal-isystem /usr/local/include -internal-isystem /usr/lib/gcc/x86_64-linux-gnu/11/../../../../x86_64-linux-gnu/include -internal-externc-isystem /usr/include/x86_64-linux-gnu -internal-externc-isystem /include -internal-externc-isystem /usr/include -I/home/jialeiwang/mlir-dev/vast-test-cxx/testcases /home/jialeiwang/mlir-dev/vast-test-cxx/testcases/typeid-with-address-space.cpp -fcxx-exceptions -fexceptions -vast-emit-mlir=ll -o /home/jialeiwang/mlir-dev/vast-test-cxx/build/Output/typeid-with-address-space.cpp.tmp.ll
1.	<eof> parser at end of file
 #0 0x00005b921c4ff248 llvm::sys::PrintStackTrace(llvm::raw_ostream&, int) (/home/jialeiwang/mlir-dev/vast-fork/builds/default/tools/vast-front/Debug/vast-front+0xb570248)
 #1 0x00005b921c4fd02e llvm::sys::RunSignalHandlers() (/home/jialeiwang/mlir-dev/vast-fork/builds/default/tools/vast-front/Debug/vast-front+0xb56e02e)
 #2 0x00005b921c4ff8d8 SignalHandler(int) Signals.cpp:0:0
 #3 0x000074cf39e42520 (/lib/x86_64-linux-gnu/libc.so.6+0x42520)
 #4 0x00005b9215cf56e8 vast::cc::vast_stream_consumer::process_mlir_module(vast::cc::target_dialect, mlir::ModuleOp) /home/jialeiwang/mlir-dev/vast-fork/lib/vast/Frontend/Consumer.cpp:205:9
 #5 0x00005b9215cf49a1 vast::cc::vast_stream_consumer::emit_mlir_output(vast::cc::target_dialect, mlir::OwningOpRef<mlir::ModuleOp>) /home/jialeiwang/mlir-dev/vast-fork/lib/vast/Frontend/Consumer.cpp:227:9
 #6 0x00005b9215cf447b vast::cc::vast_stream_consumer::HandleTranslationUnit(clang::ASTContext&) /home/jialeiwang/mlir-dev/vast-fork/lib/vast/Frontend/Consumer.cpp:137:28
 #7 0x00005b9219f85eb6 clang::ParseAST(clang::Sema&, bool, bool) (/home/jialeiwang/mlir-dev/vast-fork/builds/default/tools/vast-front/Debug/vast-front+0x8ff6eb6)
 #8 0x00005b9215792be5 vast::cc::vast_stream_action::ExecuteAction() /home/jialeiwang/mlir-dev/vast-fork/lib/vast/Frontend/Action.cpp:75:5
 #9 0x00005b9219acdac7 clang::FrontendAction::Execute() (/home/jialeiwang/mlir-dev/vast-fork/builds/default/tools/vast-front/Debug/vast-front+0x8b3eac7)
#10 0x00005b9219a42f34 clang::CompilerInstance::ExecuteAction(clang::FrontendAction&) (/home/jialeiwang/mlir-dev/vast-fork/builds/default/tools/vast-front/Debug/vast-front+0x8ab3f34)
#11 0x00005b9215779d11 vast::cc::execute_compiler_invocation(clang::CompilerInstance*, vast::cc::vast_args const&) /home/jialeiwang/mlir-dev/vast-fork/tools/vast-front/compiler_invocation.cpp:105:28
#12 0x00005b921578ef20 vast::cc::cc1(vast::cc::vast_args const&, llvm::ArrayRef<char const*>, char const*, void*) /home/jialeiwang/mlir-dev/vast-fork/tools/vast-front/cc1.cpp:116:23
#13 0x00005b921577f924 execute_cc1_tool(llvm::SmallVectorImpl<char const*>&) /home/jialeiwang/mlir-dev/vast-fork/tools/vast-front/driver.cpp:71:16
#14 0x00005b921577efbb main /home/jialeiwang/mlir-dev/vast-fork/tools/vast-front/driver.cpp:143:20
#15 0x000074cf39e29d90 __libc_start_call_main ./csu/../sysdeps/nptl/libc_start_call_main.h:58:16
#16 0x000074cf39e29e40 call_init ./csu/../csu/libc-start.c:128:20
#17 0x000074cf39e29e40 __libc_start_main ./csu/../csu/libc-start.c:379:5
#18 0x00005b9215778525 _start (/home/jialeiwang/mlir-dev/vast-fork/builds/default/tools/vast-front/Debug/vast-front+0x47e9525)
/home/jialeiwang/mlir-dev/vast-test-cxx/build/Output/typeid-with-address-space.cpp.script: line 1: 1893573 Illegal instruction     /home/jialeiwang/mlir-dev/vast-fork/builds/default/tools/vast-front/Debug/vast-front -cc1 -internal-isystem /usr/lib/gcc/x86_64-linux-gnu/11/../../../../include/c++/11 -internal-isystem /usr/lib/gcc/x86_64-linux-gnu/11/../../../../include/x86_64-linux-gnu/c++/11 -internal-isystem /usr/lib/gcc/x86_64-linux-gnu/11/../../../../include/c++/11/backward -internal-isystem /home/jialeiwang/apps/llvm18/lib/clang/18/include -internal-isystem /usr/local/include -internal-isystem /usr/lib/gcc/x86_64-linux-gnu/11/../../../../x86_64-linux-gnu/include -internal-externc-isystem /usr/include/x86_64-linux-gnu -internal-externc-isystem /include -internal-externc-isystem /usr/include -I/home/jialeiwang/mlir-dev/vast-test-cxx/testcases /home/jialeiwang/mlir-dev/vast-test-cxx/testcases/typeid-with-address-space.cpp -fcxx-exceptions -fexceptions -vast-emit-mlir=ll -o /home/jialeiwang/mlir-dev/vast-test-cxx/build/Output/typeid-with-address-space.cpp.tmp.ll

--

********************
FAIL: vast-test-cxx :: exception/exceptions.cpp (141 of 603)
******************** TEST 'vast-test-cxx :: exception/exceptions.cpp' FAILED ********************
Exit Code: 132

Command Output (stderr):
--
RUN: at line 1: /home/jialeiwang/mlir-dev/vast-fork/builds/default/tools/vast-front/Debug/vast-front -cc1 -internal-isystem /usr/lib/gcc/x86_64-linux-gnu/11/../../../../include/c++/11 -internal-isystem /usr/lib/gcc/x86_64-linux-gnu/11/../../../../include/x86_64-linux-gnu/c++/11 -internal-isystem /usr/lib/gcc/x86_64-linux-gnu/11/../../../../include/c++/11/backward -internal-isystem /home/jialeiwang/apps/llvm18/lib/clang/18/include -internal-isystem /usr/local/include -internal-isystem /usr/lib/gcc/x86_64-linux-gnu/11/../../../../x86_64-linux-gnu/include -internal-externc-isystem /usr/include/x86_64-linux-gnu -internal-externc-isystem /include -internal-externc-isystem /usr/include -no-enable-noundef-analysis /home/jialeiwang/mlir-dev/vast-test-cxx/testcases/exception/exceptions.cpp -std=c++98 -fcxx-exceptions -fexceptions -vast-emit-mlir=ll -o /home/jialeiwang/mlir-dev/vast-test-cxx/build/exception/Output/exceptions.cpp.tmp.ll && echo '// CHECK-NOT: {{unsup\.|unreach\.|#unsup}}' > /home/jialeiwang/mlir-dev/vast-test-cxx/build/exception/Output/exceptions.cpp.tmp.check && FileCheck /home/jialeiwang/mlir-dev/vast-test-cxx/build/exception/Output/exceptions.cpp.tmp.check --input-file=/home/jialeiwang/mlir-dev/vast-test-cxx/build/exception/Output/exceptions.cpp.tmp.ll && rm /home/jialeiwang/mlir-dev/vast-test-cxx/build/exception/Output/exceptions.cpp.tmp.check
+ /home/jialeiwang/mlir-dev/vast-fork/builds/default/tools/vast-front/Debug/vast-front -cc1 -internal-isystem /usr/lib/gcc/x86_64-linux-gnu/11/../../../../include/c++/11 -internal-isystem /usr/lib/gcc/x86_64-linux-gnu/11/../../../../include/x86_64-linux-gnu/c++/11 -internal-isystem /usr/lib/gcc/x86_64-linux-gnu/11/../../../../include/c++/11/backward -internal-isystem /home/jialeiwang/apps/llvm18/lib/clang/18/include -internal-isystem /usr/local/include -internal-isystem /usr/lib/gcc/x86_64-linux-gnu/11/../../../../x86_64-linux-gnu/include -internal-externc-isystem /usr/include/x86_64-linux-gnu -internal-externc-isystem /include -internal-externc-isystem /usr/include -no-enable-noundef-analysis /home/jialeiwang/mlir-dev/vast-test-cxx/testcases/exception/exceptions.cpp -std=c++98 -fcxx-exceptions -fexceptions -vast-emit-mlir=ll -o /home/jialeiwang/mlir-dev/vast-test-cxx/build/exception/Output/exceptions.cpp.tmp.ll
[VAST fatal] An empty block with predecessors found

PLEASE submit a bug report to https://github.com/trailofbits/vast/issues and include the crash backtrace, preprocessed source, and associated run script.
Stack dump:
0.	Program arguments: /home/jialeiwang/mlir-dev/vast-fork/builds/default/tools/vast-front/Debug/vast-front -cc1 -internal-isystem /usr/lib/gcc/x86_64-linux-gnu/11/../../../../include/c++/11 -internal-isystem /usr/lib/gcc/x86_64-linux-gnu/11/../../../../include/x86_64-linux-gnu/c++/11 -internal-isystem /usr/lib/gcc/x86_64-linux-gnu/11/../../../../include/c++/11/backward -internal-isystem /home/jialeiwang/apps/llvm18/lib/clang/18/include -internal-isystem /usr/local/include -internal-isystem /usr/lib/gcc/x86_64-linux-gnu/11/../../../../x86_64-linux-gnu/include -internal-externc-isystem /usr/include/x86_64-linux-gnu -internal-externc-isystem /include -internal-externc-isystem /usr/include -no-enable-noundef-analysis /home/jialeiwang/mlir-dev/vast-test-cxx/testcases/exception/exceptions.cpp -std=c++98 -fcxx-exceptions -fexceptions -vast-emit-mlir=ll -o /home/jialeiwang/mlir-dev/vast-test-cxx/build/exception/Output/exceptions.cpp.tmp.ll
1.	<eof> parser at end of file
 #0 0x00005eddc89c1248 llvm::sys::PrintStackTrace(llvm::raw_ostream&, int) (/home/jialeiwang/mlir-dev/vast-fork/builds/default/tools/vast-front/Debug/vast-front+0xb570248)
 #1 0x00005eddc89bf02e llvm::sys::RunSignalHandlers() (/home/jialeiwang/mlir-dev/vast-fork/builds/default/tools/vast-front/Debug/vast-front+0xb56e02e)
 #2 0x00005eddc89c18d8 SignalHandler(int) Signals.cpp:0:0
 #3 0x000070cd14642520 (/lib/x86_64-linux-gnu/libc.so.6+0x42520)
 #4 0x00005eddc25bfa1a vast::cleanup::(anonymous namespace)::removeEmpty(mlir::Region&, std::vector<mlir::Block*, std::allocator<mlir::Block*>>&) /home/jialeiwang/mlir-dev/vast-fork/lib/vast/Util/CleanUp.cpp:17:21
 #5 0x00005eddc25bf916 vast::cleanup::(anonymous namespace)::removeEmpty(mlir::Operation*, std::vector<mlir::Block*, std::allocator<mlir::Block*>>&) /home/jialeiwang/mlir-dev/vast-fork/lib/vast/Util/CleanUp.cpp:10:26
 #6 0x00005eddc25bf896 vast::cleanup::(anonymous namespace)::removeEmpty(mlir::Block&, std::vector<mlir::Block*, std::allocator<mlir::Block*>>&) /home/jialeiwang/mlir-dev/vast-fork/lib/vast/Util/CleanUp.cpp:25:27
 #7 0x00005eddc25bfa48 vast::cleanup::(anonymous namespace)::removeEmpty(mlir::Region&, std::vector<mlir::Block*, std::allocator<mlir::Block*>>&) /home/jialeiwang/mlir-dev/vast-fork/lib/vast/Util/CleanUp.cpp:15:13
 #8 0x00005eddc25bf916 vast::cleanup::(anonymous namespace)::removeEmpty(mlir::Operation*, std::vector<mlir::Block*, std::allocator<mlir::Block*>>&) /home/jialeiwang/mlir-dev/vast-fork/lib/vast/Util/CleanUp.cpp:10:26
 #9 0x00005eddc25bf896 vast::cleanup::(anonymous namespace)::removeEmpty(mlir::Block&, std::vector<mlir::Block*, std::allocator<mlir::Block*>>&) /home/jialeiwang/mlir-dev/vast-fork/lib/vast/Util/CleanUp.cpp:25:27
#10 0x00005eddc25bf788 vast::cleanup::eraseEmptyBlocks(mlir::Operation*) /home/jialeiwang/mlir-dev/vast-fork/lib/vast/Util/CleanUp.cpp:32:9
#11 0x00005eddc2373a30 vast::conv::HLToLLCF::run_after_conversion() /home/jialeiwang/mlir-dev/vast-fork/lib/vast/Conversion/FromHL/ToLLCF.cpp:1005:13
#12 0x00005eddc23736cb vast::ModuleConversionPassMixinBase<vast::conv::HLToLLCF, vast::HLToLLCFBase>::runOnOperation() /home/jialeiwang/mlir-dev/vast-fork/include/vast/Conversion/Common/Mixins.hpp:155:9
#13 0x00005eddc2757112 mlir::detail::OpToOpPassAdaptor::run(mlir::Pass*, mlir::Operation*, mlir::AnalysisManager, bool, unsigned int) (/home/jialeiwang/mlir-dev/vast-fork/builds/default/tools/vast-front/Debug/vast-front+0x5306112)
#14 0x00005eddc275aaeb mlir::PassManager::run(mlir::Operation*) (/home/jialeiwang/mlir-dev/vast-fork/builds/default/tools/vast-front/Debug/vast-front+0x5309aeb)
#15 0x00005eddc21b7617 vast::cc::vast_stream_consumer::process_mlir_module(vast::cc::target_dialect, mlir::ModuleOp) /home/jialeiwang/mlir-dev/vast-fork/lib/vast/Frontend/Consumer.cpp:204:33
#16 0x00005eddc21b69a1 vast::cc::vast_stream_consumer::emit_mlir_output(vast::cc::target_dialect, mlir::OwningOpRef<mlir::ModuleOp>) /home/jialeiwang/mlir-dev/vast-fork/lib/vast/Frontend/Consumer.cpp:227:9
#17 0x00005eddc21b647b vast::cc::vast_stream_consumer::HandleTranslationUnit(clang::ASTContext&) /home/jialeiwang/mlir-dev/vast-fork/lib/vast/Frontend/Consumer.cpp:137:28
#18 0x00005eddc6447eb6 clang::ParseAST(clang::Sema&, bool, bool) (/home/jialeiwang/mlir-dev/vast-fork/builds/default/tools/vast-front/Debug/vast-front+0x8ff6eb6)
#19 0x00005eddc1c54be5 vast::cc::vast_stream_action::ExecuteAction() /home/jialeiwang/mlir-dev/vast-fork/lib/vast/Frontend/Action.cpp:75:5
#20 0x00005eddc5f8fac7 clang::FrontendAction::Execute() (/home/jialeiwang/mlir-dev/vast-fork/builds/default/tools/vast-front/Debug/vast-front+0x8b3eac7)
#21 0x00005eddc5f04f34 clang::CompilerInstance::ExecuteAction(clang::FrontendAction&) (/home/jialeiwang/mlir-dev/vast-fork/builds/default/tools/vast-front/Debug/vast-front+0x8ab3f34)
#22 0x00005eddc1c3bd11 vast::cc::execute_compiler_invocation(clang::CompilerInstance*, vast::cc::vast_args const&) /home/jialeiwang/mlir-dev/vast-fork/tools/vast-front/compiler_invocation.cpp:105:28
#23 0x00005eddc1c50f20 vast::cc::cc1(vast::cc::vast_args const&, llvm::ArrayRef<char const*>, char const*, void*) /home/jialeiwang/mlir-dev/vast-fork/tools/vast-front/cc1.cpp:116:23
#24 0x00005eddc1c41924 execute_cc1_tool(llvm::SmallVectorImpl<char const*>&) /home/jialeiwang/mlir-dev/vast-fork/tools/vast-front/driver.cpp:71:16
#25 0x00005eddc1c40fbb main /home/jialeiwang/mlir-dev/vast-fork/tools/vast-front/driver.cpp:143:20
#26 0x000070cd14629d90 __libc_start_call_main ./csu/../sysdeps/nptl/libc_start_call_main.h:58:16
#27 0x000070cd14629e40 call_init ./csu/../csu/libc-start.c:128:20
#28 0x000070cd14629e40 __libc_start_main ./csu/../csu/libc-start.c:379:5
#29 0x00005eddc1c3a525 _start (/home/jialeiwang/mlir-dev/vast-fork/builds/default/tools/vast-front/Debug/vast-front+0x47e9525)
/home/jialeiwang/mlir-dev/vast-test-cxx/build/exception/Output/exceptions.cpp.script: line 3: 1893521 Illegal instruction     /home/jialeiwang/mlir-dev/vast-fork/builds/default/tools/vast-front/Debug/vast-front -cc1 -internal-isystem /usr/lib/gcc/x86_64-linux-gnu/11/../../../../include/c++/11 -internal-isystem /usr/lib/gcc/x86_64-linux-gnu/11/../../../../include/x86_64-linux-gnu/c++/11 -internal-isystem /usr/lib/gcc/x86_64-linux-gnu/11/../../../../include/c++/11/backward -internal-isystem /home/jialeiwang/apps/llvm18/lib/clang/18/include -internal-isystem /usr/local/include -internal-isystem /usr/lib/gcc/x86_64-linux-gnu/11/../../../../x86_64-linux-gnu/include -internal-externc-isystem /usr/include/x86_64-linux-gnu -internal-externc-isystem /include -internal-externc-isystem /usr/include -no-enable-noundef-analysis /home/jialeiwang/mlir-dev/vast-test-cxx/testcases/exception/exceptions.cpp -std=c++98 -fcxx-exceptions -fexceptions -vast-emit-mlir=ll -o /home/jialeiwang/mlir-dev/vast-test-cxx/build/exception/Output/exceptions.cpp.tmp.ll

--

********************
FAIL: vast-test-cxx :: exception/try-catch-with-address-space.cpp (142 of 603)
******************** TEST 'vast-test-cxx :: exception/try-catch-with-address-space.cpp' FAILED ********************
Exit Code: 132

Command Output (stderr):
--
RUN: at line 1: /home/jialeiwang/mlir-dev/vast-fork/builds/default/tools/vast-front/Debug/vast-front -cc1 -internal-isystem /usr/lib/gcc/x86_64-linux-gnu/11/../../../../include/c++/11 -internal-isystem /usr/lib/gcc/x86_64-linux-gnu/11/../../../../include/x86_64-linux-gnu/c++/11 -internal-isystem /usr/lib/gcc/x86_64-linux-gnu/11/../../../../include/c++/11/backward -internal-isystem /home/jialeiwang/apps/llvm18/lib/clang/18/include -internal-isystem /usr/local/include -internal-isystem /usr/lib/gcc/x86_64-linux-gnu/11/../../../../x86_64-linux-gnu/include -internal-externc-isystem /usr/include/x86_64-linux-gnu -internal-externc-isystem /include -internal-externc-isystem /usr/include /home/jialeiwang/mlir-dev/vast-test-cxx/testcases/exception/try-catch-with-address-space.cpp -fcxx-exceptions -fexceptions -vast-emit-mlir=ll -o /home/jialeiwang/mlir-dev/vast-test-cxx/build/exception/Output/try-catch-with-address-space.cpp.tmp.ll && echo '// CHECK-NOT: {{unsup\.|unreach\.|#unsup}}' > /home/jialeiwang/mlir-dev/vast-test-cxx/build/exception/Output/try-catch-with-address-space.cpp.tmp.check && FileCheck /home/jialeiwang/mlir-dev/vast-test-cxx/build/exception/Output/try-catch-with-address-space.cpp.tmp.check --input-file=/home/jialeiwang/mlir-dev/vast-test-cxx/build/exception/Output/try-catch-with-address-space.cpp.tmp.ll && rm /home/jialeiwang/mlir-dev/vast-test-cxx/build/exception/Output/try-catch-with-address-space.cpp.tmp.check
+ /home/jialeiwang/mlir-dev/vast-fork/builds/default/tools/vast-front/Debug/vast-front -cc1 -internal-isystem /usr/lib/gcc/x86_64-linux-gnu/11/../../../../include/c++/11 -internal-isystem /usr/lib/gcc/x86_64-linux-gnu/11/../../../../include/x86_64-linux-gnu/c++/11 -internal-isystem /usr/lib/gcc/x86_64-linux-gnu/11/../../../../include/c++/11/backward -internal-isystem /home/jialeiwang/apps/llvm18/lib/clang/18/include -internal-isystem /usr/local/include -internal-isystem /usr/lib/gcc/x86_64-linux-gnu/11/../../../../x86_64-linux-gnu/include -internal-externc-isystem /usr/include/x86_64-linux-gnu -internal-externc-isystem /include -internal-externc-isystem /usr/include /home/jialeiwang/mlir-dev/vast-test-cxx/testcases/exception/try-catch-with-address-space.cpp -fcxx-exceptions -fexceptions -vast-emit-mlir=ll -o /home/jialeiwang/mlir-dev/vast-test-cxx/build/exception/Output/try-catch-with-address-space.cpp.tmp.ll
/home/jialeiwang/mlir-dev/vast-test-cxx/testcases/exception/try-catch-with-address-space.cpp:9:5: error: unexpected error: 'hl.throw.alloc' op result #0 must be lvalue to any type, but got '!hl.ptr<!hl.record<"X">>'
    throw g();
    ^
/home/jialeiwang/mlir-dev/vast-test-cxx/testcases/exception/try-catch-with-address-space.cpp:9:5: error: unexpected note: see current operation: %1 = "hl.throw.alloc"() : () -> !hl.ptr<!hl.record<"X">>
    throw g();
    ^


[VAST fatal] MLIR pass manager failed when running vast passes
PLEASE submit a bug report to https://github.com/trailofbits/vast/issues and include the crash backtrace, preprocessed source, and associated run script.
Stack dump:
0.	Program arguments: /home/jialeiwang/mlir-dev/vast-fork/builds/default/tools/vast-front/Debug/vast-front -cc1 -internal-isystem /usr/lib/gcc/x86_64-linux-gnu/11/../../../../include/c++/11 -internal-isystem /usr/lib/gcc/x86_64-linux-gnu/11/../../../../include/x86_64-linux-gnu/c++/11 -internal-isystem /usr/lib/gcc/x86_64-linux-gnu/11/../../../../include/c++/11/backward -internal-isystem /home/jialeiwang/apps/llvm18/lib/clang/18/include -internal-isystem /usr/local/include -internal-isystem /usr/lib/gcc/x86_64-linux-gnu/11/../../../../x86_64-linux-gnu/include -internal-externc-isystem /usr/include/x86_64-linux-gnu -internal-externc-isystem /include -internal-externc-isystem /usr/include /home/jialeiwang/mlir-dev/vast-test-cxx/testcases/exception/try-catch-with-address-space.cpp -fcxx-exceptions -fexceptions -vast-emit-mlir=ll -o /home/jialeiwang/mlir-dev/vast-test-cxx/build/exception/Output/try-catch-with-address-space.cpp.tmp.ll
1.	<eof> parser at end of file
 #0 0x00005935fc4ed248 llvm::sys::PrintStackTrace(llvm::raw_ostream&, int) (/home/jialeiwang/mlir-dev/vast-fork/builds/default/tools/vast-front/Debug/vast-front+0xb570248)
 #1 0x00005935fc4eb02e llvm::sys::RunSignalHandlers() (/home/jialeiwang/mlir-dev/vast-fork/builds/default/tools/vast-front/Debug/vast-front+0xb56e02e)
 #2 0x00005935fc4ed8d8 SignalHandler(int) Signals.cpp:0:0
 #3 0x000075ffbce42520 (/lib/x86_64-linux-gnu/libc.so.6+0x42520)
 #4 0x00005935f5ce36e8 vast::cc::vast_stream_consumer::process_mlir_module(vast::cc::target_dialect, mlir::ModuleOp) /home/jialeiwang/mlir-dev/vast-fork/lib/vast/Frontend/Consumer.cpp:205:9
 #5 0x00005935f5ce29a1 vast::cc::vast_stream_consumer::emit_mlir_output(vast::cc::target_dialect, mlir::OwningOpRef<mlir::ModuleOp>) /home/jialeiwang/mlir-dev/vast-fork/lib/vast/Frontend/Consumer.cpp:227:9
 #6 0x00005935f5ce247b vast::cc::vast_stream_consumer::HandleTranslationUnit(clang::ASTContext&) /home/jialeiwang/mlir-dev/vast-fork/lib/vast/Frontend/Consumer.cpp:137:28
 #7 0x00005935f9f73eb6 clang::ParseAST(clang::Sema&, bool, bool) (/home/jialeiwang/mlir-dev/vast-fork/builds/default/tools/vast-front/Debug/vast-front+0x8ff6eb6)
 #8 0x00005935f5780be5 vast::cc::vast_stream_action::ExecuteAction() /home/jialeiwang/mlir-dev/vast-fork/lib/vast/Frontend/Action.cpp:75:5
 #9 0x00005935f9abbac7 clang::FrontendAction::Execute() (/home/jialeiwang/mlir-dev/vast-fork/builds/default/tools/vast-front/Debug/vast-front+0x8b3eac7)
#10 0x00005935f9a30f34 clang::CompilerInstance::ExecuteAction(clang::FrontendAction&) (/home/jialeiwang/mlir-dev/vast-fork/builds/default/tools/vast-front/Debug/vast-front+0x8ab3f34)
#11 0x00005935f5767d11 vast::cc::execute_compiler_invocation(clang::CompilerInstance*, vast::cc::vast_args const&) /home/jialeiwang/mlir-dev/vast-fork/tools/vast-front/compiler_invocation.cpp:105:28
#12 0x00005935f577cf20 vast::cc::cc1(vast::cc::vast_args const&, llvm::ArrayRef<char const*>, char const*, void*) /home/jialeiwang/mlir-dev/vast-fork/tools/vast-front/cc1.cpp:116:23
#13 0x00005935f576d924 execute_cc1_tool(llvm::SmallVectorImpl<char const*>&) /home/jialeiwang/mlir-dev/vast-fork/tools/vast-front/driver.cpp:71:16
#14 0x00005935f576cfbb main /home/jialeiwang/mlir-dev/vast-fork/tools/vast-front/driver.cpp:143:20
#15 0x000075ffbce29d90 __libc_start_call_main ./csu/../sysdeps/nptl/libc_start_call_main.h:58:16
#16 0x000075ffbce29e40 call_init ./csu/../csu/libc-start.c:128:20
#17 0x000075ffbce29e40 __libc_start_main ./csu/../csu/libc-start.c:379:5
#18 0x00005935f5766525 _start (/home/jialeiwang/mlir-dev/vast-fork/builds/default/tools/vast-front/Debug/vast-front+0x47e9525)
/home/jialeiwang/mlir-dev/vast-test-cxx/build/exception/Output/try-catch-with-address-space.cpp.script: line 1: 1893543 Illegal instruction     /home/jialeiwang/mlir-dev/vast-fork/builds/default/tools/vast-front/Debug/vast-front -cc1 -internal-isystem /usr/lib/gcc/x86_64-linux-gnu/11/../../../../include/c++/11 -internal-isystem /usr/lib/gcc/x86_64-linux-gnu/11/../../../../include/x86_64-linux-gnu/c++/11 -internal-isystem /usr/lib/gcc/x86_64-linux-gnu/11/../../../../include/c++/11/backward -internal-isystem /home/jialeiwang/apps/llvm18/lib/clang/18/include -internal-isystem /usr/local/include -internal-isystem /usr/lib/gcc/x86_64-linux-gnu/11/../../../../x86_64-linux-gnu/include -internal-externc-isystem /usr/include/x86_64-linux-gnu -internal-externc-isystem /include -internal-externc-isystem /usr/include /home/jialeiwang/mlir-dev/vast-test-cxx/testcases/exception/try-catch-with-address-space.cpp -fcxx-exceptions -fexceptions -vast-emit-mlir=ll -o /home/jialeiwang/mlir-dev/vast-test-cxx/build/exception/Output/try-catch-with-address-space.cpp.tmp.ll

--

********************
FAIL: vast-test-cxx :: exception/throw-expression-dtor.cpp (143 of 603)
******************** TEST 'vast-test-cxx :: exception/throw-expression-dtor.cpp' FAILED ********************
Exit Code: 132

Command Output (stderr):
--
RUN: at line 1: /home/jialeiwang/mlir-dev/vast-fork/builds/default/tools/vast-front/Debug/vast-front -cc1 -internal-isystem /usr/lib/gcc/x86_64-linux-gnu/11/../../../../include/c++/11 -internal-isystem /usr/lib/gcc/x86_64-linux-gnu/11/../../../../include/x86_64-linux-gnu/c++/11 -internal-isystem /usr/lib/gcc/x86_64-linux-gnu/11/../../../../include/c++/11/backward -internal-isystem /home/jialeiwang/apps/llvm18/lib/clang/18/include -internal-isystem /usr/local/include -internal-isystem /usr/lib/gcc/x86_64-linux-gnu/11/../../../../x86_64-linux-gnu/include -internal-externc-isystem /usr/include/x86_64-linux-gnu -internal-externc-isystem /include -internal-externc-isystem /usr/include /home/jialeiwang/mlir-dev/vast-test-cxx/testcases/exception/throw-expression-dtor.cpp -fcxx-exceptions -fexceptions -vast-emit-mlir=ll -o /home/jialeiwang/mlir-dev/vast-test-cxx/build/exception/Output/throw-expression-dtor.cpp.tmp.ll && echo '// CHECK-NOT: {{unsup\.|unreach\.|#unsup}}' > /home/jialeiwang/mlir-dev/vast-test-cxx/build/exception/Output/throw-expression-dtor.cpp.tmp.check && FileCheck /home/jialeiwang/mlir-dev/vast-test-cxx/build/exception/Output/throw-expression-dtor.cpp.tmp.check --input-file=/home/jialeiwang/mlir-dev/vast-test-cxx/build/exception/Output/throw-expression-dtor.cpp.tmp.ll && rm /home/jialeiwang/mlir-dev/vast-test-cxx/build/exception/Output/throw-expression-dtor.cpp.tmp.check
+ /home/jialeiwang/mlir-dev/vast-fork/builds/default/tools/vast-front/Debug/vast-front -cc1 -internal-isystem /usr/lib/gcc/x86_64-linux-gnu/11/../../../../include/c++/11 -internal-isystem /usr/lib/gcc/x86_64-linux-gnu/11/../../../../include/x86_64-linux-gnu/c++/11 -internal-isystem /usr/lib/gcc/x86_64-linux-gnu/11/../../../../include/c++/11/backward -internal-isystem /home/jialeiwang/apps/llvm18/lib/clang/18/include -internal-isystem /usr/local/include -internal-isystem /usr/lib/gcc/x86_64-linux-gnu/11/../../../../x86_64-linux-gnu/include -internal-externc-isystem /usr/include/x86_64-linux-gnu -internal-externc-isystem /include -internal-externc-isystem /usr/include /home/jialeiwang/mlir-dev/vast-test-cxx/testcases/exception/throw-expression-dtor.cpp -fcxx-exceptions -fexceptions -vast-emit-mlir=ll -o /home/jialeiwang/mlir-dev/vast-test-cxx/build/exception/Output/throw-expression-dtor.cpp.tmp.ll
/home/jialeiwang/mlir-dev/vast-test-cxx/testcases/exception/throw-expression-dtor.cpp:11:5: error: unexpected error: 'hl.throw.alloc' op result #0 must be lvalue to any type, but got '!hl.ptr<!hl.record<"B">>'
    throw *this;
    ^
/home/jialeiwang/mlir-dev/vast-test-cxx/testcases/exception/throw-expression-dtor.cpp:11:5: error: unexpected note: see current operation: %1 = "hl.throw.alloc"() : () -> !hl.ptr<!hl.record<"B">>
    throw *this;
    ^


[VAST fatal] MLIR pass manager failed when running vast passes
PLEASE submit a bug report to https://github.com/trailofbits/vast/issues and include the crash backtrace, preprocessed source, and associated run script.
Stack dump:
0.	Program arguments: /home/jialeiwang/mlir-dev/vast-fork/builds/default/tools/vast-front/Debug/vast-front -cc1 -internal-isystem /usr/lib/gcc/x86_64-linux-gnu/11/../../../../include/c++/11 -internal-isystem /usr/lib/gcc/x86_64-linux-gnu/11/../../../../include/x86_64-linux-gnu/c++/11 -internal-isystem /usr/lib/gcc/x86_64-linux-gnu/11/../../../../include/c++/11/backward -internal-isystem /home/jialeiwang/apps/llvm18/lib/clang/18/include -internal-isystem /usr/local/include -internal-isystem /usr/lib/gcc/x86_64-linux-gnu/11/../../../../x86_64-linux-gnu/include -internal-externc-isystem /usr/include/x86_64-linux-gnu -internal-externc-isystem /include -internal-externc-isystem /usr/include /home/jialeiwang/mlir-dev/vast-test-cxx/testcases/exception/throw-expression-dtor.cpp -fcxx-exceptions -fexceptions -vast-emit-mlir=ll -o /home/jialeiwang/mlir-dev/vast-test-cxx/build/exception/Output/throw-expression-dtor.cpp.tmp.ll
1.	<eof> parser at end of file
 #0 0x00005edb780e9248 llvm::sys::PrintStackTrace(llvm::raw_ostream&, int) (/home/jialeiwang/mlir-dev/vast-fork/builds/default/tools/vast-front/Debug/vast-front+0xb570248)
 #1 0x00005edb780e702e llvm::sys::RunSignalHandlers() (/home/jialeiwang/mlir-dev/vast-fork/builds/default/tools/vast-front/Debug/vast-front+0xb56e02e)
 #2 0x00005edb780e98d8 SignalHandler(int) Signals.cpp:0:0
 #3 0x000075364bc42520 (/lib/x86_64-linux-gnu/libc.so.6+0x42520)
 #4 0x00005edb718df6e8 vast::cc::vast_stream_consumer::process_mlir_module(vast::cc::target_dialect, mlir::ModuleOp) /home/jialeiwang/mlir-dev/vast-fork/lib/vast/Frontend/Consumer.cpp:205:9
 #5 0x00005edb718de9a1 vast::cc::vast_stream_consumer::emit_mlir_output(vast::cc::target_dialect, mlir::OwningOpRef<mlir::ModuleOp>) /home/jialeiwang/mlir-dev/vast-fork/lib/vast/Frontend/Consumer.cpp:227:9
 #6 0x00005edb718de47b vast::cc::vast_stream_consumer::HandleTranslationUnit(clang::ASTContext&) /home/jialeiwang/mlir-dev/vast-fork/lib/vast/Frontend/Consumer.cpp:137:28
 #7 0x00005edb75b6feb6 clang::ParseAST(clang::Sema&, bool, bool) (/home/jialeiwang/mlir-dev/vast-fork/builds/default/tools/vast-front/Debug/vast-front+0x8ff6eb6)
 #8 0x00005edb7137cbe5 vast::cc::vast_stream_action::ExecuteAction() /home/jialeiwang/mlir-dev/vast-fork/lib/vast/Frontend/Action.cpp:75:5
 #9 0x00005edb756b7ac7 clang::FrontendAction::Execute() (/home/jialeiwang/mlir-dev/vast-fork/builds/default/tools/vast-front/Debug/vast-front+0x8b3eac7)
#10 0x00005edb7562cf34 clang::CompilerInstance::ExecuteAction(clang::FrontendAction&) (/home/jialeiwang/mlir-dev/vast-fork/builds/default/tools/vast-front/Debug/vast-front+0x8ab3f34)
#11 0x00005edb71363d11 vast::cc::execute_compiler_invocation(clang::CompilerInstance*, vast::cc::vast_args const&) /home/jialeiwang/mlir-dev/vast-fork/tools/vast-front/compiler_invocation.cpp:105:28
#12 0x00005edb71378f20 vast::cc::cc1(vast::cc::vast_args const&, llvm::ArrayRef<char const*>, char const*, void*) /home/jialeiwang/mlir-dev/vast-fork/tools/vast-front/cc1.cpp:116:23
#13 0x00005edb71369924 execute_cc1_tool(llvm::SmallVectorImpl<char const*>&) /home/jialeiwang/mlir-dev/vast-fork/tools/vast-front/driver.cpp:71:16
#14 0x00005edb71368fbb main /home/jialeiwang/mlir-dev/vast-fork/tools/vast-front/driver.cpp:143:20
#15 0x000075364bc29d90 __libc_start_call_main ./csu/../sysdeps/nptl/libc_start_call_main.h:58:16
#16 0x000075364bc29e40 call_init ./csu/../csu/libc-start.c:128:20
#17 0x000075364bc29e40 __libc_start_main ./csu/../csu/libc-start.c:379:5
#18 0x00005edb71362525 _start (/home/jialeiwang/mlir-dev/vast-fork/builds/default/tools/vast-front/Debug/vast-front+0x47e9525)
/home/jialeiwang/mlir-dev/vast-test-cxx/build/exception/Output/throw-expression-dtor.cpp.script: line 1: 1893586 Illegal instruction     /home/jialeiwang/mlir-dev/vast-fork/builds/default/tools/vast-front/Debug/vast-front -cc1 -internal-isystem /usr/lib/gcc/x86_64-linux-gnu/11/../../../../include/c++/11 -internal-isystem /usr/lib/gcc/x86_64-linux-gnu/11/../../../../include/x86_64-linux-gnu/c++/11 -internal-isystem /usr/lib/gcc/x86_64-linux-gnu/11/../../../../include/c++/11/backward -internal-isystem /home/jialeiwang/apps/llvm18/lib/clang/18/include -internal-isystem /usr/local/include -internal-isystem /usr/lib/gcc/x86_64-linux-gnu/11/../../../../x86_64-linux-gnu/include -internal-externc-isystem /usr/include/x86_64-linux-gnu -internal-externc-isystem /include -internal-externc-isystem /usr/include /home/jialeiwang/mlir-dev/vast-test-cxx/testcases/exception/throw-expression-dtor.cpp -fcxx-exceptions -fexceptions -vast-emit-mlir=ll -o /home/jialeiwang/mlir-dev/vast-test-cxx/build/exception/Output/throw-expression-dtor.cpp.tmp.ll

--

********************
FAIL: vast-test-cxx :: const-init.cpp (144 of 603)
******************** TEST 'vast-test-cxx :: const-init.cpp' FAILED ********************
Exit Code: 139

Command Output (stderr):
--
RUN: at line 1: /home/jialeiwang/mlir-dev/vast-fork/builds/default/tools/vast-front/Debug/vast-front -cc1 -internal-isystem /usr/lib/gcc/x86_64-linux-gnu/11/../../../../include/c++/11 -internal-isystem /usr/lib/gcc/x86_64-linux-gnu/11/../../../../include/x86_64-linux-gnu/c++/11 -internal-isystem /usr/lib/gcc/x86_64-linux-gnu/11/../../../../include/c++/11/backward -internal-isystem /home/jialeiwang/apps/llvm18/lib/clang/18/include -internal-isystem /usr/local/include -internal-isystem /usr/lib/gcc/x86_64-linux-gnu/11/../../../../x86_64-linux-gnu/include -internal-externc-isystem /usr/include/x86_64-linux-gnu -internal-externc-isystem /include -internal-externc-isystem /usr/include /home/jialeiwang/mlir-dev/vast-test-cxx/testcases/const-init.cpp -vast-emit-mlir=ll -o /home/jialeiwang/mlir-dev/vast-test-cxx/build/Output/const-init.cpp.tmp.ll && echo '// CHECK-NOT: {{unsup\.|unreach\.|#unsup}}' > /home/jialeiwang/mlir-dev/vast-test-cxx/build/Output/const-init.cpp.tmp.check && FileCheck /home/jialeiwang/mlir-dev/vast-test-cxx/build/Output/const-init.cpp.tmp.check --input-file=/home/jialeiwang/mlir-dev/vast-test-cxx/build/Output/const-init.cpp.tmp.ll && rm /home/jialeiwang/mlir-dev/vast-test-cxx/build/Output/const-init.cpp.tmp.check
+ /home/jialeiwang/mlir-dev/vast-fork/builds/default/tools/vast-front/Debug/vast-front -cc1 -internal-isystem /usr/lib/gcc/x86_64-linux-gnu/11/../../../../include/c++/11 -internal-isystem /usr/lib/gcc/x86_64-linux-gnu/11/../../../../include/x86_64-linux-gnu/c++/11 -internal-isystem /usr/lib/gcc/x86_64-linux-gnu/11/../../../../include/c++/11/backward -internal-isystem /home/jialeiwang/apps/llvm18/lib/clang/18/include -internal-isystem /usr/local/include -internal-isystem /usr/lib/gcc/x86_64-linux-gnu/11/../../../../x86_64-linux-gnu/include -internal-externc-isystem /usr/include/x86_64-linux-gnu -internal-externc-isystem /include -internal-externc-isystem /usr/include /home/jialeiwang/mlir-dev/vast-test-cxx/testcases/const-init.cpp -vast-emit-mlir=ll -o /home/jialeiwang/mlir-dev/vast-test-cxx/build/Output/const-init.cpp.tmp.ll
/home/jialeiwang/mlir-dev/vast-test-cxx/testcases/const-init.cpp:61:16: warning: array index 2 is past the end of the array (that has type 'int[2]') [-Warray-bounds]
   61 | int &pastEnd = arr[2];
      |                ^   ~
/home/jialeiwang/mlir-dev/vast-test-cxx/testcases/const-init.cpp:60:1: note: array 'arr' declared here
   60 | int arr[2];
      | ^
PLEASE submit a bug report to https://github.com/trailofbits/vast/issues and include the crash backtrace, preprocessed source, and associated run script.
 #0 0x00005d23261d7248 llvm::sys::PrintStackTrace(llvm::raw_ostream&, int) (/home/jialeiwang/mlir-dev/vast-fork/builds/default/tools/vast-front/Debug/vast-front+0xb570248)
 #1 0x00005d23261d502e llvm::sys::RunSignalHandlers() (/home/jialeiwang/mlir-dev/vast-fork/builds/default/tools/vast-front/Debug/vast-front+0xb56e02e)
 #2 0x00005d23261d78d8 SignalHandler(int) Signals.cpp:0:0
 #3 0x000077d569442520 (/lib/x86_64-linux-gnu/libc.so.6+0x42520)
 #4 0x00005d231f4ec846 mlir::TypeStorage::getAbstractType() /home/jialeiwang/apps/llvm18/include/mlir/IR/TypeSupport.h:173:5
 #5 0x00005d231f4ec7f8 mlir::Type::getTypeID() /home/jialeiwang/apps/llvm18/include/mlir/IR/Types.h:112:37
 #6 0x00005d231f567e35 bool mlir::detail::StorageUserBase<vast::hl::LabelType, mlir::Type, mlir::TypeStorage, mlir::detail::TypeUniquer, mlir::DataLayoutTypeInterface::Trait, vast::DefaultDataLayoutTypeInterface::Trait>::classof<mlir::Type>(mlir::Type) /home/jialeiwang/apps/llvm18/include/mlir/IR/StorageUniquerSupport.h:114:16
 #7 0x00005d231f567dbd llvm::CastInfo<vast::hl::LabelType, mlir::Type const, void>::isPossible(mlir::Type) /home/jialeiwang/apps/llvm18/include/mlir/IR/Types.h:411:7
 #8 0x00005d231f587810 bool llvm::isa<vast::hl::LabelType, mlir::Type>(mlir::Type const&) /home/jialeiwang/apps/llvm18/include/llvm/Support/Casting.h:549:3
 #9 0x00005d231f682df8 vast::hl::__mlir_ods_local_type_constraint_HighLevel2(mlir::Operation*, mlir::Type, llvm::StringRef, unsigned int) /home/jialeiwang/mlir-dev/vast-fork/builds/default/include/vast/Dialect/HighLevel/HighLevel.cpp.inc:210:7
#10 0x00005d231f682c28 vast::hl::AddrLabelExpr::verifyInvariantsImpl() /home/jialeiwang/mlir-dev/vast-fork/builds/default/include/vast/Dialect/HighLevel/HighLevel.cpp.inc:1696:26
#11 0x00005d231f7e02d2 mlir::OpTrait::OpInvariants<vast::hl::AddrLabelExpr>::verifyTrait(mlir::Operation*) /home/jialeiwang/apps/llvm18/include/mlir/IR/OpDefinition.h:432:35
#12 0x00005d231f7e01d5 std::enable_if<detect_has_verify_trait<mlir::OpTrait::OpInvariants<vast::hl::AddrLabelExpr>>::value, mlir::LogicalResult>::type mlir::op_definition_impl::verifyTrait<mlir::OpTrait::OpInvariants<vast::hl::AddrLabelExpr>>(mlir::Operation*) /home/jialeiwang/apps/llvm18/include/mlir/IR/OpDefinition.h:1620:10
#13 0x00005d231f7e0087 mlir::LogicalResult mlir::op_definition_impl::verifyTraits<mlir::OpTrait::ZeroRegions<vast::hl::AddrLabelExpr>, mlir::OpTrait::OneResult<vast::hl::AddrLabelExpr>, mlir::OpTrait::OneTypedResult<mlir::Type>::Impl<vast::hl::AddrLabelExpr>, mlir::OpTrait::ZeroSuccessors<vast::hl::AddrLabelExpr>, mlir::OpTrait::OneOperand<vast::hl::AddrLabelExpr>, mlir::OpTrait::OpInvariants<vast::hl::AddrLabelExpr>>(mlir::Operation*) /home/jialeiwang/apps/llvm18/include/mlir/IR/OpDefinition.h:1631:29
#14 0x00005d231f7dff45 mlir::Op<vast::hl::AddrLabelExpr, mlir::OpTrait::ZeroRegions, mlir::OpTrait::OneResult, mlir::OpTrait::OneTypedResult<mlir::Type>::Impl, mlir::OpTrait::ZeroSuccessors, mlir::OpTrait::OneOperand, mlir::OpTrait::OpInvariants>::verifyInvariants(mlir::Operation*) /home/jialeiwang/apps/llvm18/include/mlir/IR/OpDefinition.h:2012:16
#15 0x00005d231f49f1a5 mlir::LogicalResult llvm::detail::UniqueFunctionBase<mlir::LogicalResult, mlir::Operation*>::CallImpl<mlir::LogicalResult (* const)(mlir::Operation*)>(void*, mlir::Operation*) /home/jialeiwang/apps/llvm18/include/llvm/ADT/FunctionExtras.h:221:12
#16 0x00005d231f49ea67 llvm::unique_function<mlir::LogicalResult (mlir::Operation*) const>::operator()(mlir::Operation*) const /home/jialeiwang/apps/llvm18/include/llvm/ADT/FunctionExtras.h:411:12
#17 0x00005d231f7def8a mlir::RegisteredOperationName::Model<vast::hl::AddrLabelExpr>::verifyInvariants(mlir::Operation*) /home/jialeiwang/apps/llvm18/include/mlir/IR/OperationSupport.h:558:14
#18 0x00005d231ff661a5 (anonymous namespace)::OperationVerifier::verifyOpAndDominance(mlir::Operation&) Verifier.cpp:0:0
#19 0x00005d231ff68edd std::_Function_handler<void (), mlir::LogicalResult mlir::failableParallelForEach<mlir::Operation**, (anonymous namespace)::OperationVerifier::verifyOnExit(mlir::Operation&)::$_0>(mlir::MLIRContext*, mlir::Operation**, mlir::Operation**, (anonymous namespace)::OperationVerifier::verifyOnExit(mlir::Operation&)::$_0&&)::'lambda'()>::_M_invoke(std::_Any_data const&) Verifier.cpp:0:0
#20 0x00005d231ff68832 std::_Function_handler<void (), llvm::ThreadPool::createTaskAndFuture(std::function<void ()>)::'lambda'()>::_M_invoke(std::_Any_data const&) Verifier.cpp:0:0
#21 0x00005d2326182659 llvm::ThreadPool::processTasks(llvm::ThreadPoolTaskGroup*) (/home/jialeiwang/mlir-dev/vast-fork/builds/default/tools/vast-front/Debug/vast-front+0xb51b659)
#22 0x00005d23261830bc void* llvm::thread::ThreadProxy<std::tuple<llvm::ThreadPool::grow(int)::$_0>>(void*) ThreadPool.cpp:0:0
#23 0x000077d569494ac3 start_thread ./nptl/pthread_create.c:442:8
#24 0x000077d569526850 ./misc/../sysdeps/unix/sysv/linux/x86_64/clone3.S:83:0
/home/jialeiwang/mlir-dev/vast-test-cxx/build/Output/const-init.cpp.script: line 3: 1893516 Segmentation fault      /home/jialeiwang/mlir-dev/vast-fork/builds/default/tools/vast-front/Debug/vast-front -cc1 -internal-isystem /usr/lib/gcc/x86_64-linux-gnu/11/../../../../include/c++/11 -internal-isystem /usr/lib/gcc/x86_64-linux-gnu/11/../../../../include/x86_64-linux-gnu/c++/11 -internal-isystem /usr/lib/gcc/x86_64-linux-gnu/11/../../../../include/c++/11/backward -internal-isystem /home/jialeiwang/apps/llvm18/lib/clang/18/include -internal-isystem /usr/local/include -internal-isystem /usr/lib/gcc/x86_64-linux-gnu/11/../../../../x86_64-linux-gnu/include -internal-externc-isystem /usr/include/x86_64-linux-gnu -internal-externc-isystem /include -internal-externc-isystem /usr/include /home/jialeiwang/mlir-dev/vast-test-cxx/testcases/const-init.cpp -vast-emit-mlir=ll -o /home/jialeiwang/mlir-dev/vast-test-cxx/build/Output/const-init.cpp.tmp.ll

--

********************
FAIL: vast-test-cxx :: exception/try-catch.cpp (145 of 603)
******************** TEST 'vast-test-cxx :: exception/try-catch.cpp' FAILED ********************
Exit Code: 132

Command Output (stderr):
--
RUN: at line 1: /home/jialeiwang/mlir-dev/vast-fork/builds/default/tools/vast-front/Debug/vast-front -cc1 -internal-isystem /usr/lib/gcc/x86_64-linux-gnu/11/../../../../include/c++/11 -internal-isystem /usr/lib/gcc/x86_64-linux-gnu/11/../../../../include/x86_64-linux-gnu/c++/11 -internal-isystem /usr/lib/gcc/x86_64-linux-gnu/11/../../../../include/c++/11/backward -internal-isystem /home/jialeiwang/apps/llvm18/lib/clang/18/include -internal-isystem /usr/local/include -internal-isystem /usr/lib/gcc/x86_64-linux-gnu/11/../../../../x86_64-linux-gnu/include -internal-externc-isystem /usr/include/x86_64-linux-gnu -internal-externc-isystem /include -internal-externc-isystem /usr/include /home/jialeiwang/mlir-dev/vast-test-cxx/testcases/exception/try-catch.cpp -fcxx-exceptions -fexceptions -vast-emit-mlir=ll -o /home/jialeiwang/mlir-dev/vast-test-cxx/build/exception/Output/try-catch.cpp.tmp.ll && echo '// CHECK-NOT: {{unsup\.|unreach\.|#unsup}}' > /home/jialeiwang/mlir-dev/vast-test-cxx/build/exception/Output/try-catch.cpp.tmp.check && FileCheck /home/jialeiwang/mlir-dev/vast-test-cxx/build/exception/Output/try-catch.cpp.tmp.check --input-file=/home/jialeiwang/mlir-dev/vast-test-cxx/build/exception/Output/try-catch.cpp.tmp.ll && rm /home/jialeiwang/mlir-dev/vast-test-cxx/build/exception/Output/try-catch.cpp.tmp.check
+ /home/jialeiwang/mlir-dev/vast-fork/builds/default/tools/vast-front/Debug/vast-front -cc1 -internal-isystem /usr/lib/gcc/x86_64-linux-gnu/11/../../../../include/c++/11 -internal-isystem /usr/lib/gcc/x86_64-linux-gnu/11/../../../../include/x86_64-linux-gnu/c++/11 -internal-isystem /usr/lib/gcc/x86_64-linux-gnu/11/../../../../include/c++/11/backward -internal-isystem /home/jialeiwang/apps/llvm18/lib/clang/18/include -internal-isystem /usr/local/include -internal-isystem /usr/lib/gcc/x86_64-linux-gnu/11/../../../../x86_64-linux-gnu/include -internal-externc-isystem /usr/include/x86_64-linux-gnu -internal-externc-isystem /include -internal-externc-isystem /usr/include /home/jialeiwang/mlir-dev/vast-test-cxx/testcases/exception/try-catch.cpp -fcxx-exceptions -fexceptions -vast-emit-mlir=ll -o /home/jialeiwang/mlir-dev/vast-test-cxx/build/exception/Output/try-catch.cpp.tmp.ll
/home/jialeiwang/mlir-dev/vast-test-cxx/testcases/exception/try-catch.cpp:9:5: error: unexpected error: 'hl.throw.alloc' op result #0 must be lvalue to any type, but got '!hl.ptr<!hl.record<"X">>'
    throw g();
    ^
/home/jialeiwang/mlir-dev/vast-test-cxx/testcases/exception/try-catch.cpp:9:5: error: unexpected note: see current operation: %1 = "hl.throw.alloc"() : () -> !hl.ptr<!hl.record<"X">>
    throw g();
    ^


[VAST fatal] MLIR pass manager failed when running vast passes
PLEASE submit a bug report to https://github.com/trailofbits/vast/issues and include the crash backtrace, preprocessed source, and associated run script.
Stack dump:
0.	Program arguments: /home/jialeiwang/mlir-dev/vast-fork/builds/default/tools/vast-front/Debug/vast-front -cc1 -internal-isystem /usr/lib/gcc/x86_64-linux-gnu/11/../../../../include/c++/11 -internal-isystem /usr/lib/gcc/x86_64-linux-gnu/11/../../../../include/x86_64-linux-gnu/c++/11 -internal-isystem /usr/lib/gcc/x86_64-linux-gnu/11/../../../../include/c++/11/backward -internal-isystem /home/jialeiwang/apps/llvm18/lib/clang/18/include -internal-isystem /usr/local/include -internal-isystem /usr/lib/gcc/x86_64-linux-gnu/11/../../../../x86_64-linux-gnu/include -internal-externc-isystem /usr/include/x86_64-linux-gnu -internal-externc-isystem /include -internal-externc-isystem /usr/include /home/jialeiwang/mlir-dev/vast-test-cxx/testcases/exception/try-catch.cpp -fcxx-exceptions -fexceptions -vast-emit-mlir=ll -o /home/jialeiwang/mlir-dev/vast-test-cxx/build/exception/Output/try-catch.cpp.tmp.ll
1.	<eof> parser at end of file
 #0 0x000061d459fa8248 llvm::sys::PrintStackTrace(llvm::raw_ostream&, int) (/home/jialeiwang/mlir-dev/vast-fork/builds/default/tools/vast-front/Debug/vast-front+0xb570248)
 #1 0x000061d459fa602e llvm::sys::RunSignalHandlers() (/home/jialeiwang/mlir-dev/vast-fork/builds/default/tools/vast-front/Debug/vast-front+0xb56e02e)
 #2 0x000061d459fa88d8 SignalHandler(int) Signals.cpp:0:0
 #3 0x00007e6175842520 (/lib/x86_64-linux-gnu/libc.so.6+0x42520)
 #4 0x000061d45379e6e8 vast::cc::vast_stream_consumer::process_mlir_module(vast::cc::target_dialect, mlir::ModuleOp) /home/jialeiwang/mlir-dev/vast-fork/lib/vast/Frontend/Consumer.cpp:205:9
 #5 0x000061d45379d9a1 vast::cc::vast_stream_consumer::emit_mlir_output(vast::cc::target_dialect, mlir::OwningOpRef<mlir::ModuleOp>) /home/jialeiwang/mlir-dev/vast-fork/lib/vast/Frontend/Consumer.cpp:227:9
 #6 0x000061d45379d47b vast::cc::vast_stream_consumer::HandleTranslationUnit(clang::ASTContext&) /home/jialeiwang/mlir-dev/vast-fork/lib/vast/Frontend/Consumer.cpp:137:28
 #7 0x000061d457a2eeb6 clang::ParseAST(clang::Sema&, bool, bool) (/home/jialeiwang/mlir-dev/vast-fork/builds/default/tools/vast-front/Debug/vast-front+0x8ff6eb6)
 #8 0x000061d45323bbe5 vast::cc::vast_stream_action::ExecuteAction() /home/jialeiwang/mlir-dev/vast-fork/lib/vast/Frontend/Action.cpp:75:5
 #9 0x000061d457576ac7 clang::FrontendAction::Execute() (/home/jialeiwang/mlir-dev/vast-fork/builds/default/tools/vast-front/Debug/vast-front+0x8b3eac7)
#10 0x000061d4574ebf34 clang::CompilerInstance::ExecuteAction(clang::FrontendAction&) (/home/jialeiwang/mlir-dev/vast-fork/builds/default/tools/vast-front/Debug/vast-front+0x8ab3f34)
#11 0x000061d453222d11 vast::cc::execute_compiler_invocation(clang::CompilerInstance*, vast::cc::vast_args const&) /home/jialeiwang/mlir-dev/vast-fork/tools/vast-front/compiler_invocation.cpp:105:28
#12 0x000061d453237f20 vast::cc::cc1(vast::cc::vast_args const&, llvm::ArrayRef<char const*>, char const*, void*) /home/jialeiwang/mlir-dev/vast-fork/tools/vast-front/cc1.cpp:116:23
#13 0x000061d453228924 execute_cc1_tool(llvm::SmallVectorImpl<char const*>&) /home/jialeiwang/mlir-dev/vast-fork/tools/vast-front/driver.cpp:71:16
#14 0x000061d453227fbb main /home/jialeiwang/mlir-dev/vast-fork/tools/vast-front/driver.cpp:143:20
#15 0x00007e6175829d90 __libc_start_call_main ./csu/../sysdeps/nptl/libc_start_call_main.h:58:16
#16 0x00007e6175829e40 call_init ./csu/../csu/libc-start.c:128:20
#17 0x00007e6175829e40 __libc_start_main ./csu/../csu/libc-start.c:379:5
#18 0x000061d453221525 _start (/home/jialeiwang/mlir-dev/vast-fork/builds/default/tools/vast-front/Debug/vast-front+0x47e9525)
/home/jialeiwang/mlir-dev/vast-test-cxx/build/exception/Output/try-catch.cpp.script: line 1: 1893535 Illegal instruction     /home/jialeiwang/mlir-dev/vast-fork/builds/default/tools/vast-front/Debug/vast-front -cc1 -internal-isystem /usr/lib/gcc/x86_64-linux-gnu/11/../../../../include/c++/11 -internal-isystem /usr/lib/gcc/x86_64-linux-gnu/11/../../../../include/x86_64-linux-gnu/c++/11 -internal-isystem /usr/lib/gcc/x86_64-linux-gnu/11/../../../../include/c++/11/backward -internal-isystem /home/jialeiwang/apps/llvm18/lib/clang/18/include -internal-isystem /usr/local/include -internal-isystem /usr/lib/gcc/x86_64-linux-gnu/11/../../../../x86_64-linux-gnu/include -internal-externc-isystem /usr/include/x86_64-linux-gnu -internal-externc-isystem /include -internal-externc-isystem /usr/include /home/jialeiwang/mlir-dev/vast-test-cxx/testcases/exception/try-catch.cpp -fcxx-exceptions -fexceptions -vast-emit-mlir=ll -o /home/jialeiwang/mlir-dev/vast-test-cxx/build/exception/Output/try-catch.cpp.tmp.ll

--

********************
FAIL: vast-test-cxx :: typeid.cpp (146 of 603)
******************** TEST 'vast-test-cxx :: typeid.cpp' FAILED ********************
Exit Code: 132

Command Output (stderr):
--
RUN: at line 1: /home/jialeiwang/mlir-dev/vast-fork/builds/default/tools/vast-front/Debug/vast-front -cc1 -internal-isystem /usr/lib/gcc/x86_64-linux-gnu/11/../../../../include/c++/11 -internal-isystem /usr/lib/gcc/x86_64-linux-gnu/11/../../../../include/x86_64-linux-gnu/c++/11 -internal-isystem /usr/lib/gcc/x86_64-linux-gnu/11/../../../../include/c++/11/backward -internal-isystem /home/jialeiwang/apps/llvm18/lib/clang/18/include -internal-isystem /usr/local/include -internal-isystem /usr/lib/gcc/x86_64-linux-gnu/11/../../../../x86_64-linux-gnu/include -internal-externc-isystem /usr/include/x86_64-linux-gnu -internal-externc-isystem /include -internal-externc-isystem /usr/include -I/home/jialeiwang/mlir-dev/vast-test-cxx/testcases /home/jialeiwang/mlir-dev/vast-test-cxx/testcases/typeid.cpp -fcxx-exceptions -fexceptions -vast-emit-mlir=ll -o /home/jialeiwang/mlir-dev/vast-test-cxx/build/Output/typeid.cpp.tmp.ll && echo '// CHECK-NOT: {{unsup\.|unreach\.|#unsup}}' > /home/jialeiwang/mlir-dev/vast-test-cxx/build/Output/typeid.cpp.tmp.check && FileCheck /home/jialeiwang/mlir-dev/vast-test-cxx/build/Output/typeid.cpp.tmp.check --input-file=/home/jialeiwang/mlir-dev/vast-test-cxx/build/Output/typeid.cpp.tmp.ll && rm /home/jialeiwang/mlir-dev/vast-test-cxx/build/Output/typeid.cpp.tmp.check
+ /home/jialeiwang/mlir-dev/vast-fork/builds/default/tools/vast-front/Debug/vast-front -cc1 -internal-isystem /usr/lib/gcc/x86_64-linux-gnu/11/../../../../include/c++/11 -internal-isystem /usr/lib/gcc/x86_64-linux-gnu/11/../../../../include/x86_64-linux-gnu/c++/11 -internal-isystem /usr/lib/gcc/x86_64-linux-gnu/11/../../../../include/c++/11/backward -internal-isystem /home/jialeiwang/apps/llvm18/lib/clang/18/include -internal-isystem /usr/local/include -internal-isystem /usr/lib/gcc/x86_64-linux-gnu/11/../../../../x86_64-linux-gnu/include -internal-externc-isystem /usr/include/x86_64-linux-gnu -internal-externc-isystem /include -internal-externc-isystem /usr/include -I/home/jialeiwang/mlir-dev/vast-test-cxx/testcases /home/jialeiwang/mlir-dev/vast-test-cxx/testcases/typeid.cpp -fcxx-exceptions -fexceptions -vast-emit-mlir=ll -o /home/jialeiwang/mlir-dev/vast-test-cxx/build/Output/typeid.cpp.tmp.ll
/home/jialeiwang/mlir-dev/vast-test-cxx/testcases/typeid.cpp:27:3: error: unexpected error: 'hl.try' op expects graph region #0 to have 0 or 1 blocks
  try {
  ^
/home/jialeiwang/mlir-dev/vast-test-cxx/testcases/typeid.cpp:27:3: error: unexpected note: see current operation: 
"hl.try"() ({
  %2 = "hl.const"() {value = #core.integer<0> : si32} : () -> si32
  %3 = "hl.cast"(%2) {kind = 13 : i64} : (si32) -> !hl.ptr<!hl.record<"Test1::A">>
  %4 = "hl.cast"(%3) {kind = 23 : i64} : (!hl.ptr<!hl.record<"Test1::A">>) -> ui8
  %5 = "hl.lnot"(%4) : (ui8) -> ui8
  %6 = "hl.cast"(%5) {kind = 26 : i64} : (ui8) -> i1
  "ll.cond_br"(%6)[^bb1, ^bb2] <{operandSegmentSizes = array<i32: 1, 0, 0>}> : (i1) -> ()
^bb1:  // pred: ^bb0
  %7 = "hl.call"() {callee = @__cxa_bad_typeid} : () -> !hl.void
  "ll.br"()[^bb2] : () -> ()
^bb2:  // 2 preds: ^bb0, ^bb1
  %8 = "hl.deref"(%3) : (!hl.ptr<!hl.record<"Test1::A">>) -> !hl.lvalue<!hl.record<"Test1::A">>
  %9 = "hl.typeid.expr"(%8) : (!hl.lvalue<!hl.record<"Test1::A">>) -> !hl.record<"std::type_info">
  %10 = "hl.addressof"(%9) : (!hl.record<"std::type_info">) -> !hl.ptr<!hl.record<"std::type_info">>
  %11 = "hl.call"(%10) {callee = @"std::type_info::name() const"} : (!hl.ptr<!hl.record<"std::type_info">>) -> !hl.ptr<si8>
  "ll.return"(%11) : (!hl.ptr<si8>) -> ()
}, {
}) : () -> ()
  try {
  ^


[VAST fatal] MLIR pass manager failed when running vast passes
PLEASE submit a bug report to https://github.com/trailofbits/vast/issues and include the crash backtrace, preprocessed source, and associated run script.
Stack dump:
0.	Program arguments: /home/jialeiwang/mlir-dev/vast-fork/builds/default/tools/vast-front/Debug/vast-front -cc1 -internal-isystem /usr/lib/gcc/x86_64-linux-gnu/11/../../../../include/c++/11 -internal-isystem /usr/lib/gcc/x86_64-linux-gnu/11/../../../../include/x86_64-linux-gnu/c++/11 -internal-isystem /usr/lib/gcc/x86_64-linux-gnu/11/../../../../include/c++/11/backward -internal-isystem /home/jialeiwang/apps/llvm18/lib/clang/18/include -internal-isystem /usr/local/include -internal-isystem /usr/lib/gcc/x86_64-linux-gnu/11/../../../../x86_64-linux-gnu/include -internal-externc-isystem /usr/include/x86_64-linux-gnu -internal-externc-isystem /include -internal-externc-isystem /usr/include -I/home/jialeiwang/mlir-dev/vast-test-cxx/testcases /home/jialeiwang/mlir-dev/vast-test-cxx/testcases/typeid.cpp -fcxx-exceptions -fexceptions -vast-emit-mlir=ll -o /home/jialeiwang/mlir-dev/vast-test-cxx/build/Output/typeid.cpp.tmp.ll
1.	<eof> parser at end of file
 #0 0x0000616ade8c0248 llvm::sys::PrintStackTrace(llvm::raw_ostream&, int) (/home/jialeiwang/mlir-dev/vast-fork/builds/default/tools/vast-front/Debug/vast-front+0xb570248)
 #1 0x0000616ade8be02e llvm::sys::RunSignalHandlers() (/home/jialeiwang/mlir-dev/vast-fork/builds/default/tools/vast-front/Debug/vast-front+0xb56e02e)
 #2 0x0000616ade8c08d8 SignalHandler(int) Signals.cpp:0:0
 #3 0x000074c3c9642520 (/lib/x86_64-linux-gnu/libc.so.6+0x42520)
 #4 0x0000616ad80b66e8 vast::cc::vast_stream_consumer::process_mlir_module(vast::cc::target_dialect, mlir::ModuleOp) /home/jialeiwang/mlir-dev/vast-fork/lib/vast/Frontend/Consumer.cpp:205:9
 #5 0x0000616ad80b59a1 vast::cc::vast_stream_consumer::emit_mlir_output(vast::cc::target_dialect, mlir::OwningOpRef<mlir::ModuleOp>) /home/jialeiwang/mlir-dev/vast-fork/lib/vast/Frontend/Consumer.cpp:227:9
 #6 0x0000616ad80b547b vast::cc::vast_stream_consumer::HandleTranslationUnit(clang::ASTContext&) /home/jialeiwang/mlir-dev/vast-fork/lib/vast/Frontend/Consumer.cpp:137:28
 #7 0x0000616adc346eb6 clang::ParseAST(clang::Sema&, bool, bool) (/home/jialeiwang/mlir-dev/vast-fork/builds/default/tools/vast-front/Debug/vast-front+0x8ff6eb6)
 #8 0x0000616ad7b53be5 vast::cc::vast_stream_action::ExecuteAction() /home/jialeiwang/mlir-dev/vast-fork/lib/vast/Frontend/Action.cpp:75:5
 #9 0x0000616adbe8eac7 clang::FrontendAction::Execute() (/home/jialeiwang/mlir-dev/vast-fork/builds/default/tools/vast-front/Debug/vast-front+0x8b3eac7)
#10 0x0000616adbe03f34 clang::CompilerInstance::ExecuteAction(clang::FrontendAction&) (/home/jialeiwang/mlir-dev/vast-fork/builds/default/tools/vast-front/Debug/vast-front+0x8ab3f34)
#11 0x0000616ad7b3ad11 vast::cc::execute_compiler_invocation(clang::CompilerInstance*, vast::cc::vast_args const&) /home/jialeiwang/mlir-dev/vast-fork/tools/vast-front/compiler_invocation.cpp:105:28
#12 0x0000616ad7b4ff20 vast::cc::cc1(vast::cc::vast_args const&, llvm::ArrayRef<char const*>, char const*, void*) /home/jialeiwang/mlir-dev/vast-fork/tools/vast-front/cc1.cpp:116:23
#13 0x0000616ad7b40924 execute_cc1_tool(llvm::SmallVectorImpl<char const*>&) /home/jialeiwang/mlir-dev/vast-fork/tools/vast-front/driver.cpp:71:16
#14 0x0000616ad7b3ffbb main /home/jialeiwang/mlir-dev/vast-fork/tools/vast-front/driver.cpp:143:20
#15 0x000074c3c9629d90 __libc_start_call_main ./csu/../sysdeps/nptl/libc_start_call_main.h:58:16
#16 0x000074c3c9629e40 call_init ./csu/../csu/libc-start.c:128:20
#17 0x000074c3c9629e40 __libc_start_main ./csu/../csu/libc-start.c:379:5
#18 0x0000616ad7b39525 _start (/home/jialeiwang/mlir-dev/vast-fork/builds/default/tools/vast-front/Debug/vast-front+0x47e9525)
/home/jialeiwang/mlir-dev/vast-test-cxx/build/Output/typeid.cpp.script: line 1: 1893514 Illegal instruction     /home/jialeiwang/mlir-dev/vast-fork/builds/default/tools/vast-front/Debug/vast-front -cc1 -internal-isystem /usr/lib/gcc/x86_64-linux-gnu/11/../../../../include/c++/11 -internal-isystem /usr/lib/gcc/x86_64-linux-gnu/11/../../../../include/x86_64-linux-gnu/c++/11 -internal-isystem /usr/lib/gcc/x86_64-linux-gnu/11/../../../../include/c++/11/backward -internal-isystem /home/jialeiwang/apps/llvm18/lib/clang/18/include -internal-isystem /usr/local/include -internal-isystem /usr/lib/gcc/x86_64-linux-gnu/11/../../../../x86_64-linux-gnu/include -internal-externc-isystem /usr/include/x86_64-linux-gnu -internal-externc-isystem /include -internal-externc-isystem /usr/include -I/home/jialeiwang/mlir-dev/vast-test-cxx/testcases /home/jialeiwang/mlir-dev/vast-test-cxx/testcases/typeid.cpp -fcxx-exceptions -fexceptions -vast-emit-mlir=ll -o /home/jialeiwang/mlir-dev/vast-test-cxx/build/Output/typeid.cpp.tmp.ll

--

********************
FAIL: vast-test-cxx :: no-odr-use.cpp (147 of 603)
******************** TEST 'vast-test-cxx :: no-odr-use.cpp' FAILED ********************
Exit Code: 132

Command Output (stderr):
--
RUN: at line 1: /home/jialeiwang/mlir-dev/vast-fork/builds/default/tools/vast-front/Debug/vast-front -cc1 -internal-isystem /usr/lib/gcc/x86_64-linux-gnu/11/../../../../include/c++/11 -internal-isystem /usr/lib/gcc/x86_64-linux-gnu/11/../../../../include/x86_64-linux-gnu/c++/11 -internal-isystem /usr/lib/gcc/x86_64-linux-gnu/11/../../../../include/c++/11/backward -internal-isystem /home/jialeiwang/apps/llvm18/lib/clang/18/include -internal-isystem /usr/local/include -internal-isystem /usr/lib/gcc/x86_64-linux-gnu/11/../../../../x86_64-linux-gnu/include -internal-externc-isystem /usr/include/x86_64-linux-gnu -internal-externc-isystem /include -internal-externc-isystem /usr/include -std=c++11 /home/jialeiwang/mlir-dev/vast-test-cxx/testcases/no-odr-use.cpp -vast-emit-mlir=ll -o /home/jialeiwang/mlir-dev/vast-test-cxx/build/Output/no-odr-use.cpp.tmp.ll && echo '// CHECK-NOT: {{unsup\.|unreach\.|#unsup}}' > /home/jialeiwang/mlir-dev/vast-test-cxx/build/Output/no-odr-use.cpp.tmp.check && FileCheck /home/jialeiwang/mlir-dev/vast-test-cxx/build/Output/no-odr-use.cpp.tmp.check --input-file=/home/jialeiwang/mlir-dev/vast-test-cxx/build/Output/no-odr-use.cpp.tmp.ll && rm /home/jialeiwang/mlir-dev/vast-test-cxx/build/Output/no-odr-use.cpp.tmp.check
+ /home/jialeiwang/mlir-dev/vast-fork/builds/default/tools/vast-front/Debug/vast-front -cc1 -internal-isystem /usr/lib/gcc/x86_64-linux-gnu/11/../../../../include/c++/11 -internal-isystem /usr/lib/gcc/x86_64-linux-gnu/11/../../../../include/x86_64-linux-gnu/c++/11 -internal-isystem /usr/lib/gcc/x86_64-linux-gnu/11/../../../../include/c++/11/backward -internal-isystem /home/jialeiwang/apps/llvm18/lib/clang/18/include -internal-isystem /usr/local/include -internal-isystem /usr/lib/gcc/x86_64-linux-gnu/11/../../../../x86_64-linux-gnu/include -internal-externc-isystem /usr/include/x86_64-linux-gnu -internal-externc-isystem /include -internal-externc-isystem /usr/include -std=c++11 /home/jialeiwang/mlir-dev/vast-test-cxx/testcases/no-odr-use.cpp -vast-emit-mlir=ll -o /home/jialeiwang/mlir-dev/vast-test-cxx/build/Output/no-odr-use.cpp.tmp.ll
/home/jialeiwang/mlir-dev/vast-test-cxx/testcases/no-odr-use.cpp:11:9: error: unexpected error: failed to legalize operation 'hl.member' that was explicitly marked illegal
      ? a.arr[n]
        ^
/home/jialeiwang/mlir-dev/vast-test-cxx/testcases/no-odr-use.cpp:11:9: error: unexpected note: see current operation: %6 = "hl.member"(%5) {name = "a"} : (!hl.ptr<!hl.record<"f(int)::</home/jialeiwang/mlir-dev/vast-test-cxx/testcases/no-odr-use.cpp:9:10>::(lambda)">>) -> !hl.lvalue<!hl.record<"A">>
      ? a.arr[n]
        ^


[VAST fatal] MLIR pass manager failed when running vast passes
PLEASE submit a bug report to https://github.com/trailofbits/vast/issues and include the crash backtrace, preprocessed source, and associated run script.
Stack dump:
0.	Program arguments: /home/jialeiwang/mlir-dev/vast-fork/builds/default/tools/vast-front/Debug/vast-front -cc1 -internal-isystem /usr/lib/gcc/x86_64-linux-gnu/11/../../../../include/c++/11 -internal-isystem /usr/lib/gcc/x86_64-linux-gnu/11/../../../../include/x86_64-linux-gnu/c++/11 -internal-isystem /usr/lib/gcc/x86_64-linux-gnu/11/../../../../include/c++/11/backward -internal-isystem /home/jialeiwang/apps/llvm18/lib/clang/18/include -internal-isystem /usr/local/include -internal-isystem /usr/lib/gcc/x86_64-linux-gnu/11/../../../../x86_64-linux-gnu/include -internal-externc-isystem /usr/include/x86_64-linux-gnu -internal-externc-isystem /include -internal-externc-isystem /usr/include -std=c++11 /home/jialeiwang/mlir-dev/vast-test-cxx/testcases/no-odr-use.cpp -vast-emit-mlir=ll -o /home/jialeiwang/mlir-dev/vast-test-cxx/build/Output/no-odr-use.cpp.tmp.ll
1.	<eof> parser at end of file
 #0 0x000061deda9da248 llvm::sys::PrintStackTrace(llvm::raw_ostream&, int) (/home/jialeiwang/mlir-dev/vast-fork/builds/default/tools/vast-front/Debug/vast-front+0xb570248)
 #1 0x000061deda9d802e llvm::sys::RunSignalHandlers() (/home/jialeiwang/mlir-dev/vast-fork/builds/default/tools/vast-front/Debug/vast-front+0xb56e02e)
 #2 0x000061deda9da8d8 SignalHandler(int) Signals.cpp:0:0
 #3 0x00007f0a7de42520 (/lib/x86_64-linux-gnu/libc.so.6+0x42520)
 #4 0x000061ded41d06e8 vast::cc::vast_stream_consumer::process_mlir_module(vast::cc::target_dialect, mlir::ModuleOp) /home/jialeiwang/mlir-dev/vast-fork/lib/vast/Frontend/Consumer.cpp:205:9
 #5 0x000061ded41cf9a1 vast::cc::vast_stream_consumer::emit_mlir_output(vast::cc::target_dialect, mlir::OwningOpRef<mlir::ModuleOp>) /home/jialeiwang/mlir-dev/vast-fork/lib/vast/Frontend/Consumer.cpp:227:9
 #6 0x000061ded41cf47b vast::cc::vast_stream_consumer::HandleTranslationUnit(clang::ASTContext&) /home/jialeiwang/mlir-dev/vast-fork/lib/vast/Frontend/Consumer.cpp:137:28
 #7 0x000061ded8460eb6 clang::ParseAST(clang::Sema&, bool, bool) (/home/jialeiwang/mlir-dev/vast-fork/builds/default/tools/vast-front/Debug/vast-front+0x8ff6eb6)
 #8 0x000061ded3c6dbe5 vast::cc::vast_stream_action::ExecuteAction() /home/jialeiwang/mlir-dev/vast-fork/lib/vast/Frontend/Action.cpp:75:5
 #9 0x000061ded7fa8ac7 clang::FrontendAction::Execute() (/home/jialeiwang/mlir-dev/vast-fork/builds/default/tools/vast-front/Debug/vast-front+0x8b3eac7)
#10 0x000061ded7f1df34 clang::CompilerInstance::ExecuteAction(clang::FrontendAction&) (/home/jialeiwang/mlir-dev/vast-fork/builds/default/tools/vast-front/Debug/vast-front+0x8ab3f34)
#11 0x000061ded3c54d11 vast::cc::execute_compiler_invocation(clang::CompilerInstance*, vast::cc::vast_args const&) /home/jialeiwang/mlir-dev/vast-fork/tools/vast-front/compiler_invocation.cpp:105:28
#12 0x000061ded3c69f20 vast::cc::cc1(vast::cc::vast_args const&, llvm::ArrayRef<char const*>, char const*, void*) /home/jialeiwang/mlir-dev/vast-fork/tools/vast-front/cc1.cpp:116:23
#13 0x000061ded3c5a924 execute_cc1_tool(llvm::SmallVectorImpl<char const*>&) /home/jialeiwang/mlir-dev/vast-fork/tools/vast-front/driver.cpp:71:16
#14 0x000061ded3c59fbb main /home/jialeiwang/mlir-dev/vast-fork/tools/vast-front/driver.cpp:143:20
#15 0x00007f0a7de29d90 __libc_start_call_main ./csu/../sysdeps/nptl/libc_start_call_main.h:58:16
#16 0x00007f0a7de29e40 call_init ./csu/../csu/libc-start.c:128:20
#17 0x00007f0a7de29e40 __libc_start_main ./csu/../csu/libc-start.c:379:5
#18 0x000061ded3c53525 _start (/home/jialeiwang/mlir-dev/vast-fork/builds/default/tools/vast-front/Debug/vast-front+0x47e9525)
/home/jialeiwang/mlir-dev/vast-test-cxx/build/Output/no-odr-use.cpp.script: line 2: 1893536 Illegal instruction     /home/jialeiwang/mlir-dev/vast-fork/builds/default/tools/vast-front/Debug/vast-front -cc1 -internal-isystem /usr/lib/gcc/x86_64-linux-gnu/11/../../../../include/c++/11 -internal-isystem /usr/lib/gcc/x86_64-linux-gnu/11/../../../../include/x86_64-linux-gnu/c++/11 -internal-isystem /usr/lib/gcc/x86_64-linux-gnu/11/../../../../include/c++/11/backward -internal-isystem /home/jialeiwang/apps/llvm18/lib/clang/18/include -internal-isystem /usr/local/include -internal-isystem /usr/lib/gcc/x86_64-linux-gnu/11/../../../../x86_64-linux-gnu/include -internal-externc-isystem /usr/include/x86_64-linux-gnu -internal-externc-isystem /include -internal-externc-isystem /usr/include -std=c++11 /home/jialeiwang/mlir-dev/vast-test-cxx/testcases/no-odr-use.cpp -vast-emit-mlir=ll -o /home/jialeiwang/mlir-dev/vast-test-cxx/build/Output/no-odr-use.cpp.tmp.ll

--

********************
FAIL: vast-test-cxx :: exception/eh-aggregate-copy-destroy.cpp (148 of 603)
******************** TEST 'vast-test-cxx :: exception/eh-aggregate-copy-destroy.cpp' FAILED ********************
Exit Code: 132

Command Output (stderr):
--
RUN: at line 1: /home/jialeiwang/mlir-dev/vast-fork/builds/default/tools/vast-front/Debug/vast-front -cc1 -internal-isystem /usr/lib/gcc/x86_64-linux-gnu/11/../../../../include/c++/11 -internal-isystem /usr/lib/gcc/x86_64-linux-gnu/11/../../../../include/x86_64-linux-gnu/c++/11 -internal-isystem /usr/lib/gcc/x86_64-linux-gnu/11/../../../../include/c++/11/backward -internal-isystem /home/jialeiwang/apps/llvm18/lib/clang/18/include -internal-isystem /usr/local/include -internal-isystem /usr/lib/gcc/x86_64-linux-gnu/11/../../../../x86_64-linux-gnu/include -internal-externc-isystem /usr/include/x86_64-linux-gnu -internal-externc-isystem /include -internal-externc-isystem /usr/include -fexceptions -fcxx-exceptions -fno-elide-constructors -std=c++98 /home/jialeiwang/mlir-dev/vast-test-cxx/testcases/exception/eh-aggregate-copy-destroy.cpp -vast-emit-mlir=ll -o /home/jialeiwang/mlir-dev/vast-test-cxx/build/exception/Output/eh-aggregate-copy-destroy.cpp.tmp.ll && echo '// CHECK-NOT: {{unsup\.|unreach\.|#unsup}}' > /home/jialeiwang/mlir-dev/vast-test-cxx/build/exception/Output/eh-aggregate-copy-destroy.cpp.tmp.check && FileCheck /home/jialeiwang/mlir-dev/vast-test-cxx/build/exception/Output/eh-aggregate-copy-destroy.cpp.tmp.check --input-file=/home/jialeiwang/mlir-dev/vast-test-cxx/build/exception/Output/eh-aggregate-copy-destroy.cpp.tmp.ll && rm /home/jialeiwang/mlir-dev/vast-test-cxx/build/exception/Output/eh-aggregate-copy-destroy.cpp.tmp.check
+ /home/jialeiwang/mlir-dev/vast-fork/builds/default/tools/vast-front/Debug/vast-front -cc1 -internal-isystem /usr/lib/gcc/x86_64-linux-gnu/11/../../../../include/c++/11 -internal-isystem /usr/lib/gcc/x86_64-linux-gnu/11/../../../../include/x86_64-linux-gnu/c++/11 -internal-isystem /usr/lib/gcc/x86_64-linux-gnu/11/../../../../include/c++/11/backward -internal-isystem /home/jialeiwang/apps/llvm18/lib/clang/18/include -internal-isystem /usr/local/include -internal-isystem /usr/lib/gcc/x86_64-linux-gnu/11/../../../../x86_64-linux-gnu/include -internal-externc-isystem /usr/include/x86_64-linux-gnu -internal-externc-isystem /include -internal-externc-isystem /usr/include -fexceptions -fcxx-exceptions -fno-elide-constructors -std=c++98 /home/jialeiwang/mlir-dev/vast-test-cxx/testcases/exception/eh-aggregate-copy-destroy.cpp -vast-emit-mlir=ll -o /home/jialeiwang/mlir-dev/vast-test-cxx/build/exception/Output/eh-aggregate-copy-destroy.cpp.tmp.ll
/home/jialeiwang/mlir-dev/vast-test-cxx/testcases/exception/eh-aggregate-copy-destroy.cpp:12:34: error: unexpected error: 'hl.throw.alloc' op result #0 must be lvalue to any type, but got '!hl.ptr<si32>'
  ThrowCopy(const ThrowCopy &) { throw 1; }
                                 ^
/home/jialeiwang/mlir-dev/vast-test-cxx/testcases/exception/eh-aggregate-copy-destroy.cpp:12:34: error: unexpected note: see current operation: 
%2 = "hl.throw.alloc"() ({
  %4 = "hl.const"() {value = #core.integer<1> : si32} : () -> si32
  "hl.value.yield"(%4) : (si32) -> ()
}) : () -> !hl.ptr<si32>
  ThrowCopy(const ThrowCopy &) { throw 1; }
                                 ^


[VAST fatal] MLIR pass manager failed when running vast passes
PLEASE submit a bug report to https://github.com/trailofbits/vast/issues and include the crash backtrace, preprocessed source, and associated run script.
Stack dump:
0.	Program arguments: /home/jialeiwang/mlir-dev/vast-fork/builds/default/tools/vast-front/Debug/vast-front -cc1 -internal-isystem /usr/lib/gcc/x86_64-linux-gnu/11/../../../../include/c++/11 -internal-isystem /usr/lib/gcc/x86_64-linux-gnu/11/../../../../include/x86_64-linux-gnu/c++/11 -internal-isystem /usr/lib/gcc/x86_64-linux-gnu/11/../../../../include/c++/11/backward -internal-isystem /home/jialeiwang/apps/llvm18/lib/clang/18/include -internal-isystem /usr/local/include -internal-isystem /usr/lib/gcc/x86_64-linux-gnu/11/../../../../x86_64-linux-gnu/include -internal-externc-isystem /usr/include/x86_64-linux-gnu -internal-externc-isystem /include -internal-externc-isystem /usr/include -fexceptions -fcxx-exceptions -fno-elide-constructors -std=c++98 /home/jialeiwang/mlir-dev/vast-test-cxx/testcases/exception/eh-aggregate-copy-destroy.cpp -vast-emit-mlir=ll -o /home/jialeiwang/mlir-dev/vast-test-cxx/build/exception/Output/eh-aggregate-copy-destroy.cpp.tmp.ll
1.	<eof> parser at end of file
 #0 0x00005a19cf0c8248 llvm::sys::PrintStackTrace(llvm::raw_ostream&, int) (/home/jialeiwang/mlir-dev/vast-fork/builds/default/tools/vast-front/Debug/vast-front+0xb570248)
 #1 0x00005a19cf0c602e llvm::sys::RunSignalHandlers() (/home/jialeiwang/mlir-dev/vast-fork/builds/default/tools/vast-front/Debug/vast-front+0xb56e02e)
 #2 0x00005a19cf0c88d8 SignalHandler(int) Signals.cpp:0:0
 #3 0x00007a8667042520 (/lib/x86_64-linux-gnu/libc.so.6+0x42520)
 #4 0x00005a19c88be6e8 vast::cc::vast_stream_consumer::process_mlir_module(vast::cc::target_dialect, mlir::ModuleOp) /home/jialeiwang/mlir-dev/vast-fork/lib/vast/Frontend/Consumer.cpp:205:9
 #5 0x00005a19c88bd9a1 vast::cc::vast_stream_consumer::emit_mlir_output(vast::cc::target_dialect, mlir::OwningOpRef<mlir::ModuleOp>) /home/jialeiwang/mlir-dev/vast-fork/lib/vast/Frontend/Consumer.cpp:227:9
 #6 0x00005a19c88bd47b vast::cc::vast_stream_consumer::HandleTranslationUnit(clang::ASTContext&) /home/jialeiwang/mlir-dev/vast-fork/lib/vast/Frontend/Consumer.cpp:137:28
 #7 0x00005a19ccb4eeb6 clang::ParseAST(clang::Sema&, bool, bool) (/home/jialeiwang/mlir-dev/vast-fork/builds/default/tools/vast-front/Debug/vast-front+0x8ff6eb6)
 #8 0x00005a19c835bbe5 vast::cc::vast_stream_action::ExecuteAction() /home/jialeiwang/mlir-dev/vast-fork/lib/vast/Frontend/Action.cpp:75:5
 #9 0x00005a19cc696ac7 clang::FrontendAction::Execute() (/home/jialeiwang/mlir-dev/vast-fork/builds/default/tools/vast-front/Debug/vast-front+0x8b3eac7)
#10 0x00005a19cc60bf34 clang::CompilerInstance::ExecuteAction(clang::FrontendAction&) (/home/jialeiwang/mlir-dev/vast-fork/builds/default/tools/vast-front/Debug/vast-front+0x8ab3f34)
#11 0x00005a19c8342d11 vast::cc::execute_compiler_invocation(clang::CompilerInstance*, vast::cc::vast_args const&) /home/jialeiwang/mlir-dev/vast-fork/tools/vast-front/compiler_invocation.cpp:105:28
#12 0x00005a19c8357f20 vast::cc::cc1(vast::cc::vast_args const&, llvm::ArrayRef<char const*>, char const*, void*) /home/jialeiwang/mlir-dev/vast-fork/tools/vast-front/cc1.cpp:116:23
#13 0x00005a19c8348924 execute_cc1_tool(llvm::SmallVectorImpl<char const*>&) /home/jialeiwang/mlir-dev/vast-fork/tools/vast-front/driver.cpp:71:16
#14 0x00005a19c8347fbb main /home/jialeiwang/mlir-dev/vast-fork/tools/vast-front/driver.cpp:143:20
#15 0x00007a8667029d90 __libc_start_call_main ./csu/../sysdeps/nptl/libc_start_call_main.h:58:16
#16 0x00007a8667029e40 call_init ./csu/../csu/libc-start.c:128:20
#17 0x00007a8667029e40 __libc_start_main ./csu/../csu/libc-start.c:379:5
#18 0x00005a19c8341525 _start (/home/jialeiwang/mlir-dev/vast-fork/builds/default/tools/vast-front/Debug/vast-front+0x47e9525)
/home/jialeiwang/mlir-dev/vast-test-cxx/build/exception/Output/eh-aggregate-copy-destroy.cpp.script: line 2: 1893547 Illegal instruction     /home/jialeiwang/mlir-dev/vast-fork/builds/default/tools/vast-front/Debug/vast-front -cc1 -internal-isystem /usr/lib/gcc/x86_64-linux-gnu/11/../../../../include/c++/11 -internal-isystem /usr/lib/gcc/x86_64-linux-gnu/11/../../../../include/x86_64-linux-gnu/c++/11 -internal-isystem /usr/lib/gcc/x86_64-linux-gnu/11/../../../../include/c++/11/backward -internal-isystem /home/jialeiwang/apps/llvm18/lib/clang/18/include -internal-isystem /usr/local/include -internal-isystem /usr/lib/gcc/x86_64-linux-gnu/11/../../../../x86_64-linux-gnu/include -internal-externc-isystem /usr/include/x86_64-linux-gnu -internal-externc-isystem /include -internal-externc-isystem /usr/include -fexceptions -fcxx-exceptions -fno-elide-constructors -std=c++98 /home/jialeiwang/mlir-dev/vast-test-cxx/testcases/exception/eh-aggregate-copy-destroy.cpp -vast-emit-mlir=ll -o /home/jialeiwang/mlir-dev/vast-test-cxx/build/exception/Output/eh-aggregate-copy-destroy.cpp.tmp.ll

--

********************
FAIL: vast-test-cxx :: dynamic-cast-address-space.cpp (149 of 603)
******************** TEST 'vast-test-cxx :: dynamic-cast-address-space.cpp' FAILED ********************
Exit Code: 132

Command Output (stderr):
--
RUN: at line 1: /home/jialeiwang/mlir-dev/vast-fork/builds/default/tools/vast-front/Debug/vast-front -cc1 -internal-isystem /usr/lib/gcc/x86_64-linux-gnu/11/../../../../include/c++/11 -internal-isystem /usr/lib/gcc/x86_64-linux-gnu/11/../../../../include/x86_64-linux-gnu/c++/11 -internal-isystem /usr/lib/gcc/x86_64-linux-gnu/11/../../../../include/c++/11/backward -internal-isystem /home/jialeiwang/apps/llvm18/lib/clang/18/include -internal-isystem /usr/local/include -internal-isystem /usr/lib/gcc/x86_64-linux-gnu/11/../../../../x86_64-linux-gnu/include -internal-externc-isystem /usr/include/x86_64-linux-gnu -internal-externc-isystem /include -internal-externc-isystem /usr/include -I/home/jialeiwang/mlir-dev/vast-test-cxx/testcases /home/jialeiwang/mlir-dev/vast-test-cxx/testcases/dynamic-cast-address-space.cpp -fcxx-exceptions -fexceptions -vast-emit-mlir=ll -o /home/jialeiwang/mlir-dev/vast-test-cxx/build/Output/dynamic-cast-address-space.cpp.tmp.ll && echo '// CHECK-NOT: {{unsup\.|unreach\.|#unsup}}' > /home/jialeiwang/mlir-dev/vast-test-cxx/build/Output/dynamic-cast-address-space.cpp.tmp.check && FileCheck /home/jialeiwang/mlir-dev/vast-test-cxx/build/Output/dynamic-cast-address-space.cpp.tmp.check --input-file=/home/jialeiwang/mlir-dev/vast-test-cxx/build/Output/dynamic-cast-address-space.cpp.tmp.ll && rm /home/jialeiwang/mlir-dev/vast-test-cxx/build/Output/dynamic-cast-address-space.cpp.tmp.check
+ /home/jialeiwang/mlir-dev/vast-fork/builds/default/tools/vast-front/Debug/vast-front -cc1 -internal-isystem /usr/lib/gcc/x86_64-linux-gnu/11/../../../../include/c++/11 -internal-isystem /usr/lib/gcc/x86_64-linux-gnu/11/../../../../include/x86_64-linux-gnu/c++/11 -internal-isystem /usr/lib/gcc/x86_64-linux-gnu/11/../../../../include/c++/11/backward -internal-isystem /home/jialeiwang/apps/llvm18/lib/clang/18/include -internal-isystem /usr/local/include -internal-isystem /usr/lib/gcc/x86_64-linux-gnu/11/../../../../x86_64-linux-gnu/include -internal-externc-isystem /usr/include/x86_64-linux-gnu -internal-externc-isystem /include -internal-externc-isystem /usr/include -I/home/jialeiwang/mlir-dev/vast-test-cxx/testcases /home/jialeiwang/mlir-dev/vast-test-cxx/testcases/dynamic-cast-address-space.cpp -fcxx-exceptions -fexceptions -vast-emit-mlir=ll -o /home/jialeiwang/mlir-dev/vast-test-cxx/build/Output/dynamic-cast-address-space.cpp.tmp.ll
/home/jialeiwang/mlir-dev/vast-test-cxx/testcases/dynamic-cast-address-space.cpp:8:5: warning: expression result unused [-Wunused-value]
    8 |     dynamic_cast<const B&>(*a);
      |     ^~~~~~~~~~~~~~~~~~~~~~~~~~
/home/jialeiwang/mlir-dev/vast-test-cxx/testcases/dynamic-cast-address-space.cpp:7:3: error: unexpected error: 'hl.try' op expects graph region #0 to have 0 or 1 blocks
  try {
  ^
/home/jialeiwang/mlir-dev/vast-test-cxx/testcases/dynamic-cast-address-space.cpp:7:3: error: unexpected note: see current operation: 
"hl.try"() ({
  %3 = "hl.ref"(%0) : (!hl.lvalue<!hl.ptr<!hl.record<"A">>>) -> !hl.lvalue<!hl.ptr<!hl.record<"A">>>
  %4 = "hl.cast"(%3) {kind = 4 : i64} : (!hl.lvalue<!hl.ptr<!hl.record<"A">>>) -> !hl.ptr<!hl.record<"A">>
  %5 = "hl.deref"(%4) : (!hl.ptr<!hl.record<"A">>) -> !hl.lvalue<!hl.record<"A">>
  %6 = "hl.addressof"(%5) : (!hl.lvalue<!hl.record<"A">>) -> !hl.ptr<!hl.record<"A">>
  %7 = "hl.cast"(%6) {kind = 9 : i64} : (!hl.ptr<!hl.record<"A">>) -> !hl.ptr<!hl.record<"B">>
  %8 = "hl.cast"(%7) {kind = 23 : i64} : (!hl.ptr<!hl.record<"B">>) -> ui8
  %9 = "hl.lnot"(%8) : (ui8) -> ui8
  %10 = "hl.cast"(%9) {kind = 26 : i64} : (ui8) -> i1
  "ll.cond_br"(%10)[^bb1, ^bb2] <{operandSegmentSizes = array<i32: 1, 0, 0>}> : (i1) -> ()
^bb1:  // pred: ^bb0
  %11 = "hl.call"() {callee = @__cxa_bad_cast} : () -> !hl.void
  "ll.br"()[^bb2] : () -> ()
^bb2:  // 2 preds: ^bb0, ^bb1
  %12 = "hl.deref"(%7) : (!hl.ptr<!hl.record<"B">>) -> !hl.lvalue<!hl.record<"B">>
}, {
}) : () -> ()
  try {
  ^


[VAST fatal] MLIR pass manager failed when running vast passes
PLEASE submit a bug report to https://github.com/trailofbits/vast/issues and include the crash backtrace, preprocessed source, and associated run script.
Stack dump:
0.	Program arguments: /home/jialeiwang/mlir-dev/vast-fork/builds/default/tools/vast-front/Debug/vast-front -cc1 -internal-isystem /usr/lib/gcc/x86_64-linux-gnu/11/../../../../include/c++/11 -internal-isystem /usr/lib/gcc/x86_64-linux-gnu/11/../../../../include/x86_64-linux-gnu/c++/11 -internal-isystem /usr/lib/gcc/x86_64-linux-gnu/11/../../../../include/c++/11/backward -internal-isystem /home/jialeiwang/apps/llvm18/lib/clang/18/include -internal-isystem /usr/local/include -internal-isystem /usr/lib/gcc/x86_64-linux-gnu/11/../../../../x86_64-linux-gnu/include -internal-externc-isystem /usr/include/x86_64-linux-gnu -internal-externc-isystem /include -internal-externc-isystem /usr/include -I/home/jialeiwang/mlir-dev/vast-test-cxx/testcases /home/jialeiwang/mlir-dev/vast-test-cxx/testcases/dynamic-cast-address-space.cpp -fcxx-exceptions -fexceptions -vast-emit-mlir=ll -o /home/jialeiwang/mlir-dev/vast-test-cxx/build/Output/dynamic-cast-address-space.cpp.tmp.ll
1.	<eof> parser at end of file
 #0 0x000064e87819c248 llvm::sys::PrintStackTrace(llvm::raw_ostream&, int) (/home/jialeiwang/mlir-dev/vast-fork/builds/default/tools/vast-front/Debug/vast-front+0xb570248)
 #1 0x000064e87819a02e llvm::sys::RunSignalHandlers() (/home/jialeiwang/mlir-dev/vast-fork/builds/default/tools/vast-front/Debug/vast-front+0xb56e02e)
 #2 0x000064e87819c8d8 SignalHandler(int) Signals.cpp:0:0
 #3 0x000074c963a42520 (/lib/x86_64-linux-gnu/libc.so.6+0x42520)
 #4 0x000064e8719926e8 vast::cc::vast_stream_consumer::process_mlir_module(vast::cc::target_dialect, mlir::ModuleOp) /home/jialeiwang/mlir-dev/vast-fork/lib/vast/Frontend/Consumer.cpp:205:9
 #5 0x000064e8719919a1 vast::cc::vast_stream_consumer::emit_mlir_output(vast::cc::target_dialect, mlir::OwningOpRef<mlir::ModuleOp>) /home/jialeiwang/mlir-dev/vast-fork/lib/vast/Frontend/Consumer.cpp:227:9
 #6 0x000064e87199147b vast::cc::vast_stream_consumer::HandleTranslationUnit(clang::ASTContext&) /home/jialeiwang/mlir-dev/vast-fork/lib/vast/Frontend/Consumer.cpp:137:28
 #7 0x000064e875c22eb6 clang::ParseAST(clang::Sema&, bool, bool) (/home/jialeiwang/mlir-dev/vast-fork/builds/default/tools/vast-front/Debug/vast-front+0x8ff6eb6)
 #8 0x000064e87142fbe5 vast::cc::vast_stream_action::ExecuteAction() /home/jialeiwang/mlir-dev/vast-fork/lib/vast/Frontend/Action.cpp:75:5
 #9 0x000064e87576aac7 clang::FrontendAction::Execute() (/home/jialeiwang/mlir-dev/vast-fork/builds/default/tools/vast-front/Debug/vast-front+0x8b3eac7)
#10 0x000064e8756dff34 clang::CompilerInstance::ExecuteAction(clang::FrontendAction&) (/home/jialeiwang/mlir-dev/vast-fork/builds/default/tools/vast-front/Debug/vast-front+0x8ab3f34)
#11 0x000064e871416d11 vast::cc::execute_compiler_invocation(clang::CompilerInstance*, vast::cc::vast_args const&) /home/jialeiwang/mlir-dev/vast-fork/tools/vast-front/compiler_invocation.cpp:105:28
#12 0x000064e87142bf20 vast::cc::cc1(vast::cc::vast_args const&, llvm::ArrayRef<char const*>, char const*, void*) /home/jialeiwang/mlir-dev/vast-fork/tools/vast-front/cc1.cpp:116:23
#13 0x000064e87141c924 execute_cc1_tool(llvm::SmallVectorImpl<char const*>&) /home/jialeiwang/mlir-dev/vast-fork/tools/vast-front/driver.cpp:71:16
#14 0x000064e87141bfbb main /home/jialeiwang/mlir-dev/vast-fork/tools/vast-front/driver.cpp:143:20
#15 0x000074c963a29d90 __libc_start_call_main ./csu/../sysdeps/nptl/libc_start_call_main.h:58:16
#16 0x000074c963a29e40 call_init ./csu/../csu/libc-start.c:128:20
#17 0x000074c963a29e40 __libc_start_main ./csu/../csu/libc-start.c:379:5
#18 0x000064e871415525 _start (/home/jialeiwang/mlir-dev/vast-fork/builds/default/tools/vast-front/Debug/vast-front+0x47e9525)
/home/jialeiwang/mlir-dev/vast-test-cxx/build/Output/dynamic-cast-address-space.cpp.script: line 1: 1893583 Illegal instruction     /home/jialeiwang/mlir-dev/vast-fork/builds/default/tools/vast-front/Debug/vast-front -cc1 -internal-isystem /usr/lib/gcc/x86_64-linux-gnu/11/../../../../include/c++/11 -internal-isystem /usr/lib/gcc/x86_64-linux-gnu/11/../../../../include/x86_64-linux-gnu/c++/11 -internal-isystem /usr/lib/gcc/x86_64-linux-gnu/11/../../../../include/c++/11/backward -internal-isystem /home/jialeiwang/apps/llvm18/lib/clang/18/include -internal-isystem /usr/local/include -internal-isystem /usr/lib/gcc/x86_64-linux-gnu/11/../../../../x86_64-linux-gnu/include -internal-externc-isystem /usr/include/x86_64-linux-gnu -internal-externc-isystem /include -internal-externc-isystem /usr/include -I/home/jialeiwang/mlir-dev/vast-test-cxx/testcases /home/jialeiwang/mlir-dev/vast-test-cxx/testcases/dynamic-cast-address-space.cpp -fcxx-exceptions -fexceptions -vast-emit-mlir=ll -o /home/jialeiwang/mlir-dev/vast-test-cxx/build/Output/dynamic-cast-address-space.cpp.tmp.ll

--

********************
FAIL: vast-test-cxx :: switch-case-folding-2.cpp (150 of 603)
******************** TEST 'vast-test-cxx :: switch-case-folding-2.cpp' FAILED ********************
Exit Code: 132

Command Output (stderr):
--
RUN: at line 1: /home/jialeiwang/mlir-dev/vast-fork/builds/default/tools/vast-front/Debug/vast-front -cc1 -internal-isystem /usr/lib/gcc/x86_64-linux-gnu/11/../../../../include/c++/11 -internal-isystem /usr/lib/gcc/x86_64-linux-gnu/11/../../../../include/x86_64-linux-gnu/c++/11 -internal-isystem /usr/lib/gcc/x86_64-linux-gnu/11/../../../../include/c++/11/backward -internal-isystem /home/jialeiwang/apps/llvm18/lib/clang/18/include -internal-isystem /usr/local/include -internal-isystem /usr/lib/gcc/x86_64-linux-gnu/11/../../../../x86_64-linux-gnu/include -internal-externc-isystem /usr/include/x86_64-linux-gnu -internal-externc-isystem /include -internal-externc-isystem /usr/include /home/jialeiwang/mlir-dev/vast-test-cxx/testcases/switch-case-folding-2.cpp -vast-emit-mlir=ll -o /home/jialeiwang/mlir-dev/vast-test-cxx/build/Output/switch-case-folding-2.cpp.tmp.ll && echo '// CHECK-NOT: {{unsup\.|unreach\.|#unsup}}' > /home/jialeiwang/mlir-dev/vast-test-cxx/build/Output/switch-case-folding-2.cpp.tmp.check && FileCheck /home/jialeiwang/mlir-dev/vast-test-cxx/build/Output/switch-case-folding-2.cpp.tmp.check --input-file=/home/jialeiwang/mlir-dev/vast-test-cxx/build/Output/switch-case-folding-2.cpp.tmp.ll && rm /home/jialeiwang/mlir-dev/vast-test-cxx/build/Output/switch-case-folding-2.cpp.tmp.check
+ /home/jialeiwang/mlir-dev/vast-fork/builds/default/tools/vast-front/Debug/vast-front -cc1 -internal-isystem /usr/lib/gcc/x86_64-linux-gnu/11/../../../../include/c++/11 -internal-isystem /usr/lib/gcc/x86_64-linux-gnu/11/../../../../include/x86_64-linux-gnu/c++/11 -internal-isystem /usr/lib/gcc/x86_64-linux-gnu/11/../../../../include/c++/11/backward -internal-isystem /home/jialeiwang/apps/llvm18/lib/clang/18/include -internal-isystem /usr/local/include -internal-isystem /usr/lib/gcc/x86_64-linux-gnu/11/../../../../x86_64-linux-gnu/include -internal-externc-isystem /usr/include/x86_64-linux-gnu -internal-externc-isystem /include -internal-externc-isystem /usr/include /home/jialeiwang/mlir-dev/vast-test-cxx/testcases/switch-case-folding-2.cpp -vast-emit-mlir=ll -o /home/jialeiwang/mlir-dev/vast-test-cxx/build/Output/switch-case-folding-2.cpp.tmp.ll
/home/jialeiwang/mlir-dev/vast-test-cxx/testcases/switch-case-folding-2.cpp:77:35: error: unexpected error: 'll.br' op must be the last operation in the parent block
  switch (1) case 1: foo: case 0: goto foo;
                                  ^
/home/jialeiwang/mlir-dev/vast-test-cxx/testcases/switch-case-folding-2.cpp:77:35: error: unexpected note: see current operation: "ll.br"()[^bb2] : () -> ()
  switch (1) case 1: foo: case 0: goto foo;
                                  ^
/home/jialeiwang/mlir-dev/vast-test-cxx/testcases/switch-case-folding-2.cpp:52:3: error: unexpected error: reference to block defined in another region
  switch (1) {
  ^
/home/jialeiwang/mlir-dev/vast-test-cxx/testcases/switch-case-folding-2.cpp:52:3: error: unexpected note: see current operation: "ll.br"()[INVALIDBLOCK] : () -> ()
  switch (1) {
  ^


[VAST fatal] MLIR pass manager failed when running vast passes
PLEASE submit a bug report to https://github.com/trailofbits/vast/issues and include the crash backtrace, preprocessed source, and associated run script.
Stack dump:
0.	Program arguments: /home/jialeiwang/mlir-dev/vast-fork/builds/default/tools/vast-front/Debug/vast-front -cc1 -internal-isystem /usr/lib/gcc/x86_64-linux-gnu/11/../../../../include/c++/11 -internal-isystem /usr/lib/gcc/x86_64-linux-gnu/11/../../../../include/x86_64-linux-gnu/c++/11 -internal-isystem /usr/lib/gcc/x86_64-linux-gnu/11/../../../../include/c++/11/backward -internal-isystem /home/jialeiwang/apps/llvm18/lib/clang/18/include -internal-isystem /usr/local/include -internal-isystem /usr/lib/gcc/x86_64-linux-gnu/11/../../../../x86_64-linux-gnu/include -internal-externc-isystem /usr/include/x86_64-linux-gnu -internal-externc-isystem /include -internal-externc-isystem /usr/include /home/jialeiwang/mlir-dev/vast-test-cxx/testcases/switch-case-folding-2.cpp -vast-emit-mlir=ll -o /home/jialeiwang/mlir-dev/vast-test-cxx/build/Output/switch-case-folding-2.cpp.tmp.ll
1.	<eof> parser at end of file
 #0 0x000063db68d08248 llvm::sys::PrintStackTrace(llvm::raw_ostream&, int) (/home/jialeiwang/mlir-dev/vast-fork/builds/default/tools/vast-front/Debug/vast-front+0xb570248)
 #1 0x000063db68d0602e llvm::sys::RunSignalHandlers() (/home/jialeiwang/mlir-dev/vast-fork/builds/default/tools/vast-front/Debug/vast-front+0xb56e02e)
 #2 0x000063db68d088d8 SignalHandler(int) Signals.cpp:0:0
 #3 0x00007dcfeb442520 (/lib/x86_64-linux-gnu/libc.so.6+0x42520)
 #4 0x000063db624fe6e8 vast::cc::vast_stream_consumer::process_mlir_module(vast::cc::target_dialect, mlir::ModuleOp) /home/jialeiwang/mlir-dev/vast-fork/lib/vast/Frontend/Consumer.cpp:205:9
 #5 0x000063db624fd9a1 vast::cc::vast_stream_consumer::emit_mlir_output(vast::cc::target_dialect, mlir::OwningOpRef<mlir::ModuleOp>) /home/jialeiwang/mlir-dev/vast-fork/lib/vast/Frontend/Consumer.cpp:227:9
 #6 0x000063db624fd47b vast::cc::vast_stream_consumer::HandleTranslationUnit(clang::ASTContext&) /home/jialeiwang/mlir-dev/vast-fork/lib/vast/Frontend/Consumer.cpp:137:28
 #7 0x000063db6678eeb6 clang::ParseAST(clang::Sema&, bool, bool) (/home/jialeiwang/mlir-dev/vast-fork/builds/default/tools/vast-front/Debug/vast-front+0x8ff6eb6)
 #8 0x000063db61f9bbe5 vast::cc::vast_stream_action::ExecuteAction() /home/jialeiwang/mlir-dev/vast-fork/lib/vast/Frontend/Action.cpp:75:5
 #9 0x000063db662d6ac7 clang::FrontendAction::Execute() (/home/jialeiwang/mlir-dev/vast-fork/builds/default/tools/vast-front/Debug/vast-front+0x8b3eac7)
#10 0x000063db6624bf34 clang::CompilerInstance::ExecuteAction(clang::FrontendAction&) (/home/jialeiwang/mlir-dev/vast-fork/builds/default/tools/vast-front/Debug/vast-front+0x8ab3f34)
#11 0x000063db61f82d11 vast::cc::execute_compiler_invocation(clang::CompilerInstance*, vast::cc::vast_args const&) /home/jialeiwang/mlir-dev/vast-fork/tools/vast-front/compiler_invocation.cpp:105:28
#12 0x000063db61f97f20 vast::cc::cc1(vast::cc::vast_args const&, llvm::ArrayRef<char const*>, char const*, void*) /home/jialeiwang/mlir-dev/vast-fork/tools/vast-front/cc1.cpp:116:23
#13 0x000063db61f88924 execute_cc1_tool(llvm::SmallVectorImpl<char const*>&) /home/jialeiwang/mlir-dev/vast-fork/tools/vast-front/driver.cpp:71:16
#14 0x000063db61f87fbb main /home/jialeiwang/mlir-dev/vast-fork/tools/vast-front/driver.cpp:143:20
#15 0x00007dcfeb429d90 __libc_start_call_main ./csu/../sysdeps/nptl/libc_start_call_main.h:58:16
#16 0x00007dcfeb429e40 call_init ./csu/../csu/libc-start.c:128:20
#17 0x00007dcfeb429e40 __libc_start_main ./csu/../csu/libc-start.c:379:5
#18 0x000063db61f81525 _start (/home/jialeiwang/mlir-dev/vast-fork/builds/default/tools/vast-front/Debug/vast-front+0x47e9525)
/home/jialeiwang/mlir-dev/vast-test-cxx/build/Output/switch-case-folding-2.cpp.script: line 1: 1893531 Illegal instruction     /home/jialeiwang/mlir-dev/vast-fork/builds/default/tools/vast-front/Debug/vast-front -cc1 -internal-isystem /usr/lib/gcc/x86_64-linux-gnu/11/../../../../include/c++/11 -internal-isystem /usr/lib/gcc/x86_64-linux-gnu/11/../../../../include/x86_64-linux-gnu/c++/11 -internal-isystem /usr/lib/gcc/x86_64-linux-gnu/11/../../../../include/c++/11/backward -internal-isystem /home/jialeiwang/apps/llvm18/lib/clang/18/include -internal-isystem /usr/local/include -internal-isystem /usr/lib/gcc/x86_64-linux-gnu/11/../../../../x86_64-linux-gnu/include -internal-externc-isystem /usr/include/x86_64-linux-gnu -internal-externc-isystem /include -internal-externc-isystem /usr/include /home/jialeiwang/mlir-dev/vast-test-cxx/testcases/switch-case-folding-2.cpp -vast-emit-mlir=ll -o /home/jialeiwang/mlir-dev/vast-test-cxx/build/Output/switch-case-folding-2.cpp.tmp.ll

--

********************
FAIL: vast-test-cxx :: unwind-inline-asm.cpp (151 of 603)
******************** TEST 'vast-test-cxx :: unwind-inline-asm.cpp' FAILED ********************
Exit Code: 132

Command Output (stderr):
--
RUN: at line 1: /home/jialeiwang/mlir-dev/vast-fork/builds/default/tools/vast-front/Debug/vast-front -cc1 -internal-isystem /usr/lib/gcc/x86_64-linux-gnu/11/../../../../include/c++/11 -internal-isystem /usr/lib/gcc/x86_64-linux-gnu/11/../../../../include/x86_64-linux-gnu/c++/11 -internal-isystem /usr/lib/gcc/x86_64-linux-gnu/11/../../../../include/c++/11/backward -internal-isystem /home/jialeiwang/apps/llvm18/lib/clang/18/include -internal-isystem /usr/local/include -internal-isystem /usr/lib/gcc/x86_64-linux-gnu/11/../../../../x86_64-linux-gnu/include -internal-externc-isystem /usr/include/x86_64-linux-gnu -internal-externc-isystem /include -internal-externc-isystem /usr/include -DUNWIND -fcxx-exceptions -fexceptions /home/jialeiwang/mlir-dev/vast-test-cxx/testcases/unwind-inline-asm.cpp -vast-emit-mlir=ll -o /home/jialeiwang/mlir-dev/vast-test-cxx/build/Output/unwind-inline-asm.cpp.tmp.ll && echo '// CHECK-NOT: {{unsup\.|unreach\.|#unsup}}' > /home/jialeiwang/mlir-dev/vast-test-cxx/build/Output/unwind-inline-asm.cpp.tmp.check && FileCheck /home/jialeiwang/mlir-dev/vast-test-cxx/build/Output/unwind-inline-asm.cpp.tmp.check --input-file=/home/jialeiwang/mlir-dev/vast-test-cxx/build/Output/unwind-inline-asm.cpp.tmp.ll && rm /home/jialeiwang/mlir-dev/vast-test-cxx/build/Output/unwind-inline-asm.cpp.tmp.check
+ /home/jialeiwang/mlir-dev/vast-fork/builds/default/tools/vast-front/Debug/vast-front -cc1 -internal-isystem /usr/lib/gcc/x86_64-linux-gnu/11/../../../../include/c++/11 -internal-isystem /usr/lib/gcc/x86_64-linux-gnu/11/../../../../include/x86_64-linux-gnu/c++/11 -internal-isystem /usr/lib/gcc/x86_64-linux-gnu/11/../../../../include/c++/11/backward -internal-isystem /home/jialeiwang/apps/llvm18/lib/clang/18/include -internal-isystem /usr/local/include -internal-isystem /usr/lib/gcc/x86_64-linux-gnu/11/../../../../x86_64-linux-gnu/include -internal-externc-isystem /usr/include/x86_64-linux-gnu -internal-externc-isystem /include -internal-externc-isystem /usr/include -DUNWIND -fcxx-exceptions -fexceptions /home/jialeiwang/mlir-dev/vast-test-cxx/testcases/unwind-inline-asm.cpp -vast-emit-mlir=ll -o /home/jialeiwang/mlir-dev/vast-test-cxx/build/Output/unwind-inline-asm.cpp.tmp.ll
/home/jialeiwang/mlir-dev/vast-test-cxx/testcases/unwind-inline-asm.cpp:18:3: error: unexpected error: 'hl.throw.alloc' op result #0 must be lvalue to any type, but got '!hl.ptr<!hl.ptr<si8>>'
  throw "Trap";
  ^
/home/jialeiwang/mlir-dev/vast-test-cxx/testcases/unwind-inline-asm.cpp:18:3: error: unexpected note: see current operation: 
%0 = "hl.throw.alloc"() ({
  %2 = "hl.const"() {value = "Trap" : !hl.ptr<memref<5xsi8>>} : () -> !hl.ptr<memref<5xsi8>>
  %3 = "hl.cast"(%2) {kind = 11 : i64} : (!hl.ptr<memref<5xsi8>>) -> !hl.ptr<si8>
  "hl.value.yield"(%3) : (!hl.ptr<si8>) -> ()
}) : () -> !hl.ptr<!hl.ptr<si8>>
  throw "Trap";
  ^


[VAST fatal] MLIR pass manager failed when running vast passes
PLEASE submit a bug report to https://github.com/trailofbits/vast/issues and include the crash backtrace, preprocessed source, and associated run script.
Stack dump:
0.	Program arguments: /home/jialeiwang/mlir-dev/vast-fork/builds/default/tools/vast-front/Debug/vast-front -cc1 -internal-isystem /usr/lib/gcc/x86_64-linux-gnu/11/../../../../include/c++/11 -internal-isystem /usr/lib/gcc/x86_64-linux-gnu/11/../../../../include/x86_64-linux-gnu/c++/11 -internal-isystem /usr/lib/gcc/x86_64-linux-gnu/11/../../../../include/c++/11/backward -internal-isystem /home/jialeiwang/apps/llvm18/lib/clang/18/include -internal-isystem /usr/local/include -internal-isystem /usr/lib/gcc/x86_64-linux-gnu/11/../../../../x86_64-linux-gnu/include -internal-externc-isystem /usr/include/x86_64-linux-gnu -internal-externc-isystem /include -internal-externc-isystem /usr/include -DUNWIND -fcxx-exceptions -fexceptions /home/jialeiwang/mlir-dev/vast-test-cxx/testcases/unwind-inline-asm.cpp -vast-emit-mlir=ll -o /home/jialeiwang/mlir-dev/vast-test-cxx/build/Output/unwind-inline-asm.cpp.tmp.ll
1.	<eof> parser at end of file
 #0 0x00005d28a76c5248 llvm::sys::PrintStackTrace(llvm::raw_ostream&, int) (/home/jialeiwang/mlir-dev/vast-fork/builds/default/tools/vast-front/Debug/vast-front+0xb570248)
 #1 0x00005d28a76c302e llvm::sys::RunSignalHandlers() (/home/jialeiwang/mlir-dev/vast-fork/builds/default/tools/vast-front/Debug/vast-front+0xb56e02e)
 #2 0x00005d28a76c58d8 SignalHandler(int) Signals.cpp:0:0
 #3 0x00007ae53d242520 (/lib/x86_64-linux-gnu/libc.so.6+0x42520)
 #4 0x00005d28a0ebb6e8 vast::cc::vast_stream_consumer::process_mlir_module(vast::cc::target_dialect, mlir::ModuleOp) /home/jialeiwang/mlir-dev/vast-fork/lib/vast/Frontend/Consumer.cpp:205:9
 #5 0x00005d28a0eba9a1 vast::cc::vast_stream_consumer::emit_mlir_output(vast::cc::target_dialect, mlir::OwningOpRef<mlir::ModuleOp>) /home/jialeiwang/mlir-dev/vast-fork/lib/vast/Frontend/Consumer.cpp:227:9
 #6 0x00005d28a0eba47b vast::cc::vast_stream_consumer::HandleTranslationUnit(clang::ASTContext&) /home/jialeiwang/mlir-dev/vast-fork/lib/vast/Frontend/Consumer.cpp:137:28
 #7 0x00005d28a514beb6 clang::ParseAST(clang::Sema&, bool, bool) (/home/jialeiwang/mlir-dev/vast-fork/builds/default/tools/vast-front/Debug/vast-front+0x8ff6eb6)
 #8 0x00005d28a0958be5 vast::cc::vast_stream_action::ExecuteAction() /home/jialeiwang/mlir-dev/vast-fork/lib/vast/Frontend/Action.cpp:75:5
 #9 0x00005d28a4c93ac7 clang::FrontendAction::Execute() (/home/jialeiwang/mlir-dev/vast-fork/builds/default/tools/vast-front/Debug/vast-front+0x8b3eac7)
#10 0x00005d28a4c08f34 clang::CompilerInstance::ExecuteAction(clang::FrontendAction&) (/home/jialeiwang/mlir-dev/vast-fork/builds/default/tools/vast-front/Debug/vast-front+0x8ab3f34)
#11 0x00005d28a093fd11 vast::cc::execute_compiler_invocation(clang::CompilerInstance*, vast::cc::vast_args const&) /home/jialeiwang/mlir-dev/vast-fork/tools/vast-front/compiler_invocation.cpp:105:28
#12 0x00005d28a0954f20 vast::cc::cc1(vast::cc::vast_args const&, llvm::ArrayRef<char const*>, char const*, void*) /home/jialeiwang/mlir-dev/vast-fork/tools/vast-front/cc1.cpp:116:23
#13 0x00005d28a0945924 execute_cc1_tool(llvm::SmallVectorImpl<char const*>&) /home/jialeiwang/mlir-dev/vast-fork/tools/vast-front/driver.cpp:71:16
#14 0x00005d28a0944fbb main /home/jialeiwang/mlir-dev/vast-fork/tools/vast-front/driver.cpp:143:20
#15 0x00007ae53d229d90 __libc_start_call_main ./csu/../sysdeps/nptl/libc_start_call_main.h:58:16
#16 0x00007ae53d229e40 call_init ./csu/../csu/libc-start.c:128:20
#17 0x00007ae53d229e40 __libc_start_main ./csu/../csu/libc-start.c:379:5
#18 0x00005d28a093e525 _start (/home/jialeiwang/mlir-dev/vast-fork/builds/default/tools/vast-front/Debug/vast-front+0x47e9525)
/home/jialeiwang/mlir-dev/vast-test-cxx/build/Output/unwind-inline-asm.cpp.script: line 2: 1893537 Illegal instruction     /home/jialeiwang/mlir-dev/vast-fork/builds/default/tools/vast-front/Debug/vast-front -cc1 -internal-isystem /usr/lib/gcc/x86_64-linux-gnu/11/../../../../include/c++/11 -internal-isystem /usr/lib/gcc/x86_64-linux-gnu/11/../../../../include/x86_64-linux-gnu/c++/11 -internal-isystem /usr/lib/gcc/x86_64-linux-gnu/11/../../../../include/c++/11/backward -internal-isystem /home/jialeiwang/apps/llvm18/lib/clang/18/include -internal-isystem /usr/local/include -internal-isystem /usr/lib/gcc/x86_64-linux-gnu/11/../../../../x86_64-linux-gnu/include -internal-externc-isystem /usr/include/x86_64-linux-gnu -internal-externc-isystem /include -internal-externc-isystem /usr/include -DUNWIND -fcxx-exceptions -fexceptions /home/jialeiwang/mlir-dev/vast-test-cxx/testcases/unwind-inline-asm.cpp -vast-emit-mlir=ll -o /home/jialeiwang/mlir-dev/vast-test-cxx/build/Output/unwind-inline-asm.cpp.tmp.ll

--

********************
FAIL: vast-test-cxx :: exception/eh-aggregated-inits-unwind.cpp (152 of 603)
******************** TEST 'vast-test-cxx :: exception/eh-aggregated-inits-unwind.cpp' FAILED ********************
Exit Code: 132

Command Output (stderr):
--
RUN: at line 1: /home/jialeiwang/mlir-dev/vast-fork/builds/default/tools/vast-front/Debug/vast-front -cc1 -internal-isystem /usr/lib/gcc/x86_64-linux-gnu/11/../../../../include/c++/11 -internal-isystem /usr/lib/gcc/x86_64-linux-gnu/11/../../../../include/x86_64-linux-gnu/c++/11 -internal-isystem /usr/lib/gcc/x86_64-linux-gnu/11/../../../../include/c++/11/backward -internal-isystem /home/jialeiwang/apps/llvm18/lib/clang/18/include -internal-isystem /usr/local/include -internal-isystem /usr/lib/gcc/x86_64-linux-gnu/11/../../../../x86_64-linux-gnu/include -internal-externc-isystem /usr/include/x86_64-linux-gnu -internal-externc-isystem /include -internal-externc-isystem /usr/include -fexceptions -fcxx-exceptions -fno-elide-constructors /home/jialeiwang/mlir-dev/vast-test-cxx/testcases/exception/eh-aggregated-inits-unwind.cpp -vast-emit-mlir=ll -o /home/jialeiwang/mlir-dev/vast-test-cxx/build/exception/Output/eh-aggregated-inits-unwind.cpp.tmp.ll && echo '// CHECK-NOT: {{unsup\.|unreach\.|#unsup}}' > /home/jialeiwang/mlir-dev/vast-test-cxx/build/exception/Output/eh-aggregated-inits-unwind.cpp.tmp.check && FileCheck /home/jialeiwang/mlir-dev/vast-test-cxx/build/exception/Output/eh-aggregated-inits-unwind.cpp.tmp.check --input-file=/home/jialeiwang/mlir-dev/vast-test-cxx/build/exception/Output/eh-aggregated-inits-unwind.cpp.tmp.ll && rm /home/jialeiwang/mlir-dev/vast-test-cxx/build/exception/Output/eh-aggregated-inits-unwind.cpp.tmp.check
+ /home/jialeiwang/mlir-dev/vast-fork/builds/default/tools/vast-front/Debug/vast-front -cc1 -internal-isystem /usr/lib/gcc/x86_64-linux-gnu/11/../../../../include/c++/11 -internal-isystem /usr/lib/gcc/x86_64-linux-gnu/11/../../../../include/x86_64-linux-gnu/c++/11 -internal-isystem /usr/lib/gcc/x86_64-linux-gnu/11/../../../../include/c++/11/backward -internal-isystem /home/jialeiwang/apps/llvm18/lib/clang/18/include -internal-isystem /usr/local/include -internal-isystem /usr/lib/gcc/x86_64-linux-gnu/11/../../../../x86_64-linux-gnu/include -internal-externc-isystem /usr/include/x86_64-linux-gnu -internal-externc-isystem /include -internal-externc-isystem /usr/include -fexceptions -fcxx-exceptions -fno-elide-constructors /home/jialeiwang/mlir-dev/vast-test-cxx/testcases/exception/eh-aggregated-inits-unwind.cpp -vast-emit-mlir=ll -o /home/jialeiwang/mlir-dev/vast-test-cxx/build/exception/Output/eh-aggregated-inits-unwind.cpp.tmp.ll
/home/jialeiwang/mlir-dev/vast-test-cxx/testcases/exception/eh-aggregated-inits-unwind.cpp:14:5: error: unexpected error: 'hl.throw.alloc' op result #0 must be lvalue to any type, but got '!hl.ptr<si32>'
    throw 1;
    ^
/home/jialeiwang/mlir-dev/vast-test-cxx/testcases/exception/eh-aggregated-inits-unwind.cpp:14:5: error: unexpected note: see current operation: 
%5 = "hl.throw.alloc"() ({
  %7 = "hl.const"() {value = #core.integer<1> : si32} : () -> si32
  "hl.value.yield"(%7) : (si32) -> ()
}) : () -> !hl.ptr<si32>
    throw 1;
    ^


[VAST fatal] MLIR pass manager failed when running vast passes
PLEASE submit a bug report to https://github.com/trailofbits/vast/issues and include the crash backtrace, preprocessed source, and associated run script.
Stack dump:
0.	Program arguments: /home/jialeiwang/mlir-dev/vast-fork/builds/default/tools/vast-front/Debug/vast-front -cc1 -internal-isystem /usr/lib/gcc/x86_64-linux-gnu/11/../../../../include/c++/11 -internal-isystem /usr/lib/gcc/x86_64-linux-gnu/11/../../../../include/x86_64-linux-gnu/c++/11 -internal-isystem /usr/lib/gcc/x86_64-linux-gnu/11/../../../../include/c++/11/backward -internal-isystem /home/jialeiwang/apps/llvm18/lib/clang/18/include -internal-isystem /usr/local/include -internal-isystem /usr/lib/gcc/x86_64-linux-gnu/11/../../../../x86_64-linux-gnu/include -internal-externc-isystem /usr/include/x86_64-linux-gnu -internal-externc-isystem /include -internal-externc-isystem /usr/include -fexceptions -fcxx-exceptions -fno-elide-constructors /home/jialeiwang/mlir-dev/vast-test-cxx/testcases/exception/eh-aggregated-inits-unwind.cpp -vast-emit-mlir=ll -o /home/jialeiwang/mlir-dev/vast-test-cxx/build/exception/Output/eh-aggregated-inits-unwind.cpp.tmp.ll
1.	<eof> parser at end of file
 #0 0x0000603f91520248 llvm::sys::PrintStackTrace(llvm::raw_ostream&, int) (/home/jialeiwang/mlir-dev/vast-fork/builds/default/tools/vast-front/Debug/vast-front+0xb570248)
 #1 0x0000603f9151e02e llvm::sys::RunSignalHandlers() (/home/jialeiwang/mlir-dev/vast-fork/builds/default/tools/vast-front/Debug/vast-front+0xb56e02e)
 #2 0x0000603f915208d8 SignalHandler(int) Signals.cpp:0:0
 #3 0x00007db4e5c42520 (/lib/x86_64-linux-gnu/libc.so.6+0x42520)
 #4 0x0000603f8ad166e8 vast::cc::vast_stream_consumer::process_mlir_module(vast::cc::target_dialect, mlir::ModuleOp) /home/jialeiwang/mlir-dev/vast-fork/lib/vast/Frontend/Consumer.cpp:205:9
 #5 0x0000603f8ad159a1 vast::cc::vast_stream_consumer::emit_mlir_output(vast::cc::target_dialect, mlir::OwningOpRef<mlir::ModuleOp>) /home/jialeiwang/mlir-dev/vast-fork/lib/vast/Frontend/Consumer.cpp:227:9
 #6 0x0000603f8ad1547b vast::cc::vast_stream_consumer::HandleTranslationUnit(clang::ASTContext&) /home/jialeiwang/mlir-dev/vast-fork/lib/vast/Frontend/Consumer.cpp:137:28
 #7 0x0000603f8efa6eb6 clang::ParseAST(clang::Sema&, bool, bool) (/home/jialeiwang/mlir-dev/vast-fork/builds/default/tools/vast-front/Debug/vast-front+0x8ff6eb6)
 #8 0x0000603f8a7b3be5 vast::cc::vast_stream_action::ExecuteAction() /home/jialeiwang/mlir-dev/vast-fork/lib/vast/Frontend/Action.cpp:75:5
 #9 0x0000603f8eaeeac7 clang::FrontendAction::Execute() (/home/jialeiwang/mlir-dev/vast-fork/builds/default/tools/vast-front/Debug/vast-front+0x8b3eac7)
#10 0x0000603f8ea63f34 clang::CompilerInstance::ExecuteAction(clang::FrontendAction&) (/home/jialeiwang/mlir-dev/vast-fork/builds/default/tools/vast-front/Debug/vast-front+0x8ab3f34)
#11 0x0000603f8a79ad11 vast::cc::execute_compiler_invocation(clang::CompilerInstance*, vast::cc::vast_args const&) /home/jialeiwang/mlir-dev/vast-fork/tools/vast-front/compiler_invocation.cpp:105:28
#12 0x0000603f8a7aff20 vast::cc::cc1(vast::cc::vast_args const&, llvm::ArrayRef<char const*>, char const*, void*) /home/jialeiwang/mlir-dev/vast-fork/tools/vast-front/cc1.cpp:116:23
#13 0x0000603f8a7a0924 execute_cc1_tool(llvm::SmallVectorImpl<char const*>&) /home/jialeiwang/mlir-dev/vast-fork/tools/vast-front/driver.cpp:71:16
#14 0x0000603f8a79ffbb main /home/jialeiwang/mlir-dev/vast-fork/tools/vast-front/driver.cpp:143:20
#15 0x00007db4e5c29d90 __libc_start_call_main ./csu/../sysdeps/nptl/libc_start_call_main.h:58:16
#16 0x00007db4e5c29e40 call_init ./csu/../csu/libc-start.c:128:20
#17 0x00007db4e5c29e40 __libc_start_main ./csu/../csu/libc-start.c:379:5
#18 0x0000603f8a799525 _start (/home/jialeiwang/mlir-dev/vast-fork/builds/default/tools/vast-front/Debug/vast-front+0x47e9525)
/home/jialeiwang/mlir-dev/vast-test-cxx/build/exception/Output/eh-aggregated-inits-unwind.cpp.script: line 1: 1893538 Illegal instruction     /home/jialeiwang/mlir-dev/vast-fork/builds/default/tools/vast-front/Debug/vast-front -cc1 -internal-isystem /usr/lib/gcc/x86_64-linux-gnu/11/../../../../include/c++/11 -internal-isystem /usr/lib/gcc/x86_64-linux-gnu/11/../../../../include/x86_64-linux-gnu/c++/11 -internal-isystem /usr/lib/gcc/x86_64-linux-gnu/11/../../../../include/c++/11/backward -internal-isystem /home/jialeiwang/apps/llvm18/lib/clang/18/include -internal-isystem /usr/local/include -internal-isystem /usr/lib/gcc/x86_64-linux-gnu/11/../../../../x86_64-linux-gnu/include -internal-externc-isystem /usr/include/x86_64-linux-gnu -internal-externc-isystem /include -internal-externc-isystem /usr/include -fexceptions -fcxx-exceptions -fno-elide-constructors /home/jialeiwang/mlir-dev/vast-test-cxx/testcases/exception/eh-aggregated-inits-unwind.cpp -vast-emit-mlir=ll -o /home/jialeiwang/mlir-dev/vast-test-cxx/build/exception/Output/eh-aggregated-inits-unwind.cpp.tmp.ll

--

********************
FAIL: vast-test-cxx :: exception/exceptions-no-rtti.cpp (153 of 603)
******************** TEST 'vast-test-cxx :: exception/exceptions-no-rtti.cpp' FAILED ********************
Exit Code: 132

Command Output (stderr):
--
RUN: at line 1: /home/jialeiwang/mlir-dev/vast-fork/builds/default/tools/vast-front/Debug/vast-front -cc1 -internal-isystem /usr/lib/gcc/x86_64-linux-gnu/11/../../../../include/c++/11 -internal-isystem /usr/lib/gcc/x86_64-linux-gnu/11/../../../../include/x86_64-linux-gnu/c++/11 -internal-isystem /usr/lib/gcc/x86_64-linux-gnu/11/../../../../include/c++/11/backward -internal-isystem /home/jialeiwang/apps/llvm18/lib/clang/18/include -internal-isystem /usr/local/include -internal-isystem /usr/lib/gcc/x86_64-linux-gnu/11/../../../../x86_64-linux-gnu/include -internal-externc-isystem /usr/include/x86_64-linux-gnu -internal-externc-isystem /include -internal-externc-isystem /usr/include -fno-rtti -fcxx-exceptions -fexceptions -Wno-dynamic-exception-spec /home/jialeiwang/mlir-dev/vast-test-cxx/testcases/exception/exceptions-no-rtti.cpp -std=c++2b -vast-emit-mlir=ll -o /home/jialeiwang/mlir-dev/vast-test-cxx/build/exception/Output/exceptions-no-rtti.cpp.tmp.ll && echo '// CHECK-NOT: {{unsup\.|unreach\.|#unsup}}' > /home/jialeiwang/mlir-dev/vast-test-cxx/build/exception/Output/exceptions-no-rtti.cpp.tmp.check && FileCheck /home/jialeiwang/mlir-dev/vast-test-cxx/build/exception/Output/exceptions-no-rtti.cpp.tmp.check --input-file=/home/jialeiwang/mlir-dev/vast-test-cxx/build/exception/Output/exceptions-no-rtti.cpp.tmp.ll && rm /home/jialeiwang/mlir-dev/vast-test-cxx/build/exception/Output/exceptions-no-rtti.cpp.tmp.check
+ /home/jialeiwang/mlir-dev/vast-fork/builds/default/tools/vast-front/Debug/vast-front -cc1 -internal-isystem /usr/lib/gcc/x86_64-linux-gnu/11/../../../../include/c++/11 -internal-isystem /usr/lib/gcc/x86_64-linux-gnu/11/../../../../include/x86_64-linux-gnu/c++/11 -internal-isystem /usr/lib/gcc/x86_64-linux-gnu/11/../../../../include/c++/11/backward -internal-isystem /home/jialeiwang/apps/llvm18/lib/clang/18/include -internal-isystem /usr/local/include -internal-isystem /usr/lib/gcc/x86_64-linux-gnu/11/../../../../x86_64-linux-gnu/include -internal-externc-isystem /usr/include/x86_64-linux-gnu -internal-externc-isystem /include -internal-externc-isystem /usr/include -fno-rtti -fcxx-exceptions -fexceptions -Wno-dynamic-exception-spec /home/jialeiwang/mlir-dev/vast-test-cxx/testcases/exception/exceptions-no-rtti.cpp -std=c++2b -vast-emit-mlir=ll -o /home/jialeiwang/mlir-dev/vast-test-cxx/build/exception/Output/exceptions-no-rtti.cpp.tmp.ll
/home/jialeiwang/mlir-dev/vast-test-cxx/testcases/exception/exceptions-no-rtti.cpp:23:5: error: unexpected error: 'hl.throw.alloc' op result #0 must be lvalue to any type, but got '!hl.ptr<!hl.record<"test1::A">>'
    throw A();
    ^
/home/jialeiwang/mlir-dev/vast-test-cxx/testcases/exception/exceptions-no-rtti.cpp:23:5: error: unexpected note: see current operation: %0 = "hl.throw.alloc"() : () -> !hl.ptr<!hl.record<"test1::A">>
    throw A();
    ^


[VAST fatal] MLIR pass manager failed when running vast passes
PLEASE submit a bug report to https://github.com/trailofbits/vast/issues and include the crash backtrace, preprocessed source, and associated run script.
Stack dump:
0.	Program arguments: /home/jialeiwang/mlir-dev/vast-fork/builds/default/tools/vast-front/Debug/vast-front -cc1 -internal-isystem /usr/lib/gcc/x86_64-linux-gnu/11/../../../../include/c++/11 -internal-isystem /usr/lib/gcc/x86_64-linux-gnu/11/../../../../include/x86_64-linux-gnu/c++/11 -internal-isystem /usr/lib/gcc/x86_64-linux-gnu/11/../../../../include/c++/11/backward -internal-isystem /home/jialeiwang/apps/llvm18/lib/clang/18/include -internal-isystem /usr/local/include -internal-isystem /usr/lib/gcc/x86_64-linux-gnu/11/../../../../x86_64-linux-gnu/include -internal-externc-isystem /usr/include/x86_64-linux-gnu -internal-externc-isystem /include -internal-externc-isystem /usr/include -fno-rtti -fcxx-exceptions -fexceptions -Wno-dynamic-exception-spec /home/jialeiwang/mlir-dev/vast-test-cxx/testcases/exception/exceptions-no-rtti.cpp -std=c++2b -vast-emit-mlir=ll -o /home/jialeiwang/mlir-dev/vast-test-cxx/build/exception/Output/exceptions-no-rtti.cpp.tmp.ll
1.	<eof> parser at end of file
 #0 0x00005d4e27aff248 llvm::sys::PrintStackTrace(llvm::raw_ostream&, int) (/home/jialeiwang/mlir-dev/vast-fork/builds/default/tools/vast-front/Debug/vast-front+0xb570248)
 #1 0x00005d4e27afd02e llvm::sys::RunSignalHandlers() (/home/jialeiwang/mlir-dev/vast-fork/builds/default/tools/vast-front/Debug/vast-front+0xb56e02e)
 #2 0x00005d4e27aff8d8 SignalHandler(int) Signals.cpp:0:0
 #3 0x00007276b0e42520 (/lib/x86_64-linux-gnu/libc.so.6+0x42520)
 #4 0x00005d4e212f56e8 vast::cc::vast_stream_consumer::process_mlir_module(vast::cc::target_dialect, mlir::ModuleOp) /home/jialeiwang/mlir-dev/vast-fork/lib/vast/Frontend/Consumer.cpp:205:9
 #5 0x00005d4e212f49a1 vast::cc::vast_stream_consumer::emit_mlir_output(vast::cc::target_dialect, mlir::OwningOpRef<mlir::ModuleOp>) /home/jialeiwang/mlir-dev/vast-fork/lib/vast/Frontend/Consumer.cpp:227:9
 #6 0x00005d4e212f447b vast::cc::vast_stream_consumer::HandleTranslationUnit(clang::ASTContext&) /home/jialeiwang/mlir-dev/vast-fork/lib/vast/Frontend/Consumer.cpp:137:28
 #7 0x00005d4e25585eb6 clang::ParseAST(clang::Sema&, bool, bool) (/home/jialeiwang/mlir-dev/vast-fork/builds/default/tools/vast-front/Debug/vast-front+0x8ff6eb6)
 #8 0x00005d4e20d92be5 vast::cc::vast_stream_action::ExecuteAction() /home/jialeiwang/mlir-dev/vast-fork/lib/vast/Frontend/Action.cpp:75:5
 #9 0x00005d4e250cdac7 clang::FrontendAction::Execute() (/home/jialeiwang/mlir-dev/vast-fork/builds/default/tools/vast-front/Debug/vast-front+0x8b3eac7)
#10 0x00005d4e25042f34 clang::CompilerInstance::ExecuteAction(clang::FrontendAction&) (/home/jialeiwang/mlir-dev/vast-fork/builds/default/tools/vast-front/Debug/vast-front+0x8ab3f34)
#11 0x00005d4e20d79d11 vast::cc::execute_compiler_invocation(clang::CompilerInstance*, vast::cc::vast_args const&) /home/jialeiwang/mlir-dev/vast-fork/tools/vast-front/compiler_invocation.cpp:105:28
#12 0x00005d4e20d8ef20 vast::cc::cc1(vast::cc::vast_args const&, llvm::ArrayRef<char const*>, char const*, void*) /home/jialeiwang/mlir-dev/vast-fork/tools/vast-front/cc1.cpp:116:23
#13 0x00005d4e20d7f924 execute_cc1_tool(llvm::SmallVectorImpl<char const*>&) /home/jialeiwang/mlir-dev/vast-fork/tools/vast-front/driver.cpp:71:16
#14 0x00005d4e20d7efbb main /home/jialeiwang/mlir-dev/vast-fork/tools/vast-front/driver.cpp:143:20
#15 0x00007276b0e29d90 __libc_start_call_main ./csu/../sysdeps/nptl/libc_start_call_main.h:58:16
#16 0x00007276b0e29e40 call_init ./csu/../csu/libc-start.c:128:20
#17 0x00007276b0e29e40 __libc_start_main ./csu/../csu/libc-start.c:379:5
#18 0x00005d4e20d78525 _start (/home/jialeiwang/mlir-dev/vast-fork/builds/default/tools/vast-front/Debug/vast-front+0x47e9525)
/home/jialeiwang/mlir-dev/vast-test-cxx/build/exception/Output/exceptions-no-rtti.cpp.script: line 1: 1893545 Illegal instruction     /home/jialeiwang/mlir-dev/vast-fork/builds/default/tools/vast-front/Debug/vast-front -cc1 -internal-isystem /usr/lib/gcc/x86_64-linux-gnu/11/../../../../include/c++/11 -internal-isystem /usr/lib/gcc/x86_64-linux-gnu/11/../../../../include/x86_64-linux-gnu/c++/11 -internal-isystem /usr/lib/gcc/x86_64-linux-gnu/11/../../../../include/c++/11/backward -internal-isystem /home/jialeiwang/apps/llvm18/lib/clang/18/include -internal-isystem /usr/local/include -internal-isystem /usr/lib/gcc/x86_64-linux-gnu/11/../../../../x86_64-linux-gnu/include -internal-externc-isystem /usr/include/x86_64-linux-gnu -internal-externc-isystem /include -internal-externc-isystem /usr/include -fno-rtti -fcxx-exceptions -fexceptions -Wno-dynamic-exception-spec /home/jialeiwang/mlir-dev/vast-test-cxx/testcases/exception/exceptions-no-rtti.cpp -std=c++2b -vast-emit-mlir=ll -o /home/jialeiwang/mlir-dev/vast-test-cxx/build/exception/Output/exceptions-no-rtti.cpp.tmp.ll

--

********************
FAIL: vast-test-cxx :: array-default-argument.cpp (154 of 603)
******************** TEST 'vast-test-cxx :: array-default-argument.cpp' FAILED ********************
Exit Code: 132

Command Output (stderr):
--
RUN: at line 1: /home/jialeiwang/mlir-dev/vast-fork/builds/default/tools/vast-front/Debug/vast-front -cc1 -internal-isystem /usr/lib/gcc/x86_64-linux-gnu/11/../../../../include/c++/11 -internal-isystem /usr/lib/gcc/x86_64-linux-gnu/11/../../../../include/x86_64-linux-gnu/c++/11 -internal-isystem /usr/lib/gcc/x86_64-linux-gnu/11/../../../../include/c++/11/backward -internal-isystem /home/jialeiwang/apps/llvm18/lib/clang/18/include -internal-isystem /usr/local/include -internal-isystem /usr/lib/gcc/x86_64-linux-gnu/11/../../../../x86_64-linux-gnu/include -internal-externc-isystem /usr/include/x86_64-linux-gnu -internal-externc-isystem /include -internal-externc-isystem /usr/include /home/jialeiwang/mlir-dev/vast-test-cxx/testcases/array-default-argument.cpp -vast-emit-mlir=ll -o /home/jialeiwang/mlir-dev/vast-test-cxx/build/Output/array-default-argument.cpp.tmp.ll && echo '// CHECK-NOT: {{unsup\.|unreach\.|#unsup}}' > /home/jialeiwang/mlir-dev/vast-test-cxx/build/Output/array-default-argument.cpp.tmp.check && FileCheck /home/jialeiwang/mlir-dev/vast-test-cxx/build/Output/array-default-argument.cpp.tmp.check --input-file=/home/jialeiwang/mlir-dev/vast-test-cxx/build/Output/array-default-argument.cpp.tmp.ll && rm /home/jialeiwang/mlir-dev/vast-test-cxx/build/Output/array-default-argument.cpp.tmp.check
+ /home/jialeiwang/mlir-dev/vast-fork/builds/default/tools/vast-front/Debug/vast-front -cc1 -internal-isystem /usr/lib/gcc/x86_64-linux-gnu/11/../../../../include/c++/11 -internal-isystem /usr/lib/gcc/x86_64-linux-gnu/11/../../../../include/x86_64-linux-gnu/c++/11 -internal-isystem /usr/lib/gcc/x86_64-linux-gnu/11/../../../../include/c++/11/backward -internal-isystem /home/jialeiwang/apps/llvm18/lib/clang/18/include -internal-isystem /usr/local/include -internal-isystem /usr/lib/gcc/x86_64-linux-gnu/11/../../../../x86_64-linux-gnu/include -internal-externc-isystem /usr/include/x86_64-linux-gnu -internal-externc-isystem /include -internal-externc-isystem /usr/include /home/jialeiwang/mlir-dev/vast-test-cxx/testcases/array-default-argument.cpp -vast-emit-mlir=ll -o /home/jialeiwang/mlir-dev/vast-test-cxx/build/Output/array-default-argument.cpp.tmp.ll
+ echo '// CHECK-NOT: {{unsup\.|unreach\.|#unsup}}'
+ FileCheck /home/jialeiwang/mlir-dev/vast-test-cxx/build/Output/array-default-argument.cpp.tmp.check --input-file=/home/jialeiwang/mlir-dev/vast-test-cxx/build/Output/array-default-argument.cpp.tmp.ll
+ rm /home/jialeiwang/mlir-dev/vast-test-cxx/build/Output/array-default-argument.cpp.tmp.check
RUN: at line 2: /home/jialeiwang/mlir-dev/vast-fork/builds/default/tools/vast-front/Debug/vast-front -cc1 -internal-isystem /usr/lib/gcc/x86_64-linux-gnu/11/../../../../include/c++/11 -internal-isystem /usr/lib/gcc/x86_64-linux-gnu/11/../../../../include/x86_64-linux-gnu/c++/11 -internal-isystem /usr/lib/gcc/x86_64-linux-gnu/11/../../../../include/c++/11/backward -internal-isystem /home/jialeiwang/apps/llvm18/lib/clang/18/include -internal-isystem /usr/local/include -internal-isystem /usr/lib/gcc/x86_64-linux-gnu/11/../../../../x86_64-linux-gnu/include -internal-externc-isystem /usr/include/x86_64-linux-gnu -internal-externc-isystem /include -internal-externc-isystem /usr/include /home/jialeiwang/mlir-dev/vast-test-cxx/testcases/array-default-argument.cpp -std=c++98 -fexceptions -fcxx-exceptions -vast-emit-mlir=ll -o /home/jialeiwang/mlir-dev/vast-test-cxx/build/Output/array-default-argument.cpp.tmp.ll && echo '// CHECK-NOT: {{unsup\.|unreach\.|#unsup}}' > /home/jialeiwang/mlir-dev/vast-test-cxx/build/Output/array-default-argument.cpp.tmp.check && FileCheck /home/jialeiwang/mlir-dev/vast-test-cxx/build/Output/array-default-argument.cpp.tmp.check --input-file=/home/jialeiwang/mlir-dev/vast-test-cxx/build/Output/array-default-argument.cpp.tmp.ll && rm /home/jialeiwang/mlir-dev/vast-test-cxx/build/Output/array-default-argument.cpp.tmp.check
+ /home/jialeiwang/mlir-dev/vast-fork/builds/default/tools/vast-front/Debug/vast-front -cc1 -internal-isystem /usr/lib/gcc/x86_64-linux-gnu/11/../../../../include/c++/11 -internal-isystem /usr/lib/gcc/x86_64-linux-gnu/11/../../../../include/x86_64-linux-gnu/c++/11 -internal-isystem /usr/lib/gcc/x86_64-linux-gnu/11/../../../../include/c++/11/backward -internal-isystem /home/jialeiwang/apps/llvm18/lib/clang/18/include -internal-isystem /usr/local/include -internal-isystem /usr/lib/gcc/x86_64-linux-gnu/11/../../../../x86_64-linux-gnu/include -internal-externc-isystem /usr/include/x86_64-linux-gnu -internal-externc-isystem /include -internal-externc-isystem /usr/include /home/jialeiwang/mlir-dev/vast-test-cxx/testcases/array-default-argument.cpp -std=c++98 -fexceptions -fcxx-exceptions -vast-emit-mlir=ll -o /home/jialeiwang/mlir-dev/vast-test-cxx/build/Output/array-default-argument.cpp.tmp.ll
/home/jialeiwang/mlir-dev/vast-test-cxx/testcases/array-default-argument.cpp:17:5: error: unexpected error: failed to legalize operation 'hl.array.for' that was explicitly marked illegal
  B b[5];
    ^
/home/jialeiwang/mlir-dev/vast-test-cxx/testcases/array-default-argument.cpp:17:5: error: unexpected note: see current operation: 
"hl.array.for"(%1) ({
  %12 = "hl.array.index"() : () -> si32
  %13 = "hl.cast"(%1) {kind = 11 : i64} : (!hl.lvalue<memref<5x!hl.record<"B">>>) -> !hl.ptr<!hl.record<"B">>
  %14 = "hl.subscript"(%13, %12) : (!hl.ptr<!hl.record<"B">>, si32) -> !hl.ptr<!hl.record<"B">>
  %15 = "hl.addressof"(%14) : (!hl.ptr<!hl.record<"B">>) -> !hl.ptr<!hl.record<"B">>
  %16 = "hl.addressof"(%5) : (!hl.lvalue<!hl.record<"A">>) -> !hl.ptr<!hl.record<"A">>
  %17 = "hl.addressof"(%3) : (!hl.lvalue<!hl.record<"A">>) -> !hl.ptr<!hl.record<"A">>
  %18 = "hl.call"(%17) {callee = @"A::A()"} : (!hl.ptr<!hl.record<"A">>) -> !hl.void
  %19 = "hl.cast"(%3) {kind = 5 : i64} : (!hl.lvalue<!hl.record<"A">>) -> !hl.record<"A">
  %20 = "hl.call"(%16, %3) {callee = @"A::A(const A &)"} : (!hl.ptr<!hl.record<"A">>, !hl.lvalue<!hl.record<"A">>) -> !hl.void
  %21 = "hl.cast"(%5) {kind = 4 : i64} : (!hl.lvalue<!hl.record<"A">>) -> !hl.record<"A">
  %22 = "hl.call"(%15, %21) {callee = @"B::B(A)"} : (!hl.ptr<!hl.record<"B">>, !hl.record<"A">) -> !hl.void
}) {left = 0 : i64, reverse = false, right = 5 : i64} : (!hl.lvalue<memref<5x!hl.record<"B">>>) -> ()
  B b[5];
    ^


[VAST fatal] MLIR pass manager failed when running vast passes
PLEASE submit a bug report to https://github.com/trailofbits/vast/issues and include the crash backtrace, preprocessed source, and associated run script.
Stack dump:
0.	Program arguments: /home/jialeiwang/mlir-dev/vast-fork/builds/default/tools/vast-front/Debug/vast-front -cc1 -internal-isystem /usr/lib/gcc/x86_64-linux-gnu/11/../../../../include/c++/11 -internal-isystem /usr/lib/gcc/x86_64-linux-gnu/11/../../../../include/x86_64-linux-gnu/c++/11 -internal-isystem /usr/lib/gcc/x86_64-linux-gnu/11/../../../../include/c++/11/backward -internal-isystem /home/jialeiwang/apps/llvm18/lib/clang/18/include -internal-isystem /usr/local/include -internal-isystem /usr/lib/gcc/x86_64-linux-gnu/11/../../../../x86_64-linux-gnu/include -internal-externc-isystem /usr/include/x86_64-linux-gnu -internal-externc-isystem /include -internal-externc-isystem /usr/include /home/jialeiwang/mlir-dev/vast-test-cxx/testcases/array-default-argument.cpp -std=c++98 -fexceptions -fcxx-exceptions -vast-emit-mlir=ll -o /home/jialeiwang/mlir-dev/vast-test-cxx/build/Output/array-default-argument.cpp.tmp.ll
1.	<eof> parser at end of file
 #0 0x00005e2b10f15248 llvm::sys::PrintStackTrace(llvm::raw_ostream&, int) (/home/jialeiwang/mlir-dev/vast-fork/builds/default/tools/vast-front/Debug/vast-front+0xb570248)
 #1 0x00005e2b10f1302e llvm::sys::RunSignalHandlers() (/home/jialeiwang/mlir-dev/vast-fork/builds/default/tools/vast-front/Debug/vast-front+0xb56e02e)
 #2 0x00005e2b10f158d8 SignalHandler(int) Signals.cpp:0:0
 #3 0x00007b30d5642520 (/lib/x86_64-linux-gnu/libc.so.6+0x42520)
 #4 0x00005e2b0a70b6e8 vast::cc::vast_stream_consumer::process_mlir_module(vast::cc::target_dialect, mlir::ModuleOp) /home/jialeiwang/mlir-dev/vast-fork/lib/vast/Frontend/Consumer.cpp:205:9
 #5 0x00005e2b0a70a9a1 vast::cc::vast_stream_consumer::emit_mlir_output(vast::cc::target_dialect, mlir::OwningOpRef<mlir::ModuleOp>) /home/jialeiwang/mlir-dev/vast-fork/lib/vast/Frontend/Consumer.cpp:227:9
 #6 0x00005e2b0a70a47b vast::cc::vast_stream_consumer::HandleTranslationUnit(clang::ASTContext&) /home/jialeiwang/mlir-dev/vast-fork/lib/vast/Frontend/Consumer.cpp:137:28
 #7 0x00005e2b0e99beb6 clang::ParseAST(clang::Sema&, bool, bool) (/home/jialeiwang/mlir-dev/vast-fork/builds/default/tools/vast-front/Debug/vast-front+0x8ff6eb6)
 #8 0x00005e2b0a1a8be5 vast::cc::vast_stream_action::ExecuteAction() /home/jialeiwang/mlir-dev/vast-fork/lib/vast/Frontend/Action.cpp:75:5
 #9 0x00005e2b0e4e3ac7 clang::FrontendAction::Execute() (/home/jialeiwang/mlir-dev/vast-fork/builds/default/tools/vast-front/Debug/vast-front+0x8b3eac7)
#10 0x00005e2b0e458f34 clang::CompilerInstance::ExecuteAction(clang::FrontendAction&) (/home/jialeiwang/mlir-dev/vast-fork/builds/default/tools/vast-front/Debug/vast-front+0x8ab3f34)
#11 0x00005e2b0a18fd11 vast::cc::execute_compiler_invocation(clang::CompilerInstance*, vast::cc::vast_args const&) /home/jialeiwang/mlir-dev/vast-fork/tools/vast-front/compiler_invocation.cpp:105:28
#12 0x00005e2b0a1a4f20 vast::cc::cc1(vast::cc::vast_args const&, llvm::ArrayRef<char const*>, char const*, void*) /home/jialeiwang/mlir-dev/vast-fork/tools/vast-front/cc1.cpp:116:23
#13 0x00005e2b0a195924 execute_cc1_tool(llvm::SmallVectorImpl<char const*>&) /home/jialeiwang/mlir-dev/vast-fork/tools/vast-front/driver.cpp:71:16
#14 0x00005e2b0a194fbb main /home/jialeiwang/mlir-dev/vast-fork/tools/vast-front/driver.cpp:143:20
#15 0x00007b30d5629d90 __libc_start_call_main ./csu/../sysdeps/nptl/libc_start_call_main.h:58:16
#16 0x00007b30d5629e40 call_init ./csu/../csu/libc-start.c:128:20
#17 0x00007b30d5629e40 __libc_start_main ./csu/../csu/libc-start.c:379:5
#18 0x00005e2b0a18e525 _start (/home/jialeiwang/mlir-dev/vast-fork/builds/default/tools/vast-front/Debug/vast-front+0x47e9525)
/home/jialeiwang/mlir-dev/vast-test-cxx/build/Output/array-default-argument.cpp.script: line 2: 1894959 Illegal instruction     /home/jialeiwang/mlir-dev/vast-fork/builds/default/tools/vast-front/Debug/vast-front -cc1 -internal-isystem /usr/lib/gcc/x86_64-linux-gnu/11/../../../../include/c++/11 -internal-isystem /usr/lib/gcc/x86_64-linux-gnu/11/../../../../include/x86_64-linux-gnu/c++/11 -internal-isystem /usr/lib/gcc/x86_64-linux-gnu/11/../../../../include/c++/11/backward -internal-isystem /home/jialeiwang/apps/llvm18/lib/clang/18/include -internal-isystem /usr/local/include -internal-isystem /usr/lib/gcc/x86_64-linux-gnu/11/../../../../x86_64-linux-gnu/include -internal-externc-isystem /usr/include/x86_64-linux-gnu -internal-externc-isystem /include -internal-externc-isystem /usr/include /home/jialeiwang/mlir-dev/vast-test-cxx/testcases/array-default-argument.cpp -std=c++98 -fexceptions -fcxx-exceptions -vast-emit-mlir=ll -o /home/jialeiwang/mlir-dev/vast-test-cxx/build/Output/array-default-argument.cpp.tmp.ll

--

********************
FAIL: vast-test-cxx :: weak-external.cpp (155 of 603)
******************** TEST 'vast-test-cxx :: weak-external.cpp' FAILED ********************
Exit Code: 132

Command Output (stderr):
--
RUN: at line 1: /home/jialeiwang/mlir-dev/vast-fork/builds/default/tools/vast-front/Debug/vast-front -cc1 -internal-isystem /usr/lib/gcc/x86_64-linux-gnu/11/../../../../include/c++/11 -internal-isystem /usr/lib/gcc/x86_64-linux-gnu/11/../../../../include/x86_64-linux-gnu/c++/11 -internal-isystem /usr/lib/gcc/x86_64-linux-gnu/11/../../../../include/c++/11/backward -internal-isystem /home/jialeiwang/apps/llvm18/lib/clang/18/include -internal-isystem /usr/local/include -internal-isystem /usr/lib/gcc/x86_64-linux-gnu/11/../../../../x86_64-linux-gnu/include -internal-externc-isystem /usr/include/x86_64-linux-gnu -internal-externc-isystem /include -internal-externc-isystem /usr/include -fcxx-exceptions -fexceptions /home/jialeiwang/mlir-dev/vast-test-cxx/testcases/weak-external.cpp -vast-emit-mlir=ll -o /home/jialeiwang/mlir-dev/vast-test-cxx/build/Output/weak-external.cpp.tmp.ll && echo '// CHECK-NOT: {{unsup\.|unreach\.|#unsup}}' > /home/jialeiwang/mlir-dev/vast-test-cxx/build/Output/weak-external.cpp.tmp.check && FileCheck /home/jialeiwang/mlir-dev/vast-test-cxx/build/Output/weak-external.cpp.tmp.check --input-file=/home/jialeiwang/mlir-dev/vast-test-cxx/build/Output/weak-external.cpp.tmp.ll && rm /home/jialeiwang/mlir-dev/vast-test-cxx/build/Output/weak-external.cpp.tmp.check
+ /home/jialeiwang/mlir-dev/vast-fork/builds/default/tools/vast-front/Debug/vast-front -cc1 -internal-isystem /usr/lib/gcc/x86_64-linux-gnu/11/../../../../include/c++/11 -internal-isystem /usr/lib/gcc/x86_64-linux-gnu/11/../../../../include/x86_64-linux-gnu/c++/11 -internal-isystem /usr/lib/gcc/x86_64-linux-gnu/11/../../../../include/c++/11/backward -internal-isystem /home/jialeiwang/apps/llvm18/lib/clang/18/include -internal-isystem /usr/local/include -internal-isystem /usr/lib/gcc/x86_64-linux-gnu/11/../../../../x86_64-linux-gnu/include -internal-externc-isystem /usr/include/x86_64-linux-gnu -internal-externc-isystem /include -internal-externc-isystem /usr/include -fcxx-exceptions -fexceptions /home/jialeiwang/mlir-dev/vast-test-cxx/testcases/weak-external.cpp -vast-emit-mlir=ll -o /home/jialeiwang/mlir-dev/vast-test-cxx/build/Output/weak-external.cpp.tmp.ll
/home/jialeiwang/mlir-dev/vast-test-cxx/testcases/weak-external.cpp:55:3: error: unexpected error: 'hl.throw.alloc' op result #0 must be lvalue to any type, but got '!hl.ptr<!hl.record<"std::runtime_error">>'
  throw(std::runtime_error("string"));
  ^
/home/jialeiwang/mlir-dev/vast-test-cxx/testcases/weak-external.cpp:55:3: error: unexpected note: see current operation: %0 = "hl.throw.alloc"() : () -> !hl.ptr<!hl.record<"std::runtime_error">>
  throw(std::runtime_error("string"));
  ^


[VAST fatal] MLIR pass manager failed when running vast passes
PLEASE submit a bug report to https://github.com/trailofbits/vast/issues and include the crash backtrace, preprocessed source, and associated run script.
Stack dump:
0.	Program arguments: /home/jialeiwang/mlir-dev/vast-fork/builds/default/tools/vast-front/Debug/vast-front -cc1 -internal-isystem /usr/lib/gcc/x86_64-linux-gnu/11/../../../../include/c++/11 -internal-isystem /usr/lib/gcc/x86_64-linux-gnu/11/../../../../include/x86_64-linux-gnu/c++/11 -internal-isystem /usr/lib/gcc/x86_64-linux-gnu/11/../../../../include/c++/11/backward -internal-isystem /home/jialeiwang/apps/llvm18/lib/clang/18/include -internal-isystem /usr/local/include -internal-isystem /usr/lib/gcc/x86_64-linux-gnu/11/../../../../x86_64-linux-gnu/include -internal-externc-isystem /usr/include/x86_64-linux-gnu -internal-externc-isystem /include -internal-externc-isystem /usr/include -fcxx-exceptions -fexceptions /home/jialeiwang/mlir-dev/vast-test-cxx/testcases/weak-external.cpp -vast-emit-mlir=ll -o /home/jialeiwang/mlir-dev/vast-test-cxx/build/Output/weak-external.cpp.tmp.ll
1.	<eof> parser at end of file
 #0 0x00005fa6356b7248 llvm::sys::PrintStackTrace(llvm::raw_ostream&, int) (/home/jialeiwang/mlir-dev/vast-fork/builds/default/tools/vast-front/Debug/vast-front+0xb570248)
 #1 0x00005fa6356b502e llvm::sys::RunSignalHandlers() (/home/jialeiwang/mlir-dev/vast-fork/builds/default/tools/vast-front/Debug/vast-front+0xb56e02e)
 #2 0x00005fa6356b78d8 SignalHandler(int) Signals.cpp:0:0
 #3 0x000073468c242520 (/lib/x86_64-linux-gnu/libc.so.6+0x42520)
 #4 0x00005fa62eead6e8 vast::cc::vast_stream_consumer::process_mlir_module(vast::cc::target_dialect, mlir::ModuleOp) /home/jialeiwang/mlir-dev/vast-fork/lib/vast/Frontend/Consumer.cpp:205:9
 #5 0x00005fa62eeac9a1 vast::cc::vast_stream_consumer::emit_mlir_output(vast::cc::target_dialect, mlir::OwningOpRef<mlir::ModuleOp>) /home/jialeiwang/mlir-dev/vast-fork/lib/vast/Frontend/Consumer.cpp:227:9
 #6 0x00005fa62eeac47b vast::cc::vast_stream_consumer::HandleTranslationUnit(clang::ASTContext&) /home/jialeiwang/mlir-dev/vast-fork/lib/vast/Frontend/Consumer.cpp:137:28
 #7 0x00005fa63313deb6 clang::ParseAST(clang::Sema&, bool, bool) (/home/jialeiwang/mlir-dev/vast-fork/builds/default/tools/vast-front/Debug/vast-front+0x8ff6eb6)
 #8 0x00005fa62e94abe5 vast::cc::vast_stream_action::ExecuteAction() /home/jialeiwang/mlir-dev/vast-fork/lib/vast/Frontend/Action.cpp:75:5
 #9 0x00005fa632c85ac7 clang::FrontendAction::Execute() (/home/jialeiwang/mlir-dev/vast-fork/builds/default/tools/vast-front/Debug/vast-front+0x8b3eac7)
#10 0x00005fa632bfaf34 clang::CompilerInstance::ExecuteAction(clang::FrontendAction&) (/home/jialeiwang/mlir-dev/vast-fork/builds/default/tools/vast-front/Debug/vast-front+0x8ab3f34)
#11 0x00005fa62e931d11 vast::cc::execute_compiler_invocation(clang::CompilerInstance*, vast::cc::vast_args const&) /home/jialeiwang/mlir-dev/vast-fork/tools/vast-front/compiler_invocation.cpp:105:28
#12 0x00005fa62e946f20 vast::cc::cc1(vast::cc::vast_args const&, llvm::ArrayRef<char const*>, char const*, void*) /home/jialeiwang/mlir-dev/vast-fork/tools/vast-front/cc1.cpp:116:23
#13 0x00005fa62e937924 execute_cc1_tool(llvm::SmallVectorImpl<char const*>&) /home/jialeiwang/mlir-dev/vast-fork/tools/vast-front/driver.cpp:71:16
#14 0x00005fa62e936fbb main /home/jialeiwang/mlir-dev/vast-fork/tools/vast-front/driver.cpp:143:20
#15 0x000073468c229d90 __libc_start_call_main ./csu/../sysdeps/nptl/libc_start_call_main.h:58:16
#16 0x000073468c229e40 call_init ./csu/../csu/libc-start.c:128:20
#17 0x000073468c229e40 __libc_start_main ./csu/../csu/libc-start.c:379:5
#18 0x00005fa62e930525 _start (/home/jialeiwang/mlir-dev/vast-fork/builds/default/tools/vast-front/Debug/vast-front+0x47e9525)
/home/jialeiwang/mlir-dev/vast-test-cxx/build/Output/weak-external.cpp.script: line 1: 1893534 Illegal instruction     /home/jialeiwang/mlir-dev/vast-fork/builds/default/tools/vast-front/Debug/vast-front -cc1 -internal-isystem /usr/lib/gcc/x86_64-linux-gnu/11/../../../../include/c++/11 -internal-isystem /usr/lib/gcc/x86_64-linux-gnu/11/../../../../include/x86_64-linux-gnu/c++/11 -internal-isystem /usr/lib/gcc/x86_64-linux-gnu/11/../../../../include/c++/11/backward -internal-isystem /home/jialeiwang/apps/llvm18/lib/clang/18/include -internal-isystem /usr/local/include -internal-isystem /usr/lib/gcc/x86_64-linux-gnu/11/../../../../x86_64-linux-gnu/include -internal-externc-isystem /usr/include/x86_64-linux-gnu -internal-externc-isystem /include -internal-externc-isystem /usr/include -fcxx-exceptions -fexceptions /home/jialeiwang/mlir-dev/vast-test-cxx/testcases/weak-external.cpp -vast-emit-mlir=ll -o /home/jialeiwang/mlir-dev/vast-test-cxx/build/Output/weak-external.cpp.tmp.ll

--

********************
FAIL: vast-test-cxx :: cxx0x-delegating-ctors.cpp (156 of 603)
******************** TEST 'vast-test-cxx :: cxx0x-delegating-ctors.cpp' FAILED ********************
Exit Code: 132

Command Output (stderr):
--
RUN: at line 1: /home/jialeiwang/mlir-dev/vast-fork/builds/default/tools/vast-front/Debug/vast-front -cc1 -internal-isystem /usr/lib/gcc/x86_64-linux-gnu/11/../../../../include/c++/11 -internal-isystem /usr/lib/gcc/x86_64-linux-gnu/11/../../../../include/x86_64-linux-gnu/c++/11 -internal-isystem /usr/lib/gcc/x86_64-linux-gnu/11/../../../../include/c++/11/backward -internal-isystem /home/jialeiwang/apps/llvm18/lib/clang/18/include -internal-isystem /usr/local/include -internal-isystem /usr/lib/gcc/x86_64-linux-gnu/11/../../../../x86_64-linux-gnu/include -internal-externc-isystem /usr/include/x86_64-linux-gnu -internal-externc-isystem /include -internal-externc-isystem /usr/include -fexceptions -fcxx-exceptions -std=c++11 /home/jialeiwang/mlir-dev/vast-test-cxx/testcases/cxx0x-delegating-ctors.cpp -vast-emit-mlir=ll -o /home/jialeiwang/mlir-dev/vast-test-cxx/build/Output/cxx0x-delegating-ctors.cpp.tmp.ll && echo '// CHECK-NOT: {{unsup\.|unreach\.|#unsup}}' > /home/jialeiwang/mlir-dev/vast-test-cxx/build/Output/cxx0x-delegating-ctors.cpp.tmp.check && FileCheck /home/jialeiwang/mlir-dev/vast-test-cxx/build/Output/cxx0x-delegating-ctors.cpp.tmp.check --input-file=/home/jialeiwang/mlir-dev/vast-test-cxx/build/Output/cxx0x-delegating-ctors.cpp.tmp.ll && rm /home/jialeiwang/mlir-dev/vast-test-cxx/build/Output/cxx0x-delegating-ctors.cpp.tmp.check
+ /home/jialeiwang/mlir-dev/vast-fork/builds/default/tools/vast-front/Debug/vast-front -cc1 -internal-isystem /usr/lib/gcc/x86_64-linux-gnu/11/../../../../include/c++/11 -internal-isystem /usr/lib/gcc/x86_64-linux-gnu/11/../../../../include/x86_64-linux-gnu/c++/11 -internal-isystem /usr/lib/gcc/x86_64-linux-gnu/11/../../../../include/c++/11/backward -internal-isystem /home/jialeiwang/apps/llvm18/lib/clang/18/include -internal-isystem /usr/local/include -internal-isystem /usr/lib/gcc/x86_64-linux-gnu/11/../../../../x86_64-linux-gnu/include -internal-externc-isystem /usr/include/x86_64-linux-gnu -internal-externc-isystem /include -internal-externc-isystem /usr/include -fexceptions -fcxx-exceptions -std=c++11 /home/jialeiwang/mlir-dev/vast-test-cxx/testcases/cxx0x-delegating-ctors.cpp -vast-emit-mlir=ll -o /home/jialeiwang/mlir-dev/vast-test-cxx/build/Output/cxx0x-delegating-ctors.cpp.tmp.ll
/home/jialeiwang/mlir-dev/vast-test-cxx/testcases/cxx0x-delegating-ctors.cpp:19:3: error: unexpected error: 'hl.throw.alloc' op result #0 must be lvalue to any type, but got '!hl.ptr<si32>'
  throw 0;
  ^
/home/jialeiwang/mlir-dev/vast-test-cxx/testcases/cxx0x-delegating-ctors.cpp:19:3: error: unexpected note: see current operation: 
%5 = "hl.throw.alloc"() ({
  %7 = "hl.const"() {value = #core.integer<0> : si32} : () -> si32
  "hl.value.yield"(%7) : (si32) -> ()
}) : () -> !hl.ptr<si32>
  throw 0;
  ^


[VAST fatal] MLIR pass manager failed when running vast passes
PLEASE submit a bug report to https://github.com/trailofbits/vast/issues and include the crash backtrace, preprocessed source, and associated run script.
Stack dump:
0.	Program arguments: /home/jialeiwang/mlir-dev/vast-fork/builds/default/tools/vast-front/Debug/vast-front -cc1 -internal-isystem /usr/lib/gcc/x86_64-linux-gnu/11/../../../../include/c++/11 -internal-isystem /usr/lib/gcc/x86_64-linux-gnu/11/../../../../include/x86_64-linux-gnu/c++/11 -internal-isystem /usr/lib/gcc/x86_64-linux-gnu/11/../../../../include/c++/11/backward -internal-isystem /home/jialeiwang/apps/llvm18/lib/clang/18/include -internal-isystem /usr/local/include -internal-isystem /usr/lib/gcc/x86_64-linux-gnu/11/../../../../x86_64-linux-gnu/include -internal-externc-isystem /usr/include/x86_64-linux-gnu -internal-externc-isystem /include -internal-externc-isystem /usr/include -fexceptions -fcxx-exceptions -std=c++11 /home/jialeiwang/mlir-dev/vast-test-cxx/testcases/cxx0x-delegating-ctors.cpp -vast-emit-mlir=ll -o /home/jialeiwang/mlir-dev/vast-test-cxx/build/Output/cxx0x-delegating-ctors.cpp.tmp.ll
1.	<eof> parser at end of file
 #0 0x00005774a01bb248 llvm::sys::PrintStackTrace(llvm::raw_ostream&, int) (/home/jialeiwang/mlir-dev/vast-fork/builds/default/tools/vast-front/Debug/vast-front+0xb570248)
 #1 0x00005774a01b902e llvm::sys::RunSignalHandlers() (/home/jialeiwang/mlir-dev/vast-fork/builds/default/tools/vast-front/Debug/vast-front+0xb56e02e)
 #2 0x00005774a01bb8d8 SignalHandler(int) Signals.cpp:0:0
 #3 0x00007a99f6e42520 (/lib/x86_64-linux-gnu/libc.so.6+0x42520)
 #4 0x00005774999b16e8 vast::cc::vast_stream_consumer::process_mlir_module(vast::cc::target_dialect, mlir::ModuleOp) /home/jialeiwang/mlir-dev/vast-fork/lib/vast/Frontend/Consumer.cpp:205:9
 #5 0x00005774999b09a1 vast::cc::vast_stream_consumer::emit_mlir_output(vast::cc::target_dialect, mlir::OwningOpRef<mlir::ModuleOp>) /home/jialeiwang/mlir-dev/vast-fork/lib/vast/Frontend/Consumer.cpp:227:9
 #6 0x00005774999b047b vast::cc::vast_stream_consumer::HandleTranslationUnit(clang::ASTContext&) /home/jialeiwang/mlir-dev/vast-fork/lib/vast/Frontend/Consumer.cpp:137:28
 #7 0x000057749dc41eb6 clang::ParseAST(clang::Sema&, bool, bool) (/home/jialeiwang/mlir-dev/vast-fork/builds/default/tools/vast-front/Debug/vast-front+0x8ff6eb6)
 #8 0x000057749944ebe5 vast::cc::vast_stream_action::ExecuteAction() /home/jialeiwang/mlir-dev/vast-fork/lib/vast/Frontend/Action.cpp:75:5
 #9 0x000057749d789ac7 clang::FrontendAction::Execute() (/home/jialeiwang/mlir-dev/vast-fork/builds/default/tools/vast-front/Debug/vast-front+0x8b3eac7)
#10 0x000057749d6fef34 clang::CompilerInstance::ExecuteAction(clang::FrontendAction&) (/home/jialeiwang/mlir-dev/vast-fork/builds/default/tools/vast-front/Debug/vast-front+0x8ab3f34)
#11 0x0000577499435d11 vast::cc::execute_compiler_invocation(clang::CompilerInstance*, vast::cc::vast_args const&) /home/jialeiwang/mlir-dev/vast-fork/tools/vast-front/compiler_invocation.cpp:105:28
#12 0x000057749944af20 vast::cc::cc1(vast::cc::vast_args const&, llvm::ArrayRef<char const*>, char const*, void*) /home/jialeiwang/mlir-dev/vast-fork/tools/vast-front/cc1.cpp:116:23
#13 0x000057749943b924 execute_cc1_tool(llvm::SmallVectorImpl<char const*>&) /home/jialeiwang/mlir-dev/vast-fork/tools/vast-front/driver.cpp:71:16
#14 0x000057749943afbb main /home/jialeiwang/mlir-dev/vast-fork/tools/vast-front/driver.cpp:143:20
#15 0x00007a99f6e29d90 __libc_start_call_main ./csu/../sysdeps/nptl/libc_start_call_main.h:58:16
#16 0x00007a99f6e29e40 call_init ./csu/../csu/libc-start.c:128:20
#17 0x00007a99f6e29e40 __libc_start_main ./csu/../csu/libc-start.c:379:5
#18 0x0000577499434525 _start (/home/jialeiwang/mlir-dev/vast-fork/builds/default/tools/vast-front/Debug/vast-front+0x47e9525)
/home/jialeiwang/mlir-dev/vast-test-cxx/build/Output/cxx0x-delegating-ctors.cpp.script: line 1: 1893523 Illegal instruction     /home/jialeiwang/mlir-dev/vast-fork/builds/default/tools/vast-front/Debug/vast-front -cc1 -internal-isystem /usr/lib/gcc/x86_64-linux-gnu/11/../../../../include/c++/11 -internal-isystem /usr/lib/gcc/x86_64-linux-gnu/11/../../../../include/x86_64-linux-gnu/c++/11 -internal-isystem /usr/lib/gcc/x86_64-linux-gnu/11/../../../../include/c++/11/backward -internal-isystem /home/jialeiwang/apps/llvm18/lib/clang/18/include -internal-isystem /usr/local/include -internal-isystem /usr/lib/gcc/x86_64-linux-gnu/11/../../../../x86_64-linux-gnu/include -internal-externc-isystem /usr/include/x86_64-linux-gnu -internal-externc-isystem /include -internal-externc-isystem /usr/include -fexceptions -fcxx-exceptions -std=c++11 /home/jialeiwang/mlir-dev/vast-test-cxx/testcases/cxx0x-delegating-ctors.cpp -vast-emit-mlir=ll -o /home/jialeiwang/mlir-dev/vast-test-cxx/build/Output/cxx0x-delegating-ctors.cpp.tmp.ll

--

********************
FAIL: vast-test-cxx :: default-arguments.cpp (157 of 603)
******************** TEST 'vast-test-cxx :: default-arguments.cpp' FAILED ********************
Exit Code: 132

Command Output (stderr):
--
RUN: at line 1: /home/jialeiwang/mlir-dev/vast-fork/builds/default/tools/vast-front/Debug/vast-front -cc1 -internal-isystem /usr/lib/gcc/x86_64-linux-gnu/11/../../../../include/c++/11 -internal-isystem /usr/lib/gcc/x86_64-linux-gnu/11/../../../../include/x86_64-linux-gnu/c++/11 -internal-isystem /usr/lib/gcc/x86_64-linux-gnu/11/../../../../include/c++/11/backward -internal-isystem /home/jialeiwang/apps/llvm18/lib/clang/18/include -internal-isystem /usr/local/include -internal-isystem /usr/lib/gcc/x86_64-linux-gnu/11/../../../../x86_64-linux-gnu/include -internal-externc-isystem /usr/include/x86_64-linux-gnu -internal-externc-isystem /include -internal-externc-isystem /usr/include /home/jialeiwang/mlir-dev/vast-test-cxx/testcases/default-arguments.cpp -vast-emit-mlir=ll -o /home/jialeiwang/mlir-dev/vast-test-cxx/build/Output/default-arguments.cpp.tmp.ll && echo '// CHECK-NOT: {{unsup\.|unreach\.|#unsup}}' > /home/jialeiwang/mlir-dev/vast-test-cxx/build/Output/default-arguments.cpp.tmp.check && FileCheck /home/jialeiwang/mlir-dev/vast-test-cxx/build/Output/default-arguments.cpp.tmp.check --input-file=/home/jialeiwang/mlir-dev/vast-test-cxx/build/Output/default-arguments.cpp.tmp.ll && rm /home/jialeiwang/mlir-dev/vast-test-cxx/build/Output/default-arguments.cpp.tmp.check
+ /home/jialeiwang/mlir-dev/vast-fork/builds/default/tools/vast-front/Debug/vast-front -cc1 -internal-isystem /usr/lib/gcc/x86_64-linux-gnu/11/../../../../include/c++/11 -internal-isystem /usr/lib/gcc/x86_64-linux-gnu/11/../../../../include/x86_64-linux-gnu/c++/11 -internal-isystem /usr/lib/gcc/x86_64-linux-gnu/11/../../../../include/c++/11/backward -internal-isystem /home/jialeiwang/apps/llvm18/lib/clang/18/include -internal-isystem /usr/local/include -internal-isystem /usr/lib/gcc/x86_64-linux-gnu/11/../../../../x86_64-linux-gnu/include -internal-externc-isystem /usr/include/x86_64-linux-gnu -internal-externc-isystem /include -internal-externc-isystem /usr/include /home/jialeiwang/mlir-dev/vast-test-cxx/testcases/default-arguments.cpp -vast-emit-mlir=ll -o /home/jialeiwang/mlir-dev/vast-test-cxx/build/Output/default-arguments.cpp.tmp.ll
/home/jialeiwang/mlir-dev/vast-test-cxx/testcases/default-arguments.cpp:43:2: warning: 'delete' applied to a pointer that was allocated with 'new[]'; did you mean 'delete[]'? [-Wmismatched-new-delete]
   43 |  delete bs;
      |  ^
      |        []
/home/jialeiwang/mlir-dev/vast-test-cxx/testcases/default-arguments.cpp:42:10: note: allocated with 'new[]' here
   42 |  B *bs = new B[2];
      |          ^
/home/jialeiwang/mlir-dev/vast-test-cxx/testcases/default-arguments.cpp:30:4: error: unexpected error: failed to legalize operation 'hl.array.for' that was explicitly marked illegal
 B bs[2];
   ^
/home/jialeiwang/mlir-dev/vast-test-cxx/testcases/default-arguments.cpp:30:4: error: unexpected note: see current operation: 
"hl.array.for"(%1) ({
  %11 = "hl.array.index"() : () -> si32
  %12 = "hl.cast"(%1) {kind = 11 : i64} : (!hl.lvalue<memref<2x!hl.record<"B">>>) -> !hl.ptr<!hl.record<"B">>
  %13 = "hl.subscript"(%12, %11) : (!hl.ptr<!hl.record<"B">>, si32) -> !hl.ptr<!hl.record<"B">>
  %14 = "hl.addressof"(%13) : (!hl.ptr<!hl.record<"B">>) -> !hl.ptr<!hl.record<"B">>
  %15 = "hl.addressof"(%3) : (!hl.lvalue<!hl.record<"A1">>) -> !hl.ptr<!hl.record<"A1">>
  %16 = "hl.call"(%15) {callee = @"A1::A1()"} : (!hl.ptr<!hl.record<"A1">>) -> !hl.void
  %17 = "hl.cast"(%3) {kind = 5 : i64} : (!hl.lvalue<!hl.record<"A1">>) -> !hl.record<"A1">
  %18 = "hl.addressof"(%5) : (!hl.lvalue<!hl.record<"A2">>) -> !hl.ptr<!hl.record<"A2">>
  %19 = "hl.call"(%18) {callee = @"A2::A2()"} : (!hl.ptr<!hl.record<"A2">>) -> !hl.void
  %20 = "hl.cast"(%5) {kind = 5 : i64} : (!hl.lvalue<!hl.record<"A2">>) -> !hl.record<"A2">
  %21 = "hl.call"(%14, %3, %5) {callee = @"B::B(const A1 &, const A2 &)"} : (!hl.ptr<!hl.record<"B">>, !hl.lvalue<!hl.record<"A1">>, !hl.lvalue<!hl.record<"A2">>) -> !hl.void
}) {left = 0 : i64, reverse = false, right = 2 : i64} : (!hl.lvalue<memref<2x!hl.record<"B">>>) -> ()
 B bs[2];
   ^


[VAST fatal] MLIR pass manager failed when running vast passes
PLEASE submit a bug report to https://github.com/trailofbits/vast/issues and include the crash backtrace, preprocessed source, and associated run script.
Stack dump:
0.	Program arguments: /home/jialeiwang/mlir-dev/vast-fork/builds/default/tools/vast-front/Debug/vast-front -cc1 -internal-isystem /usr/lib/gcc/x86_64-linux-gnu/11/../../../../include/c++/11 -internal-isystem /usr/lib/gcc/x86_64-linux-gnu/11/../../../../include/x86_64-linux-gnu/c++/11 -internal-isystem /usr/lib/gcc/x86_64-linux-gnu/11/../../../../include/c++/11/backward -internal-isystem /home/jialeiwang/apps/llvm18/lib/clang/18/include -internal-isystem /usr/local/include -internal-isystem /usr/lib/gcc/x86_64-linux-gnu/11/../../../../x86_64-linux-gnu/include -internal-externc-isystem /usr/include/x86_64-linux-gnu -internal-externc-isystem /include -internal-externc-isystem /usr/include /home/jialeiwang/mlir-dev/vast-test-cxx/testcases/default-arguments.cpp -vast-emit-mlir=ll -o /home/jialeiwang/mlir-dev/vast-test-cxx/build/Output/default-arguments.cpp.tmp.ll
1.	<eof> parser at end of file
 #0 0x000060fab72c3248 llvm::sys::PrintStackTrace(llvm::raw_ostream&, int) (/home/jialeiwang/mlir-dev/vast-fork/builds/default/tools/vast-front/Debug/vast-front+0xb570248)
 #1 0x000060fab72c102e llvm::sys::RunSignalHandlers() (/home/jialeiwang/mlir-dev/vast-fork/builds/default/tools/vast-front/Debug/vast-front+0xb56e02e)
 #2 0x000060fab72c38d8 SignalHandler(int) Signals.cpp:0:0
 #3 0x000077b3c9e42520 (/lib/x86_64-linux-gnu/libc.so.6+0x42520)
 #4 0x000060fab0ab96e8 vast::cc::vast_stream_consumer::process_mlir_module(vast::cc::target_dialect, mlir::ModuleOp) /home/jialeiwang/mlir-dev/vast-fork/lib/vast/Frontend/Consumer.cpp:205:9
 #5 0x000060fab0ab89a1 vast::cc::vast_stream_consumer::emit_mlir_output(vast::cc::target_dialect, mlir::OwningOpRef<mlir::ModuleOp>) /home/jialeiwang/mlir-dev/vast-fork/lib/vast/Frontend/Consumer.cpp:227:9
 #6 0x000060fab0ab847b vast::cc::vast_stream_consumer::HandleTranslationUnit(clang::ASTContext&) /home/jialeiwang/mlir-dev/vast-fork/lib/vast/Frontend/Consumer.cpp:137:28
 #7 0x000060fab4d49eb6 clang::ParseAST(clang::Sema&, bool, bool) (/home/jialeiwang/mlir-dev/vast-fork/builds/default/tools/vast-front/Debug/vast-front+0x8ff6eb6)
 #8 0x000060fab0556be5 vast::cc::vast_stream_action::ExecuteAction() /home/jialeiwang/mlir-dev/vast-fork/lib/vast/Frontend/Action.cpp:75:5
 #9 0x000060fab4891ac7 clang::FrontendAction::Execute() (/home/jialeiwang/mlir-dev/vast-fork/builds/default/tools/vast-front/Debug/vast-front+0x8b3eac7)
#10 0x000060fab4806f34 clang::CompilerInstance::ExecuteAction(clang::FrontendAction&) (/home/jialeiwang/mlir-dev/vast-fork/builds/default/tools/vast-front/Debug/vast-front+0x8ab3f34)
#11 0x000060fab053dd11 vast::cc::execute_compiler_invocation(clang::CompilerInstance*, vast::cc::vast_args const&) /home/jialeiwang/mlir-dev/vast-fork/tools/vast-front/compiler_invocation.cpp:105:28
#12 0x000060fab0552f20 vast::cc::cc1(vast::cc::vast_args const&, llvm::ArrayRef<char const*>, char const*, void*) /home/jialeiwang/mlir-dev/vast-fork/tools/vast-front/cc1.cpp:116:23
#13 0x000060fab0543924 execute_cc1_tool(llvm::SmallVectorImpl<char const*>&) /home/jialeiwang/mlir-dev/vast-fork/tools/vast-front/driver.cpp:71:16
#14 0x000060fab0542fbb main /home/jialeiwang/mlir-dev/vast-fork/tools/vast-front/driver.cpp:143:20
#15 0x000077b3c9e29d90 __libc_start_call_main ./csu/../sysdeps/nptl/libc_start_call_main.h:58:16
#16 0x000077b3c9e29e40 call_init ./csu/../csu/libc-start.c:128:20
#17 0x000077b3c9e29e40 __libc_start_main ./csu/../csu/libc-start.c:379:5
#18 0x000060fab053c525 _start (/home/jialeiwang/mlir-dev/vast-fork/builds/default/tools/vast-front/Debug/vast-front+0x47e9525)
/home/jialeiwang/mlir-dev/vast-test-cxx/build/Output/default-arguments.cpp.script: line 1: 1893571 Illegal instruction     /home/jialeiwang/mlir-dev/vast-fork/builds/default/tools/vast-front/Debug/vast-front -cc1 -internal-isystem /usr/lib/gcc/x86_64-linux-gnu/11/../../../../include/c++/11 -internal-isystem /usr/lib/gcc/x86_64-linux-gnu/11/../../../../include/x86_64-linux-gnu/c++/11 -internal-isystem /usr/lib/gcc/x86_64-linux-gnu/11/../../../../include/c++/11/backward -internal-isystem /home/jialeiwang/apps/llvm18/lib/clang/18/include -internal-isystem /usr/local/include -internal-isystem /usr/lib/gcc/x86_64-linux-gnu/11/../../../../x86_64-linux-gnu/include -internal-externc-isystem /usr/include/x86_64-linux-gnu -internal-externc-isystem /include -internal-externc-isystem /usr/include /home/jialeiwang/mlir-dev/vast-test-cxx/testcases/default-arguments.cpp -vast-emit-mlir=ll -o /home/jialeiwang/mlir-dev/vast-test-cxx/build/Output/default-arguments.cpp.tmp.ll

--

********************
FAIL: vast-test-cxx :: namespace/anonymous-namespaces.cpp (158 of 603)
******************** TEST 'vast-test-cxx :: namespace/anonymous-namespaces.cpp' FAILED ********************
Exit Code: 132

Command Output (stderr):
--
RUN: at line 1: /home/jialeiwang/mlir-dev/vast-fork/builds/default/tools/vast-front/Debug/vast-front -cc1 -internal-isystem /usr/lib/gcc/x86_64-linux-gnu/11/../../../../include/c++/11 -internal-isystem /usr/lib/gcc/x86_64-linux-gnu/11/../../../../include/x86_64-linux-gnu/c++/11 -internal-isystem /usr/lib/gcc/x86_64-linux-gnu/11/../../../../include/c++/11/backward -internal-isystem /home/jialeiwang/apps/llvm18/lib/clang/18/include -internal-isystem /usr/local/include -internal-isystem /usr/lib/gcc/x86_64-linux-gnu/11/../../../../x86_64-linux-gnu/include -internal-externc-isystem /usr/include/x86_64-linux-gnu -internal-externc-isystem /include -internal-externc-isystem /usr/include -fcxx-exceptions -fexceptions /home/jialeiwang/mlir-dev/vast-test-cxx/testcases/namespace/anonymous-namespaces.cpp -vast-emit-mlir=ll -o /home/jialeiwang/mlir-dev/vast-test-cxx/build/namespace/Output/anonymous-namespaces.cpp.tmp.ll && echo '// CHECK-NOT: {{unsup\.|unreach\.|#unsup}}' > /home/jialeiwang/mlir-dev/vast-test-cxx/build/namespace/Output/anonymous-namespaces.cpp.tmp.check && FileCheck /home/jialeiwang/mlir-dev/vast-test-cxx/build/namespace/Output/anonymous-namespaces.cpp.tmp.check --input-file=/home/jialeiwang/mlir-dev/vast-test-cxx/build/namespace/Output/anonymous-namespaces.cpp.tmp.ll && rm /home/jialeiwang/mlir-dev/vast-test-cxx/build/namespace/Output/anonymous-namespaces.cpp.tmp.check
+ /home/jialeiwang/mlir-dev/vast-fork/builds/default/tools/vast-front/Debug/vast-front -cc1 -internal-isystem /usr/lib/gcc/x86_64-linux-gnu/11/../../../../include/c++/11 -internal-isystem /usr/lib/gcc/x86_64-linux-gnu/11/../../../../include/x86_64-linux-gnu/c++/11 -internal-isystem /usr/lib/gcc/x86_64-linux-gnu/11/../../../../include/c++/11/backward -internal-isystem /home/jialeiwang/apps/llvm18/lib/clang/18/include -internal-isystem /usr/local/include -internal-isystem /usr/lib/gcc/x86_64-linux-gnu/11/../../../../x86_64-linux-gnu/include -internal-externc-isystem /usr/include/x86_64-linux-gnu -internal-externc-isystem /include -internal-externc-isystem /usr/include -fcxx-exceptions -fexceptions /home/jialeiwang/mlir-dev/vast-test-cxx/testcases/namespace/anonymous-namespaces.cpp -vast-emit-mlir=ll -o /home/jialeiwang/mlir-dev/vast-test-cxx/build/namespace/Output/anonymous-namespaces.cpp.tmp.ll
/home/jialeiwang/mlir-dev/vast-test-cxx/testcases/namespace/anonymous-namespaces.cpp:42:18: error: unexpected error: 'hl.throw.alloc' op result #0 must be lvalue to any type, but got '!hl.ptr<!hl.record<"::X::E">>'
void test_XE() { throw X::E(); }
                 ^
/home/jialeiwang/mlir-dev/vast-test-cxx/testcases/namespace/anonymous-namespaces.cpp:42:18: error: unexpected note: see current operation: %0 = "hl.throw.alloc"() : () -> !hl.ptr<!hl.record<"::X::E">>
void test_XE() { throw X::E(); }
                 ^


[VAST fatal] MLIR pass manager failed when running vast passes
PLEASE submit a bug report to https://github.com/trailofbits/vast/issues and include the crash backtrace, preprocessed source, and associated run script.
Stack dump:
0.	Program arguments: /home/jialeiwang/mlir-dev/vast-fork/builds/default/tools/vast-front/Debug/vast-front -cc1 -internal-isystem /usr/lib/gcc/x86_64-linux-gnu/11/../../../../include/c++/11 -internal-isystem /usr/lib/gcc/x86_64-linux-gnu/11/../../../../include/x86_64-linux-gnu/c++/11 -internal-isystem /usr/lib/gcc/x86_64-linux-gnu/11/../../../../include/c++/11/backward -internal-isystem /home/jialeiwang/apps/llvm18/lib/clang/18/include -internal-isystem /usr/local/include -internal-isystem /usr/lib/gcc/x86_64-linux-gnu/11/../../../../x86_64-linux-gnu/include -internal-externc-isystem /usr/include/x86_64-linux-gnu -internal-externc-isystem /include -internal-externc-isystem /usr/include -fcxx-exceptions -fexceptions /home/jialeiwang/mlir-dev/vast-test-cxx/testcases/namespace/anonymous-namespaces.cpp -vast-emit-mlir=ll -o /home/jialeiwang/mlir-dev/vast-test-cxx/build/namespace/Output/anonymous-namespaces.cpp.tmp.ll
1.	<eof> parser at end of file
 #0 0x0000632c6e64a248 llvm::sys::PrintStackTrace(llvm::raw_ostream&, int) (/home/jialeiwang/mlir-dev/vast-fork/builds/default/tools/vast-front/Debug/vast-front+0xb570248)
 #1 0x0000632c6e64802e llvm::sys::RunSignalHandlers() (/home/jialeiwang/mlir-dev/vast-fork/builds/default/tools/vast-front/Debug/vast-front+0xb56e02e)
 #2 0x0000632c6e64a8d8 SignalHandler(int) Signals.cpp:0:0
 #3 0x00007f350d442520 (/lib/x86_64-linux-gnu/libc.so.6+0x42520)
 #4 0x0000632c67e406e8 vast::cc::vast_stream_consumer::process_mlir_module(vast::cc::target_dialect, mlir::ModuleOp) /home/jialeiwang/mlir-dev/vast-fork/lib/vast/Frontend/Consumer.cpp:205:9
 #5 0x0000632c67e3f9a1 vast::cc::vast_stream_consumer::emit_mlir_output(vast::cc::target_dialect, mlir::OwningOpRef<mlir::ModuleOp>) /home/jialeiwang/mlir-dev/vast-fork/lib/vast/Frontend/Consumer.cpp:227:9
 #6 0x0000632c67e3f47b vast::cc::vast_stream_consumer::HandleTranslationUnit(clang::ASTContext&) /home/jialeiwang/mlir-dev/vast-fork/lib/vast/Frontend/Consumer.cpp:137:28
 #7 0x0000632c6c0d0eb6 clang::ParseAST(clang::Sema&, bool, bool) (/home/jialeiwang/mlir-dev/vast-fork/builds/default/tools/vast-front/Debug/vast-front+0x8ff6eb6)
 #8 0x0000632c678ddbe5 vast::cc::vast_stream_action::ExecuteAction() /home/jialeiwang/mlir-dev/vast-fork/lib/vast/Frontend/Action.cpp:75:5
 #9 0x0000632c6bc18ac7 clang::FrontendAction::Execute() (/home/jialeiwang/mlir-dev/vast-fork/builds/default/tools/vast-front/Debug/vast-front+0x8b3eac7)
#10 0x0000632c6bb8df34 clang::CompilerInstance::ExecuteAction(clang::FrontendAction&) (/home/jialeiwang/mlir-dev/vast-fork/builds/default/tools/vast-front/Debug/vast-front+0x8ab3f34)
#11 0x0000632c678c4d11 vast::cc::execute_compiler_invocation(clang::CompilerInstance*, vast::cc::vast_args const&) /home/jialeiwang/mlir-dev/vast-fork/tools/vast-front/compiler_invocation.cpp:105:28
#12 0x0000632c678d9f20 vast::cc::cc1(vast::cc::vast_args const&, llvm::ArrayRef<char const*>, char const*, void*) /home/jialeiwang/mlir-dev/vast-fork/tools/vast-front/cc1.cpp:116:23
#13 0x0000632c678ca924 execute_cc1_tool(llvm::SmallVectorImpl<char const*>&) /home/jialeiwang/mlir-dev/vast-fork/tools/vast-front/driver.cpp:71:16
#14 0x0000632c678c9fbb main /home/jialeiwang/mlir-dev/vast-fork/tools/vast-front/driver.cpp:143:20
#15 0x00007f350d429d90 __libc_start_call_main ./csu/../sysdeps/nptl/libc_start_call_main.h:58:16
#16 0x00007f350d429e40 call_init ./csu/../csu/libc-start.c:128:20
#17 0x00007f350d429e40 __libc_start_main ./csu/../csu/libc-start.c:379:5
#18 0x0000632c678c3525 _start (/home/jialeiwang/mlir-dev/vast-fork/builds/default/tools/vast-front/Debug/vast-front+0x47e9525)
/home/jialeiwang/mlir-dev/vast-test-cxx/build/namespace/Output/anonymous-namespaces.cpp.script: line 1: 1893533 Illegal instruction     /home/jialeiwang/mlir-dev/vast-fork/builds/default/tools/vast-front/Debug/vast-front -cc1 -internal-isystem /usr/lib/gcc/x86_64-linux-gnu/11/../../../../include/c++/11 -internal-isystem /usr/lib/gcc/x86_64-linux-gnu/11/../../../../include/x86_64-linux-gnu/c++/11 -internal-isystem /usr/lib/gcc/x86_64-linux-gnu/11/../../../../include/c++/11/backward -internal-isystem /home/jialeiwang/apps/llvm18/lib/clang/18/include -internal-isystem /usr/local/include -internal-isystem /usr/lib/gcc/x86_64-linux-gnu/11/../../../../x86_64-linux-gnu/include -internal-externc-isystem /usr/include/x86_64-linux-gnu -internal-externc-isystem /include -internal-externc-isystem /usr/include -fcxx-exceptions -fexceptions /home/jialeiwang/mlir-dev/vast-test-cxx/testcases/namespace/anonymous-namespaces.cpp -vast-emit-mlir=ll -o /home/jialeiwang/mlir-dev/vast-test-cxx/build/namespace/Output/anonymous-namespaces.cpp.tmp.ll

--

********************
FAIL: vast-test-cxx :: exception/eh.cpp (160 of 603)
******************** TEST 'vast-test-cxx :: exception/eh.cpp' FAILED ********************
Exit Code: 132

Command Output (stderr):
--
RUN: at line 1: /home/jialeiwang/mlir-dev/vast-fork/builds/default/tools/vast-front/Debug/vast-front -cc1 -internal-isystem /usr/lib/gcc/x86_64-linux-gnu/11/../../../../include/c++/11 -internal-isystem /usr/lib/gcc/x86_64-linux-gnu/11/../../../../include/x86_64-linux-gnu/c++/11 -internal-isystem /usr/lib/gcc/x86_64-linux-gnu/11/../../../../include/c++/11/backward -internal-isystem /home/jialeiwang/apps/llvm18/lib/clang/18/include -internal-isystem /usr/local/include -internal-isystem /usr/lib/gcc/x86_64-linux-gnu/11/../../../../x86_64-linux-gnu/include -internal-externc-isystem /usr/include/x86_64-linux-gnu -internal-externc-isystem /include -internal-externc-isystem /usr/include -fcxx-exceptions -fexceptions -std=c++11 /home/jialeiwang/mlir-dev/vast-test-cxx/testcases/exception/eh.cpp -vast-emit-mlir=ll -o /home/jialeiwang/mlir-dev/vast-test-cxx/build/exception/Output/eh.cpp.tmp.ll && echo '// CHECK-NOT: {{unsup\.|unreach\.|#unsup}}' > /home/jialeiwang/mlir-dev/vast-test-cxx/build/exception/Output/eh.cpp.tmp.check && FileCheck /home/jialeiwang/mlir-dev/vast-test-cxx/build/exception/Output/eh.cpp.tmp.check --input-file=/home/jialeiwang/mlir-dev/vast-test-cxx/build/exception/Output/eh.cpp.tmp.ll && rm /home/jialeiwang/mlir-dev/vast-test-cxx/build/exception/Output/eh.cpp.tmp.check
+ /home/jialeiwang/mlir-dev/vast-fork/builds/default/tools/vast-front/Debug/vast-front -cc1 -internal-isystem /usr/lib/gcc/x86_64-linux-gnu/11/../../../../include/c++/11 -internal-isystem /usr/lib/gcc/x86_64-linux-gnu/11/../../../../include/x86_64-linux-gnu/c++/11 -internal-isystem /usr/lib/gcc/x86_64-linux-gnu/11/../../../../include/c++/11/backward -internal-isystem /home/jialeiwang/apps/llvm18/lib/clang/18/include -internal-isystem /usr/local/include -internal-isystem /usr/lib/gcc/x86_64-linux-gnu/11/../../../../x86_64-linux-gnu/include -internal-externc-isystem /usr/include/x86_64-linux-gnu -internal-externc-isystem /include -internal-externc-isystem /usr/include -fcxx-exceptions -fexceptions -std=c++11 /home/jialeiwang/mlir-dev/vast-test-cxx/testcases/exception/eh.cpp -vast-emit-mlir=ll -o /home/jialeiwang/mlir-dev/vast-test-cxx/build/exception/Output/eh.cpp.tmp.ll
[VAST fatal] An empty block with predecessors found

PLEASE submit a bug report to https://github.com/trailofbits/vast/issues and include the crash backtrace, preprocessed source, and associated run script.
Stack dump:
0.	Program arguments: /home/jialeiwang/mlir-dev/vast-fork/builds/default/tools/vast-front/Debug/vast-front -cc1 -internal-isystem /usr/lib/gcc/x86_64-linux-gnu/11/../../../../include/c++/11 -internal-isystem /usr/lib/gcc/x86_64-linux-gnu/11/../../../../include/x86_64-linux-gnu/c++/11 -internal-isystem /usr/lib/gcc/x86_64-linux-gnu/11/../../../../include/c++/11/backward -internal-isystem /home/jialeiwang/apps/llvm18/lib/clang/18/include -internal-isystem /usr/local/include -internal-isystem /usr/lib/gcc/x86_64-linux-gnu/11/../../../../x86_64-linux-gnu/include -internal-externc-isystem /usr/include/x86_64-linux-gnu -internal-externc-isystem /include -internal-externc-isystem /usr/include -fcxx-exceptions -fexceptions -std=c++11 /home/jialeiwang/mlir-dev/vast-test-cxx/testcases/exception/eh.cpp -vast-emit-mlir=ll -o /home/jialeiwang/mlir-dev/vast-test-cxx/build/exception/Output/eh.cpp.tmp.ll
1.	<eof> parser at end of file
 #0 0x000062eb424ca248 llvm::sys::PrintStackTrace(llvm::raw_ostream&, int) (/home/jialeiwang/mlir-dev/vast-fork/builds/default/tools/vast-front/Debug/vast-front+0xb570248)
 #1 0x000062eb424c802e llvm::sys::RunSignalHandlers() (/home/jialeiwang/mlir-dev/vast-fork/builds/default/tools/vast-front/Debug/vast-front+0xb56e02e)
 #2 0x000062eb424ca8d8 SignalHandler(int) Signals.cpp:0:0
 #3 0x000072bdd5e42520 (/lib/x86_64-linux-gnu/libc.so.6+0x42520)
 #4 0x000062eb3c0c8a1a vast::cleanup::(anonymous namespace)::removeEmpty(mlir::Region&, std::vector<mlir::Block*, std::allocator<mlir::Block*>>&) /home/jialeiwang/mlir-dev/vast-fork/lib/vast/Util/CleanUp.cpp:17:21
 #5 0x000062eb3c0c8916 vast::cleanup::(anonymous namespace)::removeEmpty(mlir::Operation*, std::vector<mlir::Block*, std::allocator<mlir::Block*>>&) /home/jialeiwang/mlir-dev/vast-fork/lib/vast/Util/CleanUp.cpp:10:26
 #6 0x000062eb3c0c8896 vast::cleanup::(anonymous namespace)::removeEmpty(mlir::Block&, std::vector<mlir::Block*, std::allocator<mlir::Block*>>&) /home/jialeiwang/mlir-dev/vast-fork/lib/vast/Util/CleanUp.cpp:25:27
 #7 0x000062eb3c0c8a48 vast::cleanup::(anonymous namespace)::removeEmpty(mlir::Region&, std::vector<mlir::Block*, std::allocator<mlir::Block*>>&) /home/jialeiwang/mlir-dev/vast-fork/lib/vast/Util/CleanUp.cpp:15:13
 #8 0x000062eb3c0c8916 vast::cleanup::(anonymous namespace)::removeEmpty(mlir::Operation*, std::vector<mlir::Block*, std::allocator<mlir::Block*>>&) /home/jialeiwang/mlir-dev/vast-fork/lib/vast/Util/CleanUp.cpp:10:26
 #9 0x000062eb3c0c8896 vast::cleanup::(anonymous namespace)::removeEmpty(mlir::Block&, std::vector<mlir::Block*, std::allocator<mlir::Block*>>&) /home/jialeiwang/mlir-dev/vast-fork/lib/vast/Util/CleanUp.cpp:25:27
#10 0x000062eb3c0c8788 vast::cleanup::eraseEmptyBlocks(mlir::Operation*) /home/jialeiwang/mlir-dev/vast-fork/lib/vast/Util/CleanUp.cpp:32:9
#11 0x000062eb3be7ca30 vast::conv::HLToLLCF::run_after_conversion() /home/jialeiwang/mlir-dev/vast-fork/lib/vast/Conversion/FromHL/ToLLCF.cpp:1005:13
#12 0x000062eb3be7c6cb vast::ModuleConversionPassMixinBase<vast::conv::HLToLLCF, vast::HLToLLCFBase>::runOnOperation() /home/jialeiwang/mlir-dev/vast-fork/include/vast/Conversion/Common/Mixins.hpp:155:9
#13 0x000062eb3c260112 mlir::detail::OpToOpPassAdaptor::run(mlir::Pass*, mlir::Operation*, mlir::AnalysisManager, bool, unsigned int) (/home/jialeiwang/mlir-dev/vast-fork/builds/default/tools/vast-front/Debug/vast-front+0x5306112)
#14 0x000062eb3c263aeb mlir::PassManager::run(mlir::Operation*) (/home/jialeiwang/mlir-dev/vast-fork/builds/default/tools/vast-front/Debug/vast-front+0x5309aeb)
#15 0x000062eb3bcc0617 vast::cc::vast_stream_consumer::process_mlir_module(vast::cc::target_dialect, mlir::ModuleOp) /home/jialeiwang/mlir-dev/vast-fork/lib/vast/Frontend/Consumer.cpp:204:33
#16 0x000062eb3bcbf9a1 vast::cc::vast_stream_consumer::emit_mlir_output(vast::cc::target_dialect, mlir::OwningOpRef<mlir::ModuleOp>) /home/jialeiwang/mlir-dev/vast-fork/lib/vast/Frontend/Consumer.cpp:227:9
#17 0x000062eb3bcbf47b vast::cc::vast_stream_consumer::HandleTranslationUnit(clang::ASTContext&) /home/jialeiwang/mlir-dev/vast-fork/lib/vast/Frontend/Consumer.cpp:137:28
#18 0x000062eb3ff50eb6 clang::ParseAST(clang::Sema&, bool, bool) (/home/jialeiwang/mlir-dev/vast-fork/builds/default/tools/vast-front/Debug/vast-front+0x8ff6eb6)
#19 0x000062eb3b75dbe5 vast::cc::vast_stream_action::ExecuteAction() /home/jialeiwang/mlir-dev/vast-fork/lib/vast/Frontend/Action.cpp:75:5
#20 0x000062eb3fa98ac7 clang::FrontendAction::Execute() (/home/jialeiwang/mlir-dev/vast-fork/builds/default/tools/vast-front/Debug/vast-front+0x8b3eac7)
#21 0x000062eb3fa0df34 clang::CompilerInstance::ExecuteAction(clang::FrontendAction&) (/home/jialeiwang/mlir-dev/vast-fork/builds/default/tools/vast-front/Debug/vast-front+0x8ab3f34)
#22 0x000062eb3b744d11 vast::cc::execute_compiler_invocation(clang::CompilerInstance*, vast::cc::vast_args const&) /home/jialeiwang/mlir-dev/vast-fork/tools/vast-front/compiler_invocation.cpp:105:28
#23 0x000062eb3b759f20 vast::cc::cc1(vast::cc::vast_args const&, llvm::ArrayRef<char const*>, char const*, void*) /home/jialeiwang/mlir-dev/vast-fork/tools/vast-front/cc1.cpp:116:23
#24 0x000062eb3b74a924 execute_cc1_tool(llvm::SmallVectorImpl<char const*>&) /home/jialeiwang/mlir-dev/vast-fork/tools/vast-front/driver.cpp:71:16
#25 0x000062eb3b749fbb main /home/jialeiwang/mlir-dev/vast-fork/tools/vast-front/driver.cpp:143:20
#26 0x000072bdd5e29d90 __libc_start_call_main ./csu/../sysdeps/nptl/libc_start_call_main.h:58:16
#27 0x000072bdd5e29e40 call_init ./csu/../csu/libc-start.c:128:20
#28 0x000072bdd5e29e40 __libc_start_main ./csu/../csu/libc-start.c:379:5
#29 0x000062eb3b743525 _start (/home/jialeiwang/mlir-dev/vast-fork/builds/default/tools/vast-front/Debug/vast-front+0x47e9525)
/home/jialeiwang/mlir-dev/vast-test-cxx/build/exception/Output/eh.cpp.script: line 2: 1893520 Illegal instruction     /home/jialeiwang/mlir-dev/vast-fork/builds/default/tools/vast-front/Debug/vast-front -cc1 -internal-isystem /usr/lib/gcc/x86_64-linux-gnu/11/../../../../include/c++/11 -internal-isystem /usr/lib/gcc/x86_64-linux-gnu/11/../../../../include/x86_64-linux-gnu/c++/11 -internal-isystem /usr/lib/gcc/x86_64-linux-gnu/11/../../../../include/c++/11/backward -internal-isystem /home/jialeiwang/apps/llvm18/lib/clang/18/include -internal-isystem /usr/local/include -internal-isystem /usr/lib/gcc/x86_64-linux-gnu/11/../../../../x86_64-linux-gnu/include -internal-externc-isystem /usr/include/x86_64-linux-gnu -internal-externc-isystem /include -internal-externc-isystem /usr/include -fcxx-exceptions -fexceptions -std=c++11 /home/jialeiwang/mlir-dev/vast-test-cxx/testcases/exception/eh.cpp -vast-emit-mlir=ll -o /home/jialeiwang/mlir-dev/vast-test-cxx/build/exception/Output/eh.cpp.tmp.ll

--

********************
FAIL: vast-test-cxx :: exception/throw-expression-typeinfo-in-address-space.cpp (161 of 603)
******************** TEST 'vast-test-cxx :: exception/throw-expression-typeinfo-in-address-space.cpp' FAILED ********************
Exit Code: 132

Command Output (stderr):
--
RUN: at line 1: /home/jialeiwang/mlir-dev/vast-fork/builds/default/tools/vast-front/Debug/vast-front -cc1 -internal-isystem /usr/lib/gcc/x86_64-linux-gnu/11/../../../../include/c++/11 -internal-isystem /usr/lib/gcc/x86_64-linux-gnu/11/../../../../include/x86_64-linux-gnu/c++/11 -internal-isystem /usr/lib/gcc/x86_64-linux-gnu/11/../../../../include/c++/11/backward -internal-isystem /home/jialeiwang/apps/llvm18/lib/clang/18/include -internal-isystem /usr/local/include -internal-isystem /usr/lib/gcc/x86_64-linux-gnu/11/../../../../x86_64-linux-gnu/include -internal-externc-isystem /usr/include/x86_64-linux-gnu -internal-externc-isystem /include -internal-externc-isystem /usr/include /home/jialeiwang/mlir-dev/vast-test-cxx/testcases/exception/throw-expression-typeinfo-in-address-space.cpp -fcxx-exceptions -fexceptions -std=c++11 -vast-emit-mlir=ll -o /home/jialeiwang/mlir-dev/vast-test-cxx/build/exception/Output/throw-expression-typeinfo-in-address-space.cpp.tmp.ll && echo '// CHECK-NOT: {{unsup\.|unreach\.|#unsup}}' > /home/jialeiwang/mlir-dev/vast-test-cxx/build/exception/Output/throw-expression-typeinfo-in-address-space.cpp.tmp.check && FileCheck /home/jialeiwang/mlir-dev/vast-test-cxx/build/exception/Output/throw-expression-typeinfo-in-address-space.cpp.tmp.check --input-file=/home/jialeiwang/mlir-dev/vast-test-cxx/build/exception/Output/throw-expression-typeinfo-in-address-space.cpp.tmp.ll && rm /home/jialeiwang/mlir-dev/vast-test-cxx/build/exception/Output/throw-expression-typeinfo-in-address-space.cpp.tmp.check
+ /home/jialeiwang/mlir-dev/vast-fork/builds/default/tools/vast-front/Debug/vast-front -cc1 -internal-isystem /usr/lib/gcc/x86_64-linux-gnu/11/../../../../include/c++/11 -internal-isystem /usr/lib/gcc/x86_64-linux-gnu/11/../../../../include/x86_64-linux-gnu/c++/11 -internal-isystem /usr/lib/gcc/x86_64-linux-gnu/11/../../../../include/c++/11/backward -internal-isystem /home/jialeiwang/apps/llvm18/lib/clang/18/include -internal-isystem /usr/local/include -internal-isystem /usr/lib/gcc/x86_64-linux-gnu/11/../../../../x86_64-linux-gnu/include -internal-externc-isystem /usr/include/x86_64-linux-gnu -internal-externc-isystem /include -internal-externc-isystem /usr/include /home/jialeiwang/mlir-dev/vast-test-cxx/testcases/exception/throw-expression-typeinfo-in-address-space.cpp -fcxx-exceptions -fexceptions -std=c++11 -vast-emit-mlir=ll -o /home/jialeiwang/mlir-dev/vast-test-cxx/build/exception/Output/throw-expression-typeinfo-in-address-space.cpp.tmp.ll
/home/jialeiwang/mlir-dev/vast-test-cxx/testcases/exception/throw-expression-typeinfo-in-address-space.cpp:13:5: error: unexpected error: 'hl.throw.alloc' op result #0 must be lvalue to any type, but got '!hl.ptr<!hl.record<"Error">>'
    throw Error(X());
    ^
/home/jialeiwang/mlir-dev/vast-test-cxx/testcases/exception/throw-expression-typeinfo-in-address-space.cpp:13:5: error: unexpected note: see current operation: %1 = "hl.throw.alloc"() : () -> !hl.ptr<!hl.record<"Error">>
    throw Error(X());
    ^


[VAST fatal] MLIR pass manager failed when running vast passes
PLEASE submit a bug report to https://github.com/trailofbits/vast/issues and include the crash backtrace, preprocessed source, and associated run script.
Stack dump:
0.	Program arguments: /home/jialeiwang/mlir-dev/vast-fork/builds/default/tools/vast-front/Debug/vast-front -cc1 -internal-isystem /usr/lib/gcc/x86_64-linux-gnu/11/../../../../include/c++/11 -internal-isystem /usr/lib/gcc/x86_64-linux-gnu/11/../../../../include/x86_64-linux-gnu/c++/11 -internal-isystem /usr/lib/gcc/x86_64-linux-gnu/11/../../../../include/c++/11/backward -internal-isystem /home/jialeiwang/apps/llvm18/lib/clang/18/include -internal-isystem /usr/local/include -internal-isystem /usr/lib/gcc/x86_64-linux-gnu/11/../../../../x86_64-linux-gnu/include -internal-externc-isystem /usr/include/x86_64-linux-gnu -internal-externc-isystem /include -internal-externc-isystem /usr/include /home/jialeiwang/mlir-dev/vast-test-cxx/testcases/exception/throw-expression-typeinfo-in-address-space.cpp -fcxx-exceptions -fexceptions -std=c++11 -vast-emit-mlir=ll -o /home/jialeiwang/mlir-dev/vast-test-cxx/build/exception/Output/throw-expression-typeinfo-in-address-space.cpp.tmp.ll
1.	<eof> parser at end of file
 #0 0x00005f7528461248 llvm::sys::PrintStackTrace(llvm::raw_ostream&, int) (/home/jialeiwang/mlir-dev/vast-fork/builds/default/tools/vast-front/Debug/vast-front+0xb570248)
 #1 0x00005f752845f02e llvm::sys::RunSignalHandlers() (/home/jialeiwang/mlir-dev/vast-fork/builds/default/tools/vast-front/Debug/vast-front+0xb56e02e)
 #2 0x00005f75284618d8 SignalHandler(int) Signals.cpp:0:0
 #3 0x000073a985c42520 (/lib/x86_64-linux-gnu/libc.so.6+0x42520)
 #4 0x00005f7521c576e8 vast::cc::vast_stream_consumer::process_mlir_module(vast::cc::target_dialect, mlir::ModuleOp) /home/jialeiwang/mlir-dev/vast-fork/lib/vast/Frontend/Consumer.cpp:205:9
 #5 0x00005f7521c569a1 vast::cc::vast_stream_consumer::emit_mlir_output(vast::cc::target_dialect, mlir::OwningOpRef<mlir::ModuleOp>) /home/jialeiwang/mlir-dev/vast-fork/lib/vast/Frontend/Consumer.cpp:227:9
 #6 0x00005f7521c5647b vast::cc::vast_stream_consumer::HandleTranslationUnit(clang::ASTContext&) /home/jialeiwang/mlir-dev/vast-fork/lib/vast/Frontend/Consumer.cpp:137:28
 #7 0x00005f7525ee7eb6 clang::ParseAST(clang::Sema&, bool, bool) (/home/jialeiwang/mlir-dev/vast-fork/builds/default/tools/vast-front/Debug/vast-front+0x8ff6eb6)
 #8 0x00005f75216f4be5 vast::cc::vast_stream_action::ExecuteAction() /home/jialeiwang/mlir-dev/vast-fork/lib/vast/Frontend/Action.cpp:75:5
 #9 0x00005f7525a2fac7 clang::FrontendAction::Execute() (/home/jialeiwang/mlir-dev/vast-fork/builds/default/tools/vast-front/Debug/vast-front+0x8b3eac7)
#10 0x00005f75259a4f34 clang::CompilerInstance::ExecuteAction(clang::FrontendAction&) (/home/jialeiwang/mlir-dev/vast-fork/builds/default/tools/vast-front/Debug/vast-front+0x8ab3f34)
#11 0x00005f75216dbd11 vast::cc::execute_compiler_invocation(clang::CompilerInstance*, vast::cc::vast_args const&) /home/jialeiwang/mlir-dev/vast-fork/tools/vast-front/compiler_invocation.cpp:105:28
#12 0x00005f75216f0f20 vast::cc::cc1(vast::cc::vast_args const&, llvm::ArrayRef<char const*>, char const*, void*) /home/jialeiwang/mlir-dev/vast-fork/tools/vast-front/cc1.cpp:116:23
#13 0x00005f75216e1924 execute_cc1_tool(llvm::SmallVectorImpl<char const*>&) /home/jialeiwang/mlir-dev/vast-fork/tools/vast-front/driver.cpp:71:16
#14 0x00005f75216e0fbb main /home/jialeiwang/mlir-dev/vast-fork/tools/vast-front/driver.cpp:143:20
#15 0x000073a985c29d90 __libc_start_call_main ./csu/../sysdeps/nptl/libc_start_call_main.h:58:16
#16 0x000073a985c29e40 call_init ./csu/../csu/libc-start.c:128:20
#17 0x000073a985c29e40 __libc_start_main ./csu/../csu/libc-start.c:379:5
#18 0x00005f75216da525 _start (/home/jialeiwang/mlir-dev/vast-fork/builds/default/tools/vast-front/Debug/vast-front+0x47e9525)
/home/jialeiwang/mlir-dev/vast-test-cxx/build/exception/Output/throw-expression-typeinfo-in-address-space.cpp.script: line 1: 1893569 Illegal instruction     /home/jialeiwang/mlir-dev/vast-fork/builds/default/tools/vast-front/Debug/vast-front -cc1 -internal-isystem /usr/lib/gcc/x86_64-linux-gnu/11/../../../../include/c++/11 -internal-isystem /usr/lib/gcc/x86_64-linux-gnu/11/../../../../include/x86_64-linux-gnu/c++/11 -internal-isystem /usr/lib/gcc/x86_64-linux-gnu/11/../../../../include/c++/11/backward -internal-isystem /home/jialeiwang/apps/llvm18/lib/clang/18/include -internal-isystem /usr/local/include -internal-isystem /usr/lib/gcc/x86_64-linux-gnu/11/../../../../x86_64-linux-gnu/include -internal-externc-isystem /usr/include/x86_64-linux-gnu -internal-externc-isystem /include -internal-externc-isystem /usr/include /home/jialeiwang/mlir-dev/vast-test-cxx/testcases/exception/throw-expression-typeinfo-in-address-space.cpp -fcxx-exceptions -fexceptions -std=c++11 -vast-emit-mlir=ll -o /home/jialeiwang/mlir-dev/vast-test-cxx/build/exception/Output/throw-expression-typeinfo-in-address-space.cpp.tmp.ll

--

********************
FAIL: vast-test-cxx :: exception/sizeof-unwind-exception.cpp (164 of 603)
******************** TEST 'vast-test-cxx :: exception/sizeof-unwind-exception.cpp' FAILED ********************
Exit Code: 139

Command Output (stderr):
--
RUN: at line 1: /home/jialeiwang/mlir-dev/vast-fork/builds/default/tools/vast-front/Debug/vast-front -cc1 -internal-isystem /usr/lib/gcc/x86_64-linux-gnu/11/../../../../include/c++/11 -internal-isystem /usr/lib/gcc/x86_64-linux-gnu/11/../../../../include/x86_64-linux-gnu/c++/11 -internal-isystem /usr/lib/gcc/x86_64-linux-gnu/11/../../../../include/c++/11/backward -internal-isystem /home/jialeiwang/apps/llvm18/lib/clang/18/include -internal-isystem /usr/local/include -internal-isystem /usr/lib/gcc/x86_64-linux-gnu/11/../../../../x86_64-linux-gnu/include -internal-externc-isystem /usr/include/x86_64-linux-gnu -internal-externc-isystem /include -internal-externc-isystem /usr/include -fcxx-exceptions -fexceptions /home/jialeiwang/mlir-dev/vast-test-cxx/testcases/exception/sizeof-unwind-exception.cpp -vast-emit-mlir=ll -o /home/jialeiwang/mlir-dev/vast-test-cxx/build/exception/Output/sizeof-unwind-exception.cpp.tmp.ll && echo '// CHECK-NOT: {{unsup\.|unreach\.|#unsup}}' > /home/jialeiwang/mlir-dev/vast-test-cxx/build/exception/Output/sizeof-unwind-exception.cpp.tmp.check && FileCheck /home/jialeiwang/mlir-dev/vast-test-cxx/build/exception/Output/sizeof-unwind-exception.cpp.tmp.check --input-file=/home/jialeiwang/mlir-dev/vast-test-cxx/build/exception/Output/sizeof-unwind-exception.cpp.tmp.ll && rm /home/jialeiwang/mlir-dev/vast-test-cxx/build/exception/Output/sizeof-unwind-exception.cpp.tmp.check
+ /home/jialeiwang/mlir-dev/vast-fork/builds/default/tools/vast-front/Debug/vast-front -cc1 -internal-isystem /usr/lib/gcc/x86_64-linux-gnu/11/../../../../include/c++/11 -internal-isystem /usr/lib/gcc/x86_64-linux-gnu/11/../../../../include/x86_64-linux-gnu/c++/11 -internal-isystem /usr/lib/gcc/x86_64-linux-gnu/11/../../../../include/c++/11/backward -internal-isystem /home/jialeiwang/apps/llvm18/lib/clang/18/include -internal-isystem /usr/local/include -internal-isystem /usr/lib/gcc/x86_64-linux-gnu/11/../../../../x86_64-linux-gnu/include -internal-externc-isystem /usr/include/x86_64-linux-gnu -internal-externc-isystem /include -internal-externc-isystem /usr/include -fcxx-exceptions -fexceptions /home/jialeiwang/mlir-dev/vast-test-cxx/testcases/exception/sizeof-unwind-exception.cpp -vast-emit-mlir=ll -o /home/jialeiwang/mlir-dev/vast-test-cxx/build/exception/Output/sizeof-unwind-exception.cpp.tmp.ll
PLEASE submit a bug report to https://github.com/trailofbits/vast/issues and include the crash backtrace, preprocessed source, and associated run script.
Stack dump:
0.	Program arguments: /home/jialeiwang/mlir-dev/vast-fork/builds/default/tools/vast-front/Debug/vast-front -cc1 -internal-isystem /usr/lib/gcc/x86_64-linux-gnu/11/../../../../include/c++/11 -internal-isystem /usr/lib/gcc/x86_64-linux-gnu/11/../../../../include/x86_64-linux-gnu/c++/11 -internal-isystem /usr/lib/gcc/x86_64-linux-gnu/11/../../../../include/c++/11/backward -internal-isystem /home/jialeiwang/apps/llvm18/lib/clang/18/include -internal-isystem /usr/local/include -internal-isystem /usr/lib/gcc/x86_64-linux-gnu/11/../../../../x86_64-linux-gnu/include -internal-externc-isystem /usr/include/x86_64-linux-gnu -internal-externc-isystem /include -internal-externc-isystem /usr/include -fcxx-exceptions -fexceptions /home/jialeiwang/mlir-dev/vast-test-cxx/testcases/exception/sizeof-unwind-exception.cpp -vast-emit-mlir=ll -o /home/jialeiwang/mlir-dev/vast-test-cxx/build/exception/Output/sizeof-unwind-exception.cpp.tmp.ll
1.	<eof> parser at end of file
 #0 0x00005f7f4cf69248 llvm::sys::PrintStackTrace(llvm::raw_ostream&, int) (/home/jialeiwang/mlir-dev/vast-fork/builds/default/tools/vast-front/Debug/vast-front+0xb570248)
 #1 0x00005f7f4cf6702e llvm::sys::RunSignalHandlers() (/home/jialeiwang/mlir-dev/vast-fork/builds/default/tools/vast-front/Debug/vast-front+0xb56e02e)
 #2 0x00005f7f4cf698d8 SignalHandler(int) Signals.cpp:0:0
 #3 0x000073270a442520 (/lib/x86_64-linux-gnu/libc.so.6+0x42520)
 #4 0x00005f7f462d7475 vast::hl::PointerType::getElementType() const /home/jialeiwang/mlir-dev/vast-fork/builds/default/include/vast/Dialect/HighLevel/HighLevelTypes.cpp.inc:2770:10
 #5 0x00005f7f469bf5d6 vast::conv::(anonymous namespace)::assign_pattern<vast::hl::AssignOp, void, void, (vast::hl::AtomicRMWType)128>::matchAndRewrite(vast::hl::AssignOp, vast::hl::AssignOpAdaptor, mlir::ConversionPatternRewriter&) const /home/jialeiwang/mlir-dev/vast-fork/lib/vast/Conversion/Generic/LowerValueCategories.cpp:436:74
 #6 0x00005f7f469bf46f mlir::OpConversionPattern<vast::hl::AssignOp>::matchAndRewrite(mlir::Operation*, llvm::ArrayRef<mlir::Value>, mlir::ConversionPatternRewriter&) const /home/jialeiwang/apps/llvm18/include/mlir/Transforms/DialectConversion.h:537:12
 #7 0x00005f7f46d1ecec mlir::ConversionPattern::matchAndRewrite(mlir::Operation*, mlir::PatternRewriter&) const (/home/jialeiwang/mlir-dev/vast-fork/builds/default/tools/vast-front/Debug/vast-front+0x5325cec)
 #8 0x00005f7f4a7e90ed void llvm::function_ref<void ()>::callback_fn<mlir::PatternApplicator::matchAndRewrite(mlir::Operation*, mlir::PatternRewriter&, llvm::function_ref<bool (mlir::Pattern const&)>, llvm::function_ref<void (mlir::Pattern const&)>, llvm::function_ref<mlir::LogicalResult (mlir::Pattern const&)>)::$_0>(long) PatternApplicator.cpp:0:0
 #9 0x00005f7f4a7e6294 mlir::PatternApplicator::matchAndRewrite(mlir::Operation*, mlir::PatternRewriter&, llvm::function_ref<bool (mlir::Pattern const&)>, llvm::function_ref<void (mlir::Pattern const&)>, llvm::function_ref<mlir::LogicalResult (mlir::Pattern const&)>) (/home/jialeiwang/mlir-dev/vast-fork/builds/default/tools/vast-front/Debug/vast-front+0x8ded294)
#10 0x00005f7f46d2d4cd (anonymous namespace)::OperationLegalizer::legalize(mlir::Operation*, mlir::ConversionPatternRewriter&) DialectConversion.cpp:0:0
#11 0x00005f7f46d22899 (anonymous namespace)::OperationConverter::convertOperations(llvm::ArrayRef<mlir::Operation*>, llvm::function_ref<void (mlir::Diagnostic&)>) DialectConversion.cpp:0:0
#12 0x00005f7f46d26ba0 mlir::applyPartialConversion(mlir::Operation*, mlir::ConversionTarget const&, mlir::FrozenRewritePatternSet const&, llvm::DenseSet<mlir::Operation*, llvm::DenseMapInfo<mlir::Operation*, void>>*) (/home/jialeiwang/mlir-dev/vast-fork/builds/default/tools/vast-front/Debug/vast-front+0x532dba0)
#13 0x00005f7f4696dd35 vast::conv::LowerValueCategoriesPass::runOnOperation() /home/jialeiwang/mlir-dev/vast-fork/lib/vast/Conversion/Generic/LowerValueCategories.cpp:838:30
#14 0x00005f7f46cff112 mlir::detail::OpToOpPassAdaptor::run(mlir::Pass*, mlir::Operation*, mlir::AnalysisManager, bool, unsigned int) (/home/jialeiwang/mlir-dev/vast-fork/builds/default/tools/vast-front/Debug/vast-front+0x5306112)
#15 0x00005f7f46d02aeb mlir::PassManager::run(mlir::Operation*) (/home/jialeiwang/mlir-dev/vast-fork/builds/default/tools/vast-front/Debug/vast-front+0x5309aeb)
#16 0x00005f7f4675f617 vast::cc::vast_stream_consumer::process_mlir_module(vast::cc::target_dialect, mlir::ModuleOp) /home/jialeiwang/mlir-dev/vast-fork/lib/vast/Frontend/Consumer.cpp:204:33
#17 0x00005f7f4675e9a1 vast::cc::vast_stream_consumer::emit_mlir_output(vast::cc::target_dialect, mlir::OwningOpRef<mlir::ModuleOp>) /home/jialeiwang/mlir-dev/vast-fork/lib/vast/Frontend/Consumer.cpp:227:9
#18 0x00005f7f4675e47b vast::cc::vast_stream_consumer::HandleTranslationUnit(clang::ASTContext&) /home/jialeiwang/mlir-dev/vast-fork/lib/vast/Frontend/Consumer.cpp:137:28
#19 0x00005f7f4a9efeb6 clang::ParseAST(clang::Sema&, bool, bool) (/home/jialeiwang/mlir-dev/vast-fork/builds/default/tools/vast-front/Debug/vast-front+0x8ff6eb6)
#20 0x00005f7f461fcbe5 vast::cc::vast_stream_action::ExecuteAction() /home/jialeiwang/mlir-dev/vast-fork/lib/vast/Frontend/Action.cpp:75:5
#21 0x00005f7f4a537ac7 clang::FrontendAction::Execute() (/home/jialeiwang/mlir-dev/vast-fork/builds/default/tools/vast-front/Debug/vast-front+0x8b3eac7)
#22 0x00005f7f4a4acf34 clang::CompilerInstance::ExecuteAction(clang::FrontendAction&) (/home/jialeiwang/mlir-dev/vast-fork/builds/default/tools/vast-front/Debug/vast-front+0x8ab3f34)
#23 0x00005f7f461e3d11 vast::cc::execute_compiler_invocation(clang::CompilerInstance*, vast::cc::vast_args const&) /home/jialeiwang/mlir-dev/vast-fork/tools/vast-front/compiler_invocation.cpp:105:28
#24 0x00005f7f461f8f20 vast::cc::cc1(vast::cc::vast_args const&, llvm::ArrayRef<char const*>, char const*, void*) /home/jialeiwang/mlir-dev/vast-fork/tools/vast-front/cc1.cpp:116:23
#25 0x00005f7f461e9924 execute_cc1_tool(llvm::SmallVectorImpl<char const*>&) /home/jialeiwang/mlir-dev/vast-fork/tools/vast-front/driver.cpp:71:16
#26 0x00005f7f461e8fbb main /home/jialeiwang/mlir-dev/vast-fork/tools/vast-front/driver.cpp:143:20
#27 0x000073270a429d90 __libc_start_call_main ./csu/../sysdeps/nptl/libc_start_call_main.h:58:16
#28 0x000073270a429e40 call_init ./csu/../csu/libc-start.c:128:20
#29 0x000073270a429e40 __libc_start_main ./csu/../csu/libc-start.c:379:5
#30 0x00005f7f461e2525 _start (/home/jialeiwang/mlir-dev/vast-fork/builds/default/tools/vast-front/Debug/vast-front+0x47e9525)
/home/jialeiwang/mlir-dev/vast-test-cxx/build/exception/Output/sizeof-unwind-exception.cpp.script: line 1: 1893518 Segmentation fault      /home/jialeiwang/mlir-dev/vast-fork/builds/default/tools/vast-front/Debug/vast-front -cc1 -internal-isystem /usr/lib/gcc/x86_64-linux-gnu/11/../../../../include/c++/11 -internal-isystem /usr/lib/gcc/x86_64-linux-gnu/11/../../../../include/x86_64-linux-gnu/c++/11 -internal-isystem /usr/lib/gcc/x86_64-linux-gnu/11/../../../../include/c++/11/backward -internal-isystem /home/jialeiwang/apps/llvm18/lib/clang/18/include -internal-isystem /usr/local/include -internal-isystem /usr/lib/gcc/x86_64-linux-gnu/11/../../../../x86_64-linux-gnu/include -internal-externc-isystem /usr/include/x86_64-linux-gnu -internal-externc-isystem /include -internal-externc-isystem /usr/include -fcxx-exceptions -fexceptions /home/jialeiwang/mlir-dev/vast-test-cxx/testcases/exception/sizeof-unwind-exception.cpp -vast-emit-mlir=ll -o /home/jialeiwang/mlir-dev/vast-test-cxx/build/exception/Output/sizeof-unwind-exception.cpp.tmp.ll

--

********************
FAIL: vast-test-cxx :: const-init-cxx11.cpp (179 of 603)
******************** TEST 'vast-test-cxx :: const-init-cxx11.cpp' FAILED ********************
Exit Code: 139

Command Output (stderr):
--
RUN: at line 1: /home/jialeiwang/mlir-dev/vast-fork/builds/default/tools/vast-front/Debug/vast-front -cc1 -internal-isystem /usr/lib/gcc/x86_64-linux-gnu/11/../../../../include/c++/11 -internal-isystem /usr/lib/gcc/x86_64-linux-gnu/11/../../../../include/x86_64-linux-gnu/c++/11 -internal-isystem /usr/lib/gcc/x86_64-linux-gnu/11/../../../../include/c++/11/backward -internal-isystem /home/jialeiwang/apps/llvm18/lib/clang/18/include -internal-isystem /usr/local/include -internal-isystem /usr/lib/gcc/x86_64-linux-gnu/11/../../../../x86_64-linux-gnu/include -internal-externc-isystem /usr/include/x86_64-linux-gnu -internal-externc-isystem /include -internal-externc-isystem /usr/include -w -fmerge-all-constants /home/jialeiwang/mlir-dev/vast-test-cxx/testcases/const-init-cxx11.cpp -std=c++11 -vast-emit-mlir=ll -o /home/jialeiwang/mlir-dev/vast-test-cxx/build/Output/const-init-cxx11.cpp.tmp.ll && echo '// CHECK-NOT: {{unsup\.|unreach\.|#unsup}}' > /home/jialeiwang/mlir-dev/vast-test-cxx/build/Output/const-init-cxx11.cpp.tmp.check && FileCheck /home/jialeiwang/mlir-dev/vast-test-cxx/build/Output/const-init-cxx11.cpp.tmp.check --input-file=/home/jialeiwang/mlir-dev/vast-test-cxx/build/Output/const-init-cxx11.cpp.tmp.ll && rm /home/jialeiwang/mlir-dev/vast-test-cxx/build/Output/const-init-cxx11.cpp.tmp.check
+ /home/jialeiwang/mlir-dev/vast-fork/builds/default/tools/vast-front/Debug/vast-front -cc1 -internal-isystem /usr/lib/gcc/x86_64-linux-gnu/11/../../../../include/c++/11 -internal-isystem /usr/lib/gcc/x86_64-linux-gnu/11/../../../../include/x86_64-linux-gnu/c++/11 -internal-isystem /usr/lib/gcc/x86_64-linux-gnu/11/../../../../include/c++/11/backward -internal-isystem /home/jialeiwang/apps/llvm18/lib/clang/18/include -internal-isystem /usr/local/include -internal-isystem /usr/lib/gcc/x86_64-linux-gnu/11/../../../../x86_64-linux-gnu/include -internal-externc-isystem /usr/include/x86_64-linux-gnu -internal-externc-isystem /include -internal-externc-isystem /usr/include -w -fmerge-all-constants /home/jialeiwang/mlir-dev/vast-test-cxx/testcases/const-init-cxx11.cpp -std=c++11 -vast-emit-mlir=ll -o /home/jialeiwang/mlir-dev/vast-test-cxx/build/Output/const-init-cxx11.cpp.tmp.ll
vast-front: /home/jialeiwang/apps/llvm18/include/llvm/ADT/ScopedHashTable.h:244: llvm::ScopedHashTableScope<llvm::StringRef, mlir::Operation *>::~ScopedHashTableScope() [K = llvm::StringRef, V = mlir::Operation *, KInfo = llvm::DenseMapInfo<StringRef, void>, AllocatorTy = llvm::MallocAllocator]: Assertion `HT.TopLevelMap[ThisEntry->getKey()] == ThisEntry && "Scope imbalance!"' failed.
PLEASE submit a bug report to https://github.com/trailofbits/vast/issues and include the crash backtrace, preprocessed source, and associated run script.
Stack dump:
/home/jialeiwang/mlir-dev/vast-test-cxx/build/Output/const-init-cxx11.cpp.script: line 2: 1893575 Segmentation fault      /home/jialeiwang/mlir-dev/vast-fork/builds/default/tools/vast-front/Debug/vast-front -cc1 -internal-isystem /usr/lib/gcc/x86_64-linux-gnu/11/../../../../include/c++/11 -internal-isystem /usr/lib/gcc/x86_64-linux-gnu/11/../../../../include/x86_64-linux-gnu/c++/11 -internal-isystem /usr/lib/gcc/x86_64-linux-gnu/11/../../../../include/c++/11/backward -internal-isystem /home/jialeiwang/apps/llvm18/lib/clang/18/include -internal-isystem /usr/local/include -internal-isystem /usr/lib/gcc/x86_64-linux-gnu/11/../../../../x86_64-linux-gnu/include -internal-externc-isystem /usr/include/x86_64-linux-gnu -internal-externc-isystem /include -internal-externc-isystem /usr/include -w -fmerge-all-constants /home/jialeiwang/mlir-dev/vast-test-cxx/testcases/const-init-cxx11.cpp -std=c++11 -vast-emit-mlir=ll -o /home/jialeiwang/mlir-dev/vast-test-cxx/build/Output/const-init-cxx11.cpp.tmp.ll

--

********************
FAIL: vast-test-cxx :: attr/attr-likelihood-if-branch-weights.cpp (190 of 603)
******************** TEST 'vast-test-cxx :: attr/attr-likelihood-if-branch-weights.cpp' FAILED ********************
Exit Code: 139

Command Output (stderr):
--
RUN: at line 1: /home/jialeiwang/mlir-dev/vast-fork/builds/default/tools/vast-front/Debug/vast-front -cc1 -internal-isystem /usr/lib/gcc/x86_64-linux-gnu/11/../../../../include/c++/11 -internal-isystem /usr/lib/gcc/x86_64-linux-gnu/11/../../../../include/x86_64-linux-gnu/c++/11 -internal-isystem /usr/lib/gcc/x86_64-linux-gnu/11/../../../../include/c++/11/backward -internal-isystem /home/jialeiwang/apps/llvm18/lib/clang/18/include -internal-isystem /usr/local/include -internal-isystem /usr/lib/gcc/x86_64-linux-gnu/11/../../../../x86_64-linux-gnu/include -internal-externc-isystem /usr/include/x86_64-linux-gnu -internal-externc-isystem /include -internal-externc-isystem /usr/include /home/jialeiwang/mlir-dev/vast-test-cxx/testcases/attr/attr-likelihood-if-branch-weights.cpp -vast-emit-mlir=ll -o /home/jialeiwang/mlir-dev/vast-test-cxx/build/attr/Output/attr-likelihood-if-branch-weights.cpp.tmp.ll && echo '// CHECK-NOT: {{unsup\.|unreach\.|#unsup}}' > /home/jialeiwang/mlir-dev/vast-test-cxx/build/attr/Output/attr-likelihood-if-branch-weights.cpp.tmp.check && FileCheck /home/jialeiwang/mlir-dev/vast-test-cxx/build/attr/Output/attr-likelihood-if-branch-weights.cpp.tmp.check --input-file=/home/jialeiwang/mlir-dev/vast-test-cxx/build/attr/Output/attr-likelihood-if-branch-weights.cpp.tmp.ll && rm /home/jialeiwang/mlir-dev/vast-test-cxx/build/attr/Output/attr-likelihood-if-branch-weights.cpp.tmp.check
+ /home/jialeiwang/mlir-dev/vast-fork/builds/default/tools/vast-front/Debug/vast-front -cc1 -internal-isystem /usr/lib/gcc/x86_64-linux-gnu/11/../../../../include/c++/11 -internal-isystem /usr/lib/gcc/x86_64-linux-gnu/11/../../../../include/x86_64-linux-gnu/c++/11 -internal-isystem /usr/lib/gcc/x86_64-linux-gnu/11/../../../../include/c++/11/backward -internal-isystem /home/jialeiwang/apps/llvm18/lib/clang/18/include -internal-isystem /usr/local/include -internal-isystem /usr/lib/gcc/x86_64-linux-gnu/11/../../../../x86_64-linux-gnu/include -internal-externc-isystem /usr/include/x86_64-linux-gnu -internal-externc-isystem /include -internal-externc-isystem /usr/include /home/jialeiwang/mlir-dev/vast-test-cxx/testcases/attr/attr-likelihood-if-branch-weights.cpp -vast-emit-mlir=ll -o /home/jialeiwang/mlir-dev/vast-test-cxx/build/attr/Output/attr-likelihood-if-branch-weights.cpp.tmp.ll
PLEASE submit a bug report to https://github.com/trailofbits/vast/issues and include the crash backtrace, preprocessed source, and associated run script.
Stack dump:
0.	Program arguments: /home/jialeiwang/mlir-dev/vast-fork/builds/default/tools/vast-front/Debug/vast-front -cc1 -internal-isystem /usr/lib/gcc/x86_64-linux-gnu/11/../../../../include/c++/11 -internal-isystem /usr/lib/gcc/x86_64-linux-gnu/11/../../../../include/x86_64-linux-gnu/c++/11 -internal-isystem /usr/lib/gcc/x86_64-linux-gnu/11/../../../../include/c++/11/backward -internal-isystem /home/jialeiwang/apps/llvm18/lib/clang/18/include -internal-isystem /usr/local/include -internal-isystem /usr/lib/gcc/x86_64-linux-gnu/11/../../../../x86_64-linux-gnu/include -internal-externc-isystem /usr/include/x86_64-linux-gnu -internal-externc-isystem /include -internal-externc-isystem /usr/include /home/jialeiwang/mlir-dev/vast-test-cxx/testcases/attr/attr-likelihood-if-branch-weights.cpp -vast-emit-mlir=ll -o /home/jialeiwang/mlir-dev/vast-test-cxx/build/attr/Output/attr-likelihood-if-branch-weights.cpp.tmp.ll
1.	<eof> parser at end of file
 #0 0x00005b3100357248 llvm::sys::PrintStackTrace(llvm::raw_ostream&, int) (/home/jialeiwang/mlir-dev/vast-fork/builds/default/tools/vast-front/Debug/vast-front+0xb570248)
 #1 0x00005b310035502e llvm::sys::RunSignalHandlers() (/home/jialeiwang/mlir-dev/vast-fork/builds/default/tools/vast-front/Debug/vast-front+0xb56e02e)
 #2 0x00005b31003578d8 SignalHandler(int) Signals.cpp:0:0
 #3 0x0000774b12242520 (/lib/x86_64-linux-gnu/libc.so.6+0x42520)
 #4 0x00005b30f961a9d0 mlir::TypeID::operator==(mlir::TypeID const&) const /home/jialeiwang/apps/llvm18/include/mlir/Support/TypeID.h:116:12
 #5 0x00005b30f961d63d mlir::TypeID::operator!=(mlir::TypeID const&) const /home/jialeiwang/apps/llvm18/include/mlir/Support/TypeID.h:119:12
 #6 0x00005b30f961d60e mlir::OperationName::Impl::isRegistered() const /home/jialeiwang/apps/llvm18/include/mlir/IR/OperationSupport.h:159:33
 #7 0x00005b30f961d52d mlir::OperationName::isRegistered() const /home/jialeiwang/apps/llvm18/include/mlir/IR/OperationSupport.h:233:31
 #8 0x00005b30f961d4c9 mlir::OperationName::getRegisteredInfo() const /home/jialeiwang/apps/llvm18/include/mlir/IR/OperationSupport.h:713:10
 #9 0x00005b30f961d2b2 mlir::Operation::getRegisteredInfo() /home/jialeiwang/apps/llvm18/include/mlir/IR/Operation.h:124:22
#10 0x00005b30f9a93de8 mlir::Op<vast::hl::ReturnOp, mlir::OpTrait::ZeroRegions, mlir::OpTrait::ZeroResults, mlir::OpTrait::ZeroSuccessors, mlir::OpTrait::VariadicOperands, vast::core::SoftTerminatorTrait, vast::core::ReturnLikeTrait, mlir::OpTrait::OpInvariants>::classof(mlir::Operation*) /home/jialeiwang/apps/llvm18/include/mlir/IR/OpDefinition.h:1688:25
#11 0x00005b30f9a93dc5 llvm::CastInfo<vast::hl::ReturnOp, mlir::Operation*, void>::isPossible(mlir::Operation*) /home/jialeiwang/apps/llvm18/include/mlir/IR/Operation.h:1103:51
#12 0x00005b30f9a93d98 llvm::ConstStrippingForwardingCast<vast::hl::ReturnOp, mlir::Operation const*, llvm::CastInfo<vast::hl::ReturnOp, mlir::Operation*, void>>::isPossible(mlir::Operation const* const&) /home/jialeiwang/apps/llvm18/include/llvm/Support/Casting.h:396:5
#13 0x00005b30f9a93d72 llvm::CastInfo<vast::hl::ReturnOp, mlir::Operation* const, void>::isPossible(mlir::Operation* const&) /home/jialeiwang/apps/llvm18/include/llvm/Support/Casting.h:509:5
#14 0x00005b30f9a93d15 bool llvm::isa<vast::hl::ReturnOp, mlir::Operation*>(mlir::Operation* const&) /home/jialeiwang/apps/llvm18/include/llvm/Support/Casting.h:549:3
#15 0x00005b30f9d181a1 vast::conv::pattern::switch_op::has_terminator(mlir::Block*) /home/jialeiwang/mlir-dev/vast-fork/lib/vast/Conversion/FromHL/ToLLCF.cpp:522:21
#16 0x00005b30f9d173fe vast::conv::pattern::switch_op::matchAndRewrite(vast::hl::SwitchOp, vast::hl::SwitchOpAdaptor, mlir::ConversionPatternRewriter&) const /home/jialeiwang/mlir-dev/vast-fork/lib/vast/Conversion/FromHL/ToLLCF.cpp:662:30
#17 0x00005b30f9d16c8f mlir::OpConversionPattern<vast::hl::SwitchOp>::matchAndRewrite(mlir::Operation*, llvm::ArrayRef<mlir::Value>, mlir::ConversionPatternRewriter&) const /home/jialeiwang/apps/llvm18/include/mlir/Transforms/DialectConversion.h:537:12
#18 0x00005b30fa10ccec mlir::ConversionPattern::matchAndRewrite(mlir::Operation*, mlir::PatternRewriter&) const (/home/jialeiwang/mlir-dev/vast-fork/builds/default/tools/vast-front/Debug/vast-front+0x5325cec)
#19 0x00005b30fdbd70ed void llvm::function_ref<void ()>::callback_fn<mlir::PatternApplicator::matchAndRewrite(mlir::Operation*, mlir::PatternRewriter&, llvm::function_ref<bool (mlir::Pattern const&)>, llvm::function_ref<void (mlir::Pattern const&)>, llvm::function_ref<mlir::LogicalResult (mlir::Pattern const&)>)::$_0>(long) PatternApplicator.cpp:0:0
#20 0x00005b30fdbd4294 mlir::PatternApplicator::matchAndRewrite(mlir::Operation*, mlir::PatternRewriter&, llvm::function_ref<bool (mlir::Pattern const&)>, llvm::function_ref<void (mlir::Pattern const&)>, llvm::function_ref<mlir::LogicalResult (mlir::Pattern const&)>) (/home/jialeiwang/mlir-dev/vast-fork/builds/default/tools/vast-front/Debug/vast-front+0x8ded294)
#21 0x00005b30fa11b4cd (anonymous namespace)::OperationLegalizer::legalize(mlir::Operation*, mlir::ConversionPatternRewriter&) DialectConversion.cpp:0:0
#22 0x00005b30fa110899 (anonymous namespace)::OperationConverter::convertOperations(llvm::ArrayRef<mlir::Operation*>, llvm::function_ref<void (mlir::Diagnostic&)>) DialectConversion.cpp:0:0
#23 0x00005b30fa114ba0 mlir::applyPartialConversion(mlir::Operation*, mlir::ConversionTarget const&, mlir::FrozenRewritePatternSet const&, llvm::DenseSet<mlir::Operation*, llvm::DenseMapInfo<mlir::Operation*, void>>*) (/home/jialeiwang/mlir-dev/vast-fork/builds/default/tools/vast-front/Debug/vast-front+0x532dba0)
#24 0x00005b30f9d29b1b auto vast::populate_patterns<vast::conv::HLToLLCF>::apply_conversions<vast::base_conversion_config>(vast::base_conversion_config&&) /home/jialeiwang/mlir-dev/vast-fork/include/vast/Conversion/Common/Mixins.hpp:48:20
#25 0x00005b30f9d09b31 mlir::LogicalResult vast::ModuleConversionPassMixinBase<vast::conv::HLToLLCF, vast::HLToLLCFBase>::run_on_operation<vast::base_conversion_config>(vast::base_conversion_config&&) /home/jialeiwang/mlir-dev/vast-fork/include/vast/Conversion/Common/Mixins.hpp:134:40
#26 0x00005b30f9d09995 vast::ModuleConversionPassMixinBase<vast::conv::HLToLLCF, vast::HLToLLCFBase>::run_on_operation() /home/jialeiwang/mlir-dev/vast-fork/include/vast/Conversion/Common/Mixins.hpp:143:20
#27 0x00005b30f9d096a1 vast::ModuleConversionPassMixinBase<vast::conv::HLToLLCF, vast::HLToLLCFBase>::runOnOperation() /home/jialeiwang/mlir-dev/vast-fork/include/vast/Conversion/Common/Mixins.hpp:150:40
#28 0x00005b30fa0ed112 mlir::detail::OpToOpPassAdaptor::run(mlir::Pass*, mlir::Operation*, mlir::AnalysisManager, bool, unsigned int) (/home/jialeiwang/mlir-dev/vast-fork/builds/default/tools/vast-front/Debug/vast-front+0x5306112)
#29 0x00005b30fa0f0aeb mlir::PassManager::run(mlir::Operation*) (/home/jialeiwang/mlir-dev/vast-fork/builds/default/tools/vast-front/Debug/vast-front+0x5309aeb)
#30 0x00005b30f9b4d617 vast::cc::vast_stream_consumer::process_mlir_module(vast::cc::target_dialect, mlir::ModuleOp) /home/jialeiwang/mlir-dev/vast-fork/lib/vast/Frontend/Consumer.cpp:204:33
#31 0x00005b30f9b4c9a1 vast::cc::vast_stream_consumer::emit_mlir_output(vast::cc::target_dialect, mlir::OwningOpRef<mlir::ModuleOp>) /home/jialeiwang/mlir-dev/vast-fork/lib/vast/Frontend/Consumer.cpp:227:9
#32 0x00005b30f9b4c47b vast::cc::vast_stream_consumer::HandleTranslationUnit(clang::ASTContext&) /home/jialeiwang/mlir-dev/vast-fork/lib/vast/Frontend/Consumer.cpp:137:28
#33 0x00005b30fddddeb6 clang::ParseAST(clang::Sema&, bool, bool) (/home/jialeiwang/mlir-dev/vast-fork/builds/default/tools/vast-front/Debug/vast-front+0x8ff6eb6)
#34 0x00005b30f95eabe5 vast::cc::vast_stream_action::ExecuteAction() /home/jialeiwang/mlir-dev/vast-fork/lib/vast/Frontend/Action.cpp:75:5
#35 0x00005b30fd925ac7 clang::FrontendAction::Execute() (/home/jialeiwang/mlir-dev/vast-fork/builds/default/tools/vast-front/Debug/vast-front+0x8b3eac7)
#36 0x00005b30fd89af34 clang::CompilerInstance::ExecuteAction(clang::FrontendAction&) (/home/jialeiwang/mlir-dev/vast-fork/builds/default/tools/vast-front/Debug/vast-front+0x8ab3f34)
#37 0x00005b30f95d1d11 vast::cc::execute_compiler_invocation(clang::CompilerInstance*, vast::cc::vast_args const&) /home/jialeiwang/mlir-dev/vast-fork/tools/vast-front/compiler_invocation.cpp:105:28
#38 0x00005b30f95e6f20 vast::cc::cc1(vast::cc::vast_args const&, llvm::ArrayRef<char const*>, char const*, void*) /home/jialeiwang/mlir-dev/vast-fork/tools/vast-front/cc1.cpp:116:23
#39 0x00005b30f95d7924 execute_cc1_tool(llvm::SmallVectorImpl<char const*>&) /home/jialeiwang/mlir-dev/vast-fork/tools/vast-front/driver.cpp:71:16
#40 0x00005b30f95d6fbb main /home/jialeiwang/mlir-dev/vast-fork/tools/vast-front/driver.cpp:143:20
#41 0x0000774b12229d90 __libc_start_call_main ./csu/../sysdeps/nptl/libc_start_call_main.h:58:16
#42 0x0000774b12229e40 call_init ./csu/../csu/libc-start.c:128:20
#43 0x0000774b12229e40 __libc_start_main ./csu/../csu/libc-start.c:379:5
#44 0x00005b30f95d0525 _start (/home/jialeiwang/mlir-dev/vast-fork/builds/default/tools/vast-front/Debug/vast-front+0x47e9525)
/home/jialeiwang/mlir-dev/vast-test-cxx/build/attr/Output/attr-likelihood-if-branch-weights.cpp.script: line 1: 1893568 Segmentation fault      /home/jialeiwang/mlir-dev/vast-fork/builds/default/tools/vast-front/Debug/vast-front -cc1 -internal-isystem /usr/lib/gcc/x86_64-linux-gnu/11/../../../../include/c++/11 -internal-isystem /usr/lib/gcc/x86_64-linux-gnu/11/../../../../include/x86_64-linux-gnu/c++/11 -internal-isystem /usr/lib/gcc/x86_64-linux-gnu/11/../../../../include/c++/11/backward -internal-isystem /home/jialeiwang/apps/llvm18/lib/clang/18/include -internal-isystem /usr/local/include -internal-isystem /usr/lib/gcc/x86_64-linux-gnu/11/../../../../x86_64-linux-gnu/include -internal-externc-isystem /usr/include/x86_64-linux-gnu -internal-externc-isystem /include -internal-externc-isystem /usr/include /home/jialeiwang/mlir-dev/vast-test-cxx/testcases/attr/attr-likelihood-if-branch-weights.cpp -vast-emit-mlir=ll -o /home/jialeiwang/mlir-dev/vast-test-cxx/build/attr/Output/attr-likelihood-if-branch-weights.cpp.tmp.ll

--

********************
FAIL: vast-test-cxx :: return.cpp (223 of 603)
******************** TEST 'vast-test-cxx :: return.cpp' FAILED ********************
Exit Code: 132

Command Output (stderr):
--
RUN: at line 1: /home/jialeiwang/mlir-dev/vast-fork/builds/default/tools/vast-front/Debug/vast-front -cc1 -internal-isystem /usr/lib/gcc/x86_64-linux-gnu/11/../../../../include/c++/11 -internal-isystem /usr/lib/gcc/x86_64-linux-gnu/11/../../../../include/x86_64-linux-gnu/c++/11 -internal-isystem /usr/lib/gcc/x86_64-linux-gnu/11/../../../../include/c++/11/backward -internal-isystem /home/jialeiwang/apps/llvm18/lib/clang/18/include -internal-isystem /usr/local/include -internal-isystem /usr/lib/gcc/x86_64-linux-gnu/11/../../../../x86_64-linux-gnu/include -internal-externc-isystem /usr/include/x86_64-linux-gnu -internal-externc-isystem /include -internal-externc-isystem /usr/include -std=c++11 /home/jialeiwang/mlir-dev/vast-test-cxx/testcases/return.cpp -vast-emit-mlir=ll -o /home/jialeiwang/mlir-dev/vast-test-cxx/build/Output/return.cpp.tmp.ll && echo '// CHECK-NOT: {{unsup\.|unreach\.|#unsup}}' > /home/jialeiwang/mlir-dev/vast-test-cxx/build/Output/return.cpp.tmp.check && FileCheck /home/jialeiwang/mlir-dev/vast-test-cxx/build/Output/return.cpp.tmp.check --input-file=/home/jialeiwang/mlir-dev/vast-test-cxx/build/Output/return.cpp.tmp.ll && rm /home/jialeiwang/mlir-dev/vast-test-cxx/build/Output/return.cpp.tmp.check
+ /home/jialeiwang/mlir-dev/vast-fork/builds/default/tools/vast-front/Debug/vast-front -cc1 -internal-isystem /usr/lib/gcc/x86_64-linux-gnu/11/../../../../include/c++/11 -internal-isystem /usr/lib/gcc/x86_64-linux-gnu/11/../../../../include/x86_64-linux-gnu/c++/11 -internal-isystem /usr/lib/gcc/x86_64-linux-gnu/11/../../../../include/c++/11/backward -internal-isystem /home/jialeiwang/apps/llvm18/lib/clang/18/include -internal-isystem /usr/local/include -internal-isystem /usr/lib/gcc/x86_64-linux-gnu/11/../../../../x86_64-linux-gnu/include -internal-externc-isystem /usr/include/x86_64-linux-gnu -internal-externc-isystem /include -internal-externc-isystem /usr/include -std=c++11 /home/jialeiwang/mlir-dev/vast-test-cxx/testcases/return.cpp -vast-emit-mlir=ll -o /home/jialeiwang/mlir-dev/vast-test-cxx/build/Output/return.cpp.tmp.ll
/home/jialeiwang/mlir-dev/vast-test-cxx/testcases/return.cpp:12:1: warning: non-void function does not return a value [-Wreturn-type]
   12 | }
      | ^
/home/jialeiwang/mlir-dev/vast-test-cxx/testcases/return.cpp:32:1: warning: non-void function does not return a value [-Wreturn-type]
   32 | }
      | ^
/home/jialeiwang/mlir-dev/vast-test-cxx/testcases/return.cpp:39:1: warning: non-void function does not return a value [-Wreturn-type]
   39 | }
      | ^
/home/jialeiwang/mlir-dev/vast-test-cxx/testcases/return.cpp:48:1: warning: non-void function does not return a value [-Wreturn-type]
   48 | }
      | ^
/home/jialeiwang/mlir-dev/vast-test-cxx/testcases/return.cpp:56:1: warning: non-void function does not return a value [-Wreturn-type]
   56 | }
      | ^
/home/jialeiwang/mlir-dev/vast-test-cxx/testcases/return.cpp:60:3: warning: non-void lambda does not return a value [-Wreturn-type]
   60 |   };
      |   ^
6 warnings generated.
+ echo '// CHECK-NOT: {{unsup\.|unreach\.|#unsup}}'
+ FileCheck /home/jialeiwang/mlir-dev/vast-test-cxx/build/Output/return.cpp.tmp.check --input-file=/home/jialeiwang/mlir-dev/vast-test-cxx/build/Output/return.cpp.tmp.ll
+ rm /home/jialeiwang/mlir-dev/vast-test-cxx/build/Output/return.cpp.tmp.check
RUN: at line 2: /home/jialeiwang/mlir-dev/vast-fork/builds/default/tools/vast-front/Debug/vast-front -cc1 -internal-isystem /usr/lib/gcc/x86_64-linux-gnu/11/../../../../include/c++/11 -internal-isystem /usr/lib/gcc/x86_64-linux-gnu/11/../../../../include/x86_64-linux-gnu/c++/11 -internal-isystem /usr/lib/gcc/x86_64-linux-gnu/11/../../../../include/c++/11/backward -internal-isystem /home/jialeiwang/apps/llvm18/lib/clang/18/include -internal-isystem /usr/local/include -internal-isystem /usr/lib/gcc/x86_64-linux-gnu/11/../../../../x86_64-linux-gnu/include -internal-externc-isystem /usr/include/x86_64-linux-gnu -internal-externc-isystem /include -internal-externc-isystem /usr/include -std=c++11 -O /home/jialeiwang/mlir-dev/vast-test-cxx/testcases/return.cpp -vast-emit-mlir=ll -o /home/jialeiwang/mlir-dev/vast-test-cxx/build/Output/return.cpp.tmp.ll && echo '// CHECK-NOT: {{unsup\.|unreach\.|#unsup}}' > /home/jialeiwang/mlir-dev/vast-test-cxx/build/Output/return.cpp.tmp.check && FileCheck /home/jialeiwang/mlir-dev/vast-test-cxx/build/Output/return.cpp.tmp.check --input-file=/home/jialeiwang/mlir-dev/vast-test-cxx/build/Output/return.cpp.tmp.ll && rm /home/jialeiwang/mlir-dev/vast-test-cxx/build/Output/return.cpp.tmp.check
+ /home/jialeiwang/mlir-dev/vast-fork/builds/default/tools/vast-front/Debug/vast-front -cc1 -internal-isystem /usr/lib/gcc/x86_64-linux-gnu/11/../../../../include/c++/11 -internal-isystem /usr/lib/gcc/x86_64-linux-gnu/11/../../../../include/x86_64-linux-gnu/c++/11 -internal-isystem /usr/lib/gcc/x86_64-linux-gnu/11/../../../../include/c++/11/backward -internal-isystem /home/jialeiwang/apps/llvm18/lib/clang/18/include -internal-isystem /usr/local/include -internal-isystem /usr/lib/gcc/x86_64-linux-gnu/11/../../../../x86_64-linux-gnu/include -internal-externc-isystem /usr/include/x86_64-linux-gnu -internal-externc-isystem /include -internal-externc-isystem /usr/include -std=c++11 -O /home/jialeiwang/mlir-dev/vast-test-cxx/testcases/return.cpp -vast-emit-mlir=ll -o /home/jialeiwang/mlir-dev/vast-test-cxx/build/Output/return.cpp.tmp.ll
/home/jialeiwang/mlir-dev/vast-test-cxx/testcases/return.cpp:12:1: warning: non-void function does not return a value [-Wreturn-type]
   12 | }
      | ^
/home/jialeiwang/mlir-dev/vast-test-cxx/testcases/return.cpp:32:1: warning: non-void function does not return a value [-Wreturn-type]
   32 | }
      | ^
/home/jialeiwang/mlir-dev/vast-test-cxx/testcases/return.cpp:39:1: warning: non-void function does not return a value [-Wreturn-type]
   39 | }
      | ^
/home/jialeiwang/mlir-dev/vast-test-cxx/testcases/return.cpp:48:1: warning: non-void function does not return a value [-Wreturn-type]
   48 | }
      | ^
/home/jialeiwang/mlir-dev/vast-test-cxx/testcases/return.cpp:56:1: warning: non-void function does not return a value [-Wreturn-type]
   56 | }
      | ^
/home/jialeiwang/mlir-dev/vast-test-cxx/testcases/return.cpp:60:3: warning: non-void lambda does not return a value [-Wreturn-type]
   60 |   };
      |   ^
6 warnings generated.
+ echo '// CHECK-NOT: {{unsup\.|unreach\.|#unsup}}'
+ FileCheck /home/jialeiwang/mlir-dev/vast-test-cxx/build/Output/return.cpp.tmp.check --input-file=/home/jialeiwang/mlir-dev/vast-test-cxx/build/Output/return.cpp.tmp.ll
+ rm /home/jialeiwang/mlir-dev/vast-test-cxx/build/Output/return.cpp.tmp.check
RUN: at line 3: /home/jialeiwang/mlir-dev/vast-fork/builds/default/tools/vast-front/Debug/vast-front -cc1 -internal-isystem /usr/lib/gcc/x86_64-linux-gnu/11/../../../../include/c++/11 -internal-isystem /usr/lib/gcc/x86_64-linux-gnu/11/../../../../include/x86_64-linux-gnu/c++/11 -internal-isystem /usr/lib/gcc/x86_64-linux-gnu/11/../../../../include/c++/11/backward -internal-isystem /home/jialeiwang/apps/llvm18/lib/clang/18/include -internal-isystem /usr/local/include -internal-isystem /usr/lib/gcc/x86_64-linux-gnu/11/../../../../x86_64-linux-gnu/include -internal-externc-isystem /usr/include/x86_64-linux-gnu -internal-externc-isystem /include -internal-externc-isystem /usr/include -std=c++11 -fno-strict-return /home/jialeiwang/mlir-dev/vast-test-cxx/testcases/return.cpp -vast-emit-mlir=ll -o /home/jialeiwang/mlir-dev/vast-test-cxx/build/Output/return.cpp.tmp.ll && echo '// CHECK-NOT: {{unsup\.|unreach\.|#unsup}}' > /home/jialeiwang/mlir-dev/vast-test-cxx/build/Output/return.cpp.tmp.check && FileCheck /home/jialeiwang/mlir-dev/vast-test-cxx/build/Output/return.cpp.tmp.check --input-file=/home/jialeiwang/mlir-dev/vast-test-cxx/build/Output/return.cpp.tmp.ll && rm /home/jialeiwang/mlir-dev/vast-test-cxx/build/Output/return.cpp.tmp.check
+ /home/jialeiwang/mlir-dev/vast-fork/builds/default/tools/vast-front/Debug/vast-front -cc1 -internal-isystem /usr/lib/gcc/x86_64-linux-gnu/11/../../../../include/c++/11 -internal-isystem /usr/lib/gcc/x86_64-linux-gnu/11/../../../../include/x86_64-linux-gnu/c++/11 -internal-isystem /usr/lib/gcc/x86_64-linux-gnu/11/../../../../include/c++/11/backward -internal-isystem /home/jialeiwang/apps/llvm18/lib/clang/18/include -internal-isystem /usr/local/include -internal-isystem /usr/lib/gcc/x86_64-linux-gnu/11/../../../../x86_64-linux-gnu/include -internal-externc-isystem /usr/include/x86_64-linux-gnu -internal-externc-isystem /include -internal-externc-isystem /usr/include -std=c++11 -fno-strict-return /home/jialeiwang/mlir-dev/vast-test-cxx/testcases/return.cpp -vast-emit-mlir=ll -o /home/jialeiwang/mlir-dev/vast-test-cxx/build/Output/return.cpp.tmp.ll
/home/jialeiwang/mlir-dev/vast-test-cxx/testcases/return.cpp:12:1: warning: non-void function does not return a value [-Wreturn-type]
   12 | }
      | ^
/home/jialeiwang/mlir-dev/vast-test-cxx/testcases/return.cpp:32:1: warning: non-void function does not return a value [-Wreturn-type]
   32 | }
      | ^
/home/jialeiwang/mlir-dev/vast-test-cxx/testcases/return.cpp:39:1: warning: non-void function does not return a value [-Wreturn-type]
   39 | }
      | ^
/home/jialeiwang/mlir-dev/vast-test-cxx/testcases/return.cpp:48:1: warning: non-void function does not return a value [-Wreturn-type]
   48 | }
      | ^
/home/jialeiwang/mlir-dev/vast-test-cxx/testcases/return.cpp:56:1: warning: non-void function does not return a value [-Wreturn-type]
   56 | }
      | ^
/home/jialeiwang/mlir-dev/vast-test-cxx/testcases/return.cpp:60:3: warning: non-void lambda does not return a value [-Wreturn-type]
   60 |   };
      |   ^
/home/jialeiwang/mlir-dev/vast-test-cxx/testcases/return.cpp:38:16: error: unexpected error: 'll.func' op symbol declaration cannot have public visibility
NonTrivialCopy nonTrivialCopy() {
               ^
/home/jialeiwang/mlir-dev/vast-test-cxx/testcases/return.cpp:38:16: error: unexpected note: see current operation: 
"ll.func"() <{function_type = !core.fn<() -> (!hl.record<"NonTrivialCopy">)>, linkage = #core.global_linkage_kind<external>, sym_name = "nonTrivialCopy()"}> ({
}) {hl.function_signature = #hl.function_signature<"" "nonTrivialCopy" "()">} : () -> ()
NonTrivialCopy nonTrivialCopy() {
               ^
/home/jialeiwang/mlir-dev/vast-test-cxx/testcases/return.cpp:55:22: error: unexpected error: 'll.func' op symbol declaration cannot have public visibility
NonTrivialDestructor nonTrivialDestructor() {
                     ^
/home/jialeiwang/mlir-dev/vast-test-cxx/testcases/return.cpp:55:22: error: unexpected note: see current operation: 
"ll.func"() <{function_type = !core.fn<() -> (!hl.record<"NonTrivialDestructor">)>, linkage = #core.global_linkage_kind<external>, sym_name = "nonTrivialDestructor()"}> ({
}) {hl.function_signature = #hl.function_signature<"" "nonTrivialDestructor" "()">} : () -> ()
NonTrivialDestructor nonTrivialDestructor() {
                     ^


[VAST fatal] MLIR pass manager failed when running vast passes
PLEASE submit a bug report to https://github.com/trailofbits/vast/issues and include the crash backtrace, preprocessed source, and associated run script.
Stack dump:
0.	Program arguments: /home/jialeiwang/mlir-dev/vast-fork/builds/default/tools/vast-front/Debug/vast-front -cc1 -internal-isystem /usr/lib/gcc/x86_64-linux-gnu/11/../../../../include/c++/11 -internal-isystem /usr/lib/gcc/x86_64-linux-gnu/11/../../../../include/x86_64-linux-gnu/c++/11 -internal-isystem /usr/lib/gcc/x86_64-linux-gnu/11/../../../../include/c++/11/backward -internal-isystem /home/jialeiwang/apps/llvm18/lib/clang/18/include -internal-isystem /usr/local/include -internal-isystem /usr/lib/gcc/x86_64-linux-gnu/11/../../../../x86_64-linux-gnu/include -internal-externc-isystem /usr/include/x86_64-linux-gnu -internal-externc-isystem /include -internal-externc-isystem /usr/include -std=c++11 -fno-strict-return /home/jialeiwang/mlir-dev/vast-test-cxx/testcases/return.cpp -vast-emit-mlir=ll -o /home/jialeiwang/mlir-dev/vast-test-cxx/build/Output/return.cpp.tmp.ll
1.	<eof> parser at end of file
 #0 0x00005ef3d9d24248 llvm::sys::PrintStackTrace(llvm::raw_ostream&, int) (/home/jialeiwang/mlir-dev/vast-fork/builds/default/tools/vast-front/Debug/vast-front+0xb570248)
 #1 0x00005ef3d9d2202e llvm::sys::RunSignalHandlers() (/home/jialeiwang/mlir-dev/vast-fork/builds/default/tools/vast-front/Debug/vast-front+0xb56e02e)
 #2 0x00005ef3d9d248d8 SignalHandler(int) Signals.cpp:0:0
 #3 0x0000751027a42520 (/lib/x86_64-linux-gnu/libc.so.6+0x42520)
 #4 0x00005ef3d351a6e8 vast::cc::vast_stream_consumer::process_mlir_module(vast::cc::target_dialect, mlir::ModuleOp) /home/jialeiwang/mlir-dev/vast-fork/lib/vast/Frontend/Consumer.cpp:205:9
 #5 0x00005ef3d35199a1 vast::cc::vast_stream_consumer::emit_mlir_output(vast::cc::target_dialect, mlir::OwningOpRef<mlir::ModuleOp>) /home/jialeiwang/mlir-dev/vast-fork/lib/vast/Frontend/Consumer.cpp:227:9
 #6 0x00005ef3d351947b vast::cc::vast_stream_consumer::HandleTranslationUnit(clang::ASTContext&) /home/jialeiwang/mlir-dev/vast-fork/lib/vast/Frontend/Consumer.cpp:137:28
 #7 0x00005ef3d77aaeb6 clang::ParseAST(clang::Sema&, bool, bool) (/home/jialeiwang/mlir-dev/vast-fork/builds/default/tools/vast-front/Debug/vast-front+0x8ff6eb6)
 #8 0x00005ef3d2fb7be5 vast::cc::vast_stream_action::ExecuteAction() /home/jialeiwang/mlir-dev/vast-fork/lib/vast/Frontend/Action.cpp:75:5
 #9 0x00005ef3d72f2ac7 clang::FrontendAction::Execute() (/home/jialeiwang/mlir-dev/vast-fork/builds/default/tools/vast-front/Debug/vast-front+0x8b3eac7)
#10 0x00005ef3d7267f34 clang::CompilerInstance::ExecuteAction(clang::FrontendAction&) (/home/jialeiwang/mlir-dev/vast-fork/builds/default/tools/vast-front/Debug/vast-front+0x8ab3f34)
#11 0x00005ef3d2f9ed11 vast::cc::execute_compiler_invocation(clang::CompilerInstance*, vast::cc::vast_args const&) /home/jialeiwang/mlir-dev/vast-fork/tools/vast-front/compiler_invocation.cpp:105:28
#12 0x00005ef3d2fb3f20 vast::cc::cc1(vast::cc::vast_args const&, llvm::ArrayRef<char const*>, char const*, void*) /home/jialeiwang/mlir-dev/vast-fork/tools/vast-front/cc1.cpp:116:23
#13 0x00005ef3d2fa4924 execute_cc1_tool(llvm::SmallVectorImpl<char const*>&) /home/jialeiwang/mlir-dev/vast-fork/tools/vast-front/driver.cpp:71:16
#14 0x00005ef3d2fa3fbb main /home/jialeiwang/mlir-dev/vast-fork/tools/vast-front/driver.cpp:143:20
#15 0x0000751027a29d90 __libc_start_call_main ./csu/../sysdeps/nptl/libc_start_call_main.h:58:16
#16 0x0000751027a29e40 call_init ./csu/../csu/libc-start.c:128:20
#17 0x0000751027a29e40 __libc_start_main ./csu/../csu/libc-start.c:379:5
#18 0x00005ef3d2f9d525 _start (/home/jialeiwang/mlir-dev/vast-fork/builds/default/tools/vast-front/Debug/vast-front+0x47e9525)
/home/jialeiwang/mlir-dev/vast-test-cxx/build/Output/return.cpp.script: line 5: 1896576 Illegal instruction     /home/jialeiwang/mlir-dev/vast-fork/builds/default/tools/vast-front/Debug/vast-front -cc1 -internal-isystem /usr/lib/gcc/x86_64-linux-gnu/11/../../../../include/c++/11 -internal-isystem /usr/lib/gcc/x86_64-linux-gnu/11/../../../../include/x86_64-linux-gnu/c++/11 -internal-isystem /usr/lib/gcc/x86_64-linux-gnu/11/../../../../include/c++/11/backward -internal-isystem /home/jialeiwang/apps/llvm18/lib/clang/18/include -internal-isystem /usr/local/include -internal-isystem /usr/lib/gcc/x86_64-linux-gnu/11/../../../../x86_64-linux-gnu/include -internal-externc-isystem /usr/include/x86_64-linux-gnu -internal-externc-isystem /include -internal-externc-isystem /usr/include -std=c++11 -fno-strict-return /home/jialeiwang/mlir-dev/vast-test-cxx/testcases/return.cpp -vast-emit-mlir=ll -o /home/jialeiwang/mlir-dev/vast-test-cxx/build/Output/return.cpp.tmp.ll

--

********************
FAIL: vast-test-cxx :: conversion-operator-base.cpp (600 of 603)
******************** TEST 'vast-test-cxx :: conversion-operator-base.cpp' FAILED ********************
Exit Code: 139

Command Output (stderr):
--
RUN: at line 1: /home/jialeiwang/mlir-dev/vast-fork/builds/default/tools/vast-front/Debug/vast-front -cc1 -internal-isystem /usr/lib/gcc/x86_64-linux-gnu/11/../../../../include/c++/11 -internal-isystem /usr/lib/gcc/x86_64-linux-gnu/11/../../../../include/x86_64-linux-gnu/c++/11 -internal-isystem /usr/lib/gcc/x86_64-linux-gnu/11/../../../../include/c++/11/backward -internal-isystem /home/jialeiwang/apps/llvm18/lib/clang/18/include -internal-isystem /usr/local/include -internal-isystem /usr/lib/gcc/x86_64-linux-gnu/11/../../../../x86_64-linux-gnu/include -internal-externc-isystem /usr/include/x86_64-linux-gnu -internal-externc-isystem /include -internal-externc-isystem /usr/include /home/jialeiwang/mlir-dev/vast-test-cxx/testcases/conversion-operator-base.cpp -vast-emit-mlir=ll -o /home/jialeiwang/mlir-dev/vast-test-cxx/build/Output/conversion-operator-base.cpp.tmp.ll && echo '// CHECK-NOT: {{unsup\.|unreach\.|#unsup}}' > /home/jialeiwang/mlir-dev/vast-test-cxx/build/Output/conversion-operator-base.cpp.tmp.check && FileCheck /home/jialeiwang/mlir-dev/vast-test-cxx/build/Output/conversion-operator-base.cpp.tmp.check --input-file=/home/jialeiwang/mlir-dev/vast-test-cxx/build/Output/conversion-operator-base.cpp.tmp.ll && rm /home/jialeiwang/mlir-dev/vast-test-cxx/build/Output/conversion-operator-base.cpp.tmp.check
+ /home/jialeiwang/mlir-dev/vast-fork/builds/default/tools/vast-front/Debug/vast-front -cc1 -internal-isystem /usr/lib/gcc/x86_64-linux-gnu/11/../../../../include/c++/11 -internal-isystem /usr/lib/gcc/x86_64-linux-gnu/11/../../../../include/x86_64-linux-gnu/c++/11 -internal-isystem /usr/lib/gcc/x86_64-linux-gnu/11/../../../../include/c++/11/backward -internal-isystem /home/jialeiwang/apps/llvm18/lib/clang/18/include -internal-isystem /usr/local/include -internal-isystem /usr/lib/gcc/x86_64-linux-gnu/11/../../../../x86_64-linux-gnu/include -internal-externc-isystem /usr/include/x86_64-linux-gnu -internal-externc-isystem /include -internal-externc-isystem /usr/include /home/jialeiwang/mlir-dev/vast-test-cxx/testcases/conversion-operator-base.cpp -vast-emit-mlir=ll -o /home/jialeiwang/mlir-dev/vast-test-cxx/build/Output/conversion-operator-base.cpp.tmp.ll
PLEASE submit a bug report to https://github.com/trailofbits/vast/issues and include the crash backtrace, preprocessed source, and associated run script.
Stack dump:
0.	Program arguments: /home/jialeiwang/mlir-dev/vast-fork/builds/default/tools/vast-front/Debug/vast-front -cc1 -internal-isystem /usr/lib/gcc/x86_64-linux-gnu/11/../../../../include/c++/11 -internal-isystem /usr/lib/gcc/x86_64-linux-gnu/11/../../../../include/x86_64-linux-gnu/c++/11 -internal-isystem /usr/lib/gcc/x86_64-linux-gnu/11/../../../../include/c++/11/backward -internal-isystem /home/jialeiwang/apps/llvm18/lib/clang/18/include -internal-isystem /usr/local/include -internal-isystem /usr/lib/gcc/x86_64-linux-gnu/11/../../../../x86_64-linux-gnu/include -internal-externc-isystem /usr/include/x86_64-linux-gnu -internal-externc-isystem /include -internal-externc-isystem /usr/include /home/jialeiwang/mlir-dev/vast-test-cxx/testcases/conversion-operator-base.cpp -vast-emit-mlir=ll -o /home/jialeiwang/mlir-dev/vast-test-cxx/build/Output/conversion-operator-base.cpp.tmp.ll
1.	<eof> parser at end of file
 #0 0x00006404450d5248 llvm::sys::PrintStackTrace(llvm::raw_ostream&, int) (/home/jialeiwang/mlir-dev/vast-fork/builds/default/tools/vast-front/Debug/vast-front+0xb570248)
 #1 0x00006404450d302e llvm::sys::RunSignalHandlers() (/home/jialeiwang/mlir-dev/vast-fork/builds/default/tools/vast-front/Debug/vast-front+0xb56e02e)
 #2 0x00006404450d58d8 SignalHandler(int) Signals.cpp:0:0
 #3 0x000071c5fe042520 (/lib/x86_64-linux-gnu/libc.so.6+0x42520)
 #4 0x000064043e3989d0 mlir::TypeID::operator==(mlir::TypeID const&) const /home/jialeiwang/apps/llvm18/include/mlir/Support/TypeID.h:116:12
 #5 0x000064043e39b63d mlir::TypeID::operator!=(mlir::TypeID const&) const /home/jialeiwang/apps/llvm18/include/mlir/Support/TypeID.h:119:12
 #6 0x000064043e39b60e mlir::OperationName::Impl::isRegistered() const /home/jialeiwang/apps/llvm18/include/mlir/IR/OperationSupport.h:159:33
 #7 0x000064043e39b52d mlir::OperationName::isRegistered() const /home/jialeiwang/apps/llvm18/include/mlir/IR/OperationSupport.h:233:31
 #8 0x000064043e39b4c9 mlir::OperationName::getRegisteredInfo() const /home/jialeiwang/apps/llvm18/include/mlir/IR/OperationSupport.h:713:10
 #9 0x000064043e39b2b2 mlir::Operation::getRegisteredInfo() /home/jialeiwang/apps/llvm18/include/mlir/IR/Operation.h:124:22
#10 0x000064043e811de8 mlir::Op<vast::hl::ReturnOp, mlir::OpTrait::ZeroRegions, mlir::OpTrait::ZeroResults, mlir::OpTrait::ZeroSuccessors, mlir::OpTrait::VariadicOperands, vast::core::SoftTerminatorTrait, vast::core::ReturnLikeTrait, mlir::OpTrait::OpInvariants>::classof(mlir::Operation*) /home/jialeiwang/apps/llvm18/include/mlir/IR/OpDefinition.h:1688:25
#11 0x000064043e811dc5 llvm::CastInfo<vast::hl::ReturnOp, mlir::Operation*, void>::isPossible(mlir::Operation*) /home/jialeiwang/apps/llvm18/include/mlir/IR/Operation.h:1103:51
#12 0x000064043e811d98 llvm::ConstStrippingForwardingCast<vast::hl::ReturnOp, mlir::Operation const*, llvm::CastInfo<vast::hl::ReturnOp, mlir::Operation*, void>>::isPossible(mlir::Operation const* const&) /home/jialeiwang/apps/llvm18/include/llvm/Support/Casting.h:396:5
#13 0x000064043e811d72 llvm::CastInfo<vast::hl::ReturnOp, mlir::Operation* const, void>::isPossible(mlir::Operation* const&) /home/jialeiwang/apps/llvm18/include/llvm/Support/Casting.h:509:5
#14 0x000064043e811d15 bool llvm::isa<vast::hl::ReturnOp, mlir::Operation*>(mlir::Operation* const&) /home/jialeiwang/apps/llvm18/include/llvm/Support/Casting.h:549:3
#15 0x000064043ea961a1 vast::conv::pattern::switch_op::has_terminator(mlir::Block*) /home/jialeiwang/mlir-dev/vast-fork/lib/vast/Conversion/FromHL/ToLLCF.cpp:522:21
#16 0x000064043ea953fe vast::conv::pattern::switch_op::matchAndRewrite(vast::hl::SwitchOp, vast::hl::SwitchOpAdaptor, mlir::ConversionPatternRewriter&) const /home/jialeiwang/mlir-dev/vast-fork/lib/vast/Conversion/FromHL/ToLLCF.cpp:662:30
#17 0x000064043ea94c8f mlir::OpConversionPattern<vast::hl::SwitchOp>::matchAndRewrite(mlir::Operation*, llvm::ArrayRef<mlir::Value>, mlir::ConversionPatternRewriter&) const /home/jialeiwang/apps/llvm18/include/mlir/Transforms/DialectConversion.h:537:12
#18 0x000064043ee8acec mlir::ConversionPattern::matchAndRewrite(mlir::Operation*, mlir::PatternRewriter&) const (/home/jialeiwang/mlir-dev/vast-fork/builds/default/tools/vast-front/Debug/vast-front+0x5325cec)
#19 0x00006404429550ed void llvm::function_ref<void ()>::callback_fn<mlir::PatternApplicator::matchAndRewrite(mlir::Operation*, mlir::PatternRewriter&, llvm::function_ref<bool (mlir::Pattern const&)>, llvm::function_ref<void (mlir::Pattern const&)>, llvm::function_ref<mlir::LogicalResult (mlir::Pattern const&)>)::$_0>(long) PatternApplicator.cpp:0:0
#20 0x0000640442952294 mlir::PatternApplicator::matchAndRewrite(mlir::Operation*, mlir::PatternRewriter&, llvm::function_ref<bool (mlir::Pattern const&)>, llvm::function_ref<void (mlir::Pattern const&)>, llvm::function_ref<mlir::LogicalResult (mlir::Pattern const&)>) (/home/jialeiwang/mlir-dev/vast-fork/builds/default/tools/vast-front/Debug/vast-front+0x8ded294)
#21 0x000064043ee994cd (anonymous namespace)::OperationLegalizer::legalize(mlir::Operation*, mlir::ConversionPatternRewriter&) DialectConversion.cpp:0:0
#22 0x000064043ee8e899 (anonymous namespace)::OperationConverter::convertOperations(llvm::ArrayRef<mlir::Operation*>, llvm::function_ref<void (mlir::Diagnostic&)>) DialectConversion.cpp:0:0
#23 0x000064043ee92ba0 mlir::applyPartialConversion(mlir::Operation*, mlir::ConversionTarget const&, mlir::FrozenRewritePatternSet const&, llvm::DenseSet<mlir::Operation*, llvm::DenseMapInfo<mlir::Operation*, void>>*) (/home/jialeiwang/mlir-dev/vast-fork/builds/default/tools/vast-front/Debug/vast-front+0x532dba0)
#24 0x000064043eaa7b1b auto vast::populate_patterns<vast::conv::HLToLLCF>::apply_conversions<vast::base_conversion_config>(vast::base_conversion_config&&) /home/jialeiwang/mlir-dev/vast-fork/include/vast/Conversion/Common/Mixins.hpp:48:20
#25 0x000064043ea87b31 mlir::LogicalResult vast::ModuleConversionPassMixinBase<vast::conv::HLToLLCF, vast::HLToLLCFBase>::run_on_operation<vast::base_conversion_config>(vast::base_conversion_config&&) /home/jialeiwang/mlir-dev/vast-fork/include/vast/Conversion/Common/Mixins.hpp:134:40
#26 0x000064043ea87995 vast::ModuleConversionPassMixinBase<vast::conv::HLToLLCF, vast::HLToLLCFBase>::run_on_operation() /home/jialeiwang/mlir-dev/vast-fork/include/vast/Conversion/Common/Mixins.hpp:143:20
#27 0x000064043ea876a1 vast::ModuleConversionPassMixinBase<vast::conv::HLToLLCF, vast::HLToLLCFBase>::runOnOperation() /home/jialeiwang/mlir-dev/vast-fork/include/vast/Conversion/Common/Mixins.hpp:150:40
#28 0x000064043ee6b112 mlir::detail::OpToOpPassAdaptor::run(mlir::Pass*, mlir::Operation*, mlir::AnalysisManager, bool, unsigned int) (/home/jialeiwang/mlir-dev/vast-fork/builds/default/tools/vast-front/Debug/vast-front+0x5306112)
#29 0x000064043ee6eaeb mlir::PassManager::run(mlir::Operation*) (/home/jialeiwang/mlir-dev/vast-fork/builds/default/tools/vast-front/Debug/vast-front+0x5309aeb)
#30 0x000064043e8cb617 vast::cc::vast_stream_consumer::process_mlir_module(vast::cc::target_dialect, mlir::ModuleOp) /home/jialeiwang/mlir-dev/vast-fork/lib/vast/Frontend/Consumer.cpp:204:33
#31 0x000064043e8ca9a1 vast::cc::vast_stream_consumer::emit_mlir_output(vast::cc::target_dialect, mlir::OwningOpRef<mlir::ModuleOp>) /home/jialeiwang/mlir-dev/vast-fork/lib/vast/Frontend/Consumer.cpp:227:9
#32 0x000064043e8ca47b vast::cc::vast_stream_consumer::HandleTranslationUnit(clang::ASTContext&) /home/jialeiwang/mlir-dev/vast-fork/lib/vast/Frontend/Consumer.cpp:137:28
#33 0x0000640442b5beb6 clang::ParseAST(clang::Sema&, bool, bool) (/home/jialeiwang/mlir-dev/vast-fork/builds/default/tools/vast-front/Debug/vast-front+0x8ff6eb6)
#34 0x000064043e368be5 vast::cc::vast_stream_action::ExecuteAction() /home/jialeiwang/mlir-dev/vast-fork/lib/vast/Frontend/Action.cpp:75:5
#35 0x00006404426a3ac7 clang::FrontendAction::Execute() (/home/jialeiwang/mlir-dev/vast-fork/builds/default/tools/vast-front/Debug/vast-front+0x8b3eac7)
#36 0x0000640442618f34 clang::CompilerInstance::ExecuteAction(clang::FrontendAction&) (/home/jialeiwang/mlir-dev/vast-fork/builds/default/tools/vast-front/Debug/vast-front+0x8ab3f34)
#37 0x000064043e34fd11 vast::cc::execute_compiler_invocation(clang::CompilerInstance*, vast::cc::vast_args const&) /home/jialeiwang/mlir-dev/vast-fork/tools/vast-front/compiler_invocation.cpp:105:28
#38 0x000064043e364f20 vast::cc::cc1(vast::cc::vast_args const&, llvm::ArrayRef<char const*>, char const*, void*) /home/jialeiwang/mlir-dev/vast-fork/tools/vast-front/cc1.cpp:116:23
#39 0x000064043e355924 execute_cc1_tool(llvm::SmallVectorImpl<char const*>&) /home/jialeiwang/mlir-dev/vast-fork/tools/vast-front/driver.cpp:71:16
#40 0x000064043e354fbb main /home/jialeiwang/mlir-dev/vast-fork/tools/vast-front/driver.cpp:143:20
#41 0x000071c5fe029d90 __libc_start_call_main ./csu/../sysdeps/nptl/libc_start_call_main.h:58:16
#42 0x000071c5fe029e40 call_init ./csu/../csu/libc-start.c:128:20
#43 0x000071c5fe029e40 __libc_start_main ./csu/../csu/libc-start.c:379:5
#44 0x000064043e34e525 _start (/home/jialeiwang/mlir-dev/vast-fork/builds/default/tools/vast-front/Debug/vast-front+0x47e9525)
/home/jialeiwang/mlir-dev/vast-test-cxx/build/Output/conversion-operator-base.cpp.script: line 1: 1902408 Segmentation fault      /home/jialeiwang/mlir-dev/vast-fork/builds/default/tools/vast-front/Debug/vast-front -cc1 -internal-isystem /usr/lib/gcc/x86_64-linux-gnu/11/../../../../include/c++/11 -internal-isystem /usr/lib/gcc/x86_64-linux-gnu/11/../../../../include/x86_64-linux-gnu/c++/11 -internal-isystem /usr/lib/gcc/x86_64-linux-gnu/11/../../../../include/c++/11/backward -internal-isystem /home/jialeiwang/apps/llvm18/lib/clang/18/include -internal-isystem /usr/local/include -internal-isystem /usr/lib/gcc/x86_64-linux-gnu/11/../../../../x86_64-linux-gnu/include -internal-externc-isystem /usr/include/x86_64-linux-gnu -internal-externc-isystem /include -internal-externc-isystem /usr/include /home/jialeiwang/mlir-dev/vast-test-cxx/testcases/conversion-operator-base.cpp -vast-emit-mlir=ll -o /home/jialeiwang/mlir-dev/vast-test-cxx/build/Output/conversion-operator-base.cpp.tmp.ll

--

********************
FAIL: vast-test-cxx :: temporaries.cpp (602 of 603)
******************** TEST 'vast-test-cxx :: temporaries.cpp' FAILED ********************
Exit Code: 132

Command Output (stderr):
--
RUN: at line 1: /home/jialeiwang/mlir-dev/vast-fork/builds/default/tools/vast-front/Debug/vast-front -cc1 -internal-isystem /usr/lib/gcc/x86_64-linux-gnu/11/../../../../include/c++/11 -internal-isystem /usr/lib/gcc/x86_64-linux-gnu/11/../../../../include/x86_64-linux-gnu/c++/11 -internal-isystem /usr/lib/gcc/x86_64-linux-gnu/11/../../../../include/c++/11/backward -internal-isystem /home/jialeiwang/apps/llvm18/lib/clang/18/include -internal-isystem /usr/local/include -internal-isystem /usr/lib/gcc/x86_64-linux-gnu/11/../../../../x86_64-linux-gnu/include -internal-externc-isystem /usr/include/x86_64-linux-gnu -internal-externc-isystem /include -internal-externc-isystem /usr/include /home/jialeiwang/mlir-dev/vast-test-cxx/testcases/temporaries.cpp -std=c++11 -vast-emit-mlir=ll -o /home/jialeiwang/mlir-dev/vast-test-cxx/build/Output/temporaries.cpp.tmp.ll && echo '// CHECK-NOT: {{unsup\.|unreach\.|#unsup}}' > /home/jialeiwang/mlir-dev/vast-test-cxx/build/Output/temporaries.cpp.tmp.check && FileCheck /home/jialeiwang/mlir-dev/vast-test-cxx/build/Output/temporaries.cpp.tmp.check --input-file=/home/jialeiwang/mlir-dev/vast-test-cxx/build/Output/temporaries.cpp.tmp.ll && rm /home/jialeiwang/mlir-dev/vast-test-cxx/build/Output/temporaries.cpp.tmp.check
+ /home/jialeiwang/mlir-dev/vast-fork/builds/default/tools/vast-front/Debug/vast-front -cc1 -internal-isystem /usr/lib/gcc/x86_64-linux-gnu/11/../../../../include/c++/11 -internal-isystem /usr/lib/gcc/x86_64-linux-gnu/11/../../../../include/x86_64-linux-gnu/c++/11 -internal-isystem /usr/lib/gcc/x86_64-linux-gnu/11/../../../../include/c++/11/backward -internal-isystem /home/jialeiwang/apps/llvm18/lib/clang/18/include -internal-isystem /usr/local/include -internal-isystem /usr/lib/gcc/x86_64-linux-gnu/11/../../../../x86_64-linux-gnu/include -internal-externc-isystem /usr/include/x86_64-linux-gnu -internal-externc-isystem /include -internal-externc-isystem /usr/include /home/jialeiwang/mlir-dev/vast-test-cxx/testcases/temporaries.cpp -std=c++11 -vast-emit-mlir=ll -o /home/jialeiwang/mlir-dev/vast-test-cxx/build/Output/temporaries.cpp.tmp.ll
/home/jialeiwang/mlir-dev/vast-test-cxx/testcases/temporaries.cpp:7:21: warning: 'extern' variable has an initializer [-Wextern-initializer]
    7 |   extern const int &r = (const int&)n;
      |                     ^
/home/jialeiwang/mlir-dev/vast-test-cxx/testcases/temporaries.cpp:9:21: warning: 'extern' variable has an initializer [-Wextern-initializer]
    9 |   extern const int &s = reinterpret_cast<const int&>(n);
      |                     ^
/home/jialeiwang/mlir-dev/vast-test-cxx/testcases/temporaries.cpp:14:20: warning: 'extern' variable has an initializer [-Wextern-initializer]
   14 |   extern const A &&a = (A&&)(A&&)(C&&)(C{});
      |                    ^
/home/jialeiwang/mlir-dev/vast-test-cxx/testcases/temporaries.cpp:16:22: warning: 'extern' variable has an initializer [-Wextern-initializer]
   16 |   extern const int &&t = ((B&&)C{}).n;
      |                      ^
/home/jialeiwang/mlir-dev/vast-test-cxx/testcases/temporaries.cpp:19:49: warning: left operand of comma operator has no effect [-Wunused-value]
   19 |   extern const int &&u = (123, static_cast<B&&>(0, ((D&&)D{}).*&D::c).n);
      |                                                 ^
/home/jialeiwang/mlir-dev/vast-test-cxx/testcases/temporaries.cpp:19:27: warning: left operand of comma operator has no effect [-Wunused-value]
   19 |   extern const int &&u = (123, static_cast<B&&>(0, ((D&&)D{}).*&D::c).n);
      |                           ^~~
/home/jialeiwang/mlir-dev/vast-test-cxx/testcases/temporaries.cpp:19:22: warning: 'extern' variable has an initializer [-Wextern-initializer]
   19 |   extern const int &&u = (123, static_cast<B&&>(0, ((D&&)D{}).*&D::c).n);
      |                      ^
/home/jialeiwang/mlir-dev/vast-test-cxx/testcases/temporaries.cpp:499:17: warning: temporary whose address is used as value of local variable 'd' will be destroyed at the end of the full-expression [-Wdangling]
  499 |     D d = b ? D{B()} : D{C()};
      |                 ^~~
/home/jialeiwang/mlir-dev/vast-test-cxx/testcases/temporaries.cpp:499:26: warning: temporary whose address is used as value of local variable 'd' will be destroyed at the end of the full-expression [-Wdangling]
  499 |     D d = b ? D{B()} : D{C()};
      |                          ^~~
9 warnings generated.
+ echo '// CHECK-NOT: {{unsup\.|unreach\.|#unsup}}'
+ FileCheck /home/jialeiwang/mlir-dev/vast-test-cxx/build/Output/temporaries.cpp.tmp.check --input-file=/home/jialeiwang/mlir-dev/vast-test-cxx/build/Output/temporaries.cpp.tmp.ll
+ rm /home/jialeiwang/mlir-dev/vast-test-cxx/build/Output/temporaries.cpp.tmp.check
RUN: at line 2: /home/jialeiwang/mlir-dev/vast-fork/builds/default/tools/vast-front/Debug/vast-front -cc1 -internal-isystem /usr/lib/gcc/x86_64-linux-gnu/11/../../../../include/c++/11 -internal-isystem /usr/lib/gcc/x86_64-linux-gnu/11/../../../../include/x86_64-linux-gnu/c++/11 -internal-isystem /usr/lib/gcc/x86_64-linux-gnu/11/../../../../include/c++/11/backward -internal-isystem /home/jialeiwang/apps/llvm18/lib/clang/18/include -internal-isystem /usr/local/include -internal-isystem /usr/lib/gcc/x86_64-linux-gnu/11/../../../../x86_64-linux-gnu/include -internal-externc-isystem /usr/include/x86_64-linux-gnu -internal-externc-isystem /include -internal-externc-isystem /usr/include /home/jialeiwang/mlir-dev/vast-test-cxx/testcases/temporaries.cpp -std=c++17 -vast-emit-mlir=ll -o /home/jialeiwang/mlir-dev/vast-test-cxx/build/Output/temporaries.cpp.tmp.ll && echo '// CHECK-NOT: {{unsup\.|unreach\.|#unsup}}' > /home/jialeiwang/mlir-dev/vast-test-cxx/build/Output/temporaries.cpp.tmp.check && FileCheck /home/jialeiwang/mlir-dev/vast-test-cxx/build/Output/temporaries.cpp.tmp.check --input-file=/home/jialeiwang/mlir-dev/vast-test-cxx/build/Output/temporaries.cpp.tmp.ll && rm /home/jialeiwang/mlir-dev/vast-test-cxx/build/Output/temporaries.cpp.tmp.check
+ /home/jialeiwang/mlir-dev/vast-fork/builds/default/tools/vast-front/Debug/vast-front -cc1 -internal-isystem /usr/lib/gcc/x86_64-linux-gnu/11/../../../../include/c++/11 -internal-isystem /usr/lib/gcc/x86_64-linux-gnu/11/../../../../include/x86_64-linux-gnu/c++/11 -internal-isystem /usr/lib/gcc/x86_64-linux-gnu/11/../../../../include/c++/11/backward -internal-isystem /home/jialeiwang/apps/llvm18/lib/clang/18/include -internal-isystem /usr/local/include -internal-isystem /usr/lib/gcc/x86_64-linux-gnu/11/../../../../x86_64-linux-gnu/include -internal-externc-isystem /usr/include/x86_64-linux-gnu -internal-externc-isystem /include -internal-externc-isystem /usr/include /home/jialeiwang/mlir-dev/vast-test-cxx/testcases/temporaries.cpp -std=c++17 -vast-emit-mlir=ll -o /home/jialeiwang/mlir-dev/vast-test-cxx/build/Output/temporaries.cpp.tmp.ll
/home/jialeiwang/mlir-dev/vast-test-cxx/testcases/temporaries.cpp:7:21: warning: 'extern' variable has an initializer [-Wextern-initializer]
    7 |   extern const int &r = (const int&)n;
      |                     ^
/home/jialeiwang/mlir-dev/vast-test-cxx/testcases/temporaries.cpp:9:21: warning: 'extern' variable has an initializer [-Wextern-initializer]
    9 |   extern const int &s = reinterpret_cast<const int&>(n);
      |                     ^
/home/jialeiwang/mlir-dev/vast-test-cxx/testcases/temporaries.cpp:14:20: warning: 'extern' variable has an initializer [-Wextern-initializer]
   14 |   extern const A &&a = (A&&)(A&&)(C&&)(C{});
      |                    ^
/home/jialeiwang/mlir-dev/vast-test-cxx/testcases/temporaries.cpp:16:22: warning: 'extern' variable has an initializer [-Wextern-initializer]
   16 |   extern const int &&t = ((B&&)C{}).n;
      |                      ^
/home/jialeiwang/mlir-dev/vast-test-cxx/testcases/temporaries.cpp:19:49: warning: left operand of comma operator has no effect [-Wunused-value]
   19 |   extern const int &&u = (123, static_cast<B&&>(0, ((D&&)D{}).*&D::c).n);
      |                                                 ^
/home/jialeiwang/mlir-dev/vast-test-cxx/testcases/temporaries.cpp:19:27: warning: left operand of comma operator has no effect [-Wunused-value]
   19 |   extern const int &&u = (123, static_cast<B&&>(0, ((D&&)D{}).*&D::c).n);
      |                           ^~~
/home/jialeiwang/mlir-dev/vast-test-cxx/testcases/temporaries.cpp:19:22: warning: 'extern' variable has an initializer [-Wextern-initializer]
   19 |   extern const int &&u = (123, static_cast<B&&>(0, ((D&&)D{}).*&D::c).n);
      |                      ^
/home/jialeiwang/mlir-dev/vast-test-cxx/testcases/temporaries.cpp:519:14: error: unexpected error: failed to legalize operation 'hl.member' that was explicitly marked illegal
    B &&b = {X()};
             ^
/home/jialeiwang/mlir-dev/vast-test-cxx/testcases/temporaries.cpp:519:14: error: unexpected note: see current operation: %3 = "hl.member"(%1) {name = "x"} : (!hl.lvalue<!hl.record<"PR42220::B">>) -> !hl.lvalue<!hl.lvalue<!hl.record<"PR42220::X">>>
    B &&b = {X()};
             ^


[VAST fatal] MLIR pass manager failed when running vast passes
PLEASE submit a bug report to https://github.com/trailofbits/vast/issues and include the crash backtrace, preprocessed source, and associated run script.
Stack dump:
0.	Program arguments: /home/jialeiwang/mlir-dev/vast-fork/builds/default/tools/vast-front/Debug/vast-front -cc1 -internal-isystem /usr/lib/gcc/x86_64-linux-gnu/11/../../../../include/c++/11 -internal-isystem /usr/lib/gcc/x86_64-linux-gnu/11/../../../../include/x86_64-linux-gnu/c++/11 -internal-isystem /usr/lib/gcc/x86_64-linux-gnu/11/../../../../include/c++/11/backward -internal-isystem /home/jialeiwang/apps/llvm18/lib/clang/18/include -internal-isystem /usr/local/include -internal-isystem /usr/lib/gcc/x86_64-linux-gnu/11/../../../../x86_64-linux-gnu/include -internal-externc-isystem /usr/include/x86_64-linux-gnu -internal-externc-isystem /include -internal-externc-isystem /usr/include /home/jialeiwang/mlir-dev/vast-test-cxx/testcases/temporaries.cpp -std=c++17 -vast-emit-mlir=ll -o /home/jialeiwang/mlir-dev/vast-test-cxx/build/Output/temporaries.cpp.tmp.ll
1.	<eof> parser at end of file
 #0 0x0000579c92cb7248 llvm::sys::PrintStackTrace(llvm::raw_ostream&, int) (/home/jialeiwang/mlir-dev/vast-fork/builds/default/tools/vast-front/Debug/vast-front+0xb570248)
 #1 0x0000579c92cb502e llvm::sys::RunSignalHandlers() (/home/jialeiwang/mlir-dev/vast-fork/builds/default/tools/vast-front/Debug/vast-front+0xb56e02e)
 #2 0x0000579c92cb78d8 SignalHandler(int) Signals.cpp:0:0
 #3 0x000077fab2242520 (/lib/x86_64-linux-gnu/libc.so.6+0x42520)
 #4 0x0000579c8c4ad6e8 vast::cc::vast_stream_consumer::process_mlir_module(vast::cc::target_dialect, mlir::ModuleOp) /home/jialeiwang/mlir-dev/vast-fork/lib/vast/Frontend/Consumer.cpp:205:9
 #5 0x0000579c8c4ac9a1 vast::cc::vast_stream_consumer::emit_mlir_output(vast::cc::target_dialect, mlir::OwningOpRef<mlir::ModuleOp>) /home/jialeiwang/mlir-dev/vast-fork/lib/vast/Frontend/Consumer.cpp:227:9
 #6 0x0000579c8c4ac47b vast::cc::vast_stream_consumer::HandleTranslationUnit(clang::ASTContext&) /home/jialeiwang/mlir-dev/vast-fork/lib/vast/Frontend/Consumer.cpp:137:28
 #7 0x0000579c9073deb6 clang::ParseAST(clang::Sema&, bool, bool) (/home/jialeiwang/mlir-dev/vast-fork/builds/default/tools/vast-front/Debug/vast-front+0x8ff6eb6)
 #8 0x0000579c8bf4abe5 vast::cc::vast_stream_action::ExecuteAction() /home/jialeiwang/mlir-dev/vast-fork/lib/vast/Frontend/Action.cpp:75:5
 #9 0x0000579c90285ac7 clang::FrontendAction::Execute() (/home/jialeiwang/mlir-dev/vast-fork/builds/default/tools/vast-front/Debug/vast-front+0x8b3eac7)
#10 0x0000579c901faf34 clang::CompilerInstance::ExecuteAction(clang::FrontendAction&) (/home/jialeiwang/mlir-dev/vast-fork/builds/default/tools/vast-front/Debug/vast-front+0x8ab3f34)
#11 0x0000579c8bf31d11 vast::cc::execute_compiler_invocation(clang::CompilerInstance*, vast::cc::vast_args const&) /home/jialeiwang/mlir-dev/vast-fork/tools/vast-front/compiler_invocation.cpp:105:28
#12 0x0000579c8bf46f20 vast::cc::cc1(vast::cc::vast_args const&, llvm::ArrayRef<char const*>, char const*, void*) /home/jialeiwang/mlir-dev/vast-fork/tools/vast-front/cc1.cpp:116:23
#13 0x0000579c8bf37924 execute_cc1_tool(llvm::SmallVectorImpl<char const*>&) /home/jialeiwang/mlir-dev/vast-fork/tools/vast-front/driver.cpp:71:16
#14 0x0000579c8bf36fbb main /home/jialeiwang/mlir-dev/vast-fork/tools/vast-front/driver.cpp:143:20
#15 0x000077fab2229d90 __libc_start_call_main ./csu/../sysdeps/nptl/libc_start_call_main.h:58:16
#16 0x000077fab2229e40 call_init ./csu/../csu/libc-start.c:128:20
#17 0x000077fab2229e40 __libc_start_main ./csu/../csu/libc-start.c:379:5
#18 0x0000579c8bf30525 _start (/home/jialeiwang/mlir-dev/vast-fork/builds/default/tools/vast-front/Debug/vast-front+0x47e9525)
/home/jialeiwang/mlir-dev/vast-test-cxx/build/Output/temporaries.cpp.script: line 3: 1900141 Illegal instruction     /home/jialeiwang/mlir-dev/vast-fork/builds/default/tools/vast-front/Debug/vast-front -cc1 -internal-isystem /usr/lib/gcc/x86_64-linux-gnu/11/../../../../include/c++/11 -internal-isystem /usr/lib/gcc/x86_64-linux-gnu/11/../../../../include/x86_64-linux-gnu/c++/11 -internal-isystem /usr/lib/gcc/x86_64-linux-gnu/11/../../../../include/c++/11/backward -internal-isystem /home/jialeiwang/apps/llvm18/lib/clang/18/include -internal-isystem /usr/local/include -internal-isystem /usr/lib/gcc/x86_64-linux-gnu/11/../../../../x86_64-linux-gnu/include -internal-externc-isystem /usr/include/x86_64-linux-gnu -internal-externc-isystem /include -internal-externc-isystem /usr/include /home/jialeiwang/mlir-dev/vast-test-cxx/testcases/temporaries.cpp -std=c++17 -vast-emit-mlir=ll -o /home/jialeiwang/mlir-dev/vast-test-cxx/build/Output/temporaries.cpp.tmp.ll

--

********************
********************
Failed Tests (81):
  vast-test-cxx :: 2006-09-12-OpaqueStructCrash.cpp
  vast-test-cxx :: alloc-size.cpp
  vast-test-cxx :: array-default-argument.cpp
  vast-test-cxx :: atomic-align.cpp
  vast-test-cxx :: attr/attr-likelihood-if-branch-weights.cpp
  vast-test-cxx :: attr/trivial-auto-var-init-attribute.cpp
  vast-test-cxx :: builtin-std-move.cpp
  vast-test-cxx :: builtins.cpp
  vast-test-cxx :: clang-abi-compat.cpp
  vast-test-cxx :: const-init-cxx11.cpp
  vast-test-cxx :: const-init.cpp
  vast-test-cxx :: conversion-operator-base.cpp
  vast-test-cxx :: ctor-dtor-alias.cpp
  vast-test-cxx :: ctordtor/assign-construct-memcpy.cpp
  vast-test-cxx :: ctordtor/constructors.cpp
  vast-test-cxx :: ctordtor/default-constructor-template-member.cpp
  vast-test-cxx :: ctordtor/destructors.cpp
  vast-test-cxx :: ctordtor/inheriting-constructor.cpp
  vast-test-cxx :: cxx0x-delegating-ctors.cpp
  vast-test-cxx :: default-arguments.cpp
  vast-test-cxx :: dependent-type-member-pointer.cpp
  vast-test-cxx :: dso-local-executable.cpp
  vast-test-cxx :: dynamic-cast-address-space.cpp
  vast-test-cxx :: dynamic-cast.cpp
  vast-test-cxx :: enable_if.cpp
  vast-test-cxx :: exception/cxx11-exception-spec.cpp
  vast-test-cxx :: exception/eh-aggregate-copy-destroy.cpp
  vast-test-cxx :: exception/eh-aggregated-inits-unwind.cpp
  vast-test-cxx :: exception/eh.cpp
  vast-test-cxx :: exception/exception-spec-decay.cpp
  vast-test-cxx :: exception/exceptions-no-rtti.cpp
  vast-test-cxx :: exception/exceptions.cpp
  vast-test-cxx :: exception/linetable-eh.cpp
  vast-test-cxx :: exception/sizeof-unwind-exception.cpp
  vast-test-cxx :: exception/threadsafe-statics-exceptions.cpp
  vast-test-cxx :: exception/throw-expression-cleanup.cpp
  vast-test-cxx :: exception/throw-expression-dtor.cpp
  vast-test-cxx :: exception/throw-expression-typeinfo-in-address-space.cpp
  vast-test-cxx :: exception/throw-expressions.cpp
  vast-test-cxx :: exception/try-catch-with-address-space.cpp
  vast-test-cxx :: exception/try-catch.cpp
  vast-test-cxx :: extern/alias-available-externally.cpp
  vast-test-cxx :: goto.cpp
  vast-test-cxx :: lambda/vla-lambda-capturing.cpp
  vast-test-cxx :: linkage.cpp
  vast-test-cxx :: mdefault-visibility-export-mapping.cpp
  vast-test-cxx :: namespace/anonymous-namespaces.cpp
  vast-test-cxx :: new-delete/delete.cpp
  vast-test-cxx :: no-odr-use.cpp
  vast-test-cxx :: nrvo.cpp
  vast-test-cxx :: return.cpp
  vast-test-cxx :: rtti-qualfn.cpp
  vast-test-cxx :: runtimecc.cpp
  vast-test-cxx :: static-initializer-branch-weights.cpp
  vast-test-cxx :: switch-case-folding-1.cpp
  vast-test-cxx :: switch-case-folding-2.cpp
  vast-test-cxx :: switch-case-folding.cpp
  vast-test-cxx :: template/2010-05-11-alwaysinlineinstantiation.cpp
  vast-test-cxx :: template/address-of-fntemplate.cpp
  vast-test-cxx :: template/explicit-instantiation.cpp
  vast-test-cxx :: template/template-instantiation.cpp
  vast-test-cxx :: template/template-linkage.cpp
  vast-test-cxx :: template/visibility-hidden-extern-templates.cpp
  vast-test-cxx :: temporaries.cpp
  vast-test-cxx :: thunk-use-after-free.cpp
  vast-test-cxx :: trap-fnattr.cpp
  vast-test-cxx :: typeid-with-address-space.cpp
  vast-test-cxx :: typeid.cpp
  vast-test-cxx :: unwind-inline-asm.cpp
  vast-test-cxx :: value-init.cpp
  vast-test-cxx :: vararg-non-pod.cpp
  vast-test-cxx :: virtual/devirtualize-virtual-function-calls.cpp
  vast-test-cxx :: virtual/virtual-bases.cpp
  vast-test-cxx :: visibility-inlines-hidden.cpp
  vast-test-cxx :: visibility.cpp
  vast-test-cxx :: vtable-available-externally.cpp
  vast-test-cxx :: vtable-key-function-address-space.cpp
  vast-test-cxx :: vtable-key-function.cpp
  vast-test-cxx :: vtable-linkage-address-space.cpp
  vast-test-cxx :: vtable-linkage.cpp
  vast-test-cxx :: weak-external.cpp


Testing Time: 2.40s

Total Discovered Tests: 603
  Passed: 522 (86.57%)
  Failed:  81 (13.43%)
<end of output>
Test time =   2.54 sec
----------------------------------------------------------
Test Failed.
"vast-test-cxx" end time: Mar 31 14:38 CST
"vast-test-cxx" time elapsed: 00:00:02
----------------------------------------------------------

End testing: Mar 31 14:38 CST
